[1/297] Building CXX object engine\CMakeFiles\NextGenEngine.dir\Debug\animation\animation_system.cpp.obj
FAILED: [code=2] engine/CMakeFiles/NextGenEngine.dir/Debug/animation/animation_system.cpp.obj 
C:\PROGRA~2\MICROS~2\2019\BUILDT~1\VC\Tools\MSVC\1429~1.301\bin\Hostx64\x64\cl.exe  /nologo /TP -DFMT_SHARED -DNGE_DEBUG=1 -DNGE_ENABLE_ASSERTS=1 -DNGE_ENABLE_MEMORY_TRACKING=1 -DNGE_ENABLE_VULKAN=1 -DNGE_PLATFORM_WINDOWS=1 -DNOMINMAX -DSPDLOG_COMPILED_LIB -DSPDLOG_FMT_EXTERNAL -DSPDLOG_SHARED_LIB -DWIN32_LEAN_AND_MEAN -D_CRT_SECURE_NO_WARNINGS -DCMAKE_INTDIR=\"Debug\" -IP:\Development\personal\games\NextGenGameEngine\engine -IP:\Development\personal\games\NextGenGameEngine\engine\.. -external:IP:\Development\personal\games\NextGenGameEngine\build\vcpkg_installed\x64-windows\include -external:IC:\VulkanSDK\1.4.341.1\include -external:W0 /DWIN32 /D_WINDOWS /EHsc /Zi /Ob0 /Od /RTC1 -std:c++20 -MDd /W4 /permissive- /Zc:__cplusplus /MP /fp:fast /arch:AVX2 /wd4251 /wd4275 /utf-8 /showIncludes /Foengine\CMakeFiles\NextGenEngine.dir\Debug\animation\animation_system.cpp.obj /Fdengine\CMakeFiles\NextGenEngine.dir\Debug\NextGenEngine.pdb /FS -c P:\Development\personal\games\NextGenGameEngine\engine\animation\animation_system.cpp
P:\Development\personal\games\NextGenGameEngine\engine/core/math/pga.h(35): warning C4201: nonstandard extension used: nameless struct/union
P:\Development\personal\games\NextGenGameEngine\engine/core/math/pga.h(36): warning C4201: nonstandard extension used: nameless struct/union
P:\Development\personal\games\NextGenGameEngine\engine/core/math/pga.h(71): warning C4201: nonstandard extension used: nameless struct/union
P:\Development\personal\games\NextGenGameEngine\engine/core/math/pga.h(72): warning C4201: nonstandard extension used: nameless struct/union
P:\Development\personal\games\NextGenGameEngine\engine/core/math/pga.h(142): warning C4201: nonstandard extension used: nameless struct/union
P:\Development\personal\games\NextGenGameEngine\engine/core/math/pga.h(146): warning C4201: nonstandard extension used: nameless struct/union
P:\Development\personal\games\NextGenGameEngine\engine/animation/animation_system.h(18): error C3083: 'pga': the symbol to the left of a '::' must be a type
P:\Development\personal\games\NextGenGameEngine\engine/animation/animation_system.h(18): error C2039: 'Motor': is not a member of 'nge::math'
P:\Development\personal\games\NextGenGameEngine\engine/core/math/math_types.h(7): note: see declaration of 'nge::math'
P:\Development\personal\games\NextGenGameEngine\engine/animation/animation_system.h(18): error C3646: 'bindPose': unknown override specifier
P:\Development\personal\games\NextGenGameEngine\engine/animation/animation_system.h(18): error C4430: missing type specifier - int assumed. Note: C++ does not support default-int
P:\Development\personal\games\NextGenGameEngine\engine/animation/animation_system.h(19): error C3083: 'pga': the symbol to the left of a '::' must be a type
P:\Development\personal\games\NextGenGameEngine\engine/animation/animation_system.h(19): error C2039: 'Motor': is not a member of 'nge::math'
P:\Development\personal\games\NextGenGameEngine\engine/core/math/math_types.h(7): note: see declaration of 'nge::math'
P:\Development\personal\games\NextGenGameEngine\engine/animation/animation_system.h(19): error C3646: 'invBindPose': unknown override specifier
P:\Development\personal\games\NextGenGameEngine\engine/animation/animation_system.h(19): error C4430: missing type specifier - int assumed. Note: C++ does not support default-int
P:\Development\personal\games\NextGenGameEngine\engine/animation/animation_system.h(40): error C3083: 'pga': the symbol to the left of a '::' must be a type
P:\Development\personal\games\NextGenGameEngine\engine/animation/animation_system.h(40): error C2039: 'Motor': is not a member of 'nge::math'
P:\Development\personal\games\NextGenGameEngine\engine/core/math/math_types.h(7): note: see declaration of 'nge::math'
P:\Development\personal\games\NextGenGameEngine\engine/animation/animation_system.h(40): error C3646: 'transform': unknown override specifier
P:\Development\personal\games\NextGenGameEngine\engine/animation/animation_system.h(40): error C4430: missing type specifier - int assumed. Note: C++ does not support default-int
P:\Development\personal\games\NextGenGameEngine\engine/animation/animation_system.h(60): error C3083: 'pga': the symbol to the left of a '::' must be a type
P:\Development\personal\games\NextGenGameEngine\engine/animation/animation_system.h(60): error C2039: 'Motor': is not a member of 'nge::math'
P:\Development\personal\games\NextGenGameEngine\engine/core/math/math_types.h(7): note: see declaration of 'nge::math'
P:\Development\personal\games\NextGenGameEngine\engine/animation/animation_system.h(60): error C2065: 'Motor': undeclared identifier
P:\Development\personal\games\NextGenGameEngine\engine/animation/animation_system.h(60): error C2923: 'std::vector': 'Motor' is not a valid template type argument for parameter '_Ty'
P:\Development\personal\games\NextGenGameEngine\engine/animation/animation_system.h(60): note: see declaration of 'Motor'
P:\Development\personal\games\NextGenGameEngine\engine/animation/animation_system.h(60): error C2976: 'std::vector': too few template arguments
C:\Program Files (x86)\Microsoft Visual Studio\2019\BuildTools\VC\Tools\MSVC\14.29.30133\include\vector(430): note: see declaration of 'std::vector'
P:\Development\personal\games\NextGenGameEngine\engine/animation/animation_system.h(60): error C2955: 'std::vector': use of class template requires template argument list
C:\Program Files (x86)\Microsoft Visual Studio\2019\BuildTools\VC\Tools\MSVC\14.29.30133\include\vector(430): note: see declaration of 'std::vector'
P:\Development\personal\games\NextGenGameEngine\engine/animation/animation_system.h(61): error C3083: 'pga': the symbol to the left of a '::' must be a type
P:\Development\personal\games\NextGenGameEngine\engine/animation/animation_system.h(61): error C2039: 'Motor': is not a member of 'nge::math'
P:\Development\personal\games\NextGenGameEngine\engine/core/math/math_types.h(7): note: see declaration of 'nge::math'
P:\Development\personal\games\NextGenGameEngine\engine/animation/animation_system.h(61): error C2065: 'Motor': undeclared identifier
P:\Development\personal\games\NextGenGameEngine\engine/animation/animation_system.h(61): error C2923: 'std::vector': 'Motor' is not a valid template type argument for parameter '_Ty'
P:\Development\personal\games\NextGenGameEngine\engine/animation/animation_system.h(61): note: see declaration of 'Motor'
P:\Development\personal\games\NextGenGameEngine\engine/animation/animation_system.h(61): error C2976: 'std::vector': too few template arguments
C:\Program Files (x86)\Microsoft Visual Studio\2019\BuildTools\VC\Tools\MSVC\14.29.30133\include\vector(430): note: see declaration of 'std::vector'
P:\Development\personal\games\NextGenGameEngine\engine/animation/animation_system.h(61): error C2955: 'std::vector': use of class template requires template argument list
C:\Program Files (x86)\Microsoft Visual Studio\2019\BuildTools\VC\Tools\MSVC\14.29.30133\include\vector(430): note: see declaration of 'std::vector'
P:\Development\personal\games\NextGenGameEngine\engine/animation/animation_system.h(65): error C3083: 'pga': the symbol to the left of a '::' must be a type
P:\Development\personal\games\NextGenGameEngine\engine/animation/animation_system.h(65): error C3083: 'Motor': the symbol to the left of a '::' must be a type
P:\Development\personal\games\NextGenGameEngine\engine/animation/animation_system.h(65): error C2039: 'Identity': is not a member of 'nge::math'
P:\Development\personal\games\NextGenGameEngine\engine/core/math/math_types.h(7): note: see declaration of 'nge::math'
P:\Development\personal\games\NextGenGameEngine\engine/animation/animation_system.h(65): error C3861: 'Identity': identifier not found
P:\Development\personal\games\NextGenGameEngine\engine/animation/animation_system.h(66): error C3083: 'pga': the symbol to the left of a '::' must be a type
P:\Development\personal\games\NextGenGameEngine\engine/animation/animation_system.h(66): error C3083: 'Motor': the symbol to the left of a '::' must be a type
P:\Development\personal\games\NextGenGameEngine\engine/animation/animation_system.h(66): error C2039: 'Identity': is not a member of 'nge::math'
P:\Development\personal\games\NextGenGameEngine\engine/core/math/math_types.h(7): note: see declaration of 'nge::math'
P:\Development\personal\games\NextGenGameEngine\engine/animation/animation_system.h(66): error C3861: 'Identity': identifier not found
P:\Development\personal\games\NextGenGameEngine\engine/animation/animation_system.h(133): error C3083: 'pga': the symbol to the left of a '::' must be a type
P:\Development\personal\games\NextGenGameEngine\engine/animation/animation_system.h(133): error C2039: 'Motor': is not a member of 'nge::math'
P:\Development\personal\games\NextGenGameEngine\engine/core/math/math_types.h(7): note: see declaration of 'nge::math'
P:\Development\personal\games\NextGenGameEngine\engine/animation/animation_system.h(133): error C3646: 'InterpolateKeyframes': unknown override specifier
P:\Development\personal\games\NextGenGameEngine\engine/animation/animation_system.h(133): error C2059: syntax error: '('
P:\Development\personal\games\NextGenGameEngine\engine/animation/animation_system.h(133): error C2238: unexpected token(s) preceding ';'
P:\Development\personal\games\NextGenGameEngine\engine/animation/animation_system.h(69): error C2512: 'std::vector': no appropriate default constructor available
C:\Program Files (x86)\Microsoft Visual Studio\2019\BuildTools\VC\Tools\MSVC\14.29.30133\include\format(71): note: see declaration of 'std::vector'
P:\Development\personal\games\NextGenGameEngine\engine/animation/animation_system.h(69): note: This diagnostic occurred in the compiler generated function 'nge::animation::AnimationPose::AnimationPose(void)'
P:\Development\personal\games\NextGenGameEngine\engine/animation/animation_system.h(69): note: see reference to function 'nge::animation::AnimationPose::AnimationPose(void)'
P:\Development\personal\games\NextGenGameEngine\engine\animation\animation_system.cpp(115): error C2039: 'bindPose': is not a member of 'nge::animation::Bone'
P:\Development\personal\games\NextGenGameEngine\engine/animation/animation_system.h(15): note: see declaration of 'nge::animation::Bone'
P:\Development\personal\games\NextGenGameEngine\engine\animation\animation_system.cpp(163): error C2039: 'bindPose': is not a member of 'nge::animation::Bone'
P:\Development\personal\games\NextGenGameEngine\engine/animation/animation_system.h(15): note: see declaration of 'nge::animation::Bone'
P:\Development\personal\games\NextGenGameEngine\engine\animation\animation_system.cpp(176): error C3861: 'InterpolateKeyframes': identifier not found
P:\Development\personal\games\NextGenGameEngine\engine\animation\animation_system.cpp(185): error C2106: '=': left operand must be l-value
P:\Development\personal\games\NextGenGameEngine\engine\animation\animation_system.cpp(188): error C3083: 'pga': the symbol to the left of a '::' must be a type
P:\Development\personal\games\NextGenGameEngine\engine\animation\animation_system.cpp(188): error C3083: 'Motor': the symbol to the left of a '::' must be a type
P:\Development\personal\games\NextGenGameEngine\engine\animation\animation_system.cpp(188): error C2039: 'Multiply': is not a member of 'nge::math'
P:\Development\personal\games\NextGenGameEngine\engine/core/math/math_types.h(7): note: see declaration of 'nge::math'
P:\Development\personal\games\NextGenGameEngine\engine\animation\animation_system.cpp(188): error C3861: 'Multiply': identifier not found
P:\Development\personal\games\NextGenGameEngine\engine\animation\animation_system.cpp(193): error C3083: 'pga': the symbol to the left of a '::' must be a type
P:\Development\personal\games\NextGenGameEngine\engine\animation\animation_system.cpp(193): error C2039: 'Motor': is not a member of 'nge::math'
P:\Development\personal\games\NextGenGameEngine\engine/core/math/math_types.h(7): note: see declaration of 'nge::math'
P:\Development\personal\games\NextGenGameEngine\engine\animation\animation_system.cpp(193): error C2065: 'Motor': undeclared identifier
P:\Development\personal\games\NextGenGameEngine\engine\animation\animation_system.cpp(193): error C2146: syntax error: missing ';' before identifier 'skinMotor'
P:\Development\personal\games\NextGenGameEngine\engine\animation\animation_system.cpp(193): error C2065: 'skinMotor': undeclared identifier
P:\Development\personal\games\NextGenGameEngine\engine\animation\animation_system.cpp(193): error C3083: 'pga': the symbol to the left of a '::' must be a type
P:\Development\personal\games\NextGenGameEngine\engine\animation\animation_system.cpp(193): error C3083: 'Motor': the symbol to the left of a '::' must be a type
P:\Development\personal\games\NextGenGameEngine\engine\animation\animation_system.cpp(193): error C2039: 'Multiply': is not a member of 'nge::math'
P:\Development\personal\games\NextGenGameEngine\engine/core/math/math_types.h(7): note: see declaration of 'nge::math'
P:\Development\personal\games\NextGenGameEngine\engine\animation\animation_system.cpp(194): error C2039: 'invBindPose': is not a member of 'nge::animation::Bone'
P:\Development\personal\games\NextGenGameEngine\engine/animation/animation_system.h(15): note: see declaration of 'nge::animation::Bone'
P:\Development\personal\games\NextGenGameEngine\engine\animation\animation_system.cpp(193): error C3861: 'Multiply': identifier not found
P:\Development\personal\games\NextGenGameEngine\engine\animation\animation_system.cpp(195): error C2065: 'skinMotor': undeclared identifier
P:\Development\personal\games\NextGenGameEngine\engine\animation\animation_system.cpp(197): error C2036: 'std::vector': unknown size
P:\Development\personal\games\NextGenGameEngine\engine\animation\animation_system.cpp(199): error C3083: 'pga': the symbol to the left of a '::' must be a type
P:\Development\personal\games\NextGenGameEngine\engine\animation\animation_system.cpp(199): error C2039: 'Motor': is not a member of 'nge::math'
P:\Development\personal\games\NextGenGameEngine\engine/core/math/math_types.h(7): note: see declaration of 'nge::math'
P:\Development\personal\games\NextGenGameEngine\engine\animation\animation_system.cpp(199): error C2039: 'InterpolateKeyframes': is not a member of 'nge::animation::AnimationSystem'
P:\Development\personal\games\NextGenGameEngine\engine/animation/animation_system.h(101): note: see declaration of 'nge::animation::AnimationSystem'
P:\Development\personal\games\NextGenGameEngine\engine\animation\animation_system.cpp(199): error C4430: missing type specifier - int assumed. Note: C++ does not support default-int
P:\Development\personal\games\NextGenGameEngine\engine\animation\animation_system.cpp(199): error C2146: syntax error: missing ';' before identifier 'InterpolateKeyframes'
P:\Development\personal\games\NextGenGameEngine\engine\animation\animation_system.cpp(199): error C2143: syntax error: missing ';' before '{'
P:\Development\personal\games\NextGenGameEngine\engine\animation\animation_system.cpp(199): error C2447: '{': missing function header (old-style formal list?)
P:\Development\personal\games\NextGenGameEngine\engine\animation\animation_system.cpp(245): error C2106: '=': left operand must be l-value
P:\Development\personal\games\NextGenGameEngine\engine\animation\animation_system.cpp(249): error C3083: 'pga': the symbol to the left of a '::' must be a type
P:\Development\personal\games\NextGenGameEngine\engine\animation\animation_system.cpp(249): error C3083: 'Motor': the symbol to the left of a '::' must be a type
P:\Development\personal\games\NextGenGameEngine\engine\animation\animation_system.cpp(249): error C2039: 'Slerp': is not a member of 'nge::math'
P:\Development\personal\games\NextGenGameEngine\engine/core/math/math_types.h(7): note: see declaration of 'nge::math'
P:\Development\personal\games\NextGenGameEngine\engine\animation\animation_system.cpp(249): error C3861: 'Slerp': identifier not found
P:\Development\personal\games\NextGenGameEngine\engine\animation\animation_system.cpp(257): error C3083: 'pga': the symbol to the left of a '::' must be a type
P:\Development\personal\games\NextGenGameEngine\engine\animation\animation_system.cpp(257): error C3083: 'Motor': the symbol to the left of a '::' must be a type
P:\Development\personal\games\NextGenGameEngine\engine\animation\animation_system.cpp(257): error C2039: 'Multiply': is not a member of 'nge::math'
P:\Development\personal\games\NextGenGameEngine\engine/core/math/math_types.h(7): note: see declaration of 'nge::math'
P:\Development\personal\games\NextGenGameEngine\engine\animation\animation_system.cpp(259): error C3083: 'pga': the symbol to the left of a '::' must be a type
P:\Development\personal\games\NextGenGameEngine\engine\animation\animation_system.cpp(259): error C3083: 'Motor': the symbol to the left of a '::' must be a type
P:\Development\personal\games\NextGenGameEngine\engine\animation\animation_system.cpp(259): error C2039: 'Slerp': is not a member of 'nge::math'
P:\Development\personal\games\NextGenGameEngine\engine/core/math/math_types.h(7): note: see declaration of 'nge::math'
P:\Development\personal\games\NextGenGameEngine\engine\animation\animation_system.cpp(259): error C3083: 'pga': the symbol to the left of a '::' must be a type
P:\Development\personal\games\NextGenGameEngine\engine\animation\animation_system.cpp(259): error C3083: 'Motor': the symbol to the left of a '::' must be a type
P:\Development\personal\games\NextGenGameEngine\engine\animation\animation_system.cpp(259): error C2039: 'Identity': is not a member of 'nge::math'
P:\Development\personal\games\NextGenGameEngine\engine/core/math/math_types.h(7): note: see declaration of 'nge::math'
P:\Development\personal\games\NextGenGameEngine\engine\animation\animation_system.cpp(259): error C3861: 'Identity': identifier not found
P:\Development\personal\games\NextGenGameEngine\engine\animation\animation_system.cpp(259): error C3861: 'Slerp': identifier not found
P:\Development\personal\games\NextGenGameEngine\engine\animation\animation_system.cpp(257): error C3861: 'Multiply': identifier not found
P:\Development\personal\games\NextGenGameEngine\engine\animation\animation_system.cpp(263): error C2036: 'std::vector': unknown size
P:\Development\personal\games\NextGenGameEngine\engine\animation\animation_system.cpp(263): error C2036: 'const std::vector': unknown size
[2/297] Building CXX object engine\CMakeFiles\NextGenEngine.dir\Debug\assets\shader\shader_compiler.cpp.obj
FAILED: [code=2] engine/CMakeFiles/NextGenEngine.dir/Debug/assets/shader/shader_compiler.cpp.obj 
C:\PROGRA~2\MICROS~2\2019\BUILDT~1\VC\Tools\MSVC\1429~1.301\bin\Hostx64\x64\cl.exe  /nologo /TP -DFMT_SHARED -DNGE_DEBUG=1 -DNGE_ENABLE_ASSERTS=1 -DNGE_ENABLE_MEMORY_TRACKING=1 -DNGE_ENABLE_VULKAN=1 -DNGE_PLATFORM_WINDOWS=1 -DNOMINMAX -DSPDLOG_COMPILED_LIB -DSPDLOG_FMT_EXTERNAL -DSPDLOG_SHARED_LIB -DWIN32_LEAN_AND_MEAN -D_CRT_SECURE_NO_WARNINGS -DCMAKE_INTDIR=\"Debug\" -IP:\Development\personal\games\NextGenGameEngine\engine -IP:\Development\personal\games\NextGenGameEngine\engine\.. -external:IP:\Development\personal\games\NextGenGameEngine\build\vcpkg_installed\x64-windows\include -external:IC:\VulkanSDK\1.4.341.1\include -external:W0 /DWIN32 /D_WINDOWS /EHsc /Zi /Ob0 /Od /RTC1 -std:c++20 -MDd /W4 /permissive- /Zc:__cplusplus /MP /fp:fast /arch:AVX2 /wd4251 /wd4275 /utf-8 /showIncludes /Foengine\CMakeFiles\NextGenEngine.dir\Debug\assets\shader\shader_compiler.cpp.obj /Fdengine\CMakeFiles\NextGenEngine.dir\Debug\NextGenEngine.pdb /FS -c P:\Development\personal\games\NextGenGameEngine\engine\assets\shader\shader_compiler.cpp
P:\Development\personal\games\NextGenGameEngine\engine/assets/shader/shader_compiler.h(90): error C2039: 'IDevice': is not a member of 'nge::rhi'
P:\Development\personal\games\NextGenGameEngine\engine/rhi/common/rhi_types.h(6): note: see declaration of 'nge::rhi'
P:\Development\personal\games\NextGenGameEngine\engine/assets/shader/shader_compiler.h(90): error C2061: syntax error: identifier 'IDevice'
P:\Development\personal\games\NextGenGameEngine\engine/assets/shader/shader_compiler.h(108): error C2039: 'IDevice': is not a member of 'nge::rhi'
P:\Development\personal\games\NextGenGameEngine\engine/rhi/common/rhi_types.h(6): note: see declaration of 'nge::rhi'
P:\Development\personal\games\NextGenGameEngine\engine/assets/shader/shader_compiler.h(108): error C2143: syntax error: missing ';' before '*'
P:\Development\personal\games\NextGenGameEngine\engine/assets/shader/shader_compiler.h(108): error C4430: missing type specifier - int assumed. Note: C++ does not support default-int
P:\Development\personal\games\NextGenGameEngine\engine/assets/shader/shader_compiler.h(108): error C2238: unexpected token(s) preceding ';'
P:\Development\personal\games\NextGenGameEngine\engine\assets\shader\shader_compiler.cpp(243): error C2039: 'IDevice': is not a member of 'nge::rhi'
P:\Development\personal\games\NextGenGameEngine\engine/rhi/common/rhi_types.h(6): note: see declaration of 'nge::rhi'
P:\Development\personal\games\NextGenGameEngine\engine\assets\shader\shader_compiler.cpp(243): error C2761: 'void nge::assets::ShaderLibrary::Init(void)': redeclaration of member is not allowed
P:\Development\personal\games\NextGenGameEngine\engine\assets\shader\shader_compiler.cpp(243): error C2065: 'IDevice': undeclared identifier
P:\Development\personal\games\NextGenGameEngine\engine\assets\shader\shader_compiler.cpp(243): error C2065: 'device': undeclared identifier
P:\Development\personal\games\NextGenGameEngine\engine\assets\shader\shader_compiler.cpp(243): error C2059: syntax error: 'const'
P:\Development\personal\games\NextGenGameEngine\engine\assets\shader\shader_compiler.cpp(243): error C2143: syntax error: missing ';' before '{'
P:\Development\personal\games\NextGenGameEngine\engine\assets\shader\shader_compiler.cpp(243): error C2447: '{': missing function header (old-style formal list?)
P:\Development\personal\games\NextGenGameEngine\engine\assets\shader\shader_compiler.cpp(257): error C2065: 'm_device': undeclared identifier
P:\Development\personal\games\NextGenGameEngine\engine\assets\shader\shader_compiler.cpp(302): error C2065: 'm_device': undeclared identifier
P:\Development\personal\games\NextGenGameEngine\engine\assets\shader\shader_compiler.cpp(334): error C2065: 'm_device': undeclared identifier
P:\Development\personal\games\NextGenGameEngine\engine\assets\shader\shader_compiler.cpp(343): error C2065: 'm_device': undeclared identifier
[3/297] Building CXX object engine\CMakeFiles\NextGenEngine.dir\Debug\assets\shader_permutations.cpp.obj
[4/297] Building CXX object engine\CMakeFiles\NextGenEngine.dir\Debug\ai\behavior_tree.cpp.obj
[5/297] Building CXX object engine\CMakeFiles\NextGenEngine.dir\Debug\assets\shader_variant_cache.cpp.obj
[6/297] Building CXX object engine\CMakeFiles\NextGenEngine.dir\Debug\assets\shader_warmup.cpp.obj
[7/297] Building CXX object engine\CMakeFiles\NextGenEngine.dir\Debug\assets\shader_reflection.cpp.obj
[8/297] Building CXX object engine\CMakeFiles\NextGenEngine.dir\Debug\assets\shader_include_resolver.cpp.obj
[9/297] Building CXX object engine\CMakeFiles\NextGenEngine.dir\Debug\core\events\event_system.cpp.obj
[10/297] Building CXX object engine\CMakeFiles\NextGenEngine.dir\Debug\core\math\pga.cpp.obj
P:\Development\personal\games\NextGenGameEngine\engine/core/math/pga.h(35): warning C4201: nonstandard extension used: nameless struct/union
P:\Development\personal\games\NextGenGameEngine\engine/core/math/pga.h(36): warning C4201: nonstandard extension used: nameless struct/union
P:\Development\personal\games\NextGenGameEngine\engine/core/math/pga.h(71): warning C4201: nonstandard extension used: nameless struct/union
P:\Development\personal\games\NextGenGameEngine\engine/core/math/pga.h(72): warning C4201: nonstandard extension used: nameless struct/union
P:\Development\personal\games\NextGenGameEngine\engine/core/math/pga.h(142): warning C4201: nonstandard extension used: nameless struct/union
P:\Development\personal\games\NextGenGameEngine\engine/core/math/pga.h(146): warning C4201: nonstandard extension used: nameless struct/union
P:\Development\personal\games\NextGenGameEngine\engine\core\math\pga.cpp(190): warning C4189: 'cosHalf': local variable is initialized but not referenced
P:\Development\personal\games\NextGenGameEngine\engine\core\math\pga.cpp(236): warning C4189: 'sinA': local variable is initialized but not referenced
[11/297] Building CXX object engine\CMakeFiles\NextGenEngine.dir\Debug\core\platform\input.cpp.obj
[12/297] Building CXX object engine\CMakeFiles\NextGenEngine.dir\Debug\core\input\input_action_map.cpp.obj
FAILED: [code=2] engine/CMakeFiles/NextGenEngine.dir/Debug/core/input/input_action_map.cpp.obj 
C:\PROGRA~2\MICROS~2\2019\BUILDT~1\VC\Tools\MSVC\1429~1.301\bin\Hostx64\x64\cl.exe  /nologo /TP -DFMT_SHARED -DNGE_DEBUG=1 -DNGE_ENABLE_ASSERTS=1 -DNGE_ENABLE_MEMORY_TRACKING=1 -DNGE_ENABLE_VULKAN=1 -DNGE_PLATFORM_WINDOWS=1 -DNOMINMAX -DSPDLOG_COMPILED_LIB -DSPDLOG_FMT_EXTERNAL -DSPDLOG_SHARED_LIB -DWIN32_LEAN_AND_MEAN -D_CRT_SECURE_NO_WARNINGS -DCMAKE_INTDIR=\"Debug\" -IP:\Development\personal\games\NextGenGameEngine\engine -IP:\Development\personal\games\NextGenGameEngine\engine\.. -external:IP:\Development\personal\games\NextGenGameEngine\build\vcpkg_installed\x64-windows\include -external:IC:\VulkanSDK\1.4.341.1\include -external:W0 /DWIN32 /D_WINDOWS /EHsc /Zi /Ob0 /Od /RTC1 -std:c++20 -MDd /W4 /permissive- /Zc:__cplusplus /MP /fp:fast /arch:AVX2 /wd4251 /wd4275 /utf-8 /showIncludes /Foengine\CMakeFiles\NextGenEngine.dir\Debug\core\input\input_action_map.cpp.obj /Fdengine\CMakeFiles\NextGenEngine.dir\Debug\NextGenEngine.pdb /FS -c P:\Development\personal\games\NextGenGameEngine\engine\core\input\input_action_map.cpp
P:\Development\personal\games\NextGenGameEngine\engine\core\input\input_action_map.cpp(157): error C2039: 'GetMouseDelta': is not a member of 'nge::platform::Input'
P:\Development\personal\games\NextGenGameEngine\engine/core/platform/input.h(43): note: see declaration of 'nge::platform::Input'
P:\Development\personal\games\NextGenGameEngine\engine\core\input\input_action_map.cpp(157): error C3861: 'GetMouseDelta': identifier not found
P:\Development\personal\games\NextGenGameEngine\engine\core\input\input_action_map.cpp(157): error C3617: initializers of structured bindings must be of array or non-union class type; type 'unknown-type' is not permitted
P:\Development\personal\games\NextGenGameEngine\engine\core\input\input_action_map.cpp(187): error C2039: 'IsMouseButtonDown': is not a member of 'nge::platform::Input'
P:\Development\personal\games\NextGenGameEngine\engine/core/platform/input.h(43): note: see declaration of 'nge::platform::Input'
P:\Development\personal\games\NextGenGameEngine\engine\core\input\input_action_map.cpp(187): error C3861: 'IsMouseButtonDown': identifier not found
P:\Development\personal\games\NextGenGameEngine\engine\core\input\input_action_map.cpp(198): error C2039: 'IsMouseButtonPressed': is not a member of 'nge::platform::Input'
P:\Development\personal\games\NextGenGameEngine\engine/core/platform/input.h(43): note: see declaration of 'nge::platform::Input'
P:\Development\personal\games\NextGenGameEngine\engine\core\input\input_action_map.cpp(198): error C3861: 'IsMouseButtonPressed': identifier not found
P:\Development\personal\games\NextGenGameEngine\engine\core\input\input_action_map.cpp(209): error C2039: 'IsMouseButtonReleased': is not a member of 'nge::platform::Input'
P:\Development\personal\games\NextGenGameEngine\engine/core/platform/input.h(43): note: see declaration of 'nge::platform::Input'
P:\Development\personal\games\NextGenGameEngine\engine\core\input\input_action_map.cpp(209): error C3861: 'IsMouseButtonReleased': identifier not found
[13/297] Building CXX object engine\CMakeFiles\NextGenEngine.dir\Debug\core\memory\frame_allocator.cpp.obj
[14/297] Building CXX object engine\CMakeFiles\NextGenEngine.dir\Debug\assets\texture\texture_loader.cpp.obj
[15/297] Building CXX object engine\CMakeFiles\NextGenEngine.dir\Debug\audio\audio_system.cpp.obj
[16/297] Building CXX object engine\CMakeFiles\NextGenEngine.dir\Debug\core\app\application.cpp.obj
FAILED: [code=2] engine/CMakeFiles/NextGenEngine.dir/Debug/core/app/application.cpp.obj 
C:\PROGRA~2\MICROS~2\2019\BUILDT~1\VC\Tools\MSVC\1429~1.301\bin\Hostx64\x64\cl.exe  /nologo /TP -DFMT_SHARED -DNGE_DEBUG=1 -DNGE_ENABLE_ASSERTS=1 -DNGE_ENABLE_MEMORY_TRACKING=1 -DNGE_ENABLE_VULKAN=1 -DNGE_PLATFORM_WINDOWS=1 -DNOMINMAX -DSPDLOG_COMPILED_LIB -DSPDLOG_FMT_EXTERNAL -DSPDLOG_SHARED_LIB -DWIN32_LEAN_AND_MEAN -D_CRT_SECURE_NO_WARNINGS -DCMAKE_INTDIR=\"Debug\" -IP:\Development\personal\games\NextGenGameEngine\engine -IP:\Development\personal\games\NextGenGameEngine\engine\.. -external:IP:\Development\personal\games\NextGenGameEngine\build\vcpkg_installed\x64-windows\include -external:IC:\VulkanSDK\1.4.341.1\include -external:W0 /DWIN32 /D_WINDOWS /EHsc /Zi /Ob0 /Od /RTC1 -std:c++20 -MDd /W4 /permissive- /Zc:__cplusplus /MP /fp:fast /arch:AVX2 /wd4251 /wd4275 /utf-8 /showIncludes /Foengine\CMakeFiles\NextGenEngine.dir\Debug\core\app\application.cpp.obj /Fdengine\CMakeFiles\NextGenEngine.dir\Debug\NextGenEngine.pdb /FS -c P:\Development\personal\games\NextGenGameEngine\engine\core\app\application.cpp
P:\Development\personal\games\NextGenGameEngine\engine/core/jobs/job_system.h(70): warning C4324: 'nge::jobs::WorkStealingDeque': structure was padded due to alignment specifier
P:\Development\personal\games\NextGenGameEngine\engine/renderer/graph/render_graph.h(54): error C2838: 'Sampled': illegal qualified name in member declaration
P:\Development\personal\games\NextGenGameEngine\engine/renderer/graph/render_graph.h(54): error C2065: 'Sampled': undeclared identifier
P:\Development\personal\games\NextGenGameEngine\engine/core/math/pga.h(35): warning C4201: nonstandard extension used: nameless struct/union
P:\Development\personal\games\NextGenGameEngine\engine/core/math/pga.h(36): warning C4201: nonstandard extension used: nameless struct/union
P:\Development\personal\games\NextGenGameEngine\engine/core/math/pga.h(71): warning C4201: nonstandard extension used: nameless struct/union
P:\Development\personal\games\NextGenGameEngine\engine/core/math/pga.h(72): warning C4201: nonstandard extension used: nameless struct/union
P:\Development\personal\games\NextGenGameEngine\engine/core/math/pga.h(142): warning C4201: nonstandard extension used: nameless struct/union
P:\Development\personal\games\NextGenGameEngine\engine/core/math/pga.h(146): warning C4201: nonstandard extension used: nameless struct/union
[17/297] Building CXX object engine\CMakeFiles\NextGenEngine.dir\Debug\core\logging\log.cpp.obj
[18/297] Building CXX object engine\CMakeFiles\NextGenEngine.dir\Debug\core\jobs\job_system.cpp.obj
P:\Development\personal\games\NextGenGameEngine\engine/core/jobs/job_system.h(70): warning C4324: 'nge::jobs::WorkStealingDeque': structure was padded due to alignment specifier
[19/297] Building CXX object engine\CMakeFiles\NextGenEngine.dir\Debug\physics\physics_world.cpp.obj
FAILED: [code=2] engine/CMakeFiles/NextGenEngine.dir/Debug/physics/physics_world.cpp.obj 
C:\PROGRA~2\MICROS~2\2019\BUILDT~1\VC\Tools\MSVC\1429~1.301\bin\Hostx64\x64\cl.exe  /nologo /TP -DFMT_SHARED -DNGE_DEBUG=1 -DNGE_ENABLE_ASSERTS=1 -DNGE_ENABLE_MEMORY_TRACKING=1 -DNGE_ENABLE_VULKAN=1 -DNGE_PLATFORM_WINDOWS=1 -DNOMINMAX -DSPDLOG_COMPILED_LIB -DSPDLOG_FMT_EXTERNAL -DSPDLOG_SHARED_LIB -DWIN32_LEAN_AND_MEAN -D_CRT_SECURE_NO_WARNINGS -DCMAKE_INTDIR=\"Debug\" -IP:\Development\personal\games\NextGenGameEngine\engine -IP:\Development\personal\games\NextGenGameEngine\engine\.. -external:IP:\Development\personal\games\NextGenGameEngine\build\vcpkg_installed\x64-windows\include -external:IC:\VulkanSDK\1.4.341.1\include -external:W0 /DWIN32 /D_WINDOWS /EHsc /Zi /Ob0 /Od /RTC1 -std:c++20 -MDd /W4 /permissive- /Zc:__cplusplus /MP /fp:fast /arch:AVX2 /wd4251 /wd4275 /utf-8 /showIncludes /Foengine\CMakeFiles\NextGenEngine.dir\Debug\physics\physics_world.cpp.obj /Fdengine\CMakeFiles\NextGenEngine.dir\Debug\NextGenEngine.pdb /FS -c P:\Development\personal\games\NextGenGameEngine\engine\physics\physics_world.cpp
P:\Development\personal\games\NextGenGameEngine\engine/core/math/pga.h(35): warning C4201: nonstandard extension used: nameless struct/union
P:\Development\personal\games\NextGenGameEngine\engine/core/math/pga.h(36): warning C4201: nonstandard extension used: nameless struct/union
P:\Development\personal\games\NextGenGameEngine\engine/core/math/pga.h(71): warning C4201: nonstandard extension used: nameless struct/union
P:\Development\personal\games\NextGenGameEngine\engine/core/math/pga.h(72): warning C4201: nonstandard extension used: nameless struct/union
P:\Development\personal\games\NextGenGameEngine\engine/core/math/pga.h(142): warning C4201: nonstandard extension used: nameless struct/union
P:\Development\personal\games\NextGenGameEngine\engine/core/math/pga.h(146): warning C4201: nonstandard extension used: nameless struct/union
P:\Development\personal\games\NextGenGameEngine\engine/physics/physics_world.h(142): error C3083: 'pga': the symbol to the left of a '::' must be a type
P:\Development\personal\games\NextGenGameEngine\engine/physics/physics_world.h(142): error C2039: 'Motor': is not a member of 'nge::math'
P:\Development\personal\games\NextGenGameEngine\engine/core/math/math_types.h(7): note: see declaration of 'nge::math'
P:\Development\personal\games\NextGenGameEngine\engine/physics/physics_world.h(142): error C3646: 'GetMotor': unknown override specifier
P:\Development\personal\games\NextGenGameEngine\engine/physics/physics_world.h(142): error C2059: syntax error: '('
P:\Development\personal\games\NextGenGameEngine\engine/physics/physics_world.h(142): error C2238: unexpected token(s) preceding ';'
P:\Development\personal\games\NextGenGameEngine\engine/physics/physics_world.h(143): error C3083: 'pga': the symbol to the left of a '::' must be a type
P:\Development\personal\games\NextGenGameEngine\engine/physics/physics_world.h(143): error C2039: 'Motor': is not a member of 'nge::math'
P:\Development\personal\games\NextGenGameEngine\engine/core/math/math_types.h(7): note: see declaration of 'nge::math'
P:\Development\personal\games\NextGenGameEngine\engine/physics/physics_world.h(143): error C4430: missing type specifier - int assumed. Note: C++ does not support default-int
P:\Development\personal\games\NextGenGameEngine\engine/physics/physics_world.h(143): error C2143: syntax error: missing ',' before '&'
P:\Development\personal\games\NextGenGameEngine\engine\physics\physics_world.cpp(220): error C3083: 'pga': the symbol to the left of a '::' must be a type
P:\Development\personal\games\NextGenGameEngine\engine\physics\physics_world.cpp(220): error C2039: 'Motor': is not a member of 'nge::math'
P:\Development\personal\games\NextGenGameEngine\engine/core/math/math_types.h(7): note: see declaration of 'nge::math'
P:\Development\personal\games\NextGenGameEngine\engine\physics\physics_world.cpp(220): error C2039: 'GetMotor': is not a member of 'nge::physics::PhysicsWorld'
P:\Development\personal\games\NextGenGameEngine\engine/physics/physics_world.h(114): note: see declaration of 'nge::physics::PhysicsWorld'
P:\Development\personal\games\NextGenGameEngine\engine\physics\physics_world.cpp(220): error C4430: missing type specifier - int assumed. Note: C++ does not support default-int
P:\Development\personal\games\NextGenGameEngine\engine\physics\physics_world.cpp(220): error C2146: syntax error: missing ';' before identifier 'GetMotor'
P:\Development\personal\games\NextGenGameEngine\engine\physics\physics_world.cpp(220): error C2143: syntax error: missing ';' before '{'
P:\Development\personal\games\NextGenGameEngine\engine\physics\physics_world.cpp(220): error C2447: '{': missing function header (old-style formal list?)
P:\Development\personal\games\NextGenGameEngine\engine\physics\physics_world.cpp(231): error C3083: 'pga': the symbol to the left of a '::' must be a type
P:\Development\personal\games\NextGenGameEngine\engine\physics\physics_world.cpp(231): error C2039: 'Motor': is not a member of 'nge::math'
P:\Development\personal\games\NextGenGameEngine\engine/core/math/math_types.h(7): note: see declaration of 'nge::math'
P:\Development\personal\games\NextGenGameEngine\engine\physics\physics_world.cpp(231): error C4430: missing type specifier - int assumed. Note: C++ does not support default-int
P:\Development\personal\games\NextGenGameEngine\engine\physics\physics_world.cpp(231): error C2143: syntax error: missing ',' before '&'
P:\Development\personal\games\NextGenGameEngine\engine\physics\physics_world.cpp(231): warning C4459: declaration of 'Motor' hides global declaration
P:\Development\personal\games\NextGenGameEngine\engine\physics\physics_world.cpp(220): note: see declaration of 'nge::physics::Motor'
P:\Development\personal\games\NextGenGameEngine\engine\physics\physics_world.cpp(234): error C3083: 'pga': the symbol to the left of a '::' must be a type
P:\Development\personal\games\NextGenGameEngine\engine\physics\physics_world.cpp(234): error C2039: 'Point': is not a member of 'nge::math'
P:\Development\personal\games\NextGenGameEngine\engine/core/math/math_types.h(7): note: see declaration of 'nge::math'
P:\Development\personal\games\NextGenGameEngine\engine\physics\physics_world.cpp(234): error C2065: 'Point': undeclared identifier
P:\Development\personal\games\NextGenGameEngine\engine\physics\physics_world.cpp(234): error C2146: syntax error: missing ';' before identifier 'origin'
P:\Development\personal\games\NextGenGameEngine\engine\physics\physics_world.cpp(234): error C2065: 'origin': undeclared identifier
P:\Development\personal\games\NextGenGameEngine\engine\physics\physics_world.cpp(235): error C3083: 'pga': the symbol to the left of a '::' must be a type
P:\Development\personal\games\NextGenGameEngine\engine\physics\physics_world.cpp(235): error C2039: 'Point': is not a member of 'nge::math'
P:\Development\personal\games\NextGenGameEngine\engine/core/math/math_types.h(7): note: see declaration of 'nge::math'
P:\Development\personal\games\NextGenGameEngine\engine\physics\physics_world.cpp(235): error C2065: 'Point': undeclared identifier
P:\Development\personal\games\NextGenGameEngine\engine\physics\physics_world.cpp(235): error C2146: syntax error: missing ';' before identifier 'transformed'
P:\Development\personal\games\NextGenGameEngine\engine\physics\physics_world.cpp(235): error C2065: 'transformed': undeclared identifier
P:\Development\personal\games\NextGenGameEngine\engine\physics\physics_world.cpp(235): error C2065: 'motor': undeclared identifier
P:\Development\personal\games\NextGenGameEngine\engine\physics\physics_world.cpp(235): error C2065: 'origin': undeclared identifier
P:\Development\personal\games\NextGenGameEngine\engine\physics\physics_world.cpp(236): error C2065: 'transformed': undeclared identifier
P:\Development\personal\games\NextGenGameEngine\engine\physics\physics_world.cpp(236): error C2065: 'transformed': undeclared identifier
P:\Development\personal\games\NextGenGameEngine\engine\physics\physics_world.cpp(236): error C2065: 'transformed': undeclared identifier
[20/297] Building CXX object engine\CMakeFiles\NextGenEngine.dir\Debug\core\platform\window_win32.cpp.obj
[21/297] Building CXX object engine\CMakeFiles\NextGenEngine.dir\Debug\renderer\debug\debug_text.cpp.obj
FAILED: [code=2] engine/CMakeFiles/NextGenEngine.dir/Debug/renderer/debug/debug_text.cpp.obj 
C:\PROGRA~2\MICROS~2\2019\BUILDT~1\VC\Tools\MSVC\1429~1.301\bin\Hostx64\x64\cl.exe  /nologo /TP -DFMT_SHARED -DNGE_DEBUG=1 -DNGE_ENABLE_ASSERTS=1 -DNGE_ENABLE_MEMORY_TRACKING=1 -DNGE_ENABLE_VULKAN=1 -DNGE_PLATFORM_WINDOWS=1 -DNOMINMAX -DSPDLOG_COMPILED_LIB -DSPDLOG_FMT_EXTERNAL -DSPDLOG_SHARED_LIB -DWIN32_LEAN_AND_MEAN -D_CRT_SECURE_NO_WARNINGS -DCMAKE_INTDIR=\"Debug\" -IP:\Development\personal\games\NextGenGameEngine\engine -IP:\Development\personal\games\NextGenGameEngine\engine\.. -external:IP:\Development\personal\games\NextGenGameEngine\build\vcpkg_installed\x64-windows\include -external:IC:\VulkanSDK\1.4.341.1\include -external:W0 /DWIN32 /D_WINDOWS /EHsc /Zi /Ob0 /Od /RTC1 -std:c++20 -MDd /W4 /permissive- /Zc:__cplusplus /MP /fp:fast /arch:AVX2 /wd4251 /wd4275 /utf-8 /showIncludes /Foengine\CMakeFiles\NextGenEngine.dir\Debug\renderer\debug\debug_text.cpp.obj /Fdengine\CMakeFiles\NextGenEngine.dir\Debug\NextGenEngine.pdb /FS -c P:\Development\personal\games\NextGenGameEngine\engine\renderer\debug\debug_text.cpp
P:\Development\personal\games\NextGenGameEngine\engine\renderer\debug\debug_text.cpp(178): error C2838: 'Sampled': illegal qualified name in member declaration
P:\Development\personal\games\NextGenGameEngine\engine\renderer\debug\debug_text.cpp(178): error C2065: 'Sampled': undeclared identifier
[22/297] Building CXX object engine\CMakeFiles\NextGenEngine.dir\Debug\network\core\net_socket.cpp.obj
[23/297] Building CXX object engine\CMakeFiles\NextGenEngine.dir\Debug\renderer\debug\debug_visualization.cpp.obj
FAILED: [code=2] engine/CMakeFiles/NextGenEngine.dir/Debug/renderer/debug/debug_visualization.cpp.obj 
C:\PROGRA~2\MICROS~2\2019\BUILDT~1\VC\Tools\MSVC\1429~1.301\bin\Hostx64\x64\cl.exe  /nologo /TP -DFMT_SHARED -DNGE_DEBUG=1 -DNGE_ENABLE_ASSERTS=1 -DNGE_ENABLE_MEMORY_TRACKING=1 -DNGE_ENABLE_VULKAN=1 -DNGE_PLATFORM_WINDOWS=1 -DNOMINMAX -DSPDLOG_COMPILED_LIB -DSPDLOG_FMT_EXTERNAL -DSPDLOG_SHARED_LIB -DWIN32_LEAN_AND_MEAN -D_CRT_SECURE_NO_WARNINGS -DCMAKE_INTDIR=\"Debug\" -IP:\Development\personal\games\NextGenGameEngine\engine -IP:\Development\personal\games\NextGenGameEngine\engine\.. -external:IP:\Development\personal\games\NextGenGameEngine\build\vcpkg_installed\x64-windows\include -external:IC:\VulkanSDK\1.4.341.1\include -external:W0 /DWIN32 /D_WINDOWS /EHsc /Zi /Ob0 /Od /RTC1 -std:c++20 -MDd /W4 /permissive- /Zc:__cplusplus /MP /fp:fast /arch:AVX2 /wd4251 /wd4275 /utf-8 /showIncludes /Foengine\CMakeFiles\NextGenEngine.dir\Debug\renderer\debug\debug_visualization.cpp.obj /Fdengine\CMakeFiles\NextGenEngine.dir\Debug\NextGenEngine.pdb /FS -c P:\Development\personal\games\NextGenGameEngine\engine\renderer\debug\debug_visualization.cpp
P:\Development\personal\games\NextGenGameEngine\engine\renderer\debug\debug_visualization.cpp(15): error C2838: 'Constant': illegal qualified name in member declaration
P:\Development\personal\games\NextGenGameEngine\engine\renderer\debug\debug_visualization.cpp(15): error C2065: 'Constant': undeclared identifier
[24/297] Building CXX object engine\CMakeFiles\NextGenEngine.dir\Debug\renderer\debug\profiler_overlay.cpp.obj
[25/297] Building CXX object engine\CMakeFiles\NextGenEngine.dir\Debug\network\client\net_client.cpp.obj
[26/297] Building CXX object engine\CMakeFiles\NextGenEngine.dir\Debug\network\server\net_server.cpp.obj
P:\Development\personal\games\NextGenGameEngine\engine\network\server\net_server.cpp(175): warning C4189: 'payload': local variable is initialized but not referenced
[27/297] Building CXX object engine\CMakeFiles\NextGenEngine.dir\Debug\renderer\debug\render_stats.cpp.obj
[28/297] Building CXX object engine\CMakeFiles\NextGenEngine.dir\Debug\renderer\debug\debug_renderer.cpp.obj
[29/297] Building CXX object engine\CMakeFiles\NextGenEngine.dir\Debug\renderer\graph\render_graph_resource.cpp.obj
[30/297] Building CXX object engine\CMakeFiles\NextGenEngine.dir\Debug\renderer\graph\graph_visualizer.cpp.obj
FAILED: [code=2] engine/CMakeFiles/NextGenEngine.dir/Debug/renderer/graph/graph_visualizer.cpp.obj 
C:\PROGRA~2\MICROS~2\2019\BUILDT~1\VC\Tools\MSVC\1429~1.301\bin\Hostx64\x64\cl.exe  /nologo /TP -DFMT_SHARED -DNGE_DEBUG=1 -DNGE_ENABLE_ASSERTS=1 -DNGE_ENABLE_MEMORY_TRACKING=1 -DNGE_ENABLE_VULKAN=1 -DNGE_PLATFORM_WINDOWS=1 -DNOMINMAX -DSPDLOG_COMPILED_LIB -DSPDLOG_FMT_EXTERNAL -DSPDLOG_SHARED_LIB -DWIN32_LEAN_AND_MEAN -D_CRT_SECURE_NO_WARNINGS -DCMAKE_INTDIR=\"Debug\" -IP:\Development\personal\games\NextGenGameEngine\engine -IP:\Development\personal\games\NextGenGameEngine\engine\.. -external:IP:\Development\personal\games\NextGenGameEngine\build\vcpkg_installed\x64-windows\include -external:IC:\VulkanSDK\1.4.341.1\include -external:W0 /DWIN32 /D_WINDOWS /EHsc /Zi /Ob0 /Od /RTC1 -std:c++20 -MDd /W4 /permissive- /Zc:__cplusplus /MP /fp:fast /arch:AVX2 /wd4251 /wd4275 /utf-8 /showIncludes /Foengine\CMakeFiles\NextGenEngine.dir\Debug\renderer\graph\graph_visualizer.cpp.obj /Fdengine\CMakeFiles\NextGenEngine.dir\Debug\NextGenEngine.pdb /FS -c P:\Development\personal\games\NextGenGameEngine\engine\renderer\graph\graph_visualizer.cpp
P:\Development\personal\games\NextGenGameEngine\engine\renderer\graph\graph_visualizer.cpp(15): error C2039: 'GetResult': is not a member of 'nge::renderer::FrameGraphCompiler'
P:\Development\personal\games\NextGenGameEngine\engine/renderer/graph/frame_graph_compiler.h(88): note: see declaration of 'nge::renderer::FrameGraphCompiler'
P:\Development\personal\games\NextGenGameEngine\engine\renderer\graph\graph_visualizer.cpp(15): error C2530: 'result': references must be initialized
P:\Development\personal\games\NextGenGameEngine\engine\renderer\graph\graph_visualizer.cpp(23): error C2530: 'pass': references must be initialized
P:\Development\personal\games\NextGenGameEngine\engine\renderer\graph\graph_visualizer.cpp(23): error C3531: 'pass': a symbol whose type contains 'auto' must have an initializer
P:\Development\personal\games\NextGenGameEngine\engine\renderer\graph\graph_visualizer.cpp(23): error C2143: syntax error: missing ';' before ':'
P:\Development\personal\games\NextGenGameEngine\engine\renderer\graph\graph_visualizer.cpp(23): error C2143: syntax error: missing ';' before ')'
P:\Development\personal\games\NextGenGameEngine\engine\renderer\graph\graph_visualizer.cpp(35): error C2530: 'pass': references must be initialized
P:\Development\personal\games\NextGenGameEngine\engine\renderer\graph\graph_visualizer.cpp(35): error C3531: 'pass': a symbol whose type contains 'auto' must have an initializer
P:\Development\personal\games\NextGenGameEngine\engine\renderer\graph\graph_visualizer.cpp(35): error C2143: syntax error: missing ';' before ':'
P:\Development\personal\games\NextGenGameEngine\engine\renderer\graph\graph_visualizer.cpp(35): error C2143: syntax error: missing ';' before ')'
P:\Development\personal\games\NextGenGameEngine\engine\renderer\graph\graph_visualizer.cpp(43): error C2530: 'pass': references must be initialized
P:\Development\personal\games\NextGenGameEngine\engine\renderer\graph\graph_visualizer.cpp(43): error C3531: 'pass': a symbol whose type contains 'auto' must have an initializer
P:\Development\personal\games\NextGenGameEngine\engine\renderer\graph\graph_visualizer.cpp(43): error C2143: syntax error: missing ';' before ':'
P:\Development\personal\games\NextGenGameEngine\engine\renderer\graph\graph_visualizer.cpp(43): error C2143: syntax error: missing ';' before ')'
P:\Development\personal\games\NextGenGameEngine\engine\renderer\graph\graph_visualizer.cpp(51): error C2530: 'pass': references must be initialized
P:\Development\personal\games\NextGenGameEngine\engine\renderer\graph\graph_visualizer.cpp(51): error C3531: 'pass': a symbol whose type contains 'auto' must have an initializer
P:\Development\personal\games\NextGenGameEngine\engine\renderer\graph\graph_visualizer.cpp(51): error C2143: syntax error: missing ';' before ':'
P:\Development\personal\games\NextGenGameEngine\engine\renderer\graph\graph_visualizer.cpp(51): error C2143: syntax error: missing ';' before ')'
P:\Development\personal\games\NextGenGameEngine\engine\renderer\graph\graph_visualizer.cpp(52): error C2530: 'dep': references must be initialized
P:\Development\personal\games\NextGenGameEngine\engine\renderer\graph\graph_visualizer.cpp(52): error C3531: 'dep': a symbol whose type contains 'auto' must have an initializer
P:\Development\personal\games\NextGenGameEngine\engine\renderer\graph\graph_visualizer.cpp(52): error C2143: syntax error: missing ';' before ':'
P:\Development\personal\games\NextGenGameEngine\engine\renderer\graph\graph_visualizer.cpp(52): error C2143: syntax error: missing ';' before ')'
P:\Development\personal\games\NextGenGameEngine\engine\renderer\graph\graph_visualizer.cpp(53): error C2664: 'std::string nge::renderer::GraphVisualizer::EscapeDot(const std::string &)': cannot convert argument 1 from 'int' to 'const std::string &'
P:\Development\personal\games\NextGenGameEngine\engine\renderer\graph\graph_visualizer.cpp(53): note: Reason: cannot convert from 'int' to 'const std::string'
P:\Development\personal\games\NextGenGameEngine\engine\renderer\graph\graph_visualizer.cpp(53): note: No constructor could take the source type, or constructor overload resolution was ambiguous
P:\Development\personal\games\NextGenGameEngine\engine/renderer/graph/graph_visualizer.h(43): note: see declaration of 'nge::renderer::GraphVisualizer::EscapeDot'
P:\Development\personal\games\NextGenGameEngine\engine\renderer\graph\graph_visualizer.cpp(60): error C2530: 'res': references must be initialized
P:\Development\personal\games\NextGenGameEngine\engine\renderer\graph\graph_visualizer.cpp(60): error C3531: 'res': a symbol whose type contains 'auto' must have an initializer
P:\Development\personal\games\NextGenGameEngine\engine\renderer\graph\graph_visualizer.cpp(60): error C2143: syntax error: missing ';' before ':'
P:\Development\personal\games\NextGenGameEngine\engine\renderer\graph\graph_visualizer.cpp(60): error C2143: syntax error: missing ';' before ')'
P:\Development\personal\games\NextGenGameEngine\engine\renderer\graph\graph_visualizer.cpp(68): error C2530: 'res': references must be initialized
P:\Development\personal\games\NextGenGameEngine\engine\renderer\graph\graph_visualizer.cpp(68): error C3531: 'res': a symbol whose type contains 'auto' must have an initializer
P:\Development\personal\games\NextGenGameEngine\engine\renderer\graph\graph_visualizer.cpp(68): error C2143: syntax error: missing ';' before ':'
P:\Development\personal\games\NextGenGameEngine\engine\renderer\graph\graph_visualizer.cpp(68): error C2143: syntax error: missing ';' before ')'
P:\Development\personal\games\NextGenGameEngine\engine\renderer\graph\graph_visualizer.cpp(73): error C2530: 'consumer': references must be initialized
P:\Development\personal\games\NextGenGameEngine\engine\renderer\graph\graph_visualizer.cpp(73): error C3531: 'consumer': a symbol whose type contains 'auto' must have an initializer
P:\Development\personal\games\NextGenGameEngine\engine\renderer\graph\graph_visualizer.cpp(73): error C2143: syntax error: missing ';' before ':'
P:\Development\personal\games\NextGenGameEngine\engine\renderer\graph\graph_visualizer.cpp(73): error C2143: syntax error: missing ';' before ')'
P:\Development\personal\games\NextGenGameEngine\engine\renderer\graph\graph_visualizer.cpp(75): error C2664: 'std::string nge::renderer::GraphVisualizer::EscapeDot(const std::string &)': cannot convert argument 1 from 'int' to 'const std::string &'
P:\Development\personal\games\NextGenGameEngine\engine\renderer\graph\graph_visualizer.cpp(75): note: Reason: cannot convert from 'int' to 'const std::string'
P:\Development\personal\games\NextGenGameEngine\engine\renderer\graph\graph_visualizer.cpp(75): note: No constructor could take the source type, or constructor overload resolution was ambiguous
P:\Development\personal\games\NextGenGameEngine\engine/renderer/graph/graph_visualizer.h(43): note: see declaration of 'nge::renderer::GraphVisualizer::EscapeDot'
P:\Development\personal\games\NextGenGameEngine\engine\renderer\graph\graph_visualizer.cpp(83): error C2530: 'barrier': references must be initialized
P:\Development\personal\games\NextGenGameEngine\engine\renderer\graph\graph_visualizer.cpp(83): error C3531: 'barrier': a symbol whose type contains 'auto' must have an initializer
P:\Development\personal\games\NextGenGameEngine\engine\renderer\graph\graph_visualizer.cpp(83): error C2143: syntax error: missing ';' before ':'
P:\Development\personal\games\NextGenGameEngine\engine\renderer\graph\graph_visualizer.cpp(83): error C2143: syntax error: missing ';' before ')'
P:\Development\personal\games\NextGenGameEngine\engine\renderer\graph\graph_visualizer.cpp(108): error C2039: 'GetResult': is not a member of 'nge::renderer::FrameGraphCompiler'
P:\Development\personal\games\NextGenGameEngine\engine/renderer/graph/frame_graph_compiler.h(88): note: see declaration of 'nge::renderer::FrameGraphCompiler'
P:\Development\personal\games\NextGenGameEngine\engine\renderer\graph\graph_visualizer.cpp(108): error C2530: 'result': references must be initialized
P:\Development\personal\games\NextGenGameEngine\engine\renderer\graph\graph_visualizer.cpp(111): error C3536: 'result': cannot be used before it is initialized
P:\Development\personal\games\NextGenGameEngine\engine\renderer\graph\graph_visualizer.cpp(117): error C2530: 'pass': references must be initialized
P:\Development\personal\games\NextGenGameEngine\engine\renderer\graph\graph_visualizer.cpp(119): error C3536: 'pass': cannot be used before it is initialized
P:\Development\personal\games\NextGenGameEngine\engine\renderer\graph\graph_visualizer.cpp(135): error C2530: 'res': references must be initialized
P:\Development\personal\games\NextGenGameEngine\engine\renderer\graph\graph_visualizer.cpp(135): error C3531: 'res': a symbol whose type contains 'auto' must have an initializer
P:\Development\personal\games\NextGenGameEngine\engine\renderer\graph\graph_visualizer.cpp(135): error C2143: syntax error: missing ';' before ':'
P:\Development\personal\games\NextGenGameEngine\engine\renderer\graph\graph_visualizer.cpp(135): error C2143: syntax error: missing ';' before ')'
P:\Development\personal\games\NextGenGameEngine\engine\renderer\graph\graph_visualizer.cpp(149): error C2039: 'GetResult': is not a member of 'nge::renderer::FrameGraphCompiler'
P:\Development\personal\games\NextGenGameEngine\engine/renderer/graph/frame_graph_compiler.h(88): note: see declaration of 'nge::renderer::FrameGraphCompiler'
P:\Development\personal\games\NextGenGameEngine\engine\renderer\graph\graph_visualizer.cpp(149): error C2530: 'result': references must be initialized
P:\Development\personal\games\NextGenGameEngine\engine\renderer\graph\graph_visualizer.cpp(154): error C2530: 'pass': references must be initialized
P:\Development\personal\games\NextGenGameEngine\engine\renderer\graph\graph_visualizer.cpp(154): error C3531: 'pass': a symbol whose type contains 'auto' must have an initializer
P:\Development\personal\games\NextGenGameEngine\engine\renderer\graph\graph_visualizer.cpp(154): error C2143: syntax error: missing ';' before ':'
P:\Development\personal\games\NextGenGameEngine\engine\renderer\graph\graph_visualizer.cpp(154): error C2143: syntax error: missing ';' before ')'
P:\Development\personal\games\NextGenGameEngine\engine\renderer\graph\graph_visualizer.cpp(161): error C2530: 'pass': references must be initialized
P:\Development\personal\games\NextGenGameEngine\engine\renderer\graph\graph_visualizer.cpp(161): error C3531: 'pass': a symbol whose type contains 'auto' must have an initializer
P:\Development\personal\games\NextGenGameEngine\engine\renderer\graph\graph_visualizer.cpp(161): error C2143: syntax error: missing ';' before ':'
P:\Development\personal\games\NextGenGameEngine\engine\renderer\graph\graph_visualizer.cpp(161): error C2143: syntax error: missing ';' before ')'
P:\Development\personal\games\NextGenGameEngine\engine\renderer\graph\graph_visualizer.cpp(162): error C2530: 'dep': references must be initialized
P:\Development\personal\games\NextGenGameEngine\engine\renderer\graph\graph_visualizer.cpp(162): error C3531: 'dep': a symbol whose type contains 'auto' must have an initializer
P:\Development\personal\games\NextGenGameEngine\engine\renderer\graph\graph_visualizer.cpp(162): error C2143: syntax error: missing ';' before ':'
P:\Development\personal\games\NextGenGameEngine\engine\renderer\graph\graph_visualizer.cpp(162): error C2143: syntax error: missing ';' before ')'
P:\Development\personal\games\NextGenGameEngine\engine\renderer\graph\graph_visualizer.cpp(163): error C2664: 'std::string nge::renderer::GraphVisualizer::EscapeDot(const std::string &)': cannot convert argument 1 from 'int' to 'const std::string &'
P:\Development\personal\games\NextGenGameEngine\engine\renderer\graph\graph_visualizer.cpp(163): note: Reason: cannot convert from 'int' to 'const std::string'
P:\Development\personal\games\NextGenGameEngine\engine\renderer\graph\graph_visualizer.cpp(163): note: No constructor could take the source type, or constructor overload resolution was ambiguous
P:\Development\personal\games\NextGenGameEngine\engine/renderer/graph/graph_visualizer.h(43): note: see declaration of 'nge::renderer::GraphVisualizer::EscapeDot'
P:\Development\personal\games\NextGenGameEngine\engine\renderer\graph\graph_visualizer.cpp(168): error C2530: 'pass': references must be initialized
P:\Development\personal\games\NextGenGameEngine\engine\renderer\graph\graph_visualizer.cpp(168): error C3531: 'pass': a symbol whose type contains 'auto' must have an initializer
P:\Development\personal\games\NextGenGameEngine\engine\renderer\graph\graph_visualizer.cpp(168): error C2143: syntax error: missing ';' before ':'
P:\Development\personal\games\NextGenGameEngine\engine\renderer\graph\graph_visualizer.cpp(168): error C2143: syntax error: missing ';' before ')'
P:\Development\personal\games\NextGenGameEngine\engine\renderer\graph\graph_visualizer.cpp(190): error C2838: 'ColorAttachment': illegal qualified name in member declaration
P:\Development\personal\games\NextGenGameEngine\engine\renderer\graph\graph_visualizer.cpp(190): error C2065: 'ColorAttachment': undeclared identifier
P:\Development\personal\games\NextGenGameEngine\engine\renderer\graph\graph_visualizer.cpp(190): error C2131: expression did not evaluate to a constant
P:\Development\personal\games\NextGenGameEngine\engine\renderer\graph\graph_visualizer.cpp(190): note: a non-constant (sub-)expression was encountered
P:\Development\personal\games\NextGenGameEngine\engine\renderer\graph\graph_visualizer.cpp(191): error C2838: 'DepthAttachment': illegal qualified name in member declaration
P:\Development\personal\games\NextGenGameEngine\engine\renderer\graph\graph_visualizer.cpp(191): error C2065: 'DepthAttachment': undeclared identifier
P:\Development\personal\games\NextGenGameEngine\engine\renderer\graph\graph_visualizer.cpp(191): error C2131: expression did not evaluate to a constant
P:\Development\personal\games\NextGenGameEngine\engine\renderer\graph\graph_visualizer.cpp(191): note: a non-constant (sub-)expression was encountered
P:\Development\personal\games\NextGenGameEngine\engine\renderer\graph\graph_visualizer.cpp(190): error C2051: case expression not constant
P:\Development\personal\games\NextGenGameEngine\engine\renderer\graph\graph_visualizer.cpp(191): error C2051: case expression not constant
[31/297] Building CXX object engine\CMakeFiles\NextGenEngine.dir\Debug\renderer\graph\render_graph.cpp.obj
FAILED: [code=2] engine/CMakeFiles/NextGenEngine.dir/Debug/renderer/graph/render_graph.cpp.obj 
C:\PROGRA~2\MICROS~2\2019\BUILDT~1\VC\Tools\MSVC\1429~1.301\bin\Hostx64\x64\cl.exe  /nologo /TP -DFMT_SHARED -DNGE_DEBUG=1 -DNGE_ENABLE_ASSERTS=1 -DNGE_ENABLE_MEMORY_TRACKING=1 -DNGE_ENABLE_VULKAN=1 -DNGE_PLATFORM_WINDOWS=1 -DNOMINMAX -DSPDLOG_COMPILED_LIB -DSPDLOG_FMT_EXTERNAL -DSPDLOG_SHARED_LIB -DWIN32_LEAN_AND_MEAN -D_CRT_SECURE_NO_WARNINGS -DCMAKE_INTDIR=\"Debug\" -IP:\Development\personal\games\NextGenGameEngine\engine -IP:\Development\personal\games\NextGenGameEngine\engine\.. -external:IP:\Development\personal\games\NextGenGameEngine\build\vcpkg_installed\x64-windows\include -external:IC:\VulkanSDK\1.4.341.1\include -external:W0 /DWIN32 /D_WINDOWS /EHsc /Zi /Ob0 /Od /RTC1 -std:c++20 -MDd /W4 /permissive- /Zc:__cplusplus /MP /fp:fast /arch:AVX2 /wd4251 /wd4275 /utf-8 /showIncludes /Foengine\CMakeFiles\NextGenEngine.dir\Debug\renderer\graph\render_graph.cpp.obj /Fdengine\CMakeFiles\NextGenEngine.dir\Debug\NextGenEngine.pdb /FS -c P:\Development\personal\games\NextGenGameEngine\engine\renderer\graph\render_graph.cpp
P:\Development\personal\games\NextGenGameEngine\engine/renderer/graph/render_graph.h(54): error C2838: 'Sampled': illegal qualified name in member declaration
P:\Development\personal\games\NextGenGameEngine\engine/renderer/graph/render_graph.h(54): error C2065: 'Sampled': undeclared identifier
P:\Development\personal\games\NextGenGameEngine\engine\renderer\graph\render_graph.cpp(354): error C2039: 'WaitSemaphore': is not a member of 'nge::rhi::ICommandList'
P:\Development\personal\games\NextGenGameEngine\engine/rhi/common/rhi_device.h(12): note: see declaration of 'nge::rhi::ICommandList'
P:\Development\personal\games\NextGenGameEngine\engine\renderer\graph\render_graph.cpp(386): error C2039: 'WaitSemaphore': is not a member of 'nge::rhi::ICommandList'
P:\Development\personal\games\NextGenGameEngine\engine/rhi/common/rhi_device.h(12): note: see declaration of 'nge::rhi::ICommandList'
P:\Development\personal\games\NextGenGameEngine\engine\renderer\graph\render_graph.cpp(410): error C2039: 'SignalSemaphore': is not a member of 'nge::rhi::ICommandList'
P:\Development\personal\games\NextGenGameEngine\engine/rhi/common/rhi_device.h(12): note: see declaration of 'nge::rhi::ICommandList'
[32/297] Building CXX object engine\CMakeFiles\NextGenEngine.dir\Debug\renderer\graph\resource_pool.cpp.obj
FAILED: [code=2] engine/CMakeFiles/NextGenEngine.dir/Debug/renderer/graph/resource_pool.cpp.obj 
C:\PROGRA~2\MICROS~2\2019\BUILDT~1\VC\Tools\MSVC\1429~1.301\bin\Hostx64\x64\cl.exe  /nologo /TP -DFMT_SHARED -DNGE_DEBUG=1 -DNGE_ENABLE_ASSERTS=1 -DNGE_ENABLE_MEMORY_TRACKING=1 -DNGE_ENABLE_VULKAN=1 -DNGE_PLATFORM_WINDOWS=1 -DNOMINMAX -DSPDLOG_COMPILED_LIB -DSPDLOG_FMT_EXTERNAL -DSPDLOG_SHARED_LIB -DWIN32_LEAN_AND_MEAN -D_CRT_SECURE_NO_WARNINGS -DCMAKE_INTDIR=\"Debug\" -IP:\Development\personal\games\NextGenGameEngine\engine -IP:\Development\personal\games\NextGenGameEngine\engine\.. -external:IP:\Development\personal\games\NextGenGameEngine\build\vcpkg_installed\x64-windows\include -external:IC:\VulkanSDK\1.4.341.1\include -external:W0 /DWIN32 /D_WINDOWS /EHsc /Zi /Ob0 /Od /RTC1 -std:c++20 -MDd /W4 /permissive- /Zc:__cplusplus /MP /fp:fast /arch:AVX2 /wd4251 /wd4275 /utf-8 /showIncludes /Foengine\CMakeFiles\NextGenEngine.dir\Debug\renderer\graph\resource_pool.cpp.obj /Fdengine\CMakeFiles\NextGenEngine.dir\Debug\NextGenEngine.pdb /FS -c P:\Development\personal\games\NextGenGameEngine\engine\renderer\graph\resource_pool.cpp
P:\Development\personal\games\NextGenGameEngine\engine\renderer\graph\resource_pool.cpp(63): error C2838: 'Sampled': illegal qualified name in member declaration
P:\Development\personal\games\NextGenGameEngine\engine\renderer\graph\resource_pool.cpp(63): error C2065: 'Sampled': undeclared identifier
P:\Development\personal\games\NextGenGameEngine\engine\renderer\graph\resource_pool.cpp(63): error C2838: 'ColorAttachment': illegal qualified name in member declaration
P:\Development\personal\games\NextGenGameEngine\engine\renderer\graph\resource_pool.cpp(63): error C2065: 'ColorAttachment': undeclared identifier
P:\Development\personal\games\NextGenGameEngine\engine\renderer\graph\resource_pool.cpp(64): error C2838: 'Storage': illegal qualified name in member declaration
P:\Development\personal\games\NextGenGameEngine\engine\renderer\graph\resource_pool.cpp(64): error C2065: 'Storage': undeclared identifier
P:\Development\personal\games\NextGenGameEngine\engine\renderer\graph\resource_pool.cpp(65): error C2440: '=': cannot convert from 'std::basic_string<char,std::char_traits<char>,std::allocator<char>>' to 'const char *'
P:\Development\personal\games\NextGenGameEngine\engine\renderer\graph\resource_pool.cpp(65): note: No user-defined-conversion operator available that can perform this conversion, or the operator cannot be called
P:\Development\personal\games\NextGenGameEngine\engine\renderer\graph\resource_pool.cpp(102): error C2440: '=': cannot convert from 'std::basic_string<char,std::char_traits<char>,std::allocator<char>>' to 'const char *'
P:\Development\personal\games\NextGenGameEngine\engine\renderer\graph\resource_pool.cpp(102): note: No user-defined-conversion operator available that can perform this conversion, or the operator cannot be called
[33/297] Building CXX object engine\CMakeFiles\NextGenEngine.dir\Debug\renderer\debug\gpu_timer.cpp.obj
P:\Development\personal\games\NextGenGameEngine\engine\renderer\debug\gpu_timer.cpp(115): warning C4189: 'timestamps': local variable is initialized but not referenced
[34/297] Building CXX object engine\CMakeFiles\NextGenEngine.dir\Debug\renderer\geometry\virtual_geometry.cpp.obj
[35/297] Building CXX object engine\CMakeFiles\NextGenEngine.dir\Debug\renderer\graph\frame_graph_compiler.cpp.obj
[36/297] Building CXX object engine\CMakeFiles\NextGenEngine.dir\Debug\renderer\lighting\gi_probes.cpp.obj
FAILED: [code=2] engine/CMakeFiles/NextGenEngine.dir/Debug/renderer/lighting/gi_probes.cpp.obj 
C:\PROGRA~2\MICROS~2\2019\BUILDT~1\VC\Tools\MSVC\1429~1.301\bin\Hostx64\x64\cl.exe  /nologo /TP -DFMT_SHARED -DNGE_DEBUG=1 -DNGE_ENABLE_ASSERTS=1 -DNGE_ENABLE_MEMORY_TRACKING=1 -DNGE_ENABLE_VULKAN=1 -DNGE_PLATFORM_WINDOWS=1 -DNOMINMAX -DSPDLOG_COMPILED_LIB -DSPDLOG_FMT_EXTERNAL -DSPDLOG_SHARED_LIB -DWIN32_LEAN_AND_MEAN -D_CRT_SECURE_NO_WARNINGS -DCMAKE_INTDIR=\"Debug\" -IP:\Development\personal\games\NextGenGameEngine\engine -IP:\Development\personal\games\NextGenGameEngine\engine\.. -external:IP:\Development\personal\games\NextGenGameEngine\build\vcpkg_installed\x64-windows\include -external:IC:\VulkanSDK\1.4.341.1\include -external:W0 /DWIN32 /D_WINDOWS /EHsc /Zi /Ob0 /Od /RTC1 -std:c++20 -MDd /W4 /permissive- /Zc:__cplusplus /MP /fp:fast /arch:AVX2 /wd4251 /wd4275 /utf-8 /showIncludes /Foengine\CMakeFiles\NextGenEngine.dir\Debug\renderer\lighting\gi_probes.cpp.obj /Fdengine\CMakeFiles\NextGenEngine.dir\Debug\NextGenEngine.pdb /FS -c P:\Development\personal\games\NextGenGameEngine\engine\renderer\lighting\gi_probes.cpp
P:\Development\personal\games\NextGenGameEngine\engine/renderer/lighting/gi_probes.h(71): warning C4324: 'nge::renderer::GPUProbeData': structure was padded due to alignment specifier
P:\Development\personal\games\NextGenGameEngine\engine/renderer/lighting/gi_probes.h(73): error C2338: GPUProbeData must be 128 bytes
[37/297] Building CXX object engine\CMakeFiles\NextGenEngine.dir\Debug\renderer\graph\pass_profiler.cpp.obj
[38/297] Building CXX object engine\CMakeFiles\NextGenEngine.dir\Debug\renderer\lighting\light_types.cpp.obj
FAILED: [code=2] engine/CMakeFiles/NextGenEngine.dir/Debug/renderer/lighting/light_types.cpp.obj 
C:\PROGRA~2\MICROS~2\2019\BUILDT~1\VC\Tools\MSVC\1429~1.301\bin\Hostx64\x64\cl.exe  /nologo /TP -DFMT_SHARED -DNGE_DEBUG=1 -DNGE_ENABLE_ASSERTS=1 -DNGE_ENABLE_MEMORY_TRACKING=1 -DNGE_ENABLE_VULKAN=1 -DNGE_PLATFORM_WINDOWS=1 -DNOMINMAX -DSPDLOG_COMPILED_LIB -DSPDLOG_FMT_EXTERNAL -DSPDLOG_SHARED_LIB -DWIN32_LEAN_AND_MEAN -D_CRT_SECURE_NO_WARNINGS -DCMAKE_INTDIR=\"Debug\" -IP:\Development\personal\games\NextGenGameEngine\engine -IP:\Development\personal\games\NextGenGameEngine\engine\.. -external:IP:\Development\personal\games\NextGenGameEngine\build\vcpkg_installed\x64-windows\include -external:IC:\VulkanSDK\1.4.341.1\include -external:W0 /DWIN32 /D_WINDOWS /EHsc /Zi /Ob0 /Od /RTC1 -std:c++20 -MDd /W4 /permissive- /Zc:__cplusplus /MP /fp:fast /arch:AVX2 /wd4251 /wd4275 /utf-8 /showIncludes /Foengine\CMakeFiles\NextGenEngine.dir\Debug\renderer\lighting\light_types.cpp.obj /Fdengine\CMakeFiles\NextGenEngine.dir\Debug\NextGenEngine.pdb /FS -c P:\Development\personal\games\NextGenGameEngine\engine\renderer\lighting\light_types.cpp
P:\Development\personal\games\NextGenGameEngine\engine/renderer/lighting/light_types.h(71): error C2039: 'IDevice': is not a member of 'nge::rhi'
P:\Development\personal\games\NextGenGameEngine\engine/rhi/common/rhi_types.h(6): note: see declaration of 'nge::rhi'
P:\Development\personal\games\NextGenGameEngine\engine/renderer/lighting/light_types.h(71): error C2061: syntax error: identifier 'IDevice'
P:\Development\personal\games\NextGenGameEngine\engine/renderer/lighting/light_types.h(90): error C2039: 'IDevice': is not a member of 'nge::rhi'
P:\Development\personal\games\NextGenGameEngine\engine/rhi/common/rhi_types.h(6): note: see declaration of 'nge::rhi'
P:\Development\personal\games\NextGenGameEngine\engine/renderer/lighting/light_types.h(90): error C2143: syntax error: missing ';' before '*'
P:\Development\personal\games\NextGenGameEngine\engine/renderer/lighting/light_types.h(90): error C4430: missing type specifier - int assumed. Note: C++ does not support default-int
P:\Development\personal\games\NextGenGameEngine\engine/renderer/lighting/light_types.h(90): error C2238: unexpected token(s) preceding ';'
P:\Development\personal\games\NextGenGameEngine\engine\renderer\lighting\light_types.cpp(6): error C2039: 'IDevice': is not a member of 'nge::rhi'
P:\Development\personal\games\NextGenGameEngine\engine/rhi/common/rhi_types.h(6): note: see declaration of 'nge::rhi'
P:\Development\personal\games\NextGenGameEngine\engine\renderer\lighting\light_types.cpp(6): error C2761: 'bool nge::renderer::LightManager::Init(void)': redeclaration of member is not allowed
P:\Development\personal\games\NextGenGameEngine\engine\renderer\lighting\light_types.cpp(6): error C2065: 'IDevice': undeclared identifier
P:\Development\personal\games\NextGenGameEngine\engine\renderer\lighting\light_types.cpp(6): error C2065: 'device': undeclared identifier
P:\Development\personal\games\NextGenGameEngine\engine\renderer\lighting\light_types.cpp(6): error C2275: 'nge::u32': illegal use of this type as an expression
P:\Development\personal\games\NextGenGameEngine\engine/core/types.h(12): note: see declaration of 'nge::u32'
P:\Development\personal\games\NextGenGameEngine\engine\renderer\lighting\light_types.cpp(6): error C2146: syntax error: missing ')' before identifier 'maxLights'
P:\Development\personal\games\NextGenGameEngine\engine\renderer\lighting\light_types.cpp(6): error C2143: syntax error: missing ';' before '{'
P:\Development\personal\games\NextGenGameEngine\engine\renderer\lighting\light_types.cpp(6): error C2447: '{': missing function header (old-style formal list?)
P:\Development\personal\games\NextGenGameEngine\engine\renderer\lighting\light_types.cpp(28): error C2065: 'm_device': undeclared identifier
P:\Development\personal\games\NextGenGameEngine\engine\renderer\lighting\light_types.cpp(29): error C2065: 'm_device': undeclared identifier
[39/297] Building CXX object engine\CMakeFiles\NextGenEngine.dir\Debug\renderer\materials\material.cpp.obj
FAILED: [code=2] engine/CMakeFiles/NextGenEngine.dir/Debug/renderer/materials/material.cpp.obj 
C:\PROGRA~2\MICROS~2\2019\BUILDT~1\VC\Tools\MSVC\1429~1.301\bin\Hostx64\x64\cl.exe  /nologo /TP -DFMT_SHARED -DNGE_DEBUG=1 -DNGE_ENABLE_ASSERTS=1 -DNGE_ENABLE_MEMORY_TRACKING=1 -DNGE_ENABLE_VULKAN=1 -DNGE_PLATFORM_WINDOWS=1 -DNOMINMAX -DSPDLOG_COMPILED_LIB -DSPDLOG_FMT_EXTERNAL -DSPDLOG_SHARED_LIB -DWIN32_LEAN_AND_MEAN -D_CRT_SECURE_NO_WARNINGS -DCMAKE_INTDIR=\"Debug\" -IP:\Development\personal\games\NextGenGameEngine\engine -IP:\Development\personal\games\NextGenGameEngine\engine\.. -external:IP:\Development\personal\games\NextGenGameEngine\build\vcpkg_installed\x64-windows\include -external:IC:\VulkanSDK\1.4.341.1\include -external:W0 /DWIN32 /D_WINDOWS /EHsc /Zi /Ob0 /Od /RTC1 -std:c++20 -MDd /W4 /permissive- /Zc:__cplusplus /MP /fp:fast /arch:AVX2 /wd4251 /wd4275 /utf-8 /showIncludes /Foengine\CMakeFiles\NextGenEngine.dir\Debug\renderer\materials\material.cpp.obj /Fdengine\CMakeFiles\NextGenEngine.dir\Debug\NextGenEngine.pdb /FS -c P:\Development\personal\games\NextGenGameEngine\engine\renderer\materials\material.cpp
P:\Development\personal\games\NextGenGameEngine\engine/renderer/materials/material.h(88): error C2039: 'IDevice': is not a member of 'nge::rhi'
P:\Development\personal\games\NextGenGameEngine\engine/rhi/common/rhi_types.h(6): note: see declaration of 'nge::rhi'
P:\Development\personal\games\NextGenGameEngine\engine/renderer/materials/material.h(88): error C2061: syntax error: identifier 'IDevice'
P:\Development\personal\games\NextGenGameEngine\engine/renderer/materials/material.h(95): error C2065: 'device': undeclared identifier
P:\Development\personal\games\NextGenGameEngine\engine/renderer/materials/material.h(96): error C2065: 'device': undeclared identifier
P:\Development\personal\games\NextGenGameEngine\engine/renderer/materials/material.h(97): error C2065: 'device': undeclared identifier
P:\Development\personal\games\NextGenGameEngine\engine/renderer/materials/material.h(98): error C2065: 'device': undeclared identifier
P:\Development\personal\games\NextGenGameEngine\engine/renderer/materials/material.h(99): error C2065: 'device': undeclared identifier
P:\Development\personal\games\NextGenGameEngine\engine/renderer/materials/material.h(112): error C2039: 'IDevice': is not a member of 'nge::rhi'
P:\Development\personal\games\NextGenGameEngine\engine/rhi/common/rhi_types.h(6): note: see declaration of 'nge::rhi'
P:\Development\personal\games\NextGenGameEngine\engine/renderer/materials/material.h(112): error C2061: syntax error: identifier 'IDevice'
P:\Development\personal\games\NextGenGameEngine\engine/renderer/materials/material.h(128): error C2039: 'IDevice': is not a member of 'nge::rhi'
P:\Development\personal\games\NextGenGameEngine\engine/rhi/common/rhi_types.h(6): note: see declaration of 'nge::rhi'
P:\Development\personal\games\NextGenGameEngine\engine/renderer/materials/material.h(128): error C2143: syntax error: missing ';' before '*'
P:\Development\personal\games\NextGenGameEngine\engine/renderer/materials/material.h(128): error C4430: missing type specifier - int assumed. Note: C++ does not support default-int
P:\Development\personal\games\NextGenGameEngine\engine/renderer/materials/material.h(128): error C2238: unexpected token(s) preceding ';'
P:\Development\personal\games\NextGenGameEngine\engine\renderer\materials\material.cpp(6): error C2039: 'IDevice': is not a member of 'nge::rhi'
P:\Development\personal\games\NextGenGameEngine\engine/rhi/common/rhi_types.h(6): note: see declaration of 'nge::rhi'
P:\Development\personal\games\NextGenGameEngine\engine\renderer\materials\material.cpp(6): error C2761: 'bool nge::renderer::MaterialManager::Init(void)': redeclaration of member is not allowed
P:\Development\personal\games\NextGenGameEngine\engine\renderer\materials\material.cpp(6): error C2065: 'IDevice': undeclared identifier
P:\Development\personal\games\NextGenGameEngine\engine\renderer\materials\material.cpp(6): error C2065: 'device': undeclared identifier
P:\Development\personal\games\NextGenGameEngine\engine\renderer\materials\material.cpp(6): error C2275: 'nge::u32': illegal use of this type as an expression
P:\Development\personal\games\NextGenGameEngine\engine/core/types.h(12): note: see declaration of 'nge::u32'
P:\Development\personal\games\NextGenGameEngine\engine\renderer\materials\material.cpp(6): error C2146: syntax error: missing ')' before identifier 'maxMaterials'
P:\Development\personal\games\NextGenGameEngine\engine\renderer\materials\material.cpp(6): error C2143: syntax error: missing ';' before '{'
P:\Development\personal\games\NextGenGameEngine\engine\renderer\materials\material.cpp(6): error C2447: '{': missing function header (old-style formal list?)
P:\Development\personal\games\NextGenGameEngine\engine\renderer\materials\material.cpp(21): error C2065: 'm_device': undeclared identifier
P:\Development\personal\games\NextGenGameEngine\engine\renderer\materials\material.cpp(22): error C2065: 'm_device': undeclared identifier
P:\Development\personal\games\NextGenGameEngine\engine\renderer\materials\material.cpp(52): error C2065: 'm_device': undeclared identifier
[40/297] Building CXX object engine\CMakeFiles\NextGenEngine.dir\Debug\renderer\lighting\light_culling.cpp.obj
FAILED: [code=2] engine/CMakeFiles/NextGenEngine.dir/Debug/renderer/lighting/light_culling.cpp.obj 
C:\PROGRA~2\MICROS~2\2019\BUILDT~1\VC\Tools\MSVC\1429~1.301\bin\Hostx64\x64\cl.exe  /nologo /TP -DFMT_SHARED -DNGE_DEBUG=1 -DNGE_ENABLE_ASSERTS=1 -DNGE_ENABLE_MEMORY_TRACKING=1 -DNGE_ENABLE_VULKAN=1 -DNGE_PLATFORM_WINDOWS=1 -DNOMINMAX -DSPDLOG_COMPILED_LIB -DSPDLOG_FMT_EXTERNAL -DSPDLOG_SHARED_LIB -DWIN32_LEAN_AND_MEAN -D_CRT_SECURE_NO_WARNINGS -DCMAKE_INTDIR=\"Debug\" -IP:\Development\personal\games\NextGenGameEngine\engine -IP:\Development\personal\games\NextGenGameEngine\engine\.. -external:IP:\Development\personal\games\NextGenGameEngine\build\vcpkg_installed\x64-windows\include -external:IC:\VulkanSDK\1.4.341.1\include -external:W0 /DWIN32 /D_WINDOWS /EHsc /Zi /Ob0 /Od /RTC1 -std:c++20 -MDd /W4 /permissive- /Zc:__cplusplus /MP /fp:fast /arch:AVX2 /wd4251 /wd4275 /utf-8 /showIncludes /Foengine\CMakeFiles\NextGenEngine.dir\Debug\renderer\lighting\light_culling.cpp.obj /Fdengine\CMakeFiles\NextGenEngine.dir\Debug\NextGenEngine.pdb /FS -c P:\Development\personal\games\NextGenGameEngine\engine\renderer\lighting\light_culling.cpp
P:\Development\personal\games\NextGenGameEngine\engine\renderer\lighting\light_culling.cpp(130): error C2664: 'void nge::rhi::ICommandList::CopyBuffer(nge::rhi::BufferHandle,nge::rhi::BufferHandle,nge::u64,nge::u64,nge::u64)': cannot convert argument 2 from 'int' to 'nge::rhi::BufferHandle'
P:\Development\personal\games\NextGenGameEngine\engine\renderer\lighting\light_culling.cpp(130): note: No constructor could take the source type, or constructor overload resolution was ambiguous
P:\Development\personal\games\NextGenGameEngine\engine/rhi/common/rhi_device.h(63): note: see declaration of 'nge::rhi::ICommandList::CopyBuffer'
[41/297] Building CXX object engine\CMakeFiles\NextGenEngine.dir\Debug\renderer\graph\work_graph_scheduler.cpp.obj
[42/297] Building CXX object engine\CMakeFiles\NextGenEngine.dir\Debug\renderer\materials\material_system.cpp.obj
FAILED: [code=2] engine/CMakeFiles/NextGenEngine.dir/Debug/renderer/materials/material_system.cpp.obj 
C:\PROGRA~2\MICROS~2\2019\BUILDT~1\VC\Tools\MSVC\1429~1.301\bin\Hostx64\x64\cl.exe  /nologo /TP -DFMT_SHARED -DNGE_DEBUG=1 -DNGE_ENABLE_ASSERTS=1 -DNGE_ENABLE_MEMORY_TRACKING=1 -DNGE_ENABLE_VULKAN=1 -DNGE_PLATFORM_WINDOWS=1 -DNOMINMAX -DSPDLOG_COMPILED_LIB -DSPDLOG_FMT_EXTERNAL -DSPDLOG_SHARED_LIB -DWIN32_LEAN_AND_MEAN -D_CRT_SECURE_NO_WARNINGS -DCMAKE_INTDIR=\"Debug\" -IP:\Development\personal\games\NextGenGameEngine\engine -IP:\Development\personal\games\NextGenGameEngine\engine\.. -external:IP:\Development\personal\games\NextGenGameEngine\build\vcpkg_installed\x64-windows\include -external:IC:\VulkanSDK\1.4.341.1\include -external:W0 /DWIN32 /D_WINDOWS /EHsc /Zi /Ob0 /Od /RTC1 -std:c++20 -MDd /W4 /permissive- /Zc:__cplusplus /MP /fp:fast /arch:AVX2 /wd4251 /wd4275 /utf-8 /showIncludes /Foengine\CMakeFiles\NextGenEngine.dir\Debug\renderer\materials\material_system.cpp.obj /Fdengine\CMakeFiles\NextGenEngine.dir\Debug\NextGenEngine.pdb /FS -c P:\Development\personal\games\NextGenGameEngine\engine\renderer\materials\material_system.cpp
P:\Development\personal\games\NextGenGameEngine\engine\renderer\materials\material_system.cpp(236): error C2664: 'void nge::rhi::ICommandList::CopyBuffer(nge::rhi::BufferHandle,nge::rhi::BufferHandle,nge::u64,nge::u64,nge::u64)': cannot convert argument 2 from 'int' to 'nge::rhi::BufferHandle'
P:\Development\personal\games\NextGenGameEngine\engine\renderer\materials\material_system.cpp(237): note: No constructor could take the source type, or constructor overload resolution was ambiguous
P:\Development\personal\games\NextGenGameEngine\engine/rhi/common/rhi_device.h(63): note: see declaration of 'nge::rhi::ICommandList::CopyBuffer'
[43/297] Building CXX object engine\CMakeFiles\NextGenEngine.dir\Debug\renderer\pipeline\gpu_scene_buffer.cpp.obj
FAILED: [code=2] engine/CMakeFiles/NextGenEngine.dir/Debug/renderer/pipeline/gpu_scene_buffer.cpp.obj 
C:\PROGRA~2\MICROS~2\2019\BUILDT~1\VC\Tools\MSVC\1429~1.301\bin\Hostx64\x64\cl.exe  /nologo /TP -DFMT_SHARED -DNGE_DEBUG=1 -DNGE_ENABLE_ASSERTS=1 -DNGE_ENABLE_MEMORY_TRACKING=1 -DNGE_ENABLE_VULKAN=1 -DNGE_PLATFORM_WINDOWS=1 -DNOMINMAX -DSPDLOG_COMPILED_LIB -DSPDLOG_FMT_EXTERNAL -DSPDLOG_SHARED_LIB -DWIN32_LEAN_AND_MEAN -D_CRT_SECURE_NO_WARNINGS -DCMAKE_INTDIR=\"Debug\" -IP:\Development\personal\games\NextGenGameEngine\engine -IP:\Development\personal\games\NextGenGameEngine\engine\.. -external:IP:\Development\personal\games\NextGenGameEngine\build\vcpkg_installed\x64-windows\include -external:IC:\VulkanSDK\1.4.341.1\include -external:W0 /DWIN32 /D_WINDOWS /EHsc /Zi /Ob0 /Od /RTC1 -std:c++20 -MDd /W4 /permissive- /Zc:__cplusplus /MP /fp:fast /arch:AVX2 /wd4251 /wd4275 /utf-8 /showIncludes /Foengine\CMakeFiles\NextGenEngine.dir\Debug\renderer\pipeline\gpu_scene_buffer.cpp.obj /Fdengine\CMakeFiles\NextGenEngine.dir\Debug\NextGenEngine.pdb /FS -c P:\Development\personal\games\NextGenGameEngine\engine\renderer\pipeline\gpu_scene_buffer.cpp
P:\Development\personal\games\NextGenGameEngine\engine\renderer\pipeline\gpu_scene_buffer.cpp(119): error C2664: 'void nge::rhi::ICommandList::CopyBuffer(nge::rhi::BufferHandle,nge::rhi::BufferHandle,nge::u64,nge::u64,nge::u64)': cannot convert argument 2 from 'nge::u64' to 'nge::rhi::BufferHandle'
P:\Development\personal\games\NextGenGameEngine\engine\renderer\pipeline\gpu_scene_buffer.cpp(119): note: No constructor could take the source type, or constructor overload resolution was ambiguous
P:\Development\personal\games\NextGenGameEngine\engine/rhi/common/rhi_device.h(63): note: see declaration of 'nge::rhi::ICommandList::CopyBuffer'
P:\Development\personal\games\NextGenGameEngine\engine\renderer\pipeline\gpu_scene_buffer.cpp(127): error C2664: 'void nge::rhi::ICommandList::CopyBuffer(nge::rhi::BufferHandle,nge::rhi::BufferHandle,nge::u64,nge::u64,nge::u64)': cannot convert argument 2 from 'nge::u64' to 'nge::rhi::BufferHandle'
P:\Development\personal\games\NextGenGameEngine\engine\renderer\pipeline\gpu_scene_buffer.cpp(127): note: No constructor could take the source type, or constructor overload resolution was ambiguous
P:\Development\personal\games\NextGenGameEngine\engine/rhi/common/rhi_device.h(63): note: see declaration of 'nge::rhi::ICommandList::CopyBuffer'
[44/297] Building CXX object engine\CMakeFiles\NextGenEngine.dir\Debug\renderer\pipeline\gpu_culling_pipeline.cpp.obj
FAILED: [code=2] engine/CMakeFiles/NextGenEngine.dir/Debug/renderer/pipeline/gpu_culling_pipeline.cpp.obj 
C:\PROGRA~2\MICROS~2\2019\BUILDT~1\VC\Tools\MSVC\1429~1.301\bin\Hostx64\x64\cl.exe  /nologo /TP -DFMT_SHARED -DNGE_DEBUG=1 -DNGE_ENABLE_ASSERTS=1 -DNGE_ENABLE_MEMORY_TRACKING=1 -DNGE_ENABLE_VULKAN=1 -DNGE_PLATFORM_WINDOWS=1 -DNOMINMAX -DSPDLOG_COMPILED_LIB -DSPDLOG_FMT_EXTERNAL -DSPDLOG_SHARED_LIB -DWIN32_LEAN_AND_MEAN -D_CRT_SECURE_NO_WARNINGS -DCMAKE_INTDIR=\"Debug\" -IP:\Development\personal\games\NextGenGameEngine\engine -IP:\Development\personal\games\NextGenGameEngine\engine\.. -external:IP:\Development\personal\games\NextGenGameEngine\build\vcpkg_installed\x64-windows\include -external:IC:\VulkanSDK\1.4.341.1\include -external:W0 /DWIN32 /D_WINDOWS /EHsc /Zi /Ob0 /Od /RTC1 -std:c++20 -MDd /W4 /permissive- /Zc:__cplusplus /MP /fp:fast /arch:AVX2 /wd4251 /wd4275 /utf-8 /showIncludes /Foengine\CMakeFiles\NextGenEngine.dir\Debug\renderer\pipeline\gpu_culling_pipeline.cpp.obj /Fdengine\CMakeFiles\NextGenEngine.dir\Debug\NextGenEngine.pdb /FS -c P:\Development\personal\games\NextGenGameEngine\engine\renderer\pipeline\gpu_culling_pipeline.cpp
P:\Development\personal\games\NextGenGameEngine\engine\renderer\pipeline\gpu_culling_pipeline.cpp(85): error C2838: 'Constant': illegal qualified name in member declaration
P:\Development\personal\games\NextGenGameEngine\engine\renderer\pipeline\gpu_culling_pipeline.cpp(85): error C2065: 'Constant': undeclared identifier
P:\Development\personal\games\NextGenGameEngine\engine\renderer\pipeline\gpu_culling_pipeline.cpp(133): error C2039: 'FillBuffer': is not a member of 'nge::rhi::ICommandList'
P:\Development\personal\games\NextGenGameEngine\engine/rhi/common/rhi_device.h(12): note: see declaration of 'nge::rhi::ICommandList'
P:\Development\personal\games\NextGenGameEngine\engine\renderer\pipeline\gpu_culling_pipeline.cpp(134): error C2039: 'FillBuffer': is not a member of 'nge::rhi::ICommandList'
P:\Development\personal\games\NextGenGameEngine\engine/rhi/common/rhi_device.h(12): note: see declaration of 'nge::rhi::ICommandList'
P:\Development\personal\games\NextGenGameEngine\engine\renderer\pipeline\gpu_culling_pipeline.cpp(135): error C2039: 'FillBuffer': is not a member of 'nge::rhi::ICommandList'
P:\Development\personal\games\NextGenGameEngine\engine/rhi/common/rhi_device.h(12): note: see declaration of 'nge::rhi::ICommandList'
[45/297] Building CXX object engine\CMakeFiles\NextGenEngine.dir\Debug\renderer\pipeline\instance_manager.cpp.obj
FAILED: [code=2] engine/CMakeFiles/NextGenEngine.dir/Debug/renderer/pipeline/instance_manager.cpp.obj 
C:\PROGRA~2\MICROS~2\2019\BUILDT~1\VC\Tools\MSVC\1429~1.301\bin\Hostx64\x64\cl.exe  /nologo /TP -DFMT_SHARED -DNGE_DEBUG=1 -DNGE_ENABLE_ASSERTS=1 -DNGE_ENABLE_MEMORY_TRACKING=1 -DNGE_ENABLE_VULKAN=1 -DNGE_PLATFORM_WINDOWS=1 -DNOMINMAX -DSPDLOG_COMPILED_LIB -DSPDLOG_FMT_EXTERNAL -DSPDLOG_SHARED_LIB -DWIN32_LEAN_AND_MEAN -D_CRT_SECURE_NO_WARNINGS -DCMAKE_INTDIR=\"Debug\" -IP:\Development\personal\games\NextGenGameEngine\engine -IP:\Development\personal\games\NextGenGameEngine\engine\.. -external:IP:\Development\personal\games\NextGenGameEngine\build\vcpkg_installed\x64-windows\include -external:IC:\VulkanSDK\1.4.341.1\include -external:W0 /DWIN32 /D_WINDOWS /EHsc /Zi /Ob0 /Od /RTC1 -std:c++20 -MDd /W4 /permissive- /Zc:__cplusplus /MP /fp:fast /arch:AVX2 /wd4251 /wd4275 /utf-8 /showIncludes /Foengine\CMakeFiles\NextGenEngine.dir\Debug\renderer\pipeline\instance_manager.cpp.obj /Fdengine\CMakeFiles\NextGenEngine.dir\Debug\NextGenEngine.pdb /FS -c P:\Development\personal\games\NextGenGameEngine\engine\renderer\pipeline\instance_manager.cpp
P:\Development\personal\games\NextGenGameEngine\engine\renderer\pipeline\instance_manager.cpp(113): error C2664: 'void nge::rhi::ICommandList::CopyBuffer(nge::rhi::BufferHandle,nge::rhi::BufferHandle,nge::u64,nge::u64,nge::u64)': cannot convert argument 2 from 'int' to 'nge::rhi::BufferHandle'
P:\Development\personal\games\NextGenGameEngine\engine\renderer\pipeline\instance_manager.cpp(113): note: No constructor could take the source type, or constructor overload resolution was ambiguous
P:\Development\personal\games\NextGenGameEngine\engine/rhi/common/rhi_device.h(63): note: see declaration of 'nge::rhi::ICommandList::CopyBuffer'
[46/297] Building CXX object engine\CMakeFiles\NextGenEngine.dir\Debug\renderer\pipeline\indirect_cull_pipeline.cpp.obj
FAILED: [code=2] engine/CMakeFiles/NextGenEngine.dir/Debug/renderer/pipeline/indirect_cull_pipeline.cpp.obj 
C:\PROGRA~2\MICROS~2\2019\BUILDT~1\VC\Tools\MSVC\1429~1.301\bin\Hostx64\x64\cl.exe  /nologo /TP -DFMT_SHARED -DNGE_DEBUG=1 -DNGE_ENABLE_ASSERTS=1 -DNGE_ENABLE_MEMORY_TRACKING=1 -DNGE_ENABLE_VULKAN=1 -DNGE_PLATFORM_WINDOWS=1 -DNOMINMAX -DSPDLOG_COMPILED_LIB -DSPDLOG_FMT_EXTERNAL -DSPDLOG_SHARED_LIB -DWIN32_LEAN_AND_MEAN -D_CRT_SECURE_NO_WARNINGS -DCMAKE_INTDIR=\"Debug\" -IP:\Development\personal\games\NextGenGameEngine\engine -IP:\Development\personal\games\NextGenGameEngine\engine\.. -external:IP:\Development\personal\games\NextGenGameEngine\build\vcpkg_installed\x64-windows\include -external:IC:\VulkanSDK\1.4.341.1\include -external:W0 /DWIN32 /D_WINDOWS /EHsc /Zi /Ob0 /Od /RTC1 -std:c++20 -MDd /W4 /permissive- /Zc:__cplusplus /MP /fp:fast /arch:AVX2 /wd4251 /wd4275 /utf-8 /showIncludes /Foengine\CMakeFiles\NextGenEngine.dir\Debug\renderer\pipeline\indirect_cull_pipeline.cpp.obj /Fdengine\CMakeFiles\NextGenEngine.dir\Debug\NextGenEngine.pdb /FS -c P:\Development\personal\games\NextGenGameEngine\engine\renderer\pipeline\indirect_cull_pipeline.cpp
P:\Development\personal\games\NextGenGameEngine\engine\renderer\pipeline\indirect_cull_pipeline.cpp(14): error C2838: 'IndirectArgs': illegal qualified name in member declaration
P:\Development\personal\games\NextGenGameEngine\engine\renderer\pipeline\indirect_cull_pipeline.cpp(14): error C2065: 'IndirectArgs': undeclared identifier
P:\Development\personal\games\NextGenGameEngine\engine\renderer\pipeline\indirect_cull_pipeline.cpp(34): error C2838: 'IndirectArgs': illegal qualified name in member declaration
P:\Development\personal\games\NextGenGameEngine\engine\renderer\pipeline\indirect_cull_pipeline.cpp(34): error C2065: 'IndirectArgs': undeclared identifier
P:\Development\personal\games\NextGenGameEngine\engine\renderer\pipeline\indirect_cull_pipeline.cpp(85): error C2039: 'UpdateBuffer': is not a member of 'nge::rhi::ICommandList'
P:\Development\personal\games\NextGenGameEngine\engine/rhi/common/rhi_device.h(12): note: see declaration of 'nge::rhi::ICommandList'
P:\Development\personal\games\NextGenGameEngine\engine\renderer\pipeline\indirect_cull_pipeline.cpp(86): error C2838: 'UnorderedAccess': illegal qualified name in member declaration
P:\Development\personal\games\NextGenGameEngine\engine\renderer\pipeline\indirect_cull_pipeline.cpp(86): error C2065: 'UnorderedAccess': undeclared identifier
P:\Development\personal\games\NextGenGameEngine\engine\renderer\pipeline\indirect_cull_pipeline.cpp(117): error C2838: 'UnorderedAccess': illegal qualified name in member declaration
P:\Development\personal\games\NextGenGameEngine\engine\renderer\pipeline\indirect_cull_pipeline.cpp(117): error C2065: 'UnorderedAccess': undeclared identifier
P:\Development\personal\games\NextGenGameEngine\engine\renderer\pipeline\indirect_cull_pipeline.cpp(117): error C2838: 'UnorderedAccess': illegal qualified name in member declaration
P:\Development\personal\games\NextGenGameEngine\engine\renderer\pipeline\indirect_cull_pipeline.cpp(117): error C2065: 'UnorderedAccess': undeclared identifier
P:\Development\personal\games\NextGenGameEngine\engine\renderer\pipeline\indirect_cull_pipeline.cpp(118): error C2838: 'UnorderedAccess': illegal qualified name in member declaration
P:\Development\personal\games\NextGenGameEngine\engine\renderer\pipeline\indirect_cull_pipeline.cpp(118): error C2065: 'UnorderedAccess': undeclared identifier
P:\Development\personal\games\NextGenGameEngine\engine\renderer\pipeline\indirect_cull_pipeline.cpp(118): error C2838: 'UnorderedAccess': illegal qualified name in member declaration
P:\Development\personal\games\NextGenGameEngine\engine\renderer\pipeline\indirect_cull_pipeline.cpp(118): error C2065: 'UnorderedAccess': undeclared identifier
P:\Development\personal\games\NextGenGameEngine\engine\renderer\pipeline\indirect_cull_pipeline.cpp(119): error C2838: 'UnorderedAccess': illegal qualified name in member declaration
P:\Development\personal\games\NextGenGameEngine\engine\renderer\pipeline\indirect_cull_pipeline.cpp(119): error C2065: 'UnorderedAccess': undeclared identifier
P:\Development\personal\games\NextGenGameEngine\engine\renderer\pipeline\indirect_cull_pipeline.cpp(148): error C2838: 'UnorderedAccess': illegal qualified name in member declaration
P:\Development\personal\games\NextGenGameEngine\engine\renderer\pipeline\indirect_cull_pipeline.cpp(148): error C2065: 'UnorderedAccess': undeclared identifier
P:\Development\personal\games\NextGenGameEngine\engine\renderer\pipeline\indirect_cull_pipeline.cpp(148): error C2838: 'IndirectArgs': illegal qualified name in member declaration
P:\Development\personal\games\NextGenGameEngine\engine\renderer\pipeline\indirect_cull_pipeline.cpp(148): error C2065: 'IndirectArgs': undeclared identifier
P:\Development\personal\games\NextGenGameEngine\engine\renderer\pipeline\indirect_cull_pipeline.cpp(149): error C2838: 'UnorderedAccess': illegal qualified name in member declaration
P:\Development\personal\games\NextGenGameEngine\engine\renderer\pipeline\indirect_cull_pipeline.cpp(149): error C2065: 'UnorderedAccess': undeclared identifier
[47/297] Building CXX object engine\CMakeFiles\NextGenEngine.dir\Debug\renderer\particles\particle_system.cpp.obj
[48/297] Building CXX object engine\CMakeFiles\NextGenEngine.dir\Debug\renderer\pipeline\occlusion_feedback.cpp.obj
FAILED: [code=2] engine/CMakeFiles/NextGenEngine.dir/Debug/renderer/pipeline/occlusion_feedback.cpp.obj 
C:\PROGRA~2\MICROS~2\2019\BUILDT~1\VC\Tools\MSVC\1429~1.301\bin\Hostx64\x64\cl.exe  /nologo /TP -DFMT_SHARED -DNGE_DEBUG=1 -DNGE_ENABLE_ASSERTS=1 -DNGE_ENABLE_MEMORY_TRACKING=1 -DNGE_ENABLE_VULKAN=1 -DNGE_PLATFORM_WINDOWS=1 -DNOMINMAX -DSPDLOG_COMPILED_LIB -DSPDLOG_FMT_EXTERNAL -DSPDLOG_SHARED_LIB -DWIN32_LEAN_AND_MEAN -D_CRT_SECURE_NO_WARNINGS -DCMAKE_INTDIR=\"Debug\" -IP:\Development\personal\games\NextGenGameEngine\engine -IP:\Development\personal\games\NextGenGameEngine\engine\.. -external:IP:\Development\personal\games\NextGenGameEngine\build\vcpkg_installed\x64-windows\include -external:IC:\VulkanSDK\1.4.341.1\include -external:W0 /DWIN32 /D_WINDOWS /EHsc /Zi /Ob0 /Od /RTC1 -std:c++20 -MDd /W4 /permissive- /Zc:__cplusplus /MP /fp:fast /arch:AVX2 /wd4251 /wd4275 /utf-8 /showIncludes /Foengine\CMakeFiles\NextGenEngine.dir\Debug\renderer\pipeline\occlusion_feedback.cpp.obj /Fdengine\CMakeFiles\NextGenEngine.dir\Debug\NextGenEngine.pdb /FS -c P:\Development\personal\games\NextGenGameEngine\engine\renderer\pipeline\occlusion_feedback.cpp
P:\Development\personal\games\NextGenGameEngine\engine\renderer\pipeline\occlusion_feedback.cpp(19): error C2440: '=': cannot convert from 'std::basic_string<char,std::char_traits<char>,std::allocator<char>>' to 'const char *'
P:\Development\personal\games\NextGenGameEngine\engine\renderer\pipeline\occlusion_feedback.cpp(19): note: No user-defined-conversion operator available that can perform this conversion, or the operator cannot be called
P:\Development\personal\games\NextGenGameEngine\engine\renderer\pipeline\occlusion_feedback.cpp(55): error C2664: 'void nge::rhi::ICommandList::CopyBuffer(nge::rhi::BufferHandle,nge::rhi::BufferHandle,nge::u64,nge::u64,nge::u64)': cannot convert argument 2 from 'int' to 'nge::rhi::BufferHandle'
P:\Development\personal\games\NextGenGameEngine\engine\renderer\pipeline\occlusion_feedback.cpp(55): note: No constructor could take the source type, or constructor overload resolution was ambiguous
P:\Development\personal\games\NextGenGameEngine\engine/rhi/common/rhi_device.h(63): note: see declaration of 'nge::rhi::ICommandList::CopyBuffer'
P:\Development\personal\games\NextGenGameEngine\engine\renderer\pipeline\occlusion_feedback.cpp(60): error C2838: 'HostRead': illegal qualified name in member declaration
P:\Development\personal\games\NextGenGameEngine\engine\renderer\pipeline\occlusion_feedback.cpp(60): error C2065: 'HostRead': undeclared identifier
[49/297] Building CXX object engine\CMakeFiles\NextGenEngine.dir\Debug\renderer\pipeline\mesh_registry.cpp.obj
[50/297] Building CXX object engine\CMakeFiles\NextGenEngine.dir\Debug\renderer\pipeline\mip_generator.cpp.obj
[51/297] Building CXX object engine\CMakeFiles\NextGenEngine.dir\Debug\renderer\pipeline\render_compositor.cpp.obj
FAILED: [code=2] engine/CMakeFiles/NextGenEngine.dir/Debug/renderer/pipeline/render_compositor.cpp.obj 
C:\PROGRA~2\MICROS~2\2019\BUILDT~1\VC\Tools\MSVC\1429~1.301\bin\Hostx64\x64\cl.exe  /nologo /TP -DFMT_SHARED -DNGE_DEBUG=1 -DNGE_ENABLE_ASSERTS=1 -DNGE_ENABLE_MEMORY_TRACKING=1 -DNGE_ENABLE_VULKAN=1 -DNGE_PLATFORM_WINDOWS=1 -DNOMINMAX -DSPDLOG_COMPILED_LIB -DSPDLOG_FMT_EXTERNAL -DSPDLOG_SHARED_LIB -DWIN32_LEAN_AND_MEAN -D_CRT_SECURE_NO_WARNINGS -DCMAKE_INTDIR=\"Debug\" -IP:\Development\personal\games\NextGenGameEngine\engine -IP:\Development\personal\games\NextGenGameEngine\engine\.. -external:IP:\Development\personal\games\NextGenGameEngine\build\vcpkg_installed\x64-windows\include -external:IC:\VulkanSDK\1.4.341.1\include -external:W0 /DWIN32 /D_WINDOWS /EHsc /Zi /Ob0 /Od /RTC1 -std:c++20 -MDd /W4 /permissive- /Zc:__cplusplus /MP /fp:fast /arch:AVX2 /wd4251 /wd4275 /utf-8 /showIncludes /Foengine\CMakeFiles\NextGenEngine.dir\Debug\renderer\pipeline\render_compositor.cpp.obj /Fdengine\CMakeFiles\NextGenEngine.dir\Debug\NextGenEngine.pdb /FS -c P:\Development\personal\games\NextGenGameEngine\engine\renderer\pipeline\render_compositor.cpp
P:\Development\personal\games\NextGenGameEngine\engine/renderer/graph/render_graph.h(54): error C2838: 'Sampled': illegal qualified name in member declaration
P:\Development\personal\games\NextGenGameEngine\engine/renderer/graph/render_graph.h(54): error C2065: 'Sampled': undeclared identifier
P:\Development\personal\games\NextGenGameEngine\engine\renderer\pipeline\render_compositor.cpp(22): error C2838: 'Sampled': illegal qualified name in member declaration
P:\Development\personal\games\NextGenGameEngine\engine\renderer\pipeline\render_compositor.cpp(22): error C2065: 'Sampled': undeclared identifier
P:\Development\personal\games\NextGenGameEngine\engine\renderer\pipeline\render_compositor.cpp(22): error C2838: 'Storage': illegal qualified name in member declaration
P:\Development\personal\games\NextGenGameEngine\engine\renderer\pipeline\render_compositor.cpp(22): error C2065: 'Storage': undeclared identifier
P:\Development\personal\games\NextGenGameEngine\engine\renderer\pipeline\render_compositor.cpp(22): error C2838: 'ColorAttachment': illegal qualified name in member declaration
P:\Development\personal\games\NextGenGameEngine\engine\renderer\pipeline\render_compositor.cpp(22): error C2065: 'ColorAttachment': undeclared identifier
P:\Development\personal\games\NextGenGameEngine\engine\renderer\pipeline\render_compositor.cpp(33): error C2838: 'Sampled': illegal qualified name in member declaration
P:\Development\personal\games\NextGenGameEngine\engine\renderer\pipeline\render_compositor.cpp(33): error C2065: 'Sampled': undeclared identifier
P:\Development\personal\games\NextGenGameEngine\engine\renderer\pipeline\render_compositor.cpp(33): error C2838: 'ColorAttachment': illegal qualified name in member declaration
P:\Development\personal\games\NextGenGameEngine\engine\renderer\pipeline\render_compositor.cpp(33): error C2065: 'ColorAttachment': undeclared identifier
P:\Development\personal\games\NextGenGameEngine\engine\renderer\pipeline\render_compositor.cpp(44): error C2838: 'Sampled': illegal qualified name in member declaration
P:\Development\personal\games\NextGenGameEngine\engine\renderer\pipeline\render_compositor.cpp(44): error C2065: 'Sampled': undeclared identifier
P:\Development\personal\games\NextGenGameEngine\engine\renderer\pipeline\render_compositor.cpp(44): error C2838: 'DepthAttachment': illegal qualified name in member declaration
P:\Development\personal\games\NextGenGameEngine\engine\renderer\pipeline\render_compositor.cpp(44): error C2065: 'DepthAttachment': undeclared identifier
P:\Development\personal\games\NextGenGameEngine\engine\renderer\pipeline\render_compositor.cpp(101): error C2838: 'DepthAttachment': illegal qualified name in member declaration
P:\Development\personal\games\NextGenGameEngine\engine\renderer\pipeline\render_compositor.cpp(101): error C2065: 'DepthAttachment': undeclared identifier
P:\Development\personal\games\NextGenGameEngine\engine\renderer\pipeline\render_compositor.cpp(101): error C2838: 'Sampled': illegal qualified name in member declaration
P:\Development\personal\games\NextGenGameEngine\engine\renderer\pipeline\render_compositor.cpp(101): error C2065: 'Sampled': undeclared identifier
P:\Development\personal\games\NextGenGameEngine\engine\renderer\pipeline\render_compositor.cpp(100): error C2664: 'nge::renderer::RGResourceHandle nge::renderer::RGPassBuilder::CreateTexture(const std::string &,const nge::renderer::RGTextureDesc &)': cannot convert argument 2 from 'initializer list' to 'const nge::renderer::RGTextureDesc &'
P:\Development\personal\games\NextGenGameEngine\engine\renderer\pipeline\render_compositor.cpp(101): note: Reason: cannot convert from 'initializer list' to 'const nge::renderer::RGTextureDesc'
P:\Development\personal\games\NextGenGameEngine\engine\renderer\pipeline\render_compositor.cpp(100): note: Invalid aggregate initialization
P:\Development\personal\games\NextGenGameEngine\engine/renderer/graph/render_graph.h(83): note: see declaration of 'nge::renderer::RGPassBuilder::CreateTexture'
P:\Development\personal\games\NextGenGameEngine\engine\renderer\pipeline\render_compositor.cpp(103): error C2838: 'ColorAttachment': illegal qualified name in member declaration
P:\Development\personal\games\NextGenGameEngine\engine\renderer\pipeline\render_compositor.cpp(103): error C2065: 'ColorAttachment': undeclared identifier
P:\Development\personal\games\NextGenGameEngine\engine\renderer\pipeline\render_compositor.cpp(103): error C2838: 'Sampled': illegal qualified name in member declaration
P:\Development\personal\games\NextGenGameEngine\engine\renderer\pipeline\render_compositor.cpp(103): error C2065: 'Sampled': undeclared identifier
P:\Development\personal\games\NextGenGameEngine\engine\renderer\pipeline\render_compositor.cpp(102): error C2664: 'nge::renderer::RGResourceHandle nge::renderer::RGPassBuilder::CreateTexture(const std::string &,const nge::renderer::RGTextureDesc &)': cannot convert argument 2 from 'initializer list' to 'const nge::renderer::RGTextureDesc &'
P:\Development\personal\games\NextGenGameEngine\engine\renderer\pipeline\render_compositor.cpp(103): note: Reason: cannot convert from 'initializer list' to 'const nge::renderer::RGTextureDesc'
P:\Development\personal\games\NextGenGameEngine\engine\renderer\pipeline\render_compositor.cpp(102): note: Invalid aggregate initialization
P:\Development\personal\games\NextGenGameEngine\engine/renderer/graph/render_graph.h(83): note: see declaration of 'nge::renderer::RGPassBuilder::CreateTexture'
P:\Development\personal\games\NextGenGameEngine\engine\renderer\pipeline\render_compositor.cpp(118): error C2838: 'Storage': illegal qualified name in member declaration
P:\Development\personal\games\NextGenGameEngine\engine\renderer\pipeline\render_compositor.cpp(118): error C2065: 'Storage': undeclared identifier
P:\Development\personal\games\NextGenGameEngine\engine\renderer\pipeline\render_compositor.cpp(118): error C2838: 'Sampled': illegal qualified name in member declaration
P:\Development\personal\games\NextGenGameEngine\engine\renderer\pipeline\render_compositor.cpp(118): error C2065: 'Sampled': undeclared identifier
P:\Development\personal\games\NextGenGameEngine\engine\renderer\pipeline\render_compositor.cpp(117): error C2664: 'nge::renderer::RGResourceHandle nge::renderer::RGPassBuilder::CreateTexture(const std::string &,const nge::renderer::RGTextureDesc &)': cannot convert argument 2 from 'initializer list' to 'const nge::renderer::RGTextureDesc &'
P:\Development\personal\games\NextGenGameEngine\engine\renderer\pipeline\render_compositor.cpp(118): note: Reason: cannot convert from 'initializer list' to 'const nge::renderer::RGTextureDesc'
P:\Development\personal\games\NextGenGameEngine\engine\renderer\pipeline\render_compositor.cpp(117): note: Invalid aggregate initialization
P:\Development\personal\games\NextGenGameEngine\engine/renderer/graph/render_graph.h(83): note: see declaration of 'nge::renderer::RGPassBuilder::CreateTexture'
P:\Development\personal\games\NextGenGameEngine\engine\renderer\pipeline\render_compositor.cpp(130): error C2838: 'ColorAttachment': illegal qualified name in member declaration
P:\Development\personal\games\NextGenGameEngine\engine\renderer\pipeline\render_compositor.cpp(130): error C2065: 'ColorAttachment': undeclared identifier
P:\Development\personal\games\NextGenGameEngine\engine\renderer\pipeline\render_compositor.cpp(130): error C2838: 'Sampled': illegal qualified name in member declaration
P:\Development\personal\games\NextGenGameEngine\engine\renderer\pipeline\render_compositor.cpp(130): error C2065: 'Sampled': undeclared identifier
P:\Development\personal\games\NextGenGameEngine\engine\renderer\pipeline\render_compositor.cpp(129): error C2664: 'nge::renderer::RGResourceHandle nge::renderer::RGPassBuilder::CreateTexture(const std::string &,const nge::renderer::RGTextureDesc &)': cannot convert argument 2 from 'initializer list' to 'const nge::renderer::RGTextureDesc &'
P:\Development\personal\games\NextGenGameEngine\engine\renderer\pipeline\render_compositor.cpp(130): note: Reason: cannot convert from 'initializer list' to 'const nge::renderer::RGTextureDesc'
P:\Development\personal\games\NextGenGameEngine\engine\renderer\pipeline\render_compositor.cpp(129): note: Invalid aggregate initialization
P:\Development\personal\games\NextGenGameEngine\engine/renderer/graph/render_graph.h(83): note: see declaration of 'nge::renderer::RGPassBuilder::CreateTexture'
P:\Development\personal\games\NextGenGameEngine\engine\renderer\pipeline\render_compositor.cpp(132): error C2838: 'ColorAttachment': illegal qualified name in member declaration
P:\Development\personal\games\NextGenGameEngine\engine\renderer\pipeline\render_compositor.cpp(132): error C2065: 'ColorAttachment': undeclared identifier
P:\Development\personal\games\NextGenGameEngine\engine\renderer\pipeline\render_compositor.cpp(132): error C2838: 'Sampled': illegal qualified name in member declaration
P:\Development\personal\games\NextGenGameEngine\engine\renderer\pipeline\render_compositor.cpp(132): error C2065: 'Sampled': undeclared identifier
P:\Development\personal\games\NextGenGameEngine\engine\renderer\pipeline\render_compositor.cpp(131): error C2664: 'nge::renderer::RGResourceHandle nge::renderer::RGPassBuilder::CreateTexture(const std::string &,const nge::renderer::RGTextureDesc &)': cannot convert argument 2 from 'initializer list' to 'const nge::renderer::RGTextureDesc &'
P:\Development\personal\games\NextGenGameEngine\engine\renderer\pipeline\render_compositor.cpp(132): note: Reason: cannot convert from 'initializer list' to 'const nge::renderer::RGTextureDesc'
P:\Development\personal\games\NextGenGameEngine\engine\renderer\pipeline\render_compositor.cpp(131): note: Invalid aggregate initialization
P:\Development\personal\games\NextGenGameEngine\engine/renderer/graph/render_graph.h(83): note: see declaration of 'nge::renderer::RGPassBuilder::CreateTexture'
P:\Development\personal\games\NextGenGameEngine\engine\renderer\pipeline\render_compositor.cpp(134): error C2838: 'ColorAttachment': illegal qualified name in member declaration
P:\Development\personal\games\NextGenGameEngine\engine\renderer\pipeline\render_compositor.cpp(134): error C2065: 'ColorAttachment': undeclared identifier
P:\Development\personal\games\NextGenGameEngine\engine\renderer\pipeline\render_compositor.cpp(134): error C2838: 'Sampled': illegal qualified name in member declaration
P:\Development\personal\games\NextGenGameEngine\engine\renderer\pipeline\render_compositor.cpp(134): error C2065: 'Sampled': undeclared identifier
P:\Development\personal\games\NextGenGameEngine\engine\renderer\pipeline\render_compositor.cpp(133): error C2664: 'nge::renderer::RGResourceHandle nge::renderer::RGPassBuilder::CreateTexture(const std::string &,const nge::renderer::RGTextureDesc &)': cannot convert argument 2 from 'initializer list' to 'const nge::renderer::RGTextureDesc &'
P:\Development\personal\games\NextGenGameEngine\engine\renderer\pipeline\render_compositor.cpp(134): note: Reason: cannot convert from 'initializer list' to 'const nge::renderer::RGTextureDesc'
P:\Development\personal\games\NextGenGameEngine\engine\renderer\pipeline\render_compositor.cpp(133): note: Invalid aggregate initialization
P:\Development\personal\games\NextGenGameEngine\engine/renderer/graph/render_graph.h(83): note: see declaration of 'nge::renderer::RGPassBuilder::CreateTexture'
P:\Development\personal\games\NextGenGameEngine\engine\renderer\pipeline\render_compositor.cpp(152): error C2838: 'Storage': illegal qualified name in member declaration
P:\Development\personal\games\NextGenGameEngine\engine\renderer\pipeline\render_compositor.cpp(152): error C2065: 'Storage': undeclared identifier
P:\Development\personal\games\NextGenGameEngine\engine\renderer\pipeline\render_compositor.cpp(152): error C2838: 'Sampled': illegal qualified name in member declaration
P:\Development\personal\games\NextGenGameEngine\engine\renderer\pipeline\render_compositor.cpp(152): error C2065: 'Sampled': undeclared identifier
P:\Development\personal\games\NextGenGameEngine\engine\renderer\pipeline\render_compositor.cpp(151): error C2664: 'nge::renderer::RGResourceHandle nge::renderer::RGPassBuilder::CreateTexture(const std::string &,const nge::renderer::RGTextureDesc &)': cannot convert argument 2 from 'initializer list' to 'const nge::renderer::RGTextureDesc &'
P:\Development\personal\games\NextGenGameEngine\engine\renderer\pipeline\render_compositor.cpp(152): note: Reason: cannot convert from 'initializer list' to 'const nge::renderer::RGTextureDesc'
P:\Development\personal\games\NextGenGameEngine\engine\renderer\pipeline\render_compositor.cpp(151): note: Invalid aggregate initialization
P:\Development\personal\games\NextGenGameEngine\engine/renderer/graph/render_graph.h(83): note: see declaration of 'nge::renderer::RGPassBuilder::CreateTexture'
P:\Development\personal\games\NextGenGameEngine\engine\renderer\pipeline\render_compositor.cpp(177): error C2838: 'Storage': illegal qualified name in member declaration
P:\Development\personal\games\NextGenGameEngine\engine\renderer\pipeline\render_compositor.cpp(177): error C2065: 'Storage': undeclared identifier
P:\Development\personal\games\NextGenGameEngine\engine\renderer\pipeline\render_compositor.cpp(177): error C2838: 'Sampled': illegal qualified name in member declaration
P:\Development\personal\games\NextGenGameEngine\engine\renderer\pipeline\render_compositor.cpp(177): error C2065: 'Sampled': undeclared identifier
P:\Development\personal\games\NextGenGameEngine\engine\renderer\pipeline\render_compositor.cpp(176): error C2664: 'nge::renderer::RGResourceHandle nge::renderer::RGPassBuilder::CreateTexture(const std::string &,const nge::renderer::RGTextureDesc &)': cannot convert argument 2 from 'initializer list' to 'const nge::renderer::RGTextureDesc &'
P:\Development\personal\games\NextGenGameEngine\engine\renderer\pipeline\render_compositor.cpp(177): note: Reason: cannot convert from 'initializer list' to 'const nge::renderer::RGTextureDesc'
P:\Development\personal\games\NextGenGameEngine\engine\renderer\pipeline\render_compositor.cpp(176): note: Invalid aggregate initialization
P:\Development\personal\games\NextGenGameEngine\engine/renderer/graph/render_graph.h(83): note: see declaration of 'nge::renderer::RGPassBuilder::CreateTexture'
P:\Development\personal\games\NextGenGameEngine\engine\renderer\pipeline\render_compositor.cpp(197): error C2838: 'Storage': illegal qualified name in member declaration
P:\Development\personal\games\NextGenGameEngine\engine\renderer\pipeline\render_compositor.cpp(197): error C2065: 'Storage': undeclared identifier
P:\Development\personal\games\NextGenGameEngine\engine\renderer\pipeline\render_compositor.cpp(197): error C2838: 'Sampled': illegal qualified name in member declaration
P:\Development\personal\games\NextGenGameEngine\engine\renderer\pipeline\render_compositor.cpp(197): error C2065: 'Sampled': undeclared identifier
P:\Development\personal\games\NextGenGameEngine\engine\renderer\pipeline\render_compositor.cpp(196): error C2664: 'nge::renderer::RGResourceHandle nge::renderer::RGPassBuilder::CreateTexture(const std::string &,const nge::renderer::RGTextureDesc &)': cannot convert argument 2 from 'initializer list' to 'const nge::renderer::RGTextureDesc &'
P:\Development\personal\games\NextGenGameEngine\engine\renderer\pipeline\render_compositor.cpp(197): note: Reason: cannot convert from 'initializer list' to 'const nge::renderer::RGTextureDesc'
P:\Development\personal\games\NextGenGameEngine\engine\renderer\pipeline\render_compositor.cpp(196): note: Invalid aggregate initialization
P:\Development\personal\games\NextGenGameEngine\engine/renderer/graph/render_graph.h(83): note: see declaration of 'nge::renderer::RGPassBuilder::CreateTexture'
P:\Development\personal\games\NextGenGameEngine\engine\renderer\pipeline\render_compositor.cpp(199): error C2838: 'Storage': illegal qualified name in member declaration
P:\Development\personal\games\NextGenGameEngine\engine\renderer\pipeline\render_compositor.cpp(199): error C2065: 'Storage': undeclared identifier
P:\Development\personal\games\NextGenGameEngine\engine\renderer\pipeline\render_compositor.cpp(199): error C2838: 'Sampled': illegal qualified name in member declaration
P:\Development\personal\games\NextGenGameEngine\engine\renderer\pipeline\render_compositor.cpp(199): error C2065: 'Sampled': undeclared identifier
P:\Development\personal\games\NextGenGameEngine\engine\renderer\pipeline\render_compositor.cpp(198): error C2664: 'nge::renderer::RGResourceHandle nge::renderer::RGPassBuilder::CreateTexture(const std::string &,const nge::renderer::RGTextureDesc &)': cannot convert argument 2 from 'initializer list' to 'const nge::renderer::RGTextureDesc &'
P:\Development\personal\games\NextGenGameEngine\engine\renderer\pipeline\render_compositor.cpp(199): note: Reason: cannot convert from 'initializer list' to 'const nge::renderer::RGTextureDesc'
P:\Development\personal\games\NextGenGameEngine\engine\renderer\pipeline\render_compositor.cpp(198): note: Invalid aggregate initialization
P:\Development\personal\games\NextGenGameEngine\engine/renderer/graph/render_graph.h(83): note: see declaration of 'nge::renderer::RGPassBuilder::CreateTexture'
P:\Development\personal\games\NextGenGameEngine\engine\renderer\pipeline\render_compositor.cpp(201): error C2838: 'Storage': illegal qualified name in member declaration
P:\Development\personal\games\NextGenGameEngine\engine\renderer\pipeline\render_compositor.cpp(201): error C2065: 'Storage': undeclared identifier
P:\Development\personal\games\NextGenGameEngine\engine\renderer\pipeline\render_compositor.cpp(201): error C2838: 'Sampled': illegal qualified name in member declaration
P:\Development\personal\games\NextGenGameEngine\engine\renderer\pipeline\render_compositor.cpp(201): error C2065: 'Sampled': undeclared identifier
P:\Development\personal\games\NextGenGameEngine\engine\renderer\pipeline\render_compositor.cpp(200): error C2664: 'nge::renderer::RGResourceHandle nge::renderer::RGPassBuilder::CreateTexture(const std::string &,const nge::renderer::RGTextureDesc &)': cannot convert argument 2 from 'initializer list' to 'const nge::renderer::RGTextureDesc &'
P:\Development\personal\games\NextGenGameEngine\engine\renderer\pipeline\render_compositor.cpp(201): note: Reason: cannot convert from 'initializer list' to 'const nge::renderer::RGTextureDesc'
P:\Development\personal\games\NextGenGameEngine\engine\renderer\pipeline\render_compositor.cpp(200): note: Invalid aggregate initialization
P:\Development\personal\games\NextGenGameEngine\engine/renderer/graph/render_graph.h(83): note: see declaration of 'nge::renderer::RGPassBuilder::CreateTexture'
P:\Development\personal\games\NextGenGameEngine\engine\renderer\pipeline\render_compositor.cpp(242): error C2838: 'R11G11B10_FLOAT': illegal qualified name in member declaration
P:\Development\personal\games\NextGenGameEngine\engine\renderer\pipeline\render_compositor.cpp(242): error C2065: 'R11G11B10_FLOAT': undeclared identifier
P:\Development\personal\games\NextGenGameEngine\engine\renderer\pipeline\render_compositor.cpp(243): error C2838: 'Storage': illegal qualified name in member declaration
P:\Development\personal\games\NextGenGameEngine\engine\renderer\pipeline\render_compositor.cpp(243): error C2065: 'Storage': undeclared identifier
P:\Development\personal\games\NextGenGameEngine\engine\renderer\pipeline\render_compositor.cpp(243): error C2838: 'Sampled': illegal qualified name in member declaration
P:\Development\personal\games\NextGenGameEngine\engine\renderer\pipeline\render_compositor.cpp(243): error C2065: 'Sampled': undeclared identifier
P:\Development\personal\games\NextGenGameEngine\engine\renderer\pipeline\render_compositor.cpp(242): error C2664: 'nge::renderer::RGResourceHandle nge::renderer::RGPassBuilder::CreateTexture(const std::string &,const nge::renderer::RGTextureDesc &)': cannot convert argument 2 from 'initializer list' to 'const nge::renderer::RGTextureDesc &'
P:\Development\personal\games\NextGenGameEngine\engine\renderer\pipeline\render_compositor.cpp(243): note: Reason: cannot convert from 'initializer list' to 'const nge::renderer::RGTextureDesc'
P:\Development\personal\games\NextGenGameEngine\engine\renderer\pipeline\render_compositor.cpp(242): note: Invalid aggregate initialization
P:\Development\personal\games\NextGenGameEngine\engine/renderer/graph/render_graph.h(83): note: see declaration of 'nge::renderer::RGPassBuilder::CreateTexture'
P:\Development\personal\games\NextGenGameEngine\engine\renderer\pipeline\render_compositor.cpp(253): error C2838: 'Storage': illegal qualified name in member declaration
P:\Development\personal\games\NextGenGameEngine\engine\renderer\pipeline\render_compositor.cpp(253): error C2065: 'Storage': undeclared identifier
P:\Development\personal\games\NextGenGameEngine\engine\renderer\pipeline\render_compositor.cpp(253): error C2838: 'Sampled': illegal qualified name in member declaration
P:\Development\personal\games\NextGenGameEngine\engine\renderer\pipeline\render_compositor.cpp(253): error C2065: 'Sampled': undeclared identifier
P:\Development\personal\games\NextGenGameEngine\engine\renderer\pipeline\render_compositor.cpp(252): error C2664: 'nge::renderer::RGResourceHandle nge::renderer::RGPassBuilder::CreateTexture(const std::string &,const nge::renderer::RGTextureDesc &)': cannot convert argument 2 from 'initializer list' to 'const nge::renderer::RGTextureDesc &'
P:\Development\personal\games\NextGenGameEngine\engine\renderer\pipeline\render_compositor.cpp(253): note: Reason: cannot convert from 'initializer list' to 'const nge::renderer::RGTextureDesc'
P:\Development\personal\games\NextGenGameEngine\engine\renderer\pipeline\render_compositor.cpp(252): note: Invalid aggregate initialization
P:\Development\personal\games\NextGenGameEngine\engine/renderer/graph/render_graph.h(83): note: see declaration of 'nge::renderer::RGPassBuilder::CreateTexture'
P:\Development\personal\games\NextGenGameEngine\engine\renderer\pipeline\render_compositor.cpp(265): error C2838: 'Storage': illegal qualified name in member declaration
P:\Development\personal\games\NextGenGameEngine\engine\renderer\pipeline\render_compositor.cpp(265): error C2065: 'Storage': undeclared identifier
P:\Development\personal\games\NextGenGameEngine\engine\renderer\pipeline\render_compositor.cpp(265): error C2838: 'Sampled': illegal qualified name in member declaration
P:\Development\personal\games\NextGenGameEngine\engine\renderer\pipeline\render_compositor.cpp(265): error C2065: 'Sampled': undeclared identifier
P:\Development\personal\games\NextGenGameEngine\engine\renderer\pipeline\render_compositor.cpp(264): error C2664: 'nge::renderer::RGResourceHandle nge::renderer::RGPassBuilder::CreateTexture(const std::string &,const nge::renderer::RGTextureDesc &)': cannot convert argument 2 from 'initializer list' to 'const nge::renderer::RGTextureDesc &'
P:\Development\personal\games\NextGenGameEngine\engine\renderer\pipeline\render_compositor.cpp(265): note: Reason: cannot convert from 'initializer list' to 'const nge::renderer::RGTextureDesc'
P:\Development\personal\games\NextGenGameEngine\engine\renderer\pipeline\render_compositor.cpp(264): note: Invalid aggregate initialization
P:\Development\personal\games\NextGenGameEngine\engine/renderer/graph/render_graph.h(83): note: see declaration of 'nge::renderer::RGPassBuilder::CreateTexture'
[52/297] Building CXX object engine\CMakeFiles\NextGenEngine.dir\Debug\renderer\pipeline\render_pipeline.cpp.obj
FAILED: [code=2] engine/CMakeFiles/NextGenEngine.dir/Debug/renderer/pipeline/render_pipeline.cpp.obj 
C:\PROGRA~2\MICROS~2\2019\BUILDT~1\VC\Tools\MSVC\1429~1.301\bin\Hostx64\x64\cl.exe  /nologo /TP -DFMT_SHARED -DNGE_DEBUG=1 -DNGE_ENABLE_ASSERTS=1 -DNGE_ENABLE_MEMORY_TRACKING=1 -DNGE_ENABLE_VULKAN=1 -DNGE_PLATFORM_WINDOWS=1 -DNOMINMAX -DSPDLOG_COMPILED_LIB -DSPDLOG_FMT_EXTERNAL -DSPDLOG_SHARED_LIB -DWIN32_LEAN_AND_MEAN -D_CRT_SECURE_NO_WARNINGS -DCMAKE_INTDIR=\"Debug\" -IP:\Development\personal\games\NextGenGameEngine\engine -IP:\Development\personal\games\NextGenGameEngine\engine\.. -external:IP:\Development\personal\games\NextGenGameEngine\build\vcpkg_installed\x64-windows\include -external:IC:\VulkanSDK\1.4.341.1\include -external:W0 /DWIN32 /D_WINDOWS /EHsc /Zi /Ob0 /Od /RTC1 -std:c++20 -MDd /W4 /permissive- /Zc:__cplusplus /MP /fp:fast /arch:AVX2 /wd4251 /wd4275 /utf-8 /showIncludes /Foengine\CMakeFiles\NextGenEngine.dir\Debug\renderer\pipeline\render_pipeline.cpp.obj /Fdengine\CMakeFiles\NextGenEngine.dir\Debug\NextGenEngine.pdb /FS -c P:\Development\personal\games\NextGenGameEngine\engine\renderer\pipeline\render_pipeline.cpp
P:\Development\personal\games\NextGenGameEngine\engine/renderer/graph/render_graph.h(54): error C2838: 'Sampled': illegal qualified name in member declaration
P:\Development\personal\games\NextGenGameEngine\engine/renderer/graph/render_graph.h(54): error C2065: 'Sampled': undeclared identifier
P:\Development\personal\games\NextGenGameEngine\engine/core/math/pga.h(35): warning C4201: nonstandard extension used: nameless struct/union
P:\Development\personal\games\NextGenGameEngine\engine/core/math/pga.h(36): warning C4201: nonstandard extension used: nameless struct/union
P:\Development\personal\games\NextGenGameEngine\engine/core/math/pga.h(71): warning C4201: nonstandard extension used: nameless struct/union
P:\Development\personal\games\NextGenGameEngine\engine/core/math/pga.h(72): warning C4201: nonstandard extension used: nameless struct/union
P:\Development\personal\games\NextGenGameEngine\engine/core/math/pga.h(142): warning C4201: nonstandard extension used: nameless struct/union
P:\Development\personal\games\NextGenGameEngine\engine/core/math/pga.h(146): warning C4201: nonstandard extension used: nameless struct/union
P:\Development\personal\games\NextGenGameEngine\engine\renderer\pipeline\render_pipeline.cpp(356): error C2039: 'Log2': is not a member of 'nge::math'
P:\Development\personal\games\NextGenGameEngine\engine/core/math/math_types.h(7): note: see declaration of 'nge::math'
[53/297] Building CXX object engine\CMakeFiles\NextGenEngine.dir\Debug\renderer\pipeline\texture_atlas.cpp.obj
FAILED: [code=2] engine/CMakeFiles/NextGenEngine.dir/Debug/renderer/pipeline/texture_atlas.cpp.obj 
C:\PROGRA~2\MICROS~2\2019\BUILDT~1\VC\Tools\MSVC\1429~1.301\bin\Hostx64\x64\cl.exe  /nologo /TP -DFMT_SHARED -DNGE_DEBUG=1 -DNGE_ENABLE_ASSERTS=1 -DNGE_ENABLE_MEMORY_TRACKING=1 -DNGE_ENABLE_VULKAN=1 -DNGE_PLATFORM_WINDOWS=1 -DNOMINMAX -DSPDLOG_COMPILED_LIB -DSPDLOG_FMT_EXTERNAL -DSPDLOG_SHARED_LIB -DWIN32_LEAN_AND_MEAN -D_CRT_SECURE_NO_WARNINGS -DCMAKE_INTDIR=\"Debug\" -IP:\Development\personal\games\NextGenGameEngine\engine -IP:\Development\personal\games\NextGenGameEngine\engine\.. -external:IP:\Development\personal\games\NextGenGameEngine\build\vcpkg_installed\x64-windows\include -external:IC:\VulkanSDK\1.4.341.1\include -external:W0 /DWIN32 /D_WINDOWS /EHsc /Zi /Ob0 /Od /RTC1 -std:c++20 -MDd /W4 /permissive- /Zc:__cplusplus /MP /fp:fast /arch:AVX2 /wd4251 /wd4275 /utf-8 /showIncludes /Foengine\CMakeFiles\NextGenEngine.dir\Debug\renderer\pipeline\texture_atlas.cpp.obj /Fdengine\CMakeFiles\NextGenEngine.dir\Debug\NextGenEngine.pdb /FS -c P:\Development\personal\games\NextGenGameEngine\engine\renderer\pipeline\texture_atlas.cpp
P:\Development\personal\games\NextGenGameEngine\engine\renderer\pipeline\texture_atlas.cpp(222): error C2838: 'Sampled': illegal qualified name in member declaration
P:\Development\personal\games\NextGenGameEngine\engine\renderer\pipeline\texture_atlas.cpp(222): error C2065: 'Sampled': undeclared identifier
P:\Development\personal\games\NextGenGameEngine\engine\renderer\pipeline\texture_atlas.cpp(224): error C2440: '=': cannot convert from 'std::basic_string<char,std::char_traits<char>,std::allocator<char>>' to 'const char *'
P:\Development\personal\games\NextGenGameEngine\engine\renderer\pipeline\texture_atlas.cpp(224): note: No user-defined-conversion operator available that can perform this conversion, or the operator cannot be called
[54/297] Building CXX object engine\CMakeFiles\NextGenEngine.dir\Debug\renderer\scene_renderer.cpp.obj
FAILED: [code=2] engine/CMakeFiles/NextGenEngine.dir/Debug/renderer/scene_renderer.cpp.obj 
C:\PROGRA~2\MICROS~2\2019\BUILDT~1\VC\Tools\MSVC\1429~1.301\bin\Hostx64\x64\cl.exe  /nologo /TP -DFMT_SHARED -DNGE_DEBUG=1 -DNGE_ENABLE_ASSERTS=1 -DNGE_ENABLE_MEMORY_TRACKING=1 -DNGE_ENABLE_VULKAN=1 -DNGE_PLATFORM_WINDOWS=1 -DNOMINMAX -DSPDLOG_COMPILED_LIB -DSPDLOG_FMT_EXTERNAL -DSPDLOG_SHARED_LIB -DWIN32_LEAN_AND_MEAN -D_CRT_SECURE_NO_WARNINGS -DCMAKE_INTDIR=\"Debug\" -IP:\Development\personal\games\NextGenGameEngine\engine -IP:\Development\personal\games\NextGenGameEngine\engine\.. -external:IP:\Development\personal\games\NextGenGameEngine\build\vcpkg_installed\x64-windows\include -external:IC:\VulkanSDK\1.4.341.1\include -external:W0 /DWIN32 /D_WINDOWS /EHsc /Zi /Ob0 /Od /RTC1 -std:c++20 -MDd /W4 /permissive- /Zc:__cplusplus /MP /fp:fast /arch:AVX2 /wd4251 /wd4275 /utf-8 /showIncludes /Foengine\CMakeFiles\NextGenEngine.dir\Debug\renderer\scene_renderer.cpp.obj /Fdengine\CMakeFiles\NextGenEngine.dir\Debug\NextGenEngine.pdb /FS -c P:\Development\personal\games\NextGenGameEngine\engine\renderer\scene_renderer.cpp
P:\Development\personal\games\NextGenGameEngine\engine/renderer/graph/render_graph.h(54): error C2838: 'Sampled': illegal qualified name in member declaration
P:\Development\personal\games\NextGenGameEngine\engine/renderer/graph/render_graph.h(54): error C2065: 'Sampled': undeclared identifier
P:\Development\personal\games\NextGenGameEngine\engine\renderer\scene_renderer.cpp(48): error C2838: 'Constant': illegal qualified name in member declaration
P:\Development\personal\games\NextGenGameEngine\engine\renderer\scene_renderer.cpp(48): error C2065: 'Constant': undeclared identifier
P:\Development\personal\games\NextGenGameEngine\engine\renderer\scene_renderer.cpp(121): error C2039: 'GetAsyncComputeCommandList': is not a member of 'nge::rhi::IDevice'
P:\Development\personal\games\NextGenGameEngine\engine/rhi/common/rhi_device.h(76): note: see declaration of 'nge::rhi::IDevice'
[55/297] Building CXX object engine\CMakeFiles\NextGenEngine.dir\Debug\renderer\postprocess\post_process.cpp.obj
[56/297] Building CXX object engine\CMakeFiles\NextGenEngine.dir\Debug\renderer\streaming\texture_streamer.cpp.obj
FAILED: [code=2] engine/CMakeFiles/NextGenEngine.dir/Debug/renderer/streaming/texture_streamer.cpp.obj 
C:\PROGRA~2\MICROS~2\2019\BUILDT~1\VC\Tools\MSVC\1429~1.301\bin\Hostx64\x64\cl.exe  /nologo /TP -DFMT_SHARED -DNGE_DEBUG=1 -DNGE_ENABLE_ASSERTS=1 -DNGE_ENABLE_MEMORY_TRACKING=1 -DNGE_ENABLE_VULKAN=1 -DNGE_PLATFORM_WINDOWS=1 -DNOMINMAX -DSPDLOG_COMPILED_LIB -DSPDLOG_FMT_EXTERNAL -DSPDLOG_SHARED_LIB -DWIN32_LEAN_AND_MEAN -D_CRT_SECURE_NO_WARNINGS -DCMAKE_INTDIR=\"Debug\" -IP:\Development\personal\games\NextGenGameEngine\engine -IP:\Development\personal\games\NextGenGameEngine\engine\.. -external:IP:\Development\personal\games\NextGenGameEngine\build\vcpkg_installed\x64-windows\include -external:IC:\VulkanSDK\1.4.341.1\include -external:W0 /DWIN32 /D_WINDOWS /EHsc /Zi /Ob0 /Od /RTC1 -std:c++20 -MDd /W4 /permissive- /Zc:__cplusplus /MP /fp:fast /arch:AVX2 /wd4251 /wd4275 /utf-8 /showIncludes /Foengine\CMakeFiles\NextGenEngine.dir\Debug\renderer\streaming\texture_streamer.cpp.obj /Fdengine\CMakeFiles\NextGenEngine.dir\Debug\NextGenEngine.pdb /FS -c P:\Development\personal\games\NextGenGameEngine\engine\renderer\streaming\texture_streamer.cpp
P:\Development\personal\games\NextGenGameEngine\engine\renderer\streaming\texture_streamer.cpp(23): error C2838: 'Sampled': illegal qualified name in member declaration
P:\Development\personal\games\NextGenGameEngine\engine\renderer\streaming\texture_streamer.cpp(23): error C2065: 'Sampled': undeclared identifier
P:\Development\personal\games\NextGenGameEngine\engine\renderer\streaming\texture_streamer.cpp(35): error C2838: 'Sampled': illegal qualified name in member declaration
P:\Development\personal\games\NextGenGameEngine\engine\renderer\streaming\texture_streamer.cpp(35): error C2065: 'Sampled': undeclared identifier
P:\Development\personal\games\NextGenGameEngine\engine\renderer\streaming\texture_streamer.cpp(35): error C2838: 'Storage': illegal qualified name in member declaration
P:\Development\personal\games\NextGenGameEngine\engine\renderer\streaming\texture_streamer.cpp(35): error C2065: 'Storage': undeclared identifier
[57/297] Building CXX object engine\CMakeFiles\NextGenEngine.dir\Debug\renderer\shadows\virtual_shadow_map.cpp.obj
[58/297] Building CXX object engine\CMakeFiles\NextGenEngine.dir\Debug\renderer\terrain\terrain_system.cpp.obj
FAILED: [code=2] engine/CMakeFiles/NextGenEngine.dir/Debug/renderer/terrain/terrain_system.cpp.obj 
C:\PROGRA~2\MICROS~2\2019\BUILDT~1\VC\Tools\MSVC\1429~1.301\bin\Hostx64\x64\cl.exe  /nologo /TP -DFMT_SHARED -DNGE_DEBUG=1 -DNGE_ENABLE_ASSERTS=1 -DNGE_ENABLE_MEMORY_TRACKING=1 -DNGE_ENABLE_VULKAN=1 -DNGE_PLATFORM_WINDOWS=1 -DNOMINMAX -DSPDLOG_COMPILED_LIB -DSPDLOG_FMT_EXTERNAL -DSPDLOG_SHARED_LIB -DWIN32_LEAN_AND_MEAN -D_CRT_SECURE_NO_WARNINGS -DCMAKE_INTDIR=\"Debug\" -IP:\Development\personal\games\NextGenGameEngine\engine -IP:\Development\personal\games\NextGenGameEngine\engine\.. -external:IP:\Development\personal\games\NextGenGameEngine\build\vcpkg_installed\x64-windows\include -external:IC:\VulkanSDK\1.4.341.1\include -external:W0 /DWIN32 /D_WINDOWS /EHsc /Zi /Ob0 /Od /RTC1 -std:c++20 -MDd /W4 /permissive- /Zc:__cplusplus /MP /fp:fast /arch:AVX2 /wd4251 /wd4275 /utf-8 /showIncludes /Foengine\CMakeFiles\NextGenEngine.dir\Debug\renderer\terrain\terrain_system.cpp.obj /Fdengine\CMakeFiles\NextGenEngine.dir\Debug\NextGenEngine.pdb /FS -c P:\Development\personal\games\NextGenGameEngine\engine\renderer\terrain\terrain_system.cpp
P:\Development\personal\games\NextGenGameEngine\engine\renderer\terrain\terrain_system.cpp(37): error C2838: 'Sampled': illegal qualified name in member declaration
P:\Development\personal\games\NextGenGameEngine\engine\renderer\terrain\terrain_system.cpp(37): error C2065: 'Sampled': undeclared identifier
P:\Development\personal\games\NextGenGameEngine\engine\renderer\terrain\terrain_system.cpp(37): error C2838: 'Storage': illegal qualified name in member declaration
P:\Development\personal\games\NextGenGameEngine\engine\renderer\terrain\terrain_system.cpp(37): error C2065: 'Storage': undeclared identifier
P:\Development\personal\games\NextGenGameEngine\engine\renderer\terrain\terrain_system.cpp(48): error C2838: 'Sampled': illegal qualified name in member declaration
P:\Development\personal\games\NextGenGameEngine\engine\renderer\terrain\terrain_system.cpp(48): error C2065: 'Sampled': undeclared identifier
P:\Development\personal\games\NextGenGameEngine\engine\renderer\terrain\terrain_system.cpp(48): error C2838: 'Storage': illegal qualified name in member declaration
P:\Development\personal\games\NextGenGameEngine\engine\renderer\terrain\terrain_system.cpp(48): error C2065: 'Storage': undeclared identifier
[59/297] Building CXX object engine\CMakeFiles\NextGenEngine.dir\Debug\rhi\common\rhi_attachment.cpp.obj
FAILED: [code=2] engine/CMakeFiles/NextGenEngine.dir/Debug/rhi/common/rhi_attachment.cpp.obj 
C:\PROGRA~2\MICROS~2\2019\BUILDT~1\VC\Tools\MSVC\1429~1.301\bin\Hostx64\x64\cl.exe  /nologo /TP -DFMT_SHARED -DNGE_DEBUG=1 -DNGE_ENABLE_ASSERTS=1 -DNGE_ENABLE_MEMORY_TRACKING=1 -DNGE_ENABLE_VULKAN=1 -DNGE_PLATFORM_WINDOWS=1 -DNOMINMAX -DSPDLOG_COMPILED_LIB -DSPDLOG_FMT_EXTERNAL -DSPDLOG_SHARED_LIB -DWIN32_LEAN_AND_MEAN -D_CRT_SECURE_NO_WARNINGS -DCMAKE_INTDIR=\"Debug\" -IP:\Development\personal\games\NextGenGameEngine\engine -IP:\Development\personal\games\NextGenGameEngine\engine\.. -external:IP:\Development\personal\games\NextGenGameEngine\build\vcpkg_installed\x64-windows\include -external:IC:\VulkanSDK\1.4.341.1\include -external:W0 /DWIN32 /D_WINDOWS /EHsc /Zi /Ob0 /Od /RTC1 -std:c++20 -MDd /W4 /permissive- /Zc:__cplusplus /MP /fp:fast /arch:AVX2 /wd4251 /wd4275 /utf-8 /showIncludes /Foengine\CMakeFiles\NextGenEngine.dir\Debug\rhi\common\rhi_attachment.cpp.obj /Fdengine\CMakeFiles\NextGenEngine.dir\Debug\NextGenEngine.pdb /FS -c P:\Development\personal\games\NextGenGameEngine\engine\rhi\common\rhi_attachment.cpp
P:\Development\personal\games\NextGenGameEngine\engine/rhi/common/rhi_attachment.h(13): error C2011: 'nge::rhi::LoadOp': 'unsigned enum' type redefinition
P:\Development\personal\games\NextGenGameEngine\engine/rhi/common/rhi_types.h(168): note: see declaration of 'nge::rhi::LoadOp'
P:\Development\personal\games\NextGenGameEngine\engine/rhi/common/rhi_attachment.h(14): error C2011: 'nge::rhi::StoreOp': 'unsigned enum' type redefinition
P:\Development\personal\games\NextGenGameEngine\engine/rhi/common/rhi_types.h(174): note: see declaration of 'nge::rhi::StoreOp'
P:\Development\personal\games\NextGenGameEngine\engine/rhi/common/rhi_attachment.h(16): error C2011: 'nge::rhi::ClearValue': 'struct' type redefinition
P:\Development\personal\games\NextGenGameEngine\engine/rhi/common/rhi_types.h(263): note: see declaration of 'nge::rhi::ClearValue'
P:\Development\personal\games\NextGenGameEngine\engine/rhi/common/rhi_attachment.h(36): error C2079: 'nge::rhi::ColorAttachment::clearValue' uses undefined struct 'nge::rhi::ClearValue'
P:\Development\personal\games\NextGenGameEngine\engine/rhi/common/rhi_attachment.h(34): error C2027: use of undefined type 'nge::rhi::LoadOp'
P:\Development\personal\games\NextGenGameEngine\engine/rhi/common/rhi_types.h(168): note: see declaration of 'nge::rhi::LoadOp'
P:\Development\personal\games\NextGenGameEngine\engine/rhi/common/rhi_attachment.h(34): error C2065: 'Clear': undeclared identifier
P:\Development\personal\games\NextGenGameEngine\engine/rhi/common/rhi_attachment.h(35): error C2027: use of undefined type 'nge::rhi::StoreOp'
P:\Development\personal\games\NextGenGameEngine\engine/rhi/common/rhi_types.h(174): note: see declaration of 'nge::rhi::StoreOp'
P:\Development\personal\games\NextGenGameEngine\engine/rhi/common/rhi_attachment.h(35): error C2065: 'Store': undeclared identifier
P:\Development\personal\games\NextGenGameEngine\engine/rhi/common/rhi_attachment.h(36): error C2027: use of undefined type 'nge::rhi::ClearValue'
P:\Development\personal\games\NextGenGameEngine\engine/rhi/common/rhi_types.h(263): note: see declaration of 'nge::rhi::ClearValue'
P:\Development\personal\games\NextGenGameEngine\engine/rhi/common/rhi_attachment.h(36): error C3861: 'Color': identifier not found
P:\Development\personal\games\NextGenGameEngine\engine/rhi/common/rhi_attachment.h(48): error C2079: 'nge::rhi::DepthStencilAttachment::clearValue' uses undefined struct 'nge::rhi::ClearValue'
P:\Development\personal\games\NextGenGameEngine\engine/rhi/common/rhi_attachment.h(44): error C2027: use of undefined type 'nge::rhi::LoadOp'
P:\Development\personal\games\NextGenGameEngine\engine/rhi/common/rhi_types.h(168): note: see declaration of 'nge::rhi::LoadOp'
P:\Development\personal\games\NextGenGameEngine\engine/rhi/common/rhi_attachment.h(44): error C2065: 'Clear': undeclared identifier
P:\Development\personal\games\NextGenGameEngine\engine/rhi/common/rhi_attachment.h(45): error C2027: use of undefined type 'nge::rhi::StoreOp'
P:\Development\personal\games\NextGenGameEngine\engine/rhi/common/rhi_types.h(174): note: see declaration of 'nge::rhi::StoreOp'
P:\Development\personal\games\NextGenGameEngine\engine/rhi/common/rhi_attachment.h(45): error C2065: 'Store': undeclared identifier
P:\Development\personal\games\NextGenGameEngine\engine/rhi/common/rhi_attachment.h(46): error C2027: use of undefined type 'nge::rhi::LoadOp'
P:\Development\personal\games\NextGenGameEngine\engine/rhi/common/rhi_types.h(168): note: see declaration of 'nge::rhi::LoadOp'
P:\Development\personal\games\NextGenGameEngine\engine/rhi/common/rhi_attachment.h(46): error C2065: 'DontCare': undeclared identifier
P:\Development\personal\games\NextGenGameEngine\engine/rhi/common/rhi_attachment.h(47): error C2027: use of undefined type 'nge::rhi::StoreOp'
P:\Development\personal\games\NextGenGameEngine\engine/rhi/common/rhi_types.h(174): note: see declaration of 'nge::rhi::StoreOp'
P:\Development\personal\games\NextGenGameEngine\engine/rhi/common/rhi_attachment.h(47): error C2065: 'DontCare': undeclared identifier
P:\Development\personal\games\NextGenGameEngine\engine/rhi/common/rhi_attachment.h(48): error C2027: use of undefined type 'nge::rhi::ClearValue'
P:\Development\personal\games\NextGenGameEngine\engine/rhi/common/rhi_types.h(263): note: see declaration of 'nge::rhi::ClearValue'
P:\Development\personal\games\NextGenGameEngine\engine/rhi/common/rhi_attachment.h(48): error C3861: 'Depth': identifier not found
P:\Development\personal\games\NextGenGameEngine\engine/rhi/common/rhi_attachment.h(74): error C2027: use of undefined type 'nge::rhi::StoreOp'
P:\Development\personal\games\NextGenGameEngine\engine/rhi/common/rhi_types.h(174): note: see declaration of 'nge::rhi::StoreOp'
P:\Development\personal\games\NextGenGameEngine\engine/rhi/common/rhi_attachment.h(74): error C2065: 'Store': undeclared identifier
P:\Development\personal\games\NextGenGameEngine\engine/rhi/common/rhi_attachment.h(73): error C2027: use of undefined type 'nge::rhi::LoadOp'
P:\Development\personal\games\NextGenGameEngine\engine/rhi/common/rhi_types.h(168): note: see declaration of 'nge::rhi::LoadOp'
P:\Development\personal\games\NextGenGameEngine\engine/rhi/common/rhi_attachment.h(73): error C2065: 'Clear': undeclared identifier
P:\Development\personal\games\NextGenGameEngine\engine\rhi\common\rhi_attachment.cpp(29): error C2027: use of undefined type 'nge::rhi::ClearValue'
P:\Development\personal\games\NextGenGameEngine\engine/rhi/common/rhi_types.h(263): note: see declaration of 'nge::rhi::ClearValue'
P:\Development\personal\games\NextGenGameEngine\engine\rhi\common\rhi_attachment.cpp(29): error C3861: 'Color': identifier not found
P:\Development\personal\games\NextGenGameEngine\engine\rhi\common\rhi_attachment.cpp(56): error C2027: use of undefined type 'nge::rhi::ClearValue'
P:\Development\personal\games\NextGenGameEngine\engine/rhi/common/rhi_types.h(263): note: see declaration of 'nge::rhi::ClearValue'
P:\Development\personal\games\NextGenGameEngine\engine\rhi\common\rhi_attachment.cpp(56): error C3861: 'Depth': identifier not found
P:\Development\personal\games\NextGenGameEngine\engine\rhi\common\rhi_attachment.cpp(93): error C2027: use of undefined type 'nge::rhi::LoadOp'
P:\Development\personal\games\NextGenGameEngine\engine/rhi/common/rhi_types.h(168): note: see declaration of 'nge::rhi::LoadOp'
P:\Development\personal\games\NextGenGameEngine\engine\rhi\common\rhi_attachment.cpp(93): error C2065: 'Clear': undeclared identifier
P:\Development\personal\games\NextGenGameEngine\engine\rhi\common\rhi_attachment.cpp(93): error C2027: use of undefined type 'nge::rhi::StoreOp'
P:\Development\personal\games\NextGenGameEngine\engine/rhi/common/rhi_types.h(174): note: see declaration of 'nge::rhi::StoreOp'
P:\Development\personal\games\NextGenGameEngine\engine\rhi\common\rhi_attachment.cpp(93): error C2065: 'Store': undeclared identifier
P:\Development\personal\games\NextGenGameEngine\engine\rhi\common\rhi_attachment.cpp(94): error C2027: use of undefined type 'nge::rhi::LoadOp'
P:\Development\personal\games\NextGenGameEngine\engine/rhi/common/rhi_types.h(168): note: see declaration of 'nge::rhi::LoadOp'
P:\Development\personal\games\NextGenGameEngine\engine\rhi\common\rhi_attachment.cpp(94): error C2065: 'Clear': undeclared identifier
P:\Development\personal\games\NextGenGameEngine\engine\rhi\common\rhi_attachment.cpp(94): error C2027: use of undefined type 'nge::rhi::StoreOp'
P:\Development\personal\games\NextGenGameEngine\engine/rhi/common/rhi_types.h(174): note: see declaration of 'nge::rhi::StoreOp'
P:\Development\personal\games\NextGenGameEngine\engine\rhi\common\rhi_attachment.cpp(94): error C2065: 'Store': undeclared identifier
P:\Development\personal\games\NextGenGameEngine\engine\rhi\common\rhi_attachment.cpp(95): error C2027: use of undefined type 'nge::rhi::LoadOp'
P:\Development\personal\games\NextGenGameEngine\engine/rhi/common/rhi_types.h(168): note: see declaration of 'nge::rhi::LoadOp'
P:\Development\personal\games\NextGenGameEngine\engine\rhi\common\rhi_attachment.cpp(95): error C2065: 'Clear': undeclared identifier
P:\Development\personal\games\NextGenGameEngine\engine\rhi\common\rhi_attachment.cpp(95): error C2027: use of undefined type 'nge::rhi::StoreOp'
P:\Development\personal\games\NextGenGameEngine\engine/rhi/common/rhi_types.h(174): note: see declaration of 'nge::rhi::StoreOp'
P:\Development\personal\games\NextGenGameEngine\engine\rhi\common\rhi_attachment.cpp(95): error C2065: 'Store': undeclared identifier
P:\Development\personal\games\NextGenGameEngine\engine\rhi\common\rhi_attachment.cpp(115): error C2027: use of undefined type 'nge::rhi::LoadOp'
P:\Development\personal\games\NextGenGameEngine\engine/rhi/common/rhi_types.h(168): note: see declaration of 'nge::rhi::LoadOp'
P:\Development\personal\games\NextGenGameEngine\engine\rhi\common\rhi_attachment.cpp(115): error C2065: 'DontCare': undeclared identifier
P:\Development\personal\games\NextGenGameEngine\engine\rhi\common\rhi_attachment.cpp(115): error C2027: use of undefined type 'nge::rhi::StoreOp'
P:\Development\personal\games\NextGenGameEngine\engine/rhi/common/rhi_types.h(174): note: see declaration of 'nge::rhi::StoreOp'
P:\Development\personal\games\NextGenGameEngine\engine\rhi\common\rhi_attachment.cpp(115): error C2065: 'Store': undeclared identifier
[60/297] Building CXX object engine\CMakeFiles\NextGenEngine.dir\Debug\renderer\streaming\lod_streaming_manager.cpp.obj
[61/297] Building CXX object engine\CMakeFiles\NextGenEngine.dir\Debug\rhi\common\rhi_accel_struct_compaction.cpp.obj
P:\Development\personal\games\NextGenGameEngine\engine\rhi\common\rhi_accel_struct_compaction.cpp(177): warning C4100: 'currentFrame': unreferenced formal parameter
[62/297] Building CXX object engine\CMakeFiles\NextGenEngine.dir\Debug\rhi\common\rhi_async_copy.cpp.obj
FAILED: [code=2] engine/CMakeFiles/NextGenEngine.dir/Debug/rhi/common/rhi_async_copy.cpp.obj 
C:\PROGRA~2\MICROS~2\2019\BUILDT~1\VC\Tools\MSVC\1429~1.301\bin\Hostx64\x64\cl.exe  /nologo /TP -DFMT_SHARED -DNGE_DEBUG=1 -DNGE_ENABLE_ASSERTS=1 -DNGE_ENABLE_MEMORY_TRACKING=1 -DNGE_ENABLE_VULKAN=1 -DNGE_PLATFORM_WINDOWS=1 -DNOMINMAX -DSPDLOG_COMPILED_LIB -DSPDLOG_FMT_EXTERNAL -DSPDLOG_SHARED_LIB -DWIN32_LEAN_AND_MEAN -D_CRT_SECURE_NO_WARNINGS -DCMAKE_INTDIR=\"Debug\" -IP:\Development\personal\games\NextGenGameEngine\engine -IP:\Development\personal\games\NextGenGameEngine\engine\.. -external:IP:\Development\personal\games\NextGenGameEngine\build\vcpkg_installed\x64-windows\include -external:IC:\VulkanSDK\1.4.341.1\include -external:W0 /DWIN32 /D_WINDOWS /EHsc /Zi /Ob0 /Od /RTC1 -std:c++20 -MDd /W4 /permissive- /Zc:__cplusplus /MP /fp:fast /arch:AVX2 /wd4251 /wd4275 /utf-8 /showIncludes /Foengine\CMakeFiles\NextGenEngine.dir\Debug\rhi\common\rhi_async_copy.cpp.obj /Fdengine\CMakeFiles\NextGenEngine.dir\Debug\NextGenEngine.pdb /FS -c P:\Development\personal\games\NextGenGameEngine\engine\rhi\common\rhi_async_copy.cpp
P:\Development\personal\games\NextGenGameEngine\engine/rhi/common/rhi_queue_sync.h(22): error C2011: 'nge::rhi::QueueType': 'unsigned enum' type redefinition
P:\Development\personal\games\NextGenGameEngine\engine/rhi/common/rhi_types.h(48): note: see declaration of 'nge::rhi::QueueType'
P:\Development\personal\games\NextGenGameEngine\engine/rhi/common/rhi_queue_sync.h(94): error C2027: use of undefined type 'nge::rhi::QueueType'
P:\Development\personal\games\NextGenGameEngine\engine/rhi/common/rhi_types.h(48): note: see declaration of 'nge::rhi::QueueType'
P:\Development\personal\games\NextGenGameEngine\engine/rhi/common/rhi_queue_sync.h(94): error C2065: 'Count': undeclared identifier
P:\Development\personal\games\NextGenGameEngine\engine\rhi\common\rhi_async_copy.cpp(98): error C2027: use of undefined type 'nge::rhi::QueueType'
P:\Development\personal\games\NextGenGameEngine\engine/rhi/common/rhi_types.h(48): note: see declaration of 'nge::rhi::QueueType'
P:\Development\personal\games\NextGenGameEngine\engine\rhi\common\rhi_async_copy.cpp(98): error C2065: 'Transfer': undeclared identifier
P:\Development\personal\games\NextGenGameEngine\engine\rhi\common\rhi_async_copy.cpp(104): error C2027: use of undefined type 'nge::rhi::QueueType'
P:\Development\personal\games\NextGenGameEngine\engine/rhi/common/rhi_types.h(48): note: see declaration of 'nge::rhi::QueueType'
P:\Development\personal\games\NextGenGameEngine\engine\rhi\common\rhi_async_copy.cpp(104): error C2065: 'Transfer': undeclared identifier
P:\Development\personal\games\NextGenGameEngine\engine\rhi\common\rhi_async_copy.cpp(128): error C2027: use of undefined type 'nge::rhi::QueueType'
P:\Development\personal\games\NextGenGameEngine\engine/rhi/common/rhi_types.h(48): note: see declaration of 'nge::rhi::QueueType'
P:\Development\personal\games\NextGenGameEngine\engine\rhi\common\rhi_async_copy.cpp(128): error C2065: 'Transfer': undeclared identifier
[63/297] Building CXX object engine\CMakeFiles\NextGenEngine.dir\Debug\renderer\visibility\visibility_renderer.cpp.obj
P:\Development\personal\games\NextGenGameEngine\engine\renderer\visibility\visibility_renderer.cpp(77): warning C4100: 'instances': unreferenced formal parameter
[64/297] Building CXX object engine\CMakeFiles\NextGenEngine.dir\Debug\rhi\common\rhi_aliasing_validator.cpp.obj
[65/297] Building CXX object engine\CMakeFiles\NextGenEngine.dir\Debug\rhi\common\rhi_barrier_batch_optimizer.cpp.obj
FAILED: [code=2] engine/CMakeFiles/NextGenEngine.dir/Debug/rhi/common/rhi_barrier_batch_optimizer.cpp.obj 
C:\PROGRA~2\MICROS~2\2019\BUILDT~1\VC\Tools\MSVC\1429~1.301\bin\Hostx64\x64\cl.exe  /nologo /TP -DFMT_SHARED -DNGE_DEBUG=1 -DNGE_ENABLE_ASSERTS=1 -DNGE_ENABLE_MEMORY_TRACKING=1 -DNGE_ENABLE_VULKAN=1 -DNGE_PLATFORM_WINDOWS=1 -DNOMINMAX -DSPDLOG_COMPILED_LIB -DSPDLOG_FMT_EXTERNAL -DSPDLOG_SHARED_LIB -DWIN32_LEAN_AND_MEAN -D_CRT_SECURE_NO_WARNINGS -DCMAKE_INTDIR=\"Debug\" -IP:\Development\personal\games\NextGenGameEngine\engine -IP:\Development\personal\games\NextGenGameEngine\engine\.. -external:IP:\Development\personal\games\NextGenGameEngine\build\vcpkg_installed\x64-windows\include -external:IC:\VulkanSDK\1.4.341.1\include -external:W0 /DWIN32 /D_WINDOWS /EHsc /Zi /Ob0 /Od /RTC1 -std:c++20 -MDd /W4 /permissive- /Zc:__cplusplus /MP /fp:fast /arch:AVX2 /wd4251 /wd4275 /utf-8 /showIncludes /Foengine\CMakeFiles\NextGenEngine.dir\Debug\rhi\common\rhi_barrier_batch_optimizer.cpp.obj /Fdengine\CMakeFiles\NextGenEngine.dir\Debug\NextGenEngine.pdb /FS -c P:\Development\personal\games\NextGenGameEngine\engine\rhi\common\rhi_barrier_batch_optimizer.cpp
P:\Development\personal\games\NextGenGameEngine\engine/rhi/common/rhi_barrier_batch_optimizer.h(25): error C2011: 'nge::rhi::ResourceState': 'unsigned enum' type redefinition
P:\Development\personal\games\NextGenGameEngine\engine/rhi/common/rhi_types.h(240): note: see declaration of 'nge::rhi::ResourceState'
P:\Development\personal\games\NextGenGameEngine\engine\rhi\common\rhi_barrier_batch_optimizer.cpp(104): error C2027: use of undefined type 'nge::rhi::ResourceState'
P:\Development\personal\games\NextGenGameEngine\engine/rhi/common/rhi_types.h(240): note: see declaration of 'nge::rhi::ResourceState'
P:\Development\personal\games\NextGenGameEngine\engine\rhi\common\rhi_barrier_batch_optimizer.cpp(104): error C2065: 'Undefined': undeclared identifier
P:\Development\personal\games\NextGenGameEngine\engine\rhi\common\rhi_barrier_batch_optimizer.cpp(105): error C2027: use of undefined type 'nge::rhi::ResourceState'
P:\Development\personal\games\NextGenGameEngine\engine/rhi/common/rhi_types.h(240): note: see declaration of 'nge::rhi::ResourceState'
P:\Development\personal\games\NextGenGameEngine\engine\rhi\common\rhi_barrier_batch_optimizer.cpp(105): error C2065: 'Undefined': undeclared identifier
P:\Development\personal\games\NextGenGameEngine\engine\rhi\common\rhi_barrier_batch_optimizer.cpp(175): error C2027: use of undefined type 'nge::rhi::ResourceState'
P:\Development\personal\games\NextGenGameEngine\engine/rhi/common/rhi_types.h(240): note: see declaration of 'nge::rhi::ResourceState'
P:\Development\personal\games\NextGenGameEngine\engine\rhi\common\rhi_barrier_batch_optimizer.cpp(175): error C2065: 'RenderTarget': undeclared identifier
P:\Development\personal\games\NextGenGameEngine\engine\rhi\common\rhi_barrier_batch_optimizer.cpp(176): error C2027: use of undefined type 'nge::rhi::ResourceState'
P:\Development\personal\games\NextGenGameEngine\engine/rhi/common/rhi_types.h(240): note: see declaration of 'nge::rhi::ResourceState'
P:\Development\personal\games\NextGenGameEngine\engine\rhi\common\rhi_barrier_batch_optimizer.cpp(176): error C2065: 'ShaderRead': undeclared identifier
P:\Development\personal\games\NextGenGameEngine\engine\rhi\common\rhi_barrier_batch_optimizer.cpp(177): error C2027: use of undefined type 'nge::rhi::ResourceState'
P:\Development\personal\games\NextGenGameEngine\engine/rhi/common/rhi_types.h(240): note: see declaration of 'nge::rhi::ResourceState'
P:\Development\personal\games\NextGenGameEngine\engine\rhi\common\rhi_barrier_batch_optimizer.cpp(177): error C2065: 'ShaderWrite': undeclared identifier
P:\Development\personal\games\NextGenGameEngine\engine\rhi\common\rhi_barrier_batch_optimizer.cpp(178): error C2027: use of undefined type 'nge::rhi::ResourceState'
P:\Development\personal\games\NextGenGameEngine\engine/rhi/common/rhi_types.h(240): note: see declaration of 'nge::rhi::ResourceState'
P:\Development\personal\games\NextGenGameEngine\engine\rhi\common\rhi_barrier_batch_optimizer.cpp(178): error C2065: 'ShaderRead': undeclared identifier
P:\Development\personal\games\NextGenGameEngine\engine\rhi\common\rhi_barrier_batch_optimizer.cpp(179): error C2027: use of undefined type 'nge::rhi::ResourceState'
P:\Development\personal\games\NextGenGameEngine\engine/rhi/common/rhi_types.h(240): note: see declaration of 'nge::rhi::ResourceState'
P:\Development\personal\games\NextGenGameEngine\engine\rhi\common\rhi_barrier_batch_optimizer.cpp(179): error C2065: 'DepthStencilWrite': undeclared identifier
P:\Development\personal\games\NextGenGameEngine\engine\rhi\common\rhi_barrier_batch_optimizer.cpp(180): error C2027: use of undefined type 'nge::rhi::ResourceState'
P:\Development\personal\games\NextGenGameEngine\engine/rhi/common/rhi_types.h(240): note: see declaration of 'nge::rhi::ResourceState'
P:\Development\personal\games\NextGenGameEngine\engine\rhi\common\rhi_barrier_batch_optimizer.cpp(180): error C2065: 'DepthStencilRead': undeclared identifier
P:\Development\personal\games\NextGenGameEngine\engine\rhi\common\rhi_barrier_batch_optimizer.cpp(245): error C2027: use of undefined type 'nge::rhi::ResourceState'
P:\Development\personal\games\NextGenGameEngine\engine/rhi/common/rhi_types.h(240): note: see declaration of 'nge::rhi::ResourceState'
P:\Development\personal\games\NextGenGameEngine\engine\rhi\common\rhi_barrier_batch_optimizer.cpp(245): error C2065: 'VertexBuffer': undeclared identifier
P:\Development\personal\games\NextGenGameEngine\engine\rhi\common\rhi_barrier_batch_optimizer.cpp(245): error C2027: use of undefined type 'nge::rhi::ResourceState'
P:\Development\personal\games\NextGenGameEngine\engine/rhi/common/rhi_types.h(240): note: see declaration of 'nge::rhi::ResourceState'
P:\Development\personal\games\NextGenGameEngine\engine\rhi\common\rhi_barrier_batch_optimizer.cpp(245): error C2065: 'IndexBuffer': undeclared identifier
P:\Development\personal\games\NextGenGameEngine\engine\rhi\common\rhi_barrier_batch_optimizer.cpp(247): error C2027: use of undefined type 'nge::rhi::ResourceState'
P:\Development\personal\games\NextGenGameEngine\engine/rhi/common/rhi_types.h(240): note: see declaration of 'nge::rhi::ResourceState'
P:\Development\personal\games\NextGenGameEngine\engine\rhi\common\rhi_barrier_batch_optimizer.cpp(247): error C2065: 'UniformBuffer': undeclared identifier
P:\Development\personal\games\NextGenGameEngine\engine\rhi\common\rhi_barrier_batch_optimizer.cpp(249): error C2027: use of undefined type 'nge::rhi::ResourceState'
P:\Development\personal\games\NextGenGameEngine\engine/rhi/common/rhi_types.h(240): note: see declaration of 'nge::rhi::ResourceState'
P:\Development\personal\games\NextGenGameEngine\engine\rhi\common\rhi_barrier_batch_optimizer.cpp(249): error C2065: 'ShaderRead': undeclared identifier
P:\Development\personal\games\NextGenGameEngine\engine\rhi\common\rhi_barrier_batch_optimizer.cpp(251): error C2027: use of undefined type 'nge::rhi::ResourceState'
P:\Development\personal\games\NextGenGameEngine\engine/rhi/common/rhi_types.h(240): note: see declaration of 'nge::rhi::ResourceState'
P:\Development\personal\games\NextGenGameEngine\engine\rhi\common\rhi_barrier_batch_optimizer.cpp(251): error C2065: 'ShaderWrite': undeclared identifier
P:\Development\personal\games\NextGenGameEngine\engine\rhi\common\rhi_barrier_batch_optimizer.cpp(253): error C2027: use of undefined type 'nge::rhi::ResourceState'
P:\Development\personal\games\NextGenGameEngine\engine/rhi/common/rhi_types.h(240): note: see declaration of 'nge::rhi::ResourceState'
P:\Development\personal\games\NextGenGameEngine\engine\rhi\common\rhi_barrier_batch_optimizer.cpp(253): error C2065: 'RenderTarget': undeclared identifier
P:\Development\personal\games\NextGenGameEngine\engine\rhi\common\rhi_barrier_batch_optimizer.cpp(255): error C2027: use of undefined type 'nge::rhi::ResourceState'
P:\Development\personal\games\NextGenGameEngine\engine/rhi/common/rhi_types.h(240): note: see declaration of 'nge::rhi::ResourceState'
P:\Development\personal\games\NextGenGameEngine\engine\rhi\common\rhi_barrier_batch_optimizer.cpp(255): error C2065: 'DepthStencilWrite': undeclared identifier
P:\Development\personal\games\NextGenGameEngine\engine\rhi\common\rhi_barrier_batch_optimizer.cpp(257): error C2027: use of undefined type 'nge::rhi::ResourceState'
P:\Development\personal\games\NextGenGameEngine\engine/rhi/common/rhi_types.h(240): note: see declaration of 'nge::rhi::ResourceState'
P:\Development\personal\games\NextGenGameEngine\engine\rhi\common\rhi_barrier_batch_optimizer.cpp(257): error C2065: 'DepthStencilRead': undeclared identifier
P:\Development\personal\games\NextGenGameEngine\engine\rhi\common\rhi_barrier_batch_optimizer.cpp(259): error C2027: use of undefined type 'nge::rhi::ResourceState'
P:\Development\personal\games\NextGenGameEngine\engine/rhi/common/rhi_types.h(240): note: see declaration of 'nge::rhi::ResourceState'
P:\Development\personal\games\NextGenGameEngine\engine\rhi\common\rhi_barrier_batch_optimizer.cpp(259): error C2065: 'CopySrc': undeclared identifier
P:\Development\personal\games\NextGenGameEngine\engine\rhi\common\rhi_barrier_batch_optimizer.cpp(259): error C2027: use of undefined type 'nge::rhi::ResourceState'
P:\Development\personal\games\NextGenGameEngine\engine/rhi/common/rhi_types.h(240): note: see declaration of 'nge::rhi::ResourceState'
P:\Development\personal\games\NextGenGameEngine\engine\rhi\common\rhi_barrier_batch_optimizer.cpp(259): error C2065: 'CopyDst': undeclared identifier
P:\Development\personal\games\NextGenGameEngine\engine\rhi\common\rhi_barrier_batch_optimizer.cpp(261): error C2027: use of undefined type 'nge::rhi::ResourceState'
P:\Development\personal\games\NextGenGameEngine\engine/rhi/common/rhi_types.h(240): note: see declaration of 'nge::rhi::ResourceState'
P:\Development\personal\games\NextGenGameEngine\engine\rhi\common\rhi_barrier_batch_optimizer.cpp(261): error C2065: 'IndirectArgument': undeclared identifier
[66/297] Building CXX object engine\CMakeFiles\NextGenEngine.dir\Debug\rhi\common\rhi_async_readback.cpp.obj
[67/297] Building CXX object engine\CMakeFiles\NextGenEngine.dir\Debug\rhi\common\rhi_attachment_format_resolver.cpp.obj
[68/297] Building CXX object engine\CMakeFiles\NextGenEngine.dir\Debug\rhi\common\rhi_barrier_deduplicator.cpp.obj
[69/297] Building CXX object engine\CMakeFiles\NextGenEngine.dir\Debug\rhi\common\rhi_barrier_tracker.cpp.obj
[70/297] Building CXX object engine\CMakeFiles\NextGenEngine.dir\Debug\rhi\common\rhi_bindless.cpp.obj
[71/297] Building CXX object engine\CMakeFiles\NextGenEngine.dir\Debug\rhi\common\rhi_bindless_texture_manager.cpp.obj
[72/297] Building CXX object engine\CMakeFiles\NextGenEngine.dir\Debug\rhi\common\rhi_bindless_updater.cpp.obj
[73/297] Building CXX object engine\CMakeFiles\NextGenEngine.dir\Debug\rhi\common\rhi_buffer_suballocator.cpp.obj
FAILED: [code=2] engine/CMakeFiles/NextGenEngine.dir/Debug/rhi/common/rhi_buffer_suballocator.cpp.obj 
C:\PROGRA~2\MICROS~2\2019\BUILDT~1\VC\Tools\MSVC\1429~1.301\bin\Hostx64\x64\cl.exe  /nologo /TP -DFMT_SHARED -DNGE_DEBUG=1 -DNGE_ENABLE_ASSERTS=1 -DNGE_ENABLE_MEMORY_TRACKING=1 -DNGE_ENABLE_VULKAN=1 -DNGE_PLATFORM_WINDOWS=1 -DNOMINMAX -DSPDLOG_COMPILED_LIB -DSPDLOG_FMT_EXTERNAL -DSPDLOG_SHARED_LIB -DWIN32_LEAN_AND_MEAN -D_CRT_SECURE_NO_WARNINGS -DCMAKE_INTDIR=\"Debug\" -IP:\Development\personal\games\NextGenGameEngine\engine -IP:\Development\personal\games\NextGenGameEngine\engine\.. -external:IP:\Development\personal\games\NextGenGameEngine\build\vcpkg_installed\x64-windows\include -external:IC:\VulkanSDK\1.4.341.1\include -external:W0 /DWIN32 /D_WINDOWS /EHsc /Zi /Ob0 /Od /RTC1 -std:c++20 -MDd /W4 /permissive- /Zc:__cplusplus /MP /fp:fast /arch:AVX2 /wd4251 /wd4275 /utf-8 /showIncludes /Foengine\CMakeFiles\NextGenEngine.dir\Debug\rhi\common\rhi_buffer_suballocator.cpp.obj /Fdengine\CMakeFiles\NextGenEngine.dir\Debug\NextGenEngine.pdb /FS -c P:\Development\personal\games\NextGenGameEngine\engine\rhi\common\rhi_buffer_suballocator.cpp
P:\Development\personal\games\NextGenGameEngine\engine\rhi\common\rhi_buffer_suballocator.cpp(103): warning C4189: 'tailFree': local variable is initialized but not referenced
P:\Development\personal\games\NextGenGameEngine\engine\rhi\common\rhi_buffer_suballocator.cpp(196): error C2440: '=': cannot convert from 'std::basic_string<char,std::char_traits<char>,std::allocator<char>>' to 'const char *'
P:\Development\personal\games\NextGenGameEngine\engine\rhi\common\rhi_buffer_suballocator.cpp(196): note: No user-defined-conversion operator available that can perform this conversion, or the operator cannot be called
[74/297] Building CXX object engine\CMakeFiles\NextGenEngine.dir\Debug\rhi\common\rhi_buffer_pool.cpp.obj
[75/297] Building CXX object engine\CMakeFiles\NextGenEngine.dir\Debug\rhi\common\rhi_buffer_usage_tracker.cpp.obj
[76/297] Building CXX object engine\CMakeFiles\NextGenEngine.dir\Debug\rhi\common\rhi_cmd_buf_state_cache.cpp.obj
[77/297] Building CXX object engine\CMakeFiles\NextGenEngine.dir\Debug\rhi\common\rhi_cmd_buffer_validator.cpp.obj
[78/297] Building CXX object engine\CMakeFiles\NextGenEngine.dir\Debug\rhi\common\rhi_command_pool.cpp.obj
[79/297] Building CXX object engine\CMakeFiles\NextGenEngine.dir\Debug\rhi\common\rhi_cmdbuf_state_validator.cpp.obj
P:\Development\personal\games\NextGenGameEngine\engine\rhi\common\rhi_cmdbuf_state_validator.cpp(44): warning C4100: 'binding': unreferenced formal parameter
P:\Development\personal\games\NextGenGameEngine\engine\rhi\common\rhi_cmdbuf_state_validator.cpp(75): warning C4100: 'size': unreferenced formal parameter
P:\Development\personal\games\NextGenGameEngine\engine\rhi\common\rhi_cmdbuf_state_validator.cpp(75): warning C4100: 'offset': unreferenced formal parameter
[80/297] Building CXX object engine\CMakeFiles\NextGenEngine.dir\Debug\rhi\common\rhi_command_buffer_recycler.cpp.obj
[81/297] Building CXX object engine\CMakeFiles\NextGenEngine.dir\Debug\rhi\common\rhi_command_pool_ring.cpp.obj
[82/297] Building CXX object engine\CMakeFiles\NextGenEngine.dir\Debug\rhi\common\rhi_command_signature.cpp.obj
[83/297] Building CXX object engine\CMakeFiles\NextGenEngine.dir\Debug\rhi\common\rhi_desc_set_layout_optimizer.cpp.obj
P:\Development\personal\games\NextGenGameEngine\engine\rhi\common\rhi_desc_set_layout_optimizer.cpp(163): warning C4100: 'setIndex': unreferenced formal parameter
[84/297] Building CXX object engine\CMakeFiles\NextGenEngine.dir\Debug\rhi\common\rhi_desc_set_version_tracker.cpp.obj
[85/297] Building CXX object engine\CMakeFiles\NextGenEngine.dir\Debug\rhi\common\rhi_descriptor_heap.cpp.obj
P:\Development\personal\games\NextGenGameEngine\engine\rhi\common\rhi_descriptor_heap.cpp(105): warning C4100: 'type': unreferenced formal parameter
[86/297] Building CXX object engine\CMakeFiles\NextGenEngine.dir\Debug\rhi\common\rhi_descriptor_allocator.cpp.obj
P:\Development\personal\games\NextGenGameEngine\engine\rhi\common\rhi_descriptor_allocator.cpp(33): warning C4189: 'pool': local variable is initialized but not referenced
P:\Development\personal\games\NextGenGameEngine\engine\rhi\common\rhi_descriptor_allocator.cpp(37): warning C4189: 'pool': local variable is initialized but not referenced
[87/297] Building CXX object engine\CMakeFiles\NextGenEngine.dir\Debug\rhi\common\rhi_descriptor_pool_allocator.cpp.obj
[88/297] Building CXX object engine\CMakeFiles\NextGenEngine.dir\Debug\rhi\common\rhi_descriptor_pool_analyzer.cpp.obj
[89/297] Building CXX object engine\CMakeFiles\NextGenEngine.dir\Debug\rhi\common\rhi_descriptor_pool_manager.cpp.obj
[90/297] Building CXX object engine\CMakeFiles\NextGenEngine.dir\Debug\rhi\common\rhi_descriptor_update_batcher.cpp.obj
[91/297] Building CXX object engine\CMakeFiles\NextGenEngine.dir\Debug\rhi\common\rhi_format_utils.cpp.obj
FAILED: [code=2] engine/CMakeFiles/NextGenEngine.dir/Debug/rhi/common/rhi_format_utils.cpp.obj 
C:\PROGRA~2\MICROS~2\2019\BUILDT~1\VC\Tools\MSVC\1429~1.301\bin\Hostx64\x64\cl.exe  /nologo /TP -DFMT_SHARED -DNGE_DEBUG=1 -DNGE_ENABLE_ASSERTS=1 -DNGE_ENABLE_MEMORY_TRACKING=1 -DNGE_ENABLE_VULKAN=1 -DNGE_PLATFORM_WINDOWS=1 -DNOMINMAX -DSPDLOG_COMPILED_LIB -DSPDLOG_FMT_EXTERNAL -DSPDLOG_SHARED_LIB -DWIN32_LEAN_AND_MEAN -D_CRT_SECURE_NO_WARNINGS -DCMAKE_INTDIR=\"Debug\" -IP:\Development\personal\games\NextGenGameEngine\engine -IP:\Development\personal\games\NextGenGameEngine\engine\.. -external:IP:\Development\personal\games\NextGenGameEngine\build\vcpkg_installed\x64-windows\include -external:IC:\VulkanSDK\1.4.341.1\include -external:W0 /DWIN32 /D_WINDOWS /EHsc /Zi /Ob0 /Od /RTC1 -std:c++20 -MDd /W4 /permissive- /Zc:__cplusplus /MP /fp:fast /arch:AVX2 /wd4251 /wd4275 /utf-8 /showIncludes /Foengine\CMakeFiles\NextGenEngine.dir\Debug\rhi\common\rhi_format_utils.cpp.obj /Fdengine\CMakeFiles\NextGenEngine.dir\Debug\NextGenEngine.pdb /FS -c P:\Development\personal\games\NextGenGameEngine\engine\rhi\common\rhi_format_utils.cpp
P:\Development\personal\games\NextGenGameEngine\engine\rhi\common\rhi_format_utils.cpp(11): error C2838: 'Undefined': illegal qualified name in member declaration
P:\Development\personal\games\NextGenGameEngine\engine\rhi\common\rhi_format_utils.cpp(11): error C2065: 'Undefined': undeclared identifier
P:\Development\personal\games\NextGenGameEngine\engine\rhi\common\rhi_format_utils.cpp(29): error C2838: 'R11G11B10_FLOAT': illegal qualified name in member declaration
P:\Development\personal\games\NextGenGameEngine\engine\rhi\common\rhi_format_utils.cpp(29): error C2065: 'R11G11B10_FLOAT': undeclared identifier
P:\Development\personal\games\NextGenGameEngine\engine\rhi\common\rhi_format_utils.cpp(30): error C2838: 'RGB10A2_UNORM': illegal qualified name in member declaration
P:\Development\personal\games\NextGenGameEngine\engine\rhi\common\rhi_format_utils.cpp(30): error C2065: 'RGB10A2_UNORM': undeclared identifier
P:\Development\personal\games\NextGenGameEngine\engine\rhi\common\rhi_format_utils.cpp(37): error C2838: 'BC2_UNORM': illegal qualified name in member declaration
P:\Development\personal\games\NextGenGameEngine\engine\rhi\common\rhi_format_utils.cpp(37): error C2065: 'BC2_UNORM': undeclared identifier
P:\Development\personal\games\NextGenGameEngine\engine\rhi\common\rhi_format_utils.cpp(38): error C2838: 'BC2_SRGB': illegal qualified name in member declaration
P:\Development\personal\games\NextGenGameEngine\engine\rhi\common\rhi_format_utils.cpp(38): error C2065: 'BC2_SRGB': undeclared identifier
P:\Development\personal\games\NextGenGameEngine\engine\rhi\common\rhi_format_utils.cpp(123): error C2838: 'BC2_UNORM': illegal qualified name in member declaration
P:\Development\personal\games\NextGenGameEngine\engine\rhi\common\rhi_format_utils.cpp(123): error C2065: 'BC2_UNORM': undeclared identifier
P:\Development\personal\games\NextGenGameEngine\engine\rhi\common\rhi_format_utils.cpp(123): error C2131: expression did not evaluate to a constant
P:\Development\personal\games\NextGenGameEngine\engine\rhi\common\rhi_format_utils.cpp(123): note: a non-constant (sub-)expression was encountered
P:\Development\personal\games\NextGenGameEngine\engine\rhi\common\rhi_format_utils.cpp(123): error C2838: 'BC2_SRGB': illegal qualified name in member declaration
P:\Development\personal\games\NextGenGameEngine\engine\rhi\common\rhi_format_utils.cpp(123): error C2065: 'BC2_SRGB': undeclared identifier
P:\Development\personal\games\NextGenGameEngine\engine\rhi\common\rhi_format_utils.cpp(123): error C2051: case expression not constant
P:\Development\personal\games\NextGenGameEngine\engine\rhi\common\rhi_format_utils.cpp(135): error C2838: 'BC2_SRGB': illegal qualified name in member declaration
P:\Development\personal\games\NextGenGameEngine\engine\rhi\common\rhi_format_utils.cpp(135): error C2065: 'BC2_SRGB': undeclared identifier
P:\Development\personal\games\NextGenGameEngine\engine\rhi\common\rhi_format_utils.cpp(135): error C2131: expression did not evaluate to a constant
P:\Development\personal\games\NextGenGameEngine\engine\rhi\common\rhi_format_utils.cpp(135): note: a non-constant (sub-)expression was encountered
P:\Development\personal\games\NextGenGameEngine\engine\rhi\common\rhi_format_utils.cpp(135): error C2838: 'BC2_UNORM': illegal qualified name in member declaration
P:\Development\personal\games\NextGenGameEngine\engine\rhi\common\rhi_format_utils.cpp(135): error C2065: 'BC2_UNORM': undeclared identifier
P:\Development\personal\games\NextGenGameEngine\engine\rhi\common\rhi_format_utils.cpp(135): error C2051: case expression not constant
[92/297] Building CXX object engine\CMakeFiles\NextGenEngine.dir\Debug\rhi\common\rhi_draw_indirect_validator.cpp.obj
FAILED: [code=2] engine/CMakeFiles/NextGenEngine.dir/Debug/rhi/common/rhi_draw_indirect_validator.cpp.obj 
C:\PROGRA~2\MICROS~2\2019\BUILDT~1\VC\Tools\MSVC\1429~1.301\bin\Hostx64\x64\cl.exe  /nologo /TP -DFMT_SHARED -DNGE_DEBUG=1 -DNGE_ENABLE_ASSERTS=1 -DNGE_ENABLE_MEMORY_TRACKING=1 -DNGE_ENABLE_VULKAN=1 -DNGE_PLATFORM_WINDOWS=1 -DNOMINMAX -DSPDLOG_COMPILED_LIB -DSPDLOG_FMT_EXTERNAL -DSPDLOG_SHARED_LIB -DWIN32_LEAN_AND_MEAN -D_CRT_SECURE_NO_WARNINGS -DCMAKE_INTDIR=\"Debug\" -IP:\Development\personal\games\NextGenGameEngine\engine -IP:\Development\personal\games\NextGenGameEngine\engine\.. -external:IP:\Development\personal\games\NextGenGameEngine\build\vcpkg_installed\x64-windows\include -external:IC:\VulkanSDK\1.4.341.1\include -external:W0 /DWIN32 /D_WINDOWS /EHsc /Zi /Ob0 /Od /RTC1 -std:c++20 -MDd /W4 /permissive- /Zc:__cplusplus /MP /fp:fast /arch:AVX2 /wd4251 /wd4275 /utf-8 /showIncludes /Foengine\CMakeFiles\NextGenEngine.dir\Debug\rhi\common\rhi_draw_indirect_validator.cpp.obj /Fdengine\CMakeFiles\NextGenEngine.dir\Debug\NextGenEngine.pdb /FS -c P:\Development\personal\games\NextGenGameEngine\engine\rhi\common\rhi_draw_indirect_validator.cpp
P:\Development\personal\games\NextGenGameEngine\engine/rhi/common/rhi_draw_indirect_validator.h(69): warning C4307: '*': signed integral constant overflow
P:\Development\personal\games\NextGenGameEngine\engine/rhi/common/rhi_draw_indirect_validator.h(69): warning C4245: 'initializing': conversion from 'int' to 'nge::u32', signed/unsigned mismatch
P:\Development\personal\games\NextGenGameEngine\engine/rhi/common/rhi_draw_indirect_validator.h(69): error C2397: conversion from 'int' to 'nge::u32' requires a narrowing conversion
P:\Development\personal\games\NextGenGameEngine\engine/rhi/common/rhi_draw_indirect_validator.h(89): warning C4245: 'initializing': conversion from 'int' to 'nge::u32', signed/unsigned mismatch
[93/297] Building CXX object engine\CMakeFiles\NextGenEngine.dir\Debug\rhi\common\rhi_draw_call_compactor.cpp.obj
[94/297] Building CXX object engine\CMakeFiles\NextGenEngine.dir\Debug\rhi\common\rhi_draw_call_merger.cpp.obj
[95/297] Building CXX object engine\CMakeFiles\NextGenEngine.dir\Debug\rhi\common\rhi_dynamic_state_tracker.cpp.obj
[96/297] Building CXX object engine\CMakeFiles\NextGenEngine.dir\Debug\rhi\common\rhi_dynamic_buffer.cpp.obj
[97/297] Building CXX object engine\CMakeFiles\NextGenEngine.dir\Debug\rhi\common\rhi_fence_pool.cpp.obj
[98/297] Building CXX object engine\CMakeFiles\NextGenEngine.dir\Debug\rhi\common\rhi_format_negotiator.cpp.obj
[99/297] Building CXX object engine\CMakeFiles\NextGenEngine.dir\Debug\rhi\common\rhi_frame_graph_aliaser.cpp.obj
[100/297] Building CXX object engine\CMakeFiles\NextGenEngine.dir\Debug\rhi\common\rhi_frame_resource_gc.cpp.obj
[101/297] Building CXX object engine\CMakeFiles\NextGenEngine.dir\Debug\rhi\common\rhi_indirect.cpp.obj
FAILED: [code=2] engine/CMakeFiles/NextGenEngine.dir/Debug/rhi/common/rhi_indirect.cpp.obj 
C:\PROGRA~2\MICROS~2\2019\BUILDT~1\VC\Tools\MSVC\1429~1.301\bin\Hostx64\x64\cl.exe  /nologo /TP -DFMT_SHARED -DNGE_DEBUG=1 -DNGE_ENABLE_ASSERTS=1 -DNGE_ENABLE_MEMORY_TRACKING=1 -DNGE_ENABLE_VULKAN=1 -DNGE_PLATFORM_WINDOWS=1 -DNOMINMAX -DSPDLOG_COMPILED_LIB -DSPDLOG_FMT_EXTERNAL -DSPDLOG_SHARED_LIB -DWIN32_LEAN_AND_MEAN -D_CRT_SECURE_NO_WARNINGS -DCMAKE_INTDIR=\"Debug\" -IP:\Development\personal\games\NextGenGameEngine\engine -IP:\Development\personal\games\NextGenGameEngine\engine\.. -external:IP:\Development\personal\games\NextGenGameEngine\build\vcpkg_installed\x64-windows\include -external:IC:\VulkanSDK\1.4.341.1\include -external:W0 /DWIN32 /D_WINDOWS /EHsc /Zi /Ob0 /Od /RTC1 -std:c++20 -MDd /W4 /permissive- /Zc:__cplusplus /MP /fp:fast /arch:AVX2 /wd4251 /wd4275 /utf-8 /showIncludes /Foengine\CMakeFiles\NextGenEngine.dir\Debug\rhi\common\rhi_indirect.cpp.obj /Fdengine\CMakeFiles\NextGenEngine.dir\Debug\NextGenEngine.pdb /FS -c P:\Development\personal\games\NextGenGameEngine\engine\rhi\common\rhi_indirect.cpp
P:\Development\personal\games\NextGenGameEngine\engine\rhi\common\rhi_indirect.cpp(146): error C2664: 'void nge::rhi::ICommandList::CopyBuffer(nge::rhi::BufferHandle,nge::rhi::BufferHandle,nge::u64,nge::u64,nge::u64)': cannot convert argument 2 from 'int' to 'nge::rhi::BufferHandle'
P:\Development\personal\games\NextGenGameEngine\engine\rhi\common\rhi_indirect.cpp(146): note: No constructor could take the source type, or constructor overload resolution was ambiguous
P:\Development\personal\games\NextGenGameEngine\engine/rhi/common/rhi_device.h(63): note: see declaration of 'nge::rhi::ICommandList::CopyBuffer'
P:\Development\personal\games\NextGenGameEngine\engine\rhi\common\rhi_indirect.cpp(150): error C2039: 'FillBuffer': is not a member of 'nge::rhi::ICommandList'
P:\Development\personal\games\NextGenGameEngine\engine/rhi/common/rhi_device.h(12): note: see declaration of 'nge::rhi::ICommandList'
P:\Development\personal\games\NextGenGameEngine\engine\rhi\common\rhi_indirect.cpp(158): error C2039: 'FillBuffer': is not a member of 'nge::rhi::ICommandList'
P:\Development\personal\games\NextGenGameEngine\engine/rhi/common/rhi_device.h(12): note: see declaration of 'nge::rhi::ICommandList'
[102/297] Building CXX object engine\CMakeFiles\NextGenEngine.dir\Debug\rhi\common\rhi_frame_resource_tracker.cpp.obj
[103/297] Building CXX object engine\CMakeFiles\NextGenEngine.dir\Debug\rhi\common\rhi_frame_timeline.cpp.obj
[104/297] Building CXX object engine\CMakeFiles\NextGenEngine.dir\Debug\rhi\common\rhi_image_layout_tracker.cpp.obj
[105/297] Building CXX object engine\CMakeFiles\NextGenEngine.dir\Debug\rhi\common\rhi_gpu_memory_heap.cpp.obj
P:\Development\personal\games\NextGenGameEngine\engine\rhi\common\rhi_gpu_memory_heap.cpp(130): warning C4100: 'usage': unreferenced formal parameter
[106/297] Building CXX object engine\CMakeFiles\NextGenEngine.dir\Debug\rhi\common\rhi_heap_inspector.cpp.obj
[107/297] Building CXX object engine\CMakeFiles\NextGenEngine.dir\Debug\rhi\common\rhi_indirect_arg_builder.cpp.obj
[108/297] Building CXX object engine\CMakeFiles\NextGenEngine.dir\Debug\rhi\common\rhi_indirect_count.cpp.obj
[109/297] Building CXX object engine\CMakeFiles\NextGenEngine.dir\Debug\rhi\common\rhi_indirect_draw_count.cpp.obj
[110/297] Building CXX object engine\CMakeFiles\NextGenEngine.dir\Debug\rhi\common\rhi_indirect_dispatch_builder.cpp.obj
[111/297] Building CXX object engine\CMakeFiles\NextGenEngine.dir\Debug\rhi\common\rhi_memory_budget.cpp.obj
[112/297] Building CXX object engine\CMakeFiles\NextGenEngine.dir\Debug\rhi\common\rhi_memory_defrag.cpp.obj
[113/297] Building CXX object engine\CMakeFiles\NextGenEngine.dir\Debug\rhi\common\rhi_mesh_lod_selector.cpp.obj
P:\Development\personal\games\NextGenGameEngine\engine\rhi\common\rhi_mesh_lod_selector.cpp(226): warning C4100: 'screenSize': unreferenced formal parameter
[114/297] Building CXX object engine\CMakeFiles\NextGenEngine.dir\Debug\rhi\common\rhi_mip_bias_controller.cpp.obj
[115/297] Building CXX object engine\CMakeFiles\NextGenEngine.dir\Debug\rhi\common\rhi_mipmap_gen.cpp.obj
[116/297] Building CXX object engine\CMakeFiles\NextGenEngine.dir\Debug\rhi\common\rhi_mipmap_scheduler.cpp.obj
[117/297] Building CXX object engine\CMakeFiles\NextGenEngine.dir\Debug\rhi\common\rhi_occlusion_compactor.cpp.obj
[118/297] Building CXX object engine\CMakeFiles\NextGenEngine.dir\Debug\rhi\common\rhi_pipeline_cache_manager.cpp.obj
FAILED: [code=2] engine/CMakeFiles/NextGenEngine.dir/Debug/rhi/common/rhi_pipeline_cache_manager.cpp.obj 
C:\PROGRA~2\MICROS~2\2019\BUILDT~1\VC\Tools\MSVC\1429~1.301\bin\Hostx64\x64\cl.exe  /nologo /TP -DFMT_SHARED -DNGE_DEBUG=1 -DNGE_ENABLE_ASSERTS=1 -DNGE_ENABLE_MEMORY_TRACKING=1 -DNGE_ENABLE_VULKAN=1 -DNGE_PLATFORM_WINDOWS=1 -DNOMINMAX -DSPDLOG_COMPILED_LIB -DSPDLOG_FMT_EXTERNAL -DSPDLOG_SHARED_LIB -DWIN32_LEAN_AND_MEAN -D_CRT_SECURE_NO_WARNINGS -DCMAKE_INTDIR=\"Debug\" -IP:\Development\personal\games\NextGenGameEngine\engine -IP:\Development\personal\games\NextGenGameEngine\engine\.. -external:IP:\Development\personal\games\NextGenGameEngine\build\vcpkg_installed\x64-windows\include -external:IC:\VulkanSDK\1.4.341.1\include -external:W0 /DWIN32 /D_WINDOWS /EHsc /Zi /Ob0 /Od /RTC1 -std:c++20 -MDd /W4 /permissive- /Zc:__cplusplus /MP /fp:fast /arch:AVX2 /wd4251 /wd4275 /utf-8 /showIncludes /Foengine\CMakeFiles\NextGenEngine.dir\Debug\rhi\common\rhi_pipeline_cache_manager.cpp.obj /Fdengine\CMakeFiles\NextGenEngine.dir\Debug\NextGenEngine.pdb /FS -c P:\Development\personal\games\NextGenGameEngine\engine\rhi\common\rhi_pipeline_cache_manager.cpp
P:\Development\personal\games\NextGenGameEngine\engine/rhi/common/rhi_pso_builder.h(80): error C2838: 'Undefined': illegal qualified name in member declaration
P:\Development\personal\games\NextGenGameEngine\engine/rhi/common/rhi_pso_builder.h(80): error C2065: 'Undefined': undeclared identifier
[119/297] Building CXX object engine\CMakeFiles\NextGenEngine.dir\Debug\rhi\common\rhi_occlusion_query_batch.cpp.obj
P:\Development\personal\games\NextGenGameEngine\engine\rhi\common\rhi_occlusion_query_batch.cpp(158): warning C4100: 'currentFrame': unreferenced formal parameter
[120/297] Building CXX object engine\CMakeFiles\NextGenEngine.dir\Debug\rhi\common\rhi_ping_pong_buffer.cpp.obj
[121/297] Building CXX object engine\CMakeFiles\NextGenEngine.dir\Debug\rhi\common\rhi_pass_dependency_analyzer.cpp.obj
[122/297] Building CXX object engine\CMakeFiles\NextGenEngine.dir\Debug\rhi\common\rhi_permutation_key_builder.cpp.obj
[123/297] Building CXX object engine\CMakeFiles\NextGenEngine.dir\Debug\rhi\common\rhi_pipeline_layout_cache.cpp.obj
[124/297] Building CXX object engine\CMakeFiles\NextGenEngine.dir\Debug\rhi\common\rhi_pso_hash.cpp.obj
FAILED: [code=2] engine/CMakeFiles/NextGenEngine.dir/Debug/rhi/common/rhi_pso_hash.cpp.obj 
C:\PROGRA~2\MICROS~2\2019\BUILDT~1\VC\Tools\MSVC\1429~1.301\bin\Hostx64\x64\cl.exe  /nologo /TP -DFMT_SHARED -DNGE_DEBUG=1 -DNGE_ENABLE_ASSERTS=1 -DNGE_ENABLE_MEMORY_TRACKING=1 -DNGE_ENABLE_VULKAN=1 -DNGE_PLATFORM_WINDOWS=1 -DNOMINMAX -DSPDLOG_COMPILED_LIB -DSPDLOG_FMT_EXTERNAL -DSPDLOG_SHARED_LIB -DWIN32_LEAN_AND_MEAN -D_CRT_SECURE_NO_WARNINGS -DCMAKE_INTDIR=\"Debug\" -IP:\Development\personal\games\NextGenGameEngine\engine -IP:\Development\personal\games\NextGenGameEngine\engine\.. -external:IP:\Development\personal\games\NextGenGameEngine\build\vcpkg_installed\x64-windows\include -external:IC:\VulkanSDK\1.4.341.1\include -external:W0 /DWIN32 /D_WINDOWS /EHsc /Zi /Ob0 /Od /RTC1 -std:c++20 -MDd /W4 /permissive- /Zc:__cplusplus /MP /fp:fast /arch:AVX2 /wd4251 /wd4275 /utf-8 /showIncludes /Foengine\CMakeFiles\NextGenEngine.dir\Debug\rhi\common\rhi_pso_hash.cpp.obj /Fdengine\CMakeFiles\NextGenEngine.dir\Debug\NextGenEngine.pdb /FS -c P:\Development\personal\games\NextGenGameEngine\engine\rhi\common\rhi_pso_hash.cpp
P:\Development\personal\games\NextGenGameEngine\engine/rhi/common/rhi_pso_builder.h(80): error C2838: 'Undefined': illegal qualified name in member declaration
P:\Development\personal\games\NextGenGameEngine\engine/rhi/common/rhi_pso_builder.h(80): error C2065: 'Undefined': undeclared identifier
P:\Development\personal\games\NextGenGameEngine\engine\rhi\common\rhi_pso_hash.cpp(143): error C2039: 'blendEnable': is not a member of 'nge::rhi::BlendAttachment'
P:\Development\personal\games\NextGenGameEngine\engine/rhi/common/rhi_types.h(349): note: see declaration of 'nge::rhi::BlendAttachment'
P:\Development\personal\games\NextGenGameEngine\engine\rhi\common\rhi_pso_hash.cpp(150): error C2039: 'writeMask': is not a member of 'nge::rhi::BlendAttachment'
P:\Development\personal\games\NextGenGameEngine\engine/rhi/common/rhi_types.h(349): note: see declaration of 'nge::rhi::BlendAttachment'
[125/297] Building CXX object engine\CMakeFiles\NextGenEngine.dir\Debug\rhi\common\rhi_push_constants.cpp.obj
FAILED: [code=2] engine/CMakeFiles/NextGenEngine.dir/Debug/rhi/common/rhi_push_constants.cpp.obj 
C:\PROGRA~2\MICROS~2\2019\BUILDT~1\VC\Tools\MSVC\1429~1.301\bin\Hostx64\x64\cl.exe  /nologo /TP -DFMT_SHARED -DNGE_DEBUG=1 -DNGE_ENABLE_ASSERTS=1 -DNGE_ENABLE_MEMORY_TRACKING=1 -DNGE_ENABLE_VULKAN=1 -DNGE_PLATFORM_WINDOWS=1 -DNOMINMAX -DSPDLOG_COMPILED_LIB -DSPDLOG_FMT_EXTERNAL -DSPDLOG_SHARED_LIB -DWIN32_LEAN_AND_MEAN -D_CRT_SECURE_NO_WARNINGS -DCMAKE_INTDIR=\"Debug\" -IP:\Development\personal\games\NextGenGameEngine\engine -IP:\Development\personal\games\NextGenGameEngine\engine\.. -external:IP:\Development\personal\games\NextGenGameEngine\build\vcpkg_installed\x64-windows\include -external:IC:\VulkanSDK\1.4.341.1\include -external:W0 /DWIN32 /D_WINDOWS /EHsc /Zi /Ob0 /Od /RTC1 -std:c++20 -MDd /W4 /permissive- /Zc:__cplusplus /MP /fp:fast /arch:AVX2 /wd4251 /wd4275 /utf-8 /showIncludes /Foengine\CMakeFiles\NextGenEngine.dir\Debug\rhi\common\rhi_push_constants.cpp.obj /Fdengine\CMakeFiles\NextGenEngine.dir\Debug\NextGenEngine.pdb /FS -c P:\Development\personal\games\NextGenGameEngine\engine\rhi\common\rhi_push_constants.cpp
P:\Development\personal\games\NextGenGameEngine\engine/rhi/common/rhi_push_constants.h(20): error C2011: 'nge::rhi::ShaderStage': 'unsigned enum' type redefinition
P:\Development\personal\games\NextGenGameEngine\engine/rhi/common/rhi_types.h(147): note: see declaration of 'nge::rhi::ShaderStage'
P:\Development\personal\games\NextGenGameEngine\engine/rhi/common/rhi_push_constants.h(32): error C2084: function 'nge::rhi::ShaderStage nge::rhi::operator |(nge::rhi::ShaderStage,nge::rhi::ShaderStage)' already has a body
P:\Development\personal\games\NextGenGameEngine\engine/rhi/common/rhi_types.h(164): note: see previous definition of '|'
P:\Development\personal\games\NextGenGameEngine\engine/rhi/common/rhi_push_constants.h(94): fatal error C1001: Internal compiler error.
(compiler file 'D:\a\_work\1\s\src\vctools\Compiler\CxxFE\sl\p1\c\trees.c', line 10786)
 To work around this problem, try simplifying or changing the program near the locations listed above.
If possible please provide a repro here: https://developercommunity.visualstudio.com 
Please choose the Technical Support command on the Visual C++ 
 Help menu, or open the Technical Support help file for more information
[126/297] Building CXX object engine\CMakeFiles\NextGenEngine.dir\Debug\rhi\common\rhi_pipeline_layout_compat.cpp.obj
[127/297] Building CXX object engine\CMakeFiles\NextGenEngine.dir\Debug\rhi\common\rhi_pipeline_layout_checker.cpp.obj
[128/297] Building CXX object engine\CMakeFiles\NextGenEngine.dir\Debug\rhi\common\rhi_pso_builder.cpp.obj
FAILED: [code=2] engine/CMakeFiles/NextGenEngine.dir/Debug/rhi/common/rhi_pso_builder.cpp.obj 
C:\PROGRA~2\MICROS~2\2019\BUILDT~1\VC\Tools\MSVC\1429~1.301\bin\Hostx64\x64\cl.exe  /nologo /TP -DFMT_SHARED -DNGE_DEBUG=1 -DNGE_ENABLE_ASSERTS=1 -DNGE_ENABLE_MEMORY_TRACKING=1 -DNGE_ENABLE_VULKAN=1 -DNGE_PLATFORM_WINDOWS=1 -DNOMINMAX -DSPDLOG_COMPILED_LIB -DSPDLOG_FMT_EXTERNAL -DSPDLOG_SHARED_LIB -DWIN32_LEAN_AND_MEAN -D_CRT_SECURE_NO_WARNINGS -DCMAKE_INTDIR=\"Debug\" -IP:\Development\personal\games\NextGenGameEngine\engine -IP:\Development\personal\games\NextGenGameEngine\engine\.. -external:IP:\Development\personal\games\NextGenGameEngine\build\vcpkg_installed\x64-windows\include -external:IC:\VulkanSDK\1.4.341.1\include -external:W0 /DWIN32 /D_WINDOWS /EHsc /Zi /Ob0 /Od /RTC1 -std:c++20 -MDd /W4 /permissive- /Zc:__cplusplus /MP /fp:fast /arch:AVX2 /wd4251 /wd4275 /utf-8 /showIncludes /Foengine\CMakeFiles\NextGenEngine.dir\Debug\rhi\common\rhi_pso_builder.cpp.obj /Fdengine\CMakeFiles\NextGenEngine.dir\Debug\NextGenEngine.pdb /FS -c P:\Development\personal\games\NextGenGameEngine\engine\rhi\common\rhi_pso_builder.cpp
P:\Development\personal\games\NextGenGameEngine\engine/rhi/common/rhi_pso_builder.h(80): error C2838: 'Undefined': illegal qualified name in member declaration
P:\Development\personal\games\NextGenGameEngine\engine/rhi/common/rhi_pso_builder.h(80): error C2065: 'Undefined': undeclared identifier
P:\Development\personal\games\NextGenGameEngine\engine\rhi\common\rhi_pso_builder.cpp(14): error C2664: 'void std::vector<nge::rhi::VertexAttribute,std::allocator<nge::rhi::VertexAttribute>>::push_back(const _Ty &)': cannot convert argument 1 from 'initializer list' to 'const _Ty &'
        with
        [
            _Ty=nge::rhi::VertexAttribute
        ]
P:\Development\personal\games\NextGenGameEngine\engine\rhi\common\rhi_pso_builder.cpp(14): note: Reason: cannot convert from 'initializer list' to 'const _Ty'
        with
        [
            _Ty=nge::rhi::VertexAttribute
        ]
P:\Development\personal\games\NextGenGameEngine\engine\rhi\common\rhi_pso_builder.cpp(14): note: Invalid aggregate initialization
C:\Program Files (x86)\Microsoft Visual Studio\2019\BuildTools\VC\Tools\MSVC\14.29.30133\include\vector(742): note: see declaration of 'std::vector<nge::rhi::VertexAttribute,std::allocator<nge::rhi::VertexAttribute>>::push_back'
P:\Development\personal\games\NextGenGameEngine\engine\rhi\common\rhi_pso_builder.cpp(56): error C2039: 'blendEnable': is not a member of 'nge::rhi::BlendAttachment'
P:\Development\personal\games\NextGenGameEngine\engine/rhi/common/rhi_types.h(349): note: see declaration of 'nge::rhi::BlendAttachment'
P:\Development\personal\games\NextGenGameEngine\engine\rhi\common\rhi_pso_builder.cpp(69): error C2039: 'blendEnable': is not a member of 'nge::rhi::BlendAttachment'
P:\Development\personal\games\NextGenGameEngine\engine/rhi/common/rhi_types.h(349): note: see declaration of 'nge::rhi::BlendAttachment'
P:\Development\personal\games\NextGenGameEngine\engine\rhi\common\rhi_pso_builder.cpp(70): error C2039: 'writeMask': is not a member of 'nge::rhi::BlendAttachment'
P:\Development\personal\games\NextGenGameEngine\engine/rhi/common/rhi_types.h(349): note: see declaration of 'nge::rhi::BlendAttachment'
P:\Development\personal\games\NextGenGameEngine\engine\rhi\common\rhi_pso_builder.cpp(129): error C2838: 'Undefined': illegal qualified name in member declaration
P:\Development\personal\games\NextGenGameEngine\engine\rhi\common\rhi_pso_builder.cpp(129): error C2065: 'Undefined': undeclared identifier
[129/297] Building CXX object engine\CMakeFiles\NextGenEngine.dir\Debug\rhi\common\rhi_pipeline_stats_aggregator.cpp.obj
[130/297] Building CXX object engine\CMakeFiles\NextGenEngine.dir\Debug\rhi\common\rhi_pipeline_stats_collector.cpp.obj
[131/297] Building CXX object engine\CMakeFiles\NextGenEngine.dir\Debug\rhi\common\rhi_pso_dedup_cache.cpp.obj
[132/297] Building CXX object engine\CMakeFiles\NextGenEngine.dir\Debug\rhi\common\rhi_queue_family_arbiter.cpp.obj
FAILED: [code=2] engine/CMakeFiles/NextGenEngine.dir/Debug/rhi/common/rhi_queue_family_arbiter.cpp.obj 
C:\PROGRA~2\MICROS~2\2019\BUILDT~1\VC\Tools\MSVC\1429~1.301\bin\Hostx64\x64\cl.exe  /nologo /TP -DFMT_SHARED -DNGE_DEBUG=1 -DNGE_ENABLE_ASSERTS=1 -DNGE_ENABLE_MEMORY_TRACKING=1 -DNGE_ENABLE_VULKAN=1 -DNGE_PLATFORM_WINDOWS=1 -DNOMINMAX -DSPDLOG_COMPILED_LIB -DSPDLOG_FMT_EXTERNAL -DSPDLOG_SHARED_LIB -DWIN32_LEAN_AND_MEAN -D_CRT_SECURE_NO_WARNINGS -DCMAKE_INTDIR=\"Debug\" -IP:\Development\personal\games\NextGenGameEngine\engine -IP:\Development\personal\games\NextGenGameEngine\engine\.. -external:IP:\Development\personal\games\NextGenGameEngine\build\vcpkg_installed\x64-windows\include -external:IC:\VulkanSDK\1.4.341.1\include -external:W0 /DWIN32 /D_WINDOWS /EHsc /Zi /Ob0 /Od /RTC1 -std:c++20 -MDd /W4 /permissive- /Zc:__cplusplus /MP /fp:fast /arch:AVX2 /wd4251 /wd4275 /utf-8 /showIncludes /Foengine\CMakeFiles\NextGenEngine.dir\Debug\rhi\common\rhi_queue_family_arbiter.cpp.obj /Fdengine\CMakeFiles\NextGenEngine.dir\Debug\NextGenEngine.pdb /FS -c P:\Development\personal\games\NextGenGameEngine\engine\rhi\common\rhi_queue_family_arbiter.cpp
P:\Development\personal\games\NextGenGameEngine\engine\rhi\common\rhi_queue_family_arbiter.cpp(134): error C3490: 'm_totalAssignments' cannot be modified because it is being accessed through a const object
P:\Development\personal\games\NextGenGameEngine\engine\rhi\common\rhi_queue_family_arbiter.cpp(135): error C3490: 'm_dedicatedAssignments' cannot be modified because it is being accessed through a const object
[133/297] Building CXX object engine\CMakeFiles\NextGenEngine.dir\Debug\rhi\common\rhi_queries.cpp.obj
[134/297] Building CXX object engine\CMakeFiles\NextGenEngine.dir\Debug\rhi\common\rhi_queue_sync.cpp.obj
FAILED: [code=2] engine/CMakeFiles/NextGenEngine.dir/Debug/rhi/common/rhi_queue_sync.cpp.obj 
C:\PROGRA~2\MICROS~2\2019\BUILDT~1\VC\Tools\MSVC\1429~1.301\bin\Hostx64\x64\cl.exe  /nologo /TP -DFMT_SHARED -DNGE_DEBUG=1 -DNGE_ENABLE_ASSERTS=1 -DNGE_ENABLE_MEMORY_TRACKING=1 -DNGE_ENABLE_VULKAN=1 -DNGE_PLATFORM_WINDOWS=1 -DNOMINMAX -DSPDLOG_COMPILED_LIB -DSPDLOG_FMT_EXTERNAL -DSPDLOG_SHARED_LIB -DWIN32_LEAN_AND_MEAN -D_CRT_SECURE_NO_WARNINGS -DCMAKE_INTDIR=\"Debug\" -IP:\Development\personal\games\NextGenGameEngine\engine -IP:\Development\personal\games\NextGenGameEngine\engine\.. -external:IP:\Development\personal\games\NextGenGameEngine\build\vcpkg_installed\x64-windows\include -external:IC:\VulkanSDK\1.4.341.1\include -external:W0 /DWIN32 /D_WINDOWS /EHsc /Zi /Ob0 /Od /RTC1 -std:c++20 -MDd /W4 /permissive- /Zc:__cplusplus /MP /fp:fast /arch:AVX2 /wd4251 /wd4275 /utf-8 /showIncludes /Foengine\CMakeFiles\NextGenEngine.dir\Debug\rhi\common\rhi_queue_sync.cpp.obj /Fdengine\CMakeFiles\NextGenEngine.dir\Debug\NextGenEngine.pdb /FS -c P:\Development\personal\games\NextGenGameEngine\engine\rhi\common\rhi_queue_sync.cpp
P:\Development\personal\games\NextGenGameEngine\engine/rhi/common/rhi_queue_sync.h(22): error C2011: 'nge::rhi::QueueType': 'unsigned enum' type redefinition
P:\Development\personal\games\NextGenGameEngine\engine/rhi/common/rhi_types.h(48): note: see declaration of 'nge::rhi::QueueType'
P:\Development\personal\games\NextGenGameEngine\engine/rhi/common/rhi_queue_sync.h(94): error C2027: use of undefined type 'nge::rhi::QueueType'
P:\Development\personal\games\NextGenGameEngine\engine/rhi/common/rhi_types.h(48): note: see declaration of 'nge::rhi::QueueType'
P:\Development\personal\games\NextGenGameEngine\engine/rhi/common/rhi_queue_sync.h(94): error C2065: 'Count': undeclared identifier
P:\Development\personal\games\NextGenGameEngine\engine\rhi\common\rhi_queue_sync.cpp(13): error C2027: use of undefined type 'nge::rhi::QueueType'
P:\Development\personal\games\NextGenGameEngine\engine/rhi/common/rhi_types.h(48): note: see declaration of 'nge::rhi::QueueType'
P:\Development\personal\games\NextGenGameEngine\engine\rhi\common\rhi_queue_sync.cpp(13): error C2065: 'Count': undeclared identifier
P:\Development\personal\games\NextGenGameEngine\engine\rhi\common\rhi_queue_sync.cpp(36): error C2027: use of undefined type 'nge::rhi::QueueType'
P:\Development\personal\games\NextGenGameEngine\engine/rhi/common/rhi_types.h(48): note: see declaration of 'nge::rhi::QueueType'
P:\Development\personal\games\NextGenGameEngine\engine\rhi\common\rhi_queue_sync.cpp(36): error C2065: 'Count': undeclared identifier
P:\Development\personal\games\NextGenGameEngine\engine\rhi\common\rhi_queue_sync.cpp(116): error C2027: use of undefined type 'nge::rhi::QueueType'
P:\Development\personal\games\NextGenGameEngine\engine/rhi/common/rhi_types.h(48): note: see declaration of 'nge::rhi::QueueType'
P:\Development\personal\games\NextGenGameEngine\engine\rhi\common\rhi_queue_sync.cpp(116): error C2065: 'Count': undeclared identifier
P:\Development\personal\games\NextGenGameEngine\engine\rhi\common\rhi_queue_sync.cpp(134): error C2027: use of undefined type 'nge::rhi::QueueType'
P:\Development\personal\games\NextGenGameEngine\engine/rhi/common/rhi_types.h(48): note: see declaration of 'nge::rhi::QueueType'
P:\Development\personal\games\NextGenGameEngine\engine\rhi\common\rhi_queue_sync.cpp(134): error C2065: 'Graphics': undeclared identifier
P:\Development\personal\games\NextGenGameEngine\engine\rhi\common\rhi_queue_sync.cpp(135): error C2027: use of undefined type 'nge::rhi::QueueType'
P:\Development\personal\games\NextGenGameEngine\engine/rhi/common/rhi_types.h(48): note: see declaration of 'nge::rhi::QueueType'
P:\Development\personal\games\NextGenGameEngine\engine\rhi\common\rhi_queue_sync.cpp(135): error C2065: 'AsyncCompute': undeclared identifier
P:\Development\personal\games\NextGenGameEngine\engine\rhi\common\rhi_queue_sync.cpp(136): error C2027: use of undefined type 'nge::rhi::QueueType'
P:\Development\personal\games\NextGenGameEngine\engine/rhi/common/rhi_types.h(48): note: see declaration of 'nge::rhi::QueueType'
P:\Development\personal\games\NextGenGameEngine\engine\rhi\common\rhi_queue_sync.cpp(136): error C2065: 'Transfer': undeclared identifier
P:\Development\personal\games\NextGenGameEngine\engine\rhi\common\rhi_queue_sync.cpp(144): error C2027: use of undefined type 'nge::rhi::QueueType'
P:\Development\personal\games\NextGenGameEngine\engine/rhi/common/rhi_types.h(48): note: see declaration of 'nge::rhi::QueueType'
P:\Development\personal\games\NextGenGameEngine\engine\rhi\common\rhi_queue_sync.cpp(144): error C2065: 'Graphics': undeclared identifier
P:\Development\personal\games\NextGenGameEngine\engine\rhi\common\rhi_queue_sync.cpp(144): error C2131: expression did not evaluate to a constant
P:\Development\personal\games\NextGenGameEngine\engine\rhi\common\rhi_queue_sync.cpp(144): note: a non-constant (sub-)expression was encountered
P:\Development\personal\games\NextGenGameEngine\engine\rhi\common\rhi_queue_sync.cpp(145): error C2027: use of undefined type 'nge::rhi::QueueType'
P:\Development\personal\games\NextGenGameEngine\engine/rhi/common/rhi_types.h(48): note: see declaration of 'nge::rhi::QueueType'
P:\Development\personal\games\NextGenGameEngine\engine\rhi\common\rhi_queue_sync.cpp(145): error C2065: 'AsyncCompute': undeclared identifier
P:\Development\personal\games\NextGenGameEngine\engine\rhi\common\rhi_queue_sync.cpp(145): error C2131: expression did not evaluate to a constant
P:\Development\personal\games\NextGenGameEngine\engine\rhi\common\rhi_queue_sync.cpp(145): note: a non-constant (sub-)expression was encountered
P:\Development\personal\games\NextGenGameEngine\engine\rhi\common\rhi_queue_sync.cpp(146): error C2027: use of undefined type 'nge::rhi::QueueType'
P:\Development\personal\games\NextGenGameEngine\engine/rhi/common/rhi_types.h(48): note: see declaration of 'nge::rhi::QueueType'
P:\Development\personal\games\NextGenGameEngine\engine\rhi\common\rhi_queue_sync.cpp(146): error C2065: 'Transfer': undeclared identifier
P:\Development\personal\games\NextGenGameEngine\engine\rhi\common\rhi_queue_sync.cpp(146): error C2131: expression did not evaluate to a constant
P:\Development\personal\games\NextGenGameEngine\engine\rhi\common\rhi_queue_sync.cpp(146): note: a non-constant (sub-)expression was encountered
P:\Development\personal\games\NextGenGameEngine\engine\rhi\common\rhi_queue_sync.cpp(144): error C2051: case expression not constant
P:\Development\personal\games\NextGenGameEngine\engine\rhi\common\rhi_queue_sync.cpp(145): error C2051: case expression not constant
P:\Development\personal\games\NextGenGameEngine\engine\rhi\common\rhi_queue_sync.cpp(146): error C2051: case expression not constant
P:\Development\personal\games\NextGenGameEngine\engine\rhi\common\rhi_queue_sync.cpp(148): warning C4065: switch statement contains 'default' but no 'case' labels
P:\Development\personal\games\NextGenGameEngine\engine\rhi\common\rhi_queue_sync.cpp(148): warning C4064: switch of incomplete enum 'nge::rhi::QueueType'
P:\Development\personal\games\NextGenGameEngine\engine/rhi/common/rhi_types.h(48): note: see declaration of 'nge::rhi::QueueType'
[135/297] Building CXX object engine\CMakeFiles\NextGenEngine.dir\Debug\rhi\common\rhi_readback.cpp.obj
FAILED: [code=2] engine/CMakeFiles/NextGenEngine.dir/Debug/rhi/common/rhi_readback.cpp.obj 
C:\PROGRA~2\MICROS~2\2019\BUILDT~1\VC\Tools\MSVC\1429~1.301\bin\Hostx64\x64\cl.exe  /nologo /TP -DFMT_SHARED -DNGE_DEBUG=1 -DNGE_ENABLE_ASSERTS=1 -DNGE_ENABLE_MEMORY_TRACKING=1 -DNGE_ENABLE_VULKAN=1 -DNGE_PLATFORM_WINDOWS=1 -DNOMINMAX -DSPDLOG_COMPILED_LIB -DSPDLOG_FMT_EXTERNAL -DSPDLOG_SHARED_LIB -DWIN32_LEAN_AND_MEAN -D_CRT_SECURE_NO_WARNINGS -DCMAKE_INTDIR=\"Debug\" -IP:\Development\personal\games\NextGenGameEngine\engine -IP:\Development\personal\games\NextGenGameEngine\engine\.. -external:IP:\Development\personal\games\NextGenGameEngine\build\vcpkg_installed\x64-windows\include -external:IC:\VulkanSDK\1.4.341.1\include -external:W0 /DWIN32 /D_WINDOWS /EHsc /Zi /Ob0 /Od /RTC1 -std:c++20 -MDd /W4 /permissive- /Zc:__cplusplus /MP /fp:fast /arch:AVX2 /wd4251 /wd4275 /utf-8 /showIncludes /Foengine\CMakeFiles\NextGenEngine.dir\Debug\rhi\common\rhi_readback.cpp.obj /Fdengine\CMakeFiles\NextGenEngine.dir\Debug\NextGenEngine.pdb /FS -c P:\Development\personal\games\NextGenGameEngine\engine\rhi\common\rhi_readback.cpp
P:\Development\personal\games\NextGenGameEngine\engine\rhi\common\rhi_readback.cpp(71): error C2664: 'void nge::rhi::ICommandList::CopyBuffer(nge::rhi::BufferHandle,nge::rhi::BufferHandle,nge::u64,nge::u64,nge::u64)': cannot convert argument 2 from 'nge::u32' to 'nge::rhi::BufferHandle'
P:\Development\personal\games\NextGenGameEngine\engine\rhi\common\rhi_readback.cpp(71): note: No constructor could take the source type, or constructor overload resolution was ambiguous
P:\Development\personal\games\NextGenGameEngine\engine/rhi/common/rhi_device.h(63): note: see declaration of 'nge::rhi::ICommandList::CopyBuffer'
P:\Development\personal\games\NextGenGameEngine\engine\rhi\common\rhi_readback.cpp(109): error C2664: 'void nge::rhi::ICommandList::CopyTextureToBuffer(nge::rhi::TextureHandle,nge::rhi::BufferHandle,nge::u32,nge::u32)': cannot convert argument 2 from 'nge::u32' to 'nge::rhi::BufferHandle'
P:\Development\personal\games\NextGenGameEngine\engine\rhi\common\rhi_readback.cpp(109): note: No constructor could take the source type, or constructor overload resolution was ambiguous
P:\Development\personal\games\NextGenGameEngine\engine/rhi/common/rhi_device.h(65): note: see declaration of 'nge::rhi::ICommandList::CopyTextureToBuffer'
[136/297] Building CXX object engine\CMakeFiles\NextGenEngine.dir\Debug\rhi\common\rhi_query_heap.cpp.obj
[137/297] Building CXX object engine\CMakeFiles\NextGenEngine.dir\Debug\rhi\common\rhi_queue_capabilities.cpp.obj
[138/297] Building CXX object engine\CMakeFiles\NextGenEngine.dir\Debug\rhi\common\rhi_render_state.cpp.obj
FAILED: [code=2] engine/CMakeFiles/NextGenEngine.dir/Debug/rhi/common/rhi_render_state.cpp.obj 
C:\PROGRA~2\MICROS~2\2019\BUILDT~1\VC\Tools\MSVC\1429~1.301\bin\Hostx64\x64\cl.exe  /nologo /TP -DFMT_SHARED -DNGE_DEBUG=1 -DNGE_ENABLE_ASSERTS=1 -DNGE_ENABLE_MEMORY_TRACKING=1 -DNGE_ENABLE_VULKAN=1 -DNGE_PLATFORM_WINDOWS=1 -DNOMINMAX -DSPDLOG_COMPILED_LIB -DSPDLOG_FMT_EXTERNAL -DSPDLOG_SHARED_LIB -DWIN32_LEAN_AND_MEAN -D_CRT_SECURE_NO_WARNINGS -DCMAKE_INTDIR=\"Debug\" -IP:\Development\personal\games\NextGenGameEngine\engine -IP:\Development\personal\games\NextGenGameEngine\engine\.. -external:IP:\Development\personal\games\NextGenGameEngine\build\vcpkg_installed\x64-windows\include -external:IC:\VulkanSDK\1.4.341.1\include -external:W0 /DWIN32 /D_WINDOWS /EHsc /Zi /Ob0 /Od /RTC1 -std:c++20 -MDd /W4 /permissive- /Zc:__cplusplus /MP /fp:fast /arch:AVX2 /wd4251 /wd4275 /utf-8 /showIncludes /Foengine\CMakeFiles\NextGenEngine.dir\Debug\rhi\common\rhi_render_state.cpp.obj /Fdengine\CMakeFiles\NextGenEngine.dir\Debug\NextGenEngine.pdb /FS -c P:\Development\personal\games\NextGenGameEngine\engine\rhi\common\rhi_render_state.cpp
P:\Development\personal\games\NextGenGameEngine\engine/rhi/common/rhi_render_state.h(14): error C2011: 'nge::rhi::BlendFactor': 'unsigned enum' type redefinition
P:\Development\personal\games\NextGenGameEngine\engine/rhi/common/rhi_types.h(211): note: see declaration of 'nge::rhi::BlendFactor'
P:\Development\personal\games\NextGenGameEngine\engine/rhi/common/rhi_render_state.h(24): error C2011: 'nge::rhi::BlendOp': 'unsigned enum' type redefinition
P:\Development\personal\games\NextGenGameEngine\engine/rhi/common/rhi_types.h(219): note: see declaration of 'nge::rhi::BlendOp'
P:\Development\personal\games\NextGenGameEngine\engine/rhi/common/rhi_render_state.h(28): error C2011: 'nge::rhi::BlendAttachment': 'struct' type redefinition
P:\Development\personal\games\NextGenGameEngine\engine/rhi/common/rhi_types.h(349): note: see declaration of 'nge::rhi::BlendAttachment'
P:\Development\personal\games\NextGenGameEngine\engine/rhi/common/rhi_render_state.h(40): error C2079: 'nge::rhi::BlendState::attachments' uses undefined struct 'nge::rhi::BlendAttachment'
P:\Development\personal\games\NextGenGameEngine\engine/rhi/common/rhi_render_state.h(77): error C2011: 'nge::rhi::CullMode': 'unsigned enum' type redefinition
P:\Development\personal\games\NextGenGameEngine\engine/rhi/common/rhi_types.h(190): note: see declaration of 'nge::rhi::CullMode'
P:\Development\personal\games\NextGenGameEngine\engine/rhi/common/rhi_render_state.h(78): error C2011: 'nge::rhi::FrontFace': 'unsigned enum' type redefinition
P:\Development\personal\games\NextGenGameEngine\engine/rhi/common/rhi_types.h(197): note: see declaration of 'nge::rhi::FrontFace'
P:\Development\personal\games\NextGenGameEngine\engine/rhi/common/rhi_render_state.h(82): error C2027: use of undefined type 'nge::rhi::CullMode'
P:\Development\personal\games\NextGenGameEngine\engine/rhi/common/rhi_types.h(190): note: see declaration of 'nge::rhi::CullMode'
P:\Development\personal\games\NextGenGameEngine\engine/rhi/common/rhi_render_state.h(82): error C2065: 'Back': undeclared identifier
P:\Development\personal\games\NextGenGameEngine\engine/rhi/common/rhi_render_state.h(83): error C2027: use of undefined type 'nge::rhi::FrontFace'
P:\Development\personal\games\NextGenGameEngine\engine/rhi/common/rhi_types.h(197): note: see declaration of 'nge::rhi::FrontFace'
P:\Development\personal\games\NextGenGameEngine\engine/rhi/common/rhi_render_state.h(83): error C2065: 'CounterClockwise': undeclared identifier
P:\Development\personal\games\NextGenGameEngine\engine\rhi\common\rhi_render_state.cpp(22): error C2109: subscript requires array or pointer type
P:\Development\personal\games\NextGenGameEngine\engine\rhi\common\rhi_render_state.cpp(28): error C2109: subscript requires array or pointer type
P:\Development\personal\games\NextGenGameEngine\engine\rhi\common\rhi_render_state.cpp(29): error C2109: subscript requires array or pointer type
P:\Development\personal\games\NextGenGameEngine\engine\rhi\common\rhi_render_state.cpp(36): error C2109: subscript requires array or pointer type
P:\Development\personal\games\NextGenGameEngine\engine\rhi\common\rhi_render_state.cpp(37): error C2109: subscript requires array or pointer type
P:\Development\personal\games\NextGenGameEngine\engine\rhi\common\rhi_render_state.cpp(44): error C2109: subscript requires array or pointer type
P:\Development\personal\games\NextGenGameEngine\engine\rhi\common\rhi_render_state.cpp(45): error C2109: subscript requires array or pointer type
P:\Development\personal\games\NextGenGameEngine\engine\rhi\common\rhi_render_state.cpp(51): error C2109: subscript requires array or pointer type
P:\Development\personal\games\NextGenGameEngine\engine\rhi\common\rhi_render_state.cpp(166): error C2027: use of undefined type 'nge::rhi::CullMode'
P:\Development\personal\games\NextGenGameEngine\engine/rhi/common/rhi_types.h(190): note: see declaration of 'nge::rhi::CullMode'
P:\Development\personal\games\NextGenGameEngine\engine\rhi\common\rhi_render_state.cpp(166): error C2065: 'Back': undeclared identifier
P:\Development\personal\games\NextGenGameEngine\engine\rhi\common\rhi_render_state.cpp(173): error C2027: use of undefined type 'nge::rhi::BlendFactor'
P:\Development\personal\games\NextGenGameEngine\engine/rhi/common/rhi_types.h(211): note: see declaration of 'nge::rhi::BlendFactor'
P:\Development\personal\games\NextGenGameEngine\engine\rhi\common\rhi_render_state.cpp(173): error C2065: 'SrcAlpha': undeclared identifier
P:\Development\personal\games\NextGenGameEngine\engine\rhi\common\rhi_render_state.cpp(173): error C2027: use of undefined type 'nge::rhi::BlendFactor'
P:\Development\personal\games\NextGenGameEngine\engine/rhi/common/rhi_types.h(211): note: see declaration of 'nge::rhi::BlendFactor'
P:\Development\personal\games\NextGenGameEngine\engine\rhi\common\rhi_render_state.cpp(173): error C2065: 'OneMinusSrcAlpha': undeclared identifier
P:\Development\personal\games\NextGenGameEngine\engine\rhi\common\rhi_render_state.cpp(174): error C2027: use of undefined type 'nge::rhi::BlendFactor'
P:\Development\personal\games\NextGenGameEngine\engine/rhi/common/rhi_types.h(211): note: see declaration of 'nge::rhi::BlendFactor'
P:\Development\personal\games\NextGenGameEngine\engine\rhi\common\rhi_render_state.cpp(174): error C2065: 'One': undeclared identifier
P:\Development\personal\games\NextGenGameEngine\engine\rhi\common\rhi_render_state.cpp(174): error C2027: use of undefined type 'nge::rhi::BlendFactor'
P:\Development\personal\games\NextGenGameEngine\engine/rhi/common/rhi_types.h(211): note: see declaration of 'nge::rhi::BlendFactor'
P:\Development\personal\games\NextGenGameEngine\engine\rhi\common\rhi_render_state.cpp(174): error C2065: 'OneMinusSrcAlpha': undeclared identifier
P:\Development\personal\games\NextGenGameEngine\engine\rhi\common\rhi_render_state.cpp(178): error C2027: use of undefined type 'nge::rhi::CullMode'
P:\Development\personal\games\NextGenGameEngine\engine/rhi/common/rhi_types.h(190): note: see declaration of 'nge::rhi::CullMode'
P:\Development\personal\games\NextGenGameEngine\engine\rhi\common\rhi_render_state.cpp(178): error C2065: 'Back': undeclared identifier
P:\Development\personal\games\NextGenGameEngine\engine\rhi\common\rhi_render_state.cpp(185): error C2027: use of undefined type 'nge::rhi::BlendFactor'
P:\Development\personal\games\NextGenGameEngine\engine/rhi/common/rhi_types.h(211): note: see declaration of 'nge::rhi::BlendFactor'
P:\Development\personal\games\NextGenGameEngine\engine\rhi\common\rhi_render_state.cpp(185): error C2065: 'One': undeclared identifier
P:\Development\personal\games\NextGenGameEngine\engine\rhi\common\rhi_render_state.cpp(185): error C2027: use of undefined type 'nge::rhi::BlendFactor'
P:\Development\personal\games\NextGenGameEngine\engine/rhi/common/rhi_types.h(211): note: see declaration of 'nge::rhi::BlendFactor'
P:\Development\personal\games\NextGenGameEngine\engine\rhi\common\rhi_render_state.cpp(185): error C2065: 'One': undeclared identifier
P:\Development\personal\games\NextGenGameEngine\engine\rhi\common\rhi_render_state.cpp(186): error C2027: use of undefined type 'nge::rhi::BlendFactor'
P:\Development\personal\games\NextGenGameEngine\engine/rhi/common/rhi_types.h(211): note: see declaration of 'nge::rhi::BlendFactor'
P:\Development\personal\games\NextGenGameEngine\engine\rhi\common\rhi_render_state.cpp(186): error C2065: 'One': undeclared identifier
P:\Development\personal\games\NextGenGameEngine\engine\rhi\common\rhi_render_state.cpp(186): error C2027: use of undefined type 'nge::rhi::BlendFactor'
P:\Development\personal\games\NextGenGameEngine\engine/rhi/common/rhi_types.h(211): note: see declaration of 'nge::rhi::BlendFactor'
P:\Development\personal\games\NextGenGameEngine\engine\rhi\common\rhi_render_state.cpp(186): error C2065: 'One': undeclared identifier
P:\Development\personal\games\NextGenGameEngine\engine\rhi\common\rhi_render_state.cpp(190): error C2027: use of undefined type 'nge::rhi::CullMode'
P:\Development\personal\games\NextGenGameEngine\engine/rhi/common/rhi_types.h(190): note: see declaration of 'nge::rhi::CullMode'
P:\Development\personal\games\NextGenGameEngine\engine\rhi\common\rhi_render_state.cpp(190): error C2065: 'None': undeclared identifier
P:\Development\personal\games\NextGenGameEngine\engine\rhi\common\rhi_render_state.cpp(199): error C2027: use of undefined type 'nge::rhi::CullMode'
P:\Development\personal\games\NextGenGameEngine\engine/rhi/common/rhi_types.h(190): note: see declaration of 'nge::rhi::CullMode'
P:\Development\personal\games\NextGenGameEngine\engine\rhi\common\rhi_render_state.cpp(199): error C2065: 'Back': undeclared identifier
P:\Development\personal\games\NextGenGameEngine\engine\rhi\common\rhi_render_state.cpp(207): error C2027: use of undefined type 'nge::rhi::CullMode'
P:\Development\personal\games\NextGenGameEngine\engine/rhi/common/rhi_types.h(190): note: see declaration of 'nge::rhi::CullMode'
P:\Development\personal\games\NextGenGameEngine\engine\rhi\common\rhi_render_state.cpp(207): error C2065: 'None': undeclared identifier
P:\Development\personal\games\NextGenGameEngine\engine\rhi\common\rhi_render_state.cpp(220): error C2027: use of undefined type 'nge::rhi::CullMode'
P:\Development\personal\games\NextGenGameEngine\engine/rhi/common/rhi_types.h(190): note: see declaration of 'nge::rhi::CullMode'
P:\Development\personal\games\NextGenGameEngine\engine\rhi\common\rhi_render_state.cpp(220): error C2065: 'Front': undeclared identifier
[139/297] Building CXX object engine\CMakeFiles\NextGenEngine.dir\Debug\rhi\common\rhi_query_readback.cpp.obj
P:\Development\personal\games\NextGenGameEngine\engine\rhi\common\rhi_query_readback.cpp(89): warning C4189: 'group': local variable is initialized but not referenced
[140/297] Building CXX object engine\CMakeFiles\NextGenEngine.dir\Debug\rhi\common\rhi_render_pass_cache.cpp.obj
FAILED: [code=2] engine/CMakeFiles/NextGenEngine.dir/Debug/rhi/common/rhi_render_pass_cache.cpp.obj 
C:\PROGRA~2\MICROS~2\2019\BUILDT~1\VC\Tools\MSVC\1429~1.301\bin\Hostx64\x64\cl.exe  /nologo /TP -DFMT_SHARED -DNGE_DEBUG=1 -DNGE_ENABLE_ASSERTS=1 -DNGE_ENABLE_MEMORY_TRACKING=1 -DNGE_ENABLE_VULKAN=1 -DNGE_PLATFORM_WINDOWS=1 -DNOMINMAX -DSPDLOG_COMPILED_LIB -DSPDLOG_FMT_EXTERNAL -DSPDLOG_SHARED_LIB -DWIN32_LEAN_AND_MEAN -D_CRT_SECURE_NO_WARNINGS -DCMAKE_INTDIR=\"Debug\" -IP:\Development\personal\games\NextGenGameEngine\engine -IP:\Development\personal\games\NextGenGameEngine\engine\.. -external:IP:\Development\personal\games\NextGenGameEngine\build\vcpkg_installed\x64-windows\include -external:IC:\VulkanSDK\1.4.341.1\include -external:W0 /DWIN32 /D_WINDOWS /EHsc /Zi /Ob0 /Od /RTC1 -std:c++20 -MDd /W4 /permissive- /Zc:__cplusplus /MP /fp:fast /arch:AVX2 /wd4251 /wd4275 /utf-8 /showIncludes /Foengine\CMakeFiles\NextGenEngine.dir\Debug\rhi\common\rhi_render_pass_cache.cpp.obj /Fdengine\CMakeFiles\NextGenEngine.dir\Debug\NextGenEngine.pdb /FS -c P:\Development\personal\games\NextGenGameEngine\engine\rhi\common\rhi_render_pass_cache.cpp
P:\Development\personal\games\NextGenGameEngine\engine/rhi/common/rhi_attachment.h(13): error C2011: 'nge::rhi::LoadOp': 'unsigned enum' type redefinition
P:\Development\personal\games\NextGenGameEngine\engine/rhi/common/rhi_types.h(168): note: see declaration of 'nge::rhi::LoadOp'
P:\Development\personal\games\NextGenGameEngine\engine/rhi/common/rhi_attachment.h(14): error C2011: 'nge::rhi::StoreOp': 'unsigned enum' type redefinition
P:\Development\personal\games\NextGenGameEngine\engine/rhi/common/rhi_types.h(174): note: see declaration of 'nge::rhi::StoreOp'
P:\Development\personal\games\NextGenGameEngine\engine/rhi/common/rhi_attachment.h(16): error C2011: 'nge::rhi::ClearValue': 'struct' type redefinition
P:\Development\personal\games\NextGenGameEngine\engine/rhi/common/rhi_types.h(263): note: see declaration of 'nge::rhi::ClearValue'
P:\Development\personal\games\NextGenGameEngine\engine/rhi/common/rhi_attachment.h(36): error C2079: 'nge::rhi::ColorAttachment::clearValue' uses undefined struct 'nge::rhi::ClearValue'
P:\Development\personal\games\NextGenGameEngine\engine/rhi/common/rhi_attachment.h(34): error C2027: use of undefined type 'nge::rhi::LoadOp'
P:\Development\personal\games\NextGenGameEngine\engine/rhi/common/rhi_types.h(168): note: see declaration of 'nge::rhi::LoadOp'
P:\Development\personal\games\NextGenGameEngine\engine/rhi/common/rhi_attachment.h(34): error C2065: 'Clear': undeclared identifier
P:\Development\personal\games\NextGenGameEngine\engine/rhi/common/rhi_attachment.h(35): error C2027: use of undefined type 'nge::rhi::StoreOp'
P:\Development\personal\games\NextGenGameEngine\engine/rhi/common/rhi_types.h(174): note: see declaration of 'nge::rhi::StoreOp'
P:\Development\personal\games\NextGenGameEngine\engine/rhi/common/rhi_attachment.h(35): error C2065: 'Store': undeclared identifier
P:\Development\personal\games\NextGenGameEngine\engine/rhi/common/rhi_attachment.h(36): error C2027: use of undefined type 'nge::rhi::ClearValue'
P:\Development\personal\games\NextGenGameEngine\engine/rhi/common/rhi_types.h(263): note: see declaration of 'nge::rhi::ClearValue'
P:\Development\personal\games\NextGenGameEngine\engine/rhi/common/rhi_attachment.h(36): error C3861: 'Color': identifier not found
P:\Development\personal\games\NextGenGameEngine\engine/rhi/common/rhi_attachment.h(48): error C2079: 'nge::rhi::DepthStencilAttachment::clearValue' uses undefined struct 'nge::rhi::ClearValue'
P:\Development\personal\games\NextGenGameEngine\engine/rhi/common/rhi_attachment.h(44): error C2027: use of undefined type 'nge::rhi::LoadOp'
P:\Development\personal\games\NextGenGameEngine\engine/rhi/common/rhi_types.h(168): note: see declaration of 'nge::rhi::LoadOp'
P:\Development\personal\games\NextGenGameEngine\engine/rhi/common/rhi_attachment.h(44): error C2065: 'Clear': undeclared identifier
P:\Development\personal\games\NextGenGameEngine\engine/rhi/common/rhi_attachment.h(45): error C2027: use of undefined type 'nge::rhi::StoreOp'
P:\Development\personal\games\NextGenGameEngine\engine/rhi/common/rhi_types.h(174): note: see declaration of 'nge::rhi::StoreOp'
P:\Development\personal\games\NextGenGameEngine\engine/rhi/common/rhi_attachment.h(45): error C2065: 'Store': undeclared identifier
P:\Development\personal\games\NextGenGameEngine\engine/rhi/common/rhi_attachment.h(46): error C2027: use of undefined type 'nge::rhi::LoadOp'
P:\Development\personal\games\NextGenGameEngine\engine/rhi/common/rhi_types.h(168): note: see declaration of 'nge::rhi::LoadOp'
P:\Development\personal\games\NextGenGameEngine\engine/rhi/common/rhi_attachment.h(46): error C2065: 'DontCare': undeclared identifier
P:\Development\personal\games\NextGenGameEngine\engine/rhi/common/rhi_attachment.h(47): error C2027: use of undefined type 'nge::rhi::StoreOp'
P:\Development\personal\games\NextGenGameEngine\engine/rhi/common/rhi_types.h(174): note: see declaration of 'nge::rhi::StoreOp'
P:\Development\personal\games\NextGenGameEngine\engine/rhi/common/rhi_attachment.h(47): error C2065: 'DontCare': undeclared identifier
P:\Development\personal\games\NextGenGameEngine\engine/rhi/common/rhi_attachment.h(48): error C2027: use of undefined type 'nge::rhi::ClearValue'
P:\Development\personal\games\NextGenGameEngine\engine/rhi/common/rhi_types.h(263): note: see declaration of 'nge::rhi::ClearValue'
P:\Development\personal\games\NextGenGameEngine\engine/rhi/common/rhi_attachment.h(48): error C3861: 'Depth': identifier not found
P:\Development\personal\games\NextGenGameEngine\engine/rhi/common/rhi_attachment.h(74): error C2027: use of undefined type 'nge::rhi::StoreOp'
P:\Development\personal\games\NextGenGameEngine\engine/rhi/common/rhi_types.h(174): note: see declaration of 'nge::rhi::StoreOp'
P:\Development\personal\games\NextGenGameEngine\engine/rhi/common/rhi_attachment.h(74): error C2065: 'Store': undeclared identifier
P:\Development\personal\games\NextGenGameEngine\engine/rhi/common/rhi_attachment.h(73): error C2027: use of undefined type 'nge::rhi::LoadOp'
P:\Development\personal\games\NextGenGameEngine\engine/rhi/common/rhi_types.h(168): note: see declaration of 'nge::rhi::LoadOp'
P:\Development\personal\games\NextGenGameEngine\engine/rhi/common/rhi_attachment.h(73): error C2065: 'Clear': undeclared identifier
P:\Development\personal\games\NextGenGameEngine\engine/rhi/common/rhi_render_pass_cache.h(22): error C2838: 'Undefined': illegal qualified name in member declaration
P:\Development\personal\games\NextGenGameEngine\engine/rhi/common/rhi_render_pass_cache.h(22): error C2065: 'Undefined': undeclared identifier
P:\Development\personal\games\NextGenGameEngine\engine/rhi/common/rhi_render_pass_cache.h(26): error C2027: use of undefined type 'nge::rhi::LoadOp'
P:\Development\personal\games\NextGenGameEngine\engine/rhi/common/rhi_types.h(168): note: see declaration of 'nge::rhi::LoadOp'
P:\Development\personal\games\NextGenGameEngine\engine/rhi/common/rhi_render_pass_cache.h(26): error C2065: 'Clear': undeclared identifier
P:\Development\personal\games\NextGenGameEngine\engine/rhi/common/rhi_render_pass_cache.h(27): error C2027: use of undefined type 'nge::rhi::StoreOp'
P:\Development\personal\games\NextGenGameEngine\engine/rhi/common/rhi_types.h(174): note: see declaration of 'nge::rhi::StoreOp'
P:\Development\personal\games\NextGenGameEngine\engine/rhi/common/rhi_render_pass_cache.h(27): error C2065: 'Store': undeclared identifier
[141/297] Building CXX object engine\CMakeFiles\NextGenEngine.dir\Debug\rhi\common\rhi_render_target_pool.cpp.obj
FAILED: [code=2] engine/CMakeFiles/NextGenEngine.dir/Debug/rhi/common/rhi_render_target_pool.cpp.obj 
C:\PROGRA~2\MICROS~2\2019\BUILDT~1\VC\Tools\MSVC\1429~1.301\bin\Hostx64\x64\cl.exe  /nologo /TP -DFMT_SHARED -DNGE_DEBUG=1 -DNGE_ENABLE_ASSERTS=1 -DNGE_ENABLE_MEMORY_TRACKING=1 -DNGE_ENABLE_VULKAN=1 -DNGE_PLATFORM_WINDOWS=1 -DNOMINMAX -DSPDLOG_COMPILED_LIB -DSPDLOG_FMT_EXTERNAL -DSPDLOG_SHARED_LIB -DWIN32_LEAN_AND_MEAN -D_CRT_SECURE_NO_WARNINGS -DCMAKE_INTDIR=\"Debug\" -IP:\Development\personal\games\NextGenGameEngine\engine -IP:\Development\personal\games\NextGenGameEngine\engine\.. -external:IP:\Development\personal\games\NextGenGameEngine\build\vcpkg_installed\x64-windows\include -external:IC:\VulkanSDK\1.4.341.1\include -external:W0 /DWIN32 /D_WINDOWS /EHsc /Zi /Ob0 /Od /RTC1 -std:c++20 -MDd /W4 /permissive- /Zc:__cplusplus /MP /fp:fast /arch:AVX2 /wd4251 /wd4275 /utf-8 /showIncludes /Foengine\CMakeFiles\NextGenEngine.dir\Debug\rhi\common\rhi_render_target_pool.cpp.obj /Fdengine\CMakeFiles\NextGenEngine.dir\Debug\NextGenEngine.pdb /FS -c P:\Development\personal\games\NextGenGameEngine\engine\rhi\common\rhi_render_target_pool.cpp
P:\Development\personal\games\NextGenGameEngine\engine/rhi/common/rhi_render_target_pool.h(18): error C2011: 'nge::rhi::RenderTargetDesc': 'struct' type redefinition
P:\Development\personal\games\NextGenGameEngine\engine/rhi/common/rhi_types.h(359): note: see declaration of 'nge::rhi::RenderTargetDesc'
P:\Development\personal\games\NextGenGameEngine\engine/rhi/common/rhi_render_target_pool.h(31): error C2079: 'nge::rhi::PooledRenderTarget::desc' uses undefined struct 'nge::rhi::RenderTargetDesc'
P:\Development\personal\games\NextGenGameEngine\engine\rhi\common\rhi_render_target_pool.cpp(45): error C2027: use of undefined type 'nge::rhi::RenderTargetDesc'
P:\Development\personal\games\NextGenGameEngine\engine/rhi/common/rhi_types.h(359): note: see declaration of 'nge::rhi::RenderTargetDesc'
P:\Development\personal\games\NextGenGameEngine\engine\rhi\common\rhi_render_target_pool.cpp(46): error C2027: use of undefined type 'nge::rhi::RenderTargetDesc'
P:\Development\personal\games\NextGenGameEngine\engine/rhi/common/rhi_types.h(359): note: see declaration of 'nge::rhi::RenderTargetDesc'
P:\Development\personal\games\NextGenGameEngine\engine\rhi\common\rhi_render_target_pool.cpp(47): error C2027: use of undefined type 'nge::rhi::RenderTargetDesc'
P:\Development\personal\games\NextGenGameEngine\engine/rhi/common/rhi_types.h(359): note: see declaration of 'nge::rhi::RenderTargetDesc'
P:\Development\personal\games\NextGenGameEngine\engine\rhi\common\rhi_render_target_pool.cpp(48): error C2027: use of undefined type 'nge::rhi::RenderTargetDesc'
P:\Development\personal\games\NextGenGameEngine\engine/rhi/common/rhi_types.h(359): note: see declaration of 'nge::rhi::RenderTargetDesc'
P:\Development\personal\games\NextGenGameEngine\engine\rhi\common\rhi_render_target_pool.cpp(49): error C2027: use of undefined type 'nge::rhi::RenderTargetDesc'
P:\Development\personal\games\NextGenGameEngine\engine/rhi/common/rhi_types.h(359): note: see declaration of 'nge::rhi::RenderTargetDesc'
P:\Development\personal\games\NextGenGameEngine\engine\rhi\common\rhi_render_target_pool.cpp(50): error C2039: 'sampleCount': is not a member of 'nge::rhi::TextureDesc'
P:\Development\personal\games\NextGenGameEngine\engine/rhi/common/rhi_types.h(299): note: see declaration of 'nge::rhi::TextureDesc'
P:\Development\personal\games\NextGenGameEngine\engine\rhi\common\rhi_render_target_pool.cpp(50): error C2027: use of undefined type 'nge::rhi::RenderTargetDesc'
P:\Development\personal\games\NextGenGameEngine\engine/rhi/common/rhi_types.h(359): note: see declaration of 'nge::rhi::RenderTargetDesc'
P:\Development\personal\games\NextGenGameEngine\engine\rhi\common\rhi_render_target_pool.cpp(51): error C2838: 'ColorAttachment': illegal qualified name in member declaration
P:\Development\personal\games\NextGenGameEngine\engine\rhi\common\rhi_render_target_pool.cpp(51): error C2065: 'ColorAttachment': undeclared identifier
P:\Development\personal\games\NextGenGameEngine\engine\rhi\common\rhi_render_target_pool.cpp(51): error C2838: 'Sampled': illegal qualified name in member declaration
P:\Development\personal\games\NextGenGameEngine\engine\rhi\common\rhi_render_target_pool.cpp(51): error C2065: 'Sampled': undeclared identifier
P:\Development\personal\games\NextGenGameEngine\engine\rhi\common\rhi_render_target_pool.cpp(52): error C2838: 'Storage': illegal qualified name in member declaration
P:\Development\personal\games\NextGenGameEngine\engine\rhi\common\rhi_render_target_pool.cpp(52): error C2065: 'Storage': undeclared identifier
P:\Development\personal\games\NextGenGameEngine\engine\rhi\common\rhi_render_target_pool.cpp(53): error C2027: use of undefined type 'nge::rhi::RenderTargetDesc'
P:\Development\personal\games\NextGenGameEngine\engine/rhi/common/rhi_types.h(359): note: see declaration of 'nge::rhi::RenderTargetDesc'
P:\Development\personal\games\NextGenGameEngine\engine\rhi\common\rhi_render_target_pool.cpp(55): error C2027: use of undefined type 'nge::rhi::RenderTargetDesc'
P:\Development\personal\games\NextGenGameEngine\engine/rhi/common/rhi_types.h(359): note: see declaration of 'nge::rhi::RenderTargetDesc'
P:\Development\personal\games\NextGenGameEngine\engine\rhi\common\rhi_render_target_pool.cpp(61): error C2027: use of undefined type 'nge::rhi::RenderTargetDesc'
P:\Development\personal\games\NextGenGameEngine\engine/rhi/common/rhi_types.h(359): note: see declaration of 'nge::rhi::RenderTargetDesc'
P:\Development\personal\games\NextGenGameEngine\engine\rhi\common\rhi_render_target_pool.cpp(121): error C2664: 'nge::u64 nge::rhi::RenderTargetPool::EstimateMemory(const nge::rhi::RenderTargetDesc &) const': cannot convert argument 1 from 'const int' to 'const nge::rhi::RenderTargetDesc &'
P:\Development\personal\games\NextGenGameEngine\engine\rhi\common\rhi_render_target_pool.cpp(121): note: Reason: cannot convert from 'const int' to 'const nge::rhi::RenderTargetDesc'
P:\Development\personal\games\NextGenGameEngine\engine\rhi\common\rhi_render_target_pool.cpp(121): note: use of undefined type 'nge::rhi::RenderTargetDesc'
P:\Development\personal\games\NextGenGameEngine\engine/rhi/common/rhi_types.h(359): note: see declaration of 'nge::rhi::RenderTargetDesc'
P:\Development\personal\games\NextGenGameEngine\engine/rhi/common/rhi_render_target_pool.h(73): note: see declaration of 'nge::rhi::RenderTargetPool::EstimateMemory'
P:\Development\personal\games\NextGenGameEngine\engine\rhi\common\rhi_render_target_pool.cpp(127): error C2027: use of undefined type 'nge::rhi::RenderTargetDesc'
P:\Development\personal\games\NextGenGameEngine\engine/rhi/common/rhi_types.h(359): note: see declaration of 'nge::rhi::RenderTargetDesc'
P:\Development\personal\games\NextGenGameEngine\engine\rhi\common\rhi_render_target_pool.cpp(128): error C2027: use of undefined type 'nge::rhi::RenderTargetDesc'
P:\Development\personal\games\NextGenGameEngine\engine/rhi/common/rhi_types.h(359): note: see declaration of 'nge::rhi::RenderTargetDesc'
P:\Development\personal\games\NextGenGameEngine\engine\rhi\common\rhi_render_target_pool.cpp(129): error C2027: use of undefined type 'nge::rhi::RenderTargetDesc'
P:\Development\personal\games\NextGenGameEngine\engine/rhi/common/rhi_types.h(359): note: see declaration of 'nge::rhi::RenderTargetDesc'
P:\Development\personal\games\NextGenGameEngine\engine\rhi\common\rhi_render_target_pool.cpp(130): error C2027: use of undefined type 'nge::rhi::RenderTargetDesc'
P:\Development\personal\games\NextGenGameEngine\engine/rhi/common/rhi_types.h(359): note: see declaration of 'nge::rhi::RenderTargetDesc'
P:\Development\personal\games\NextGenGameEngine\engine\rhi\common\rhi_render_target_pool.cpp(131): error C2027: use of undefined type 'nge::rhi::RenderTargetDesc'
P:\Development\personal\games\NextGenGameEngine\engine/rhi/common/rhi_types.h(359): note: see declaration of 'nge::rhi::RenderTargetDesc'
P:\Development\personal\games\NextGenGameEngine\engine\rhi\common\rhi_render_target_pool.cpp(132): error C2027: use of undefined type 'nge::rhi::RenderTargetDesc'
P:\Development\personal\games\NextGenGameEngine\engine/rhi/common/rhi_types.h(359): note: see declaration of 'nge::rhi::RenderTargetDesc'
P:\Development\personal\games\NextGenGameEngine\engine\rhi\common\rhi_render_target_pool.cpp(137): error C2027: use of undefined type 'nge::rhi::RenderTargetDesc'
P:\Development\personal\games\NextGenGameEngine\engine/rhi/common/rhi_types.h(359): note: see declaration of 'nge::rhi::RenderTargetDesc'
P:\Development\personal\games\NextGenGameEngine\engine\rhi\common\rhi_render_target_pool.cpp(138): error C2440: 'type cast': cannot convert from 'nge::rhi::Format' to 'int'
P:\Development\personal\games\NextGenGameEngine\engine\rhi\common\rhi_render_target_pool.cpp(138): note: This conversion requires an explicit cast (static_cast, C-style cast or function-style cast)
P:\Development\personal\games\NextGenGameEngine\engine\rhi\common\rhi_render_target_pool.cpp(138): error C2046: illegal case
P:\Development\personal\games\NextGenGameEngine\engine\rhi\common\rhi_render_target_pool.cpp(139): error C2440: 'type cast': cannot convert from 'nge::rhi::Format' to 'int'
P:\Development\personal\games\NextGenGameEngine\engine\rhi\common\rhi_render_target_pool.cpp(139): note: This conversion requires an explicit cast (static_cast, C-style cast or function-style cast)
P:\Development\personal\games\NextGenGameEngine\engine\rhi\common\rhi_render_target_pool.cpp(139): error C2046: illegal case
P:\Development\personal\games\NextGenGameEngine\engine\rhi\common\rhi_render_target_pool.cpp(140): error C2440: 'type cast': cannot convert from 'nge::rhi::Format' to 'int'
P:\Development\personal\games\NextGenGameEngine\engine\rhi\common\rhi_render_target_pool.cpp(140): note: This conversion requires an explicit cast (static_cast, C-style cast or function-style cast)
P:\Development\personal\games\NextGenGameEngine\engine\rhi\common\rhi_render_target_pool.cpp(140): error C2046: illegal case
P:\Development\personal\games\NextGenGameEngine\engine\rhi\common\rhi_render_target_pool.cpp(141): error C2440: 'type cast': cannot convert from 'nge::rhi::Format' to 'int'
P:\Development\personal\games\NextGenGameEngine\engine\rhi\common\rhi_render_target_pool.cpp(141): note: This conversion requires an explicit cast (static_cast, C-style cast or function-style cast)
P:\Development\personal\games\NextGenGameEngine\engine\rhi\common\rhi_render_target_pool.cpp(141): error C2046: illegal case
P:\Development\personal\games\NextGenGameEngine\engine\rhi\common\rhi_render_target_pool.cpp(142): error C2440: 'type cast': cannot convert from 'nge::rhi::Format' to 'int'
P:\Development\personal\games\NextGenGameEngine\engine\rhi\common\rhi_render_target_pool.cpp(142): note: This conversion requires an explicit cast (static_cast, C-style cast or function-style cast)
P:\Development\personal\games\NextGenGameEngine\engine\rhi\common\rhi_render_target_pool.cpp(142): error C2046: illegal case
P:\Development\personal\games\NextGenGameEngine\engine\rhi\common\rhi_render_target_pool.cpp(145): error C2027: use of undefined type 'nge::rhi::RenderTargetDesc'
P:\Development\personal\games\NextGenGameEngine\engine/rhi/common/rhi_types.h(359): note: see declaration of 'nge::rhi::RenderTargetDesc'
P:\Development\personal\games\NextGenGameEngine\engine\rhi\common\rhi_render_target_pool.cpp(146): error C2027: use of undefined type 'nge::rhi::RenderTargetDesc'
P:\Development\personal\games\NextGenGameEngine\engine/rhi/common/rhi_types.h(359): note: see declaration of 'nge::rhi::RenderTargetDesc'
[142/297] Building CXX object engine\CMakeFiles\NextGenEngine.dir\Debug\rhi\common\rhi_resource_validator.cpp.obj
FAILED: [code=2] engine/CMakeFiles/NextGenEngine.dir/Debug/rhi/common/rhi_resource_validator.cpp.obj 
C:\PROGRA~2\MICROS~2\2019\BUILDT~1\VC\Tools\MSVC\1429~1.301\bin\Hostx64\x64\cl.exe  /nologo /TP -DFMT_SHARED -DNGE_DEBUG=1 -DNGE_ENABLE_ASSERTS=1 -DNGE_ENABLE_MEMORY_TRACKING=1 -DNGE_ENABLE_VULKAN=1 -DNGE_PLATFORM_WINDOWS=1 -DNOMINMAX -DSPDLOG_COMPILED_LIB -DSPDLOG_FMT_EXTERNAL -DSPDLOG_SHARED_LIB -DWIN32_LEAN_AND_MEAN -D_CRT_SECURE_NO_WARNINGS -DCMAKE_INTDIR=\"Debug\" -IP:\Development\personal\games\NextGenGameEngine\engine -IP:\Development\personal\games\NextGenGameEngine\engine\.. -external:IP:\Development\personal\games\NextGenGameEngine\build\vcpkg_installed\x64-windows\include -external:IC:\VulkanSDK\1.4.341.1\include -external:W0 /DWIN32 /D_WINDOWS /EHsc /Zi /Ob0 /Od /RTC1 -std:c++20 -MDd /W4 /permissive- /Zc:__cplusplus /MP /fp:fast /arch:AVX2 /wd4251 /wd4275 /utf-8 /showIncludes /Foengine\CMakeFiles\NextGenEngine.dir\Debug\rhi\common\rhi_resource_validator.cpp.obj /Fdengine\CMakeFiles\NextGenEngine.dir\Debug\NextGenEngine.pdb /FS -c P:\Development\personal\games\NextGenGameEngine\engine\rhi\common\rhi_resource_validator.cpp
P:\Development\personal\games\NextGenGameEngine\engine/rhi/common/rhi_resource_validator.h(31): error C2011: 'nge::rhi::ResourceState': 'unsigned enum' type redefinition
P:\Development\personal\games\NextGenGameEngine\engine/rhi/common/rhi_types.h(240): note: see declaration of 'nge::rhi::ResourceState'
P:\Development\personal\games\NextGenGameEngine\engine\rhi\common\rhi_resource_validator.cpp(22): error C2027: use of undefined type 'nge::rhi::ResourceState'
P:\Development\personal\games\NextGenGameEngine\engine/rhi/common/rhi_types.h(240): note: see declaration of 'nge::rhi::ResourceState'
P:\Development\personal\games\NextGenGameEngine\engine\rhi\common\rhi_resource_validator.cpp(22): error C2065: 'Destroyed': undeclared identifier
P:\Development\personal\games\NextGenGameEngine\engine\rhi\common\rhi_resource_validator.cpp(49): error C2027: use of undefined type 'nge::rhi::ResourceState'
P:\Development\personal\games\NextGenGameEngine\engine/rhi/common/rhi_types.h(240): note: see declaration of 'nge::rhi::ResourceState'
P:\Development\personal\games\NextGenGameEngine\engine\rhi\common\rhi_resource_validator.cpp(49): error C2065: 'Uninitialized': undeclared identifier
P:\Development\personal\games\NextGenGameEngine\engine\rhi\common\rhi_resource_validator.cpp(71): error C2027: use of undefined type 'nge::rhi::ResourceState'
P:\Development\personal\games\NextGenGameEngine\engine/rhi/common/rhi_types.h(240): note: see declaration of 'nge::rhi::ResourceState'
P:\Development\personal\games\NextGenGameEngine\engine\rhi\common\rhi_resource_validator.cpp(71): error C2065: 'Writing': undeclared identifier
P:\Development\personal\games\NextGenGameEngine\engine\rhi\common\rhi_resource_validator.cpp(71): error C2027: use of undefined type 'nge::rhi::ResourceState'
P:\Development\personal\games\NextGenGameEngine\engine/rhi/common/rhi_types.h(240): note: see declaration of 'nge::rhi::ResourceState'
P:\Development\personal\games\NextGenGameEngine\engine\rhi\common\rhi_resource_validator.cpp(71): error C2065: 'Reading': undeclared identifier
P:\Development\personal\games\NextGenGameEngine\engine\rhi\common\rhi_resource_validator.cpp(100): error C2027: use of undefined type 'nge::rhi::ResourceState'
P:\Development\personal\games\NextGenGameEngine\engine/rhi/common/rhi_types.h(240): note: see declaration of 'nge::rhi::ResourceState'
P:\Development\personal\games\NextGenGameEngine\engine\rhi\common\rhi_resource_validator.cpp(100): error C2065: 'Uninitialized': undeclared identifier
P:\Development\personal\games\NextGenGameEngine\engine\rhi\common\rhi_resource_validator.cpp(107): error C2027: use of undefined type 'nge::rhi::ResourceState'
P:\Development\personal\games\NextGenGameEngine\engine/rhi/common/rhi_types.h(240): note: see declaration of 'nge::rhi::ResourceState'
P:\Development\personal\games\NextGenGameEngine\engine\rhi\common\rhi_resource_validator.cpp(107): error C2065: 'Writing': undeclared identifier
P:\Development\personal\games\NextGenGameEngine\engine\rhi\common\rhi_resource_validator.cpp(115): error C2027: use of undefined type 'nge::rhi::ResourceState'
P:\Development\personal\games\NextGenGameEngine\engine/rhi/common/rhi_types.h(240): note: see declaration of 'nge::rhi::ResourceState'
P:\Development\personal\games\NextGenGameEngine\engine\rhi\common\rhi_resource_validator.cpp(115): error C2065: 'Reading': undeclared identifier
P:\Development\personal\games\NextGenGameEngine\engine\rhi\common\rhi_resource_validator.cpp(138): error C2027: use of undefined type 'nge::rhi::ResourceState'
P:\Development\personal\games\NextGenGameEngine\engine/rhi/common/rhi_types.h(240): note: see declaration of 'nge::rhi::ResourceState'
P:\Development\personal\games\NextGenGameEngine\engine\rhi\common\rhi_resource_validator.cpp(138): error C2065: 'Reading': undeclared identifier
P:\Development\personal\games\NextGenGameEngine\engine\rhi\common\rhi_resource_validator.cpp(146): error C2027: use of undefined type 'nge::rhi::ResourceState'
P:\Development\personal\games\NextGenGameEngine\engine/rhi/common/rhi_types.h(240): note: see declaration of 'nge::rhi::ResourceState'
P:\Development\personal\games\NextGenGameEngine\engine\rhi\common\rhi_resource_validator.cpp(146): error C2065: 'Writing': undeclared identifier
P:\Development\personal\games\NextGenGameEngine\engine\rhi\common\rhi_resource_validator.cpp(153): error C2027: use of undefined type 'nge::rhi::ResourceState'
P:\Development\personal\games\NextGenGameEngine\engine/rhi/common/rhi_types.h(240): note: see declaration of 'nge::rhi::ResourceState'
P:\Development\personal\games\NextGenGameEngine\engine\rhi\common\rhi_resource_validator.cpp(153): error C2065: 'Writing': undeclared identifier
P:\Development\personal\games\NextGenGameEngine\engine\rhi\common\rhi_resource_validator.cpp(185): error C2027: use of undefined type 'nge::rhi::ResourceState'
P:\Development\personal\games\NextGenGameEngine\engine/rhi/common/rhi_types.h(240): note: see declaration of 'nge::rhi::ResourceState'
P:\Development\personal\games\NextGenGameEngine\engine\rhi\common\rhi_resource_validator.cpp(185): error C2065: 'Uninitialized': undeclared identifier
P:\Development\personal\games\NextGenGameEngine\engine\rhi\common\rhi_resource_validator.cpp(200): error C2027: use of undefined type 'nge::rhi::ResourceState'
P:\Development\personal\games\NextGenGameEngine\engine/rhi/common/rhi_types.h(240): note: see declaration of 'nge::rhi::ResourceState'
P:\Development\personal\games\NextGenGameEngine\engine\rhi\common\rhi_resource_validator.cpp(200): error C2065: 'Writing': undeclared identifier
P:\Development\personal\games\NextGenGameEngine\engine\rhi\common\rhi_resource_validator.cpp(209): error C2027: use of undefined type 'nge::rhi::ResourceState'
P:\Development\personal\games\NextGenGameEngine\engine/rhi/common/rhi_types.h(240): note: see declaration of 'nge::rhi::ResourceState'
P:\Development\personal\games\NextGenGameEngine\engine\rhi\common\rhi_resource_validator.cpp(209): error C2065: 'Idle': undeclared identifier
[143/297] Building CXX object engine\CMakeFiles\NextGenEngine.dir\Debug\rhi\common\rhi_render_pass_manager.cpp.obj
[144/297] Building CXX object engine\CMakeFiles\NextGenEngine.dir\Debug\rhi\common\rhi_render_pass_merge_optimizer.cpp.obj
[145/297] Building CXX object engine\CMakeFiles\NextGenEngine.dir\Debug\rhi\common\rhi_renderpass_merge_optimizer.cpp.obj
[146/297] Building CXX object engine\CMakeFiles\NextGenEngine.dir\Debug\rhi\common\rhi_resource_lifetime.cpp.obj
[147/297] Building CXX object engine\CMakeFiles\NextGenEngine.dir\Debug\rhi\common\rhi_resource_transition_tracker.cpp.obj
[148/297] Building CXX object engine\CMakeFiles\NextGenEngine.dir\Debug\rhi\common\rhi_resource_version_tracker.cpp.obj
[149/297] Building CXX object engine\CMakeFiles\NextGenEngine.dir\Debug\rhi\common\rhi_ring_allocator.cpp.obj
[150/297] Building CXX object engine\CMakeFiles\NextGenEngine.dir\Debug\rhi\common\rhi_sampler_pool.cpp.obj
FAILED: [code=2] engine/CMakeFiles/NextGenEngine.dir/Debug/rhi/common/rhi_sampler_pool.cpp.obj 
C:\PROGRA~2\MICROS~2\2019\BUILDT~1\VC\Tools\MSVC\1429~1.301\bin\Hostx64\x64\cl.exe  /nologo /TP -DFMT_SHARED -DNGE_DEBUG=1 -DNGE_ENABLE_ASSERTS=1 -DNGE_ENABLE_MEMORY_TRACKING=1 -DNGE_ENABLE_VULKAN=1 -DNGE_PLATFORM_WINDOWS=1 -DNOMINMAX -DSPDLOG_COMPILED_LIB -DSPDLOG_FMT_EXTERNAL -DSPDLOG_SHARED_LIB -DWIN32_LEAN_AND_MEAN -D_CRT_SECURE_NO_WARNINGS -DCMAKE_INTDIR=\"Debug\" -IP:\Development\personal\games\NextGenGameEngine\engine -IP:\Development\personal\games\NextGenGameEngine\engine\.. -external:IP:\Development\personal\games\NextGenGameEngine\build\vcpkg_installed\x64-windows\include -external:IC:\VulkanSDK\1.4.341.1\include -external:W0 /DWIN32 /D_WINDOWS /EHsc /Zi /Ob0 /Od /RTC1 -std:c++20 -MDd /W4 /permissive- /Zc:__cplusplus /MP /fp:fast /arch:AVX2 /wd4251 /wd4275 /utf-8 /showIncludes /Foengine\CMakeFiles\NextGenEngine.dir\Debug\rhi\common\rhi_sampler_pool.cpp.obj /Fdengine\CMakeFiles\NextGenEngine.dir\Debug\NextGenEngine.pdb /FS -c P:\Development\personal\games\NextGenGameEngine\engine\rhi\common\rhi_sampler_pool.cpp
P:\Development\personal\games\NextGenGameEngine\engine/rhi/common/rhi_sampler_pool.h(15): error C2011: 'nge::rhi::FilterMode': 'unsigned enum' type redefinition
P:\Development\personal\games\NextGenGameEngine\engine/rhi/common/rhi_types.h(223): note: see declaration of 'nge::rhi::FilterMode'
P:\Development\personal\games\NextGenGameEngine\engine/rhi/common/rhi_sampler_pool.h(21): error C2011: 'nge::rhi::AddressMode': 'unsigned enum' type redefinition
P:\Development\personal\games\NextGenGameEngine\engine/rhi/common/rhi_types.h(228): note: see declaration of 'nge::rhi::AddressMode'
P:\Development\personal\games\NextGenGameEngine\engine/rhi/common/rhi_sampler_pool.h(28): error C2011: 'nge::rhi::CompareOp': 'unsigned enum' type redefinition
P:\Development\personal\games\NextGenGameEngine\engine/rhi/common/rhi_types.h(179): note: see declaration of 'nge::rhi::CompareOp'
P:\Development\personal\games\NextGenGameEngine\engine/rhi/common/rhi_sampler_pool.h(39): error C2011: 'nge::rhi::SamplerDesc': 'struct' type redefinition
P:\Development\personal\games\NextGenGameEngine\engine/rhi/common/rhi_types.h(312): note: see declaration of 'nge::rhi::SamplerDesc'
P:\Development\personal\games\NextGenGameEngine\engine\rhi\common\rhi_sampler_pool.cpp(6): error C2027: use of undefined type 'nge::rhi::SamplerDesc'
P:\Development\personal\games\NextGenGameEngine\engine/rhi/common/rhi_types.h(312): note: see declaration of 'nge::rhi::SamplerDesc'
P:\Development\personal\games\NextGenGameEngine\engine\rhi\common\rhi_sampler_pool.cpp(6): error C2270: '==': modifiers not allowed on nonmember functions
P:\Development\personal\games\NextGenGameEngine\engine\rhi\common\rhi_sampler_pool.cpp(7): error C2065: 'minFilter': undeclared identifier
P:\Development\personal\games\NextGenGameEngine\engine\rhi\common\rhi_sampler_pool.cpp(7): error C2027: use of undefined type 'nge::rhi::SamplerDesc'
P:\Development\personal\games\NextGenGameEngine\engine/rhi/common/rhi_types.h(312): note: see declaration of 'nge::rhi::SamplerDesc'
P:\Development\personal\games\NextGenGameEngine\engine\rhi\common\rhi_sampler_pool.cpp(8): error C2065: 'magFilter': undeclared identifier
P:\Development\personal\games\NextGenGameEngine\engine\rhi\common\rhi_sampler_pool.cpp(8): error C2027: use of undefined type 'nge::rhi::SamplerDesc'
P:\Development\personal\games\NextGenGameEngine\engine/rhi/common/rhi_types.h(312): note: see declaration of 'nge::rhi::SamplerDesc'
P:\Development\personal\games\NextGenGameEngine\engine\rhi\common\rhi_sampler_pool.cpp(9): error C2065: 'mipFilter': undeclared identifier
P:\Development\personal\games\NextGenGameEngine\engine\rhi\common\rhi_sampler_pool.cpp(9): error C2027: use of undefined type 'nge::rhi::SamplerDesc'
P:\Development\personal\games\NextGenGameEngine\engine/rhi/common/rhi_types.h(312): note: see declaration of 'nge::rhi::SamplerDesc'
P:\Development\personal\games\NextGenGameEngine\engine\rhi\common\rhi_sampler_pool.cpp(10): error C2065: 'addressU': undeclared identifier
P:\Development\personal\games\NextGenGameEngine\engine\rhi\common\rhi_sampler_pool.cpp(10): error C2027: use of undefined type 'nge::rhi::SamplerDesc'
P:\Development\personal\games\NextGenGameEngine\engine/rhi/common/rhi_types.h(312): note: see declaration of 'nge::rhi::SamplerDesc'
P:\Development\personal\games\NextGenGameEngine\engine\rhi\common\rhi_sampler_pool.cpp(11): error C2065: 'addressV': undeclared identifier
P:\Development\personal\games\NextGenGameEngine\engine\rhi\common\rhi_sampler_pool.cpp(11): error C2027: use of undefined type 'nge::rhi::SamplerDesc'
P:\Development\personal\games\NextGenGameEngine\engine/rhi/common/rhi_types.h(312): note: see declaration of 'nge::rhi::SamplerDesc'
P:\Development\personal\games\NextGenGameEngine\engine\rhi\common\rhi_sampler_pool.cpp(12): error C2065: 'addressW': undeclared identifier
P:\Development\personal\games\NextGenGameEngine\engine\rhi\common\rhi_sampler_pool.cpp(12): error C2027: use of undefined type 'nge::rhi::SamplerDesc'
P:\Development\personal\games\NextGenGameEngine\engine/rhi/common/rhi_types.h(312): note: see declaration of 'nge::rhi::SamplerDesc'
P:\Development\personal\games\NextGenGameEngine\engine\rhi\common\rhi_sampler_pool.cpp(13): error C2065: 'mipLodBias': undeclared identifier
P:\Development\personal\games\NextGenGameEngine\engine\rhi\common\rhi_sampler_pool.cpp(13): error C2027: use of undefined type 'nge::rhi::SamplerDesc'
P:\Development\personal\games\NextGenGameEngine\engine/rhi/common/rhi_types.h(312): note: see declaration of 'nge::rhi::SamplerDesc'
P:\Development\personal\games\NextGenGameEngine\engine\rhi\common\rhi_sampler_pool.cpp(14): error C2065: 'maxAnisotropy': undeclared identifier
P:\Development\personal\games\NextGenGameEngine\engine\rhi\common\rhi_sampler_pool.cpp(14): error C2027: use of undefined type 'nge::rhi::SamplerDesc'
P:\Development\personal\games\NextGenGameEngine\engine/rhi/common/rhi_types.h(312): note: see declaration of 'nge::rhi::SamplerDesc'
P:\Development\personal\games\NextGenGameEngine\engine\rhi\common\rhi_sampler_pool.cpp(15): error C2065: 'enableCompare': undeclared identifier
P:\Development\personal\games\NextGenGameEngine\engine\rhi\common\rhi_sampler_pool.cpp(15): error C2027: use of undefined type 'nge::rhi::SamplerDesc'
P:\Development\personal\games\NextGenGameEngine\engine/rhi/common/rhi_types.h(312): note: see declaration of 'nge::rhi::SamplerDesc'
P:\Development\personal\games\NextGenGameEngine\engine\rhi\common\rhi_sampler_pool.cpp(16): error C2065: 'compareOp': undeclared identifier
P:\Development\personal\games\NextGenGameEngine\engine\rhi\common\rhi_sampler_pool.cpp(16): error C2027: use of undefined type 'nge::rhi::SamplerDesc'
P:\Development\personal\games\NextGenGameEngine\engine/rhi/common/rhi_types.h(312): note: see declaration of 'nge::rhi::SamplerDesc'
P:\Development\personal\games\NextGenGameEngine\engine\rhi\common\rhi_sampler_pool.cpp(17): error C2065: 'minLod': undeclared identifier
P:\Development\personal\games\NextGenGameEngine\engine\rhi\common\rhi_sampler_pool.cpp(17): error C2027: use of undefined type 'nge::rhi::SamplerDesc'
P:\Development\personal\games\NextGenGameEngine\engine/rhi/common/rhi_types.h(312): note: see declaration of 'nge::rhi::SamplerDesc'
P:\Development\personal\games\NextGenGameEngine\engine\rhi\common\rhi_sampler_pool.cpp(18): error C2065: 'maxLod': undeclared identifier
P:\Development\personal\games\NextGenGameEngine\engine\rhi\common\rhi_sampler_pool.cpp(18): error C2027: use of undefined type 'nge::rhi::SamplerDesc'
P:\Development\personal\games\NextGenGameEngine\engine/rhi/common/rhi_types.h(312): note: see declaration of 'nge::rhi::SamplerDesc'
P:\Development\personal\games\NextGenGameEngine\engine\rhi\common\rhi_sampler_pool.cpp(19): error C2065: 'unnormalizedCoordinates': undeclared identifier
P:\Development\personal\games\NextGenGameEngine\engine\rhi\common\rhi_sampler_pool.cpp(19): error C2027: use of undefined type 'nge::rhi::SamplerDesc'
P:\Development\personal\games\NextGenGameEngine\engine/rhi/common/rhi_types.h(312): note: see declaration of 'nge::rhi::SamplerDesc'
P:\Development\personal\games\NextGenGameEngine\engine\rhi\common\rhi_sampler_pool.cpp(27): error C2027: use of undefined type 'nge::rhi::SamplerDesc'
P:\Development\personal\games\NextGenGameEngine\engine/rhi/common/rhi_types.h(312): note: see declaration of 'nge::rhi::SamplerDesc'
P:\Development\personal\games\NextGenGameEngine\engine\rhi\common\rhi_sampler_pool.cpp(28): error C2027: use of undefined type 'nge::rhi::SamplerDesc'
P:\Development\personal\games\NextGenGameEngine\engine/rhi/common/rhi_types.h(312): note: see declaration of 'nge::rhi::SamplerDesc'
P:\Development\personal\games\NextGenGameEngine\engine\rhi\common\rhi_sampler_pool.cpp(29): error C2027: use of undefined type 'nge::rhi::SamplerDesc'
P:\Development\personal\games\NextGenGameEngine\engine/rhi/common/rhi_types.h(312): note: see declaration of 'nge::rhi::SamplerDesc'
P:\Development\personal\games\NextGenGameEngine\engine\rhi\common\rhi_sampler_pool.cpp(30): error C2027: use of undefined type 'nge::rhi::SamplerDesc'
P:\Development\personal\games\NextGenGameEngine\engine/rhi/common/rhi_types.h(312): note: see declaration of 'nge::rhi::SamplerDesc'
P:\Development\personal\games\NextGenGameEngine\engine\rhi\common\rhi_sampler_pool.cpp(31): error C2027: use of undefined type 'nge::rhi::SamplerDesc'
P:\Development\personal\games\NextGenGameEngine\engine/rhi/common/rhi_types.h(312): note: see declaration of 'nge::rhi::SamplerDesc'
P:\Development\personal\games\NextGenGameEngine\engine\rhi\common\rhi_sampler_pool.cpp(32): error C2027: use of undefined type 'nge::rhi::SamplerDesc'
P:\Development\personal\games\NextGenGameEngine\engine/rhi/common/rhi_types.h(312): note: see declaration of 'nge::rhi::SamplerDesc'
P:\Development\personal\games\NextGenGameEngine\engine\rhi\common\rhi_sampler_pool.cpp(33): error C2027: use of undefined type 'nge::rhi::SamplerDesc'
P:\Development\personal\games\NextGenGameEngine\engine/rhi/common/rhi_types.h(312): note: see declaration of 'nge::rhi::SamplerDesc'
P:\Development\personal\games\NextGenGameEngine\engine\rhi\common\rhi_sampler_pool.cpp(34): error C2027: use of undefined type 'nge::rhi::SamplerDesc'
P:\Development\personal\games\NextGenGameEngine\engine/rhi/common/rhi_types.h(312): note: see declaration of 'nge::rhi::SamplerDesc'
P:\Development\personal\games\NextGenGameEngine\engine\rhi\common\rhi_sampler_pool.cpp(35): error C2027: use of undefined type 'nge::rhi::SamplerDesc'
P:\Development\personal\games\NextGenGameEngine\engine/rhi/common/rhi_types.h(312): note: see declaration of 'nge::rhi::SamplerDesc'
P:\Development\personal\games\NextGenGameEngine\engine\rhi\common\rhi_sampler_pool.cpp(36): error C2027: use of undefined type 'nge::rhi::SamplerDesc'
P:\Development\personal\games\NextGenGameEngine\engine/rhi/common/rhi_types.h(312): note: see declaration of 'nge::rhi::SamplerDesc'
C:\Program Files (x86)\Microsoft Visual Studio\2019\BuildTools\VC\Tools\MSVC\14.29.30133\include\utility(324): error C2079: 'std::pair<const nge::rhi::SamplerDesc,nge::rhi::SamplerHandle>::first' uses undefined struct 'nge::rhi::SamplerDesc'
P:\Development\personal\games\NextGenGameEngine\engine\rhi\common\rhi_sampler_pool.cpp(56): note: see reference to class template instantiation 'std::pair<const nge::rhi::SamplerDesc,nge::rhi::SamplerHandle>' being compiled
P:\Development\personal\games\NextGenGameEngine\engine\rhi\common\rhi_sampler_pool.cpp(83): error C2079: 'desc' uses undefined struct 'nge::rhi::SamplerDesc'
P:\Development\personal\games\NextGenGameEngine\engine\rhi\common\rhi_sampler_pool.cpp(84): error C2027: use of undefined type 'nge::rhi::FilterMode'
P:\Development\personal\games\NextGenGameEngine\engine/rhi/common/rhi_types.h(223): note: see declaration of 'nge::rhi::FilterMode'
P:\Development\personal\games\NextGenGameEngine\engine\rhi\common\rhi_sampler_pool.cpp(84): error C2065: 'Linear': undeclared identifier
P:\Development\personal\games\NextGenGameEngine\engine\rhi\common\rhi_sampler_pool.cpp(85): error C2027: use of undefined type 'nge::rhi::FilterMode'
P:\Development\personal\games\NextGenGameEngine\engine/rhi/common/rhi_types.h(223): note: see declaration of 'nge::rhi::FilterMode'
P:\Development\personal\games\NextGenGameEngine\engine\rhi\common\rhi_sampler_pool.cpp(85): error C2065: 'Linear': undeclared identifier
P:\Development\personal\games\NextGenGameEngine\engine\rhi\common\rhi_sampler_pool.cpp(86): error C2027: use of undefined type 'nge::rhi::FilterMode'
P:\Development\personal\games\NextGenGameEngine\engine/rhi/common/rhi_types.h(223): note: see declaration of 'nge::rhi::FilterMode'
P:\Development\personal\games\NextGenGameEngine\engine\rhi\common\rhi_sampler_pool.cpp(86): error C2065: 'Linear': undeclared identifier
P:\Development\personal\games\NextGenGameEngine\engine\rhi\common\rhi_sampler_pool.cpp(87): error C2027: use of undefined type 'nge::rhi::AddressMode'
P:\Development\personal\games\NextGenGameEngine\engine/rhi/common/rhi_types.h(228): note: see declaration of 'nge::rhi::AddressMode'
P:\Development\personal\games\NextGenGameEngine\engine\rhi\common\rhi_sampler_pool.cpp(87): error C2065: 'ClampToEdge': undeclared identifier
P:\Development\personal\games\NextGenGameEngine\engine\rhi\common\rhi_sampler_pool.cpp(88): error C2027: use of undefined type 'nge::rhi::AddressMode'
P:\Development\personal\games\NextGenGameEngine\engine/rhi/common/rhi_types.h(228): note: see declaration of 'nge::rhi::AddressMode'
P:\Development\personal\games\NextGenGameEngine\engine\rhi\common\rhi_sampler_pool.cpp(88): error C2065: 'ClampToEdge': undeclared identifier
P:\Development\personal\games\NextGenGameEngine\engine\rhi\common\rhi_sampler_pool.cpp(89): error C2027: use of undefined type 'nge::rhi::AddressMode'
P:\Development\personal\games\NextGenGameEngine\engine/rhi/common/rhi_types.h(228): note: see declaration of 'nge::rhi::AddressMode'
P:\Development\personal\games\NextGenGameEngine\engine\rhi\common\rhi_sampler_pool.cpp(89): error C2065: 'ClampToEdge': undeclared identifier
P:\Development\personal\games\NextGenGameEngine\engine\rhi\common\rhi_sampler_pool.cpp(90): error C2664: 'nge::rhi::SamplerHandle nge::rhi::SamplerPool::GetOrCreate(const nge::rhi::SamplerDesc &)': cannot convert argument 1 from 'int' to 'const nge::rhi::SamplerDesc &'
P:\Development\personal\games\NextGenGameEngine\engine\rhi\common\rhi_sampler_pool.cpp(90): note: Reason: cannot convert from 'int' to 'const nge::rhi::SamplerDesc'
P:\Development\personal\games\NextGenGameEngine\engine\rhi\common\rhi_sampler_pool.cpp(90): note: use of undefined type 'nge::rhi::SamplerDesc'
P:\Development\personal\games\NextGenGameEngine\engine/rhi/common/rhi_types.h(312): note: see declaration of 'nge::rhi::SamplerDesc'
P:\Development\personal\games\NextGenGameEngine\engine\rhi\common\rhi_sampler_pool.cpp(52): note: see declaration of 'nge::rhi::SamplerPool::GetOrCreate'
P:\Development\personal\games\NextGenGameEngine\engine\rhi\common\rhi_sampler_pool.cpp(94): error C2079: 'desc' uses undefined struct 'nge::rhi::SamplerDesc'
P:\Development\personal\games\NextGenGameEngine\engine\rhi\common\rhi_sampler_pool.cpp(95): error C2027: use of undefined type 'nge::rhi::FilterMode'
P:\Development\personal\games\NextGenGameEngine\engine/rhi/common/rhi_types.h(223): note: see declaration of 'nge::rhi::FilterMode'
P:\Development\personal\games\NextGenGameEngine\engine\rhi\common\rhi_sampler_pool.cpp(95): error C2065: 'Linear': undeclared identifier
P:\Development\personal\games\NextGenGameEngine\engine\rhi\common\rhi_sampler_pool.cpp(96): error C2027: use of undefined type 'nge::rhi::FilterMode'
P:\Development\personal\games\NextGenGameEngine\engine/rhi/common/rhi_types.h(223): note: see declaration of 'nge::rhi::FilterMode'
P:\Development\personal\games\NextGenGameEngine\engine\rhi\common\rhi_sampler_pool.cpp(96): error C2065: 'Linear': undeclared identifier
P:\Development\personal\games\NextGenGameEngine\engine\rhi\common\rhi_sampler_pool.cpp(97): error C2027: use of undefined type 'nge::rhi::FilterMode'
P:\Development\personal\games\NextGenGameEngine\engine/rhi/common/rhi_types.h(223): note: see declaration of 'nge::rhi::FilterMode'
P:\Development\personal\games\NextGenGameEngine\engine\rhi\common\rhi_sampler_pool.cpp(97): error C2065: 'Linear': undeclared identifier
P:\Development\personal\games\NextGenGameEngine\engine\rhi\common\rhi_sampler_pool.cpp(98): error C2027: use of undefined type 'nge::rhi::AddressMode'
P:\Development\personal\games\NextGenGameEngine\engine/rhi/common/rhi_types.h(228): note: see declaration of 'nge::rhi::AddressMode'
P:\Development\personal\games\NextGenGameEngine\engine\rhi\common\rhi_sampler_pool.cpp(98): error C2065: 'Repeat': undeclared identifier
P:\Development\personal\games\NextGenGameEngine\engine\rhi\common\rhi_sampler_pool.cpp(99): error C2027: use of undefined type 'nge::rhi::AddressMode'
P:\Development\personal\games\NextGenGameEngine\engine/rhi/common/rhi_types.h(228): note: see declaration of 'nge::rhi::AddressMode'
P:\Development\personal\games\NextGenGameEngine\engine\rhi\common\rhi_sampler_pool.cpp(99): error C2065: 'Repeat': undeclared identifier
P:\Development\personal\games\NextGenGameEngine\engine\rhi\common\rhi_sampler_pool.cpp(100): error C2027: use of undefined type 'nge::rhi::AddressMode'
P:\Development\personal\games\NextGenGameEngine\engine/rhi/common/rhi_types.h(228): note: see declaration of 'nge::rhi::AddressMode'
P:\Development\personal\games\NextGenGameEngine\engine\rhi\common\rhi_sampler_pool.cpp(100): error C2065: 'Repeat': undeclared identifier
P:\Development\personal\games\NextGenGameEngine\engine\rhi\common\rhi_sampler_pool.cpp(101): error C2664: 'nge::rhi::SamplerHandle nge::rhi::SamplerPool::GetOrCreate(const nge::rhi::SamplerDesc &)': cannot convert argument 1 from 'int' to 'const nge::rhi::SamplerDesc &'
P:\Development\personal\games\NextGenGameEngine\engine\rhi\common\rhi_sampler_pool.cpp(101): note: Reason: cannot convert from 'int' to 'const nge::rhi::SamplerDesc'
P:\Development\personal\games\NextGenGameEngine\engine\rhi\common\rhi_sampler_pool.cpp(101): note: use of undefined type 'nge::rhi::SamplerDesc'
P:\Development\personal\games\NextGenGameEngine\engine/rhi/common/rhi_types.h(312): note: see declaration of 'nge::rhi::SamplerDesc'
P:\Development\personal\games\NextGenGameEngine\engine\rhi\common\rhi_sampler_pool.cpp(52): note: see declaration of 'nge::rhi::SamplerPool::GetOrCreate'
P:\Development\personal\games\NextGenGameEngine\engine\rhi\common\rhi_sampler_pool.cpp(105): error C2079: 'desc' uses undefined struct 'nge::rhi::SamplerDesc'
P:\Development\personal\games\NextGenGameEngine\engine\rhi\common\rhi_sampler_pool.cpp(106): error C2027: use of undefined type 'nge::rhi::FilterMode'
P:\Development\personal\games\NextGenGameEngine\engine/rhi/common/rhi_types.h(223): note: see declaration of 'nge::rhi::FilterMode'
P:\Development\personal\games\NextGenGameEngine\engine\rhi\common\rhi_sampler_pool.cpp(106): error C2065: 'Nearest': undeclared identifier
P:\Development\personal\games\NextGenGameEngine\engine\rhi\common\rhi_sampler_pool.cpp(107): error C2027: use of undefined type 'nge::rhi::FilterMode'
P:\Development\personal\games\NextGenGameEngine\engine/rhi/common/rhi_types.h(223): note: see declaration of 'nge::rhi::FilterMode'
P:\Development\personal\games\NextGenGameEngine\engine\rhi\common\rhi_sampler_pool.cpp(107): error C2065: 'Nearest': undeclared identifier
P:\Development\personal\games\NextGenGameEngine\engine\rhi\common\rhi_sampler_pool.cpp(108): error C2027: use of undefined type 'nge::rhi::FilterMode'
P:\Development\personal\games\NextGenGameEngine\engine/rhi/common/rhi_types.h(223): note: see declaration of 'nge::rhi::FilterMode'
P:\Development\personal\games\NextGenGameEngine\engine\rhi\common\rhi_sampler_pool.cpp(108): error C2065: 'Nearest': undeclared identifier
P:\Development\personal\games\NextGenGameEngine\engine\rhi\common\rhi_sampler_pool.cpp(109): error C2027: use of undefined type 'nge::rhi::AddressMode'
P:\Development\personal\games\NextGenGameEngine\engine/rhi/common/rhi_types.h(228): note: see declaration of 'nge::rhi::AddressMode'
P:\Development\personal\games\NextGenGameEngine\engine\rhi\common\rhi_sampler_pool.cpp(109): error C2065: 'ClampToEdge': undeclared identifier
P:\Development\personal\games\NextGenGameEngine\engine\rhi\common\rhi_sampler_pool.cpp(110): error C2027: use of undefined type 'nge::rhi::AddressMode'
P:\Development\personal\games\NextGenGameEngine\engine/rhi/common/rhi_types.h(228): note: see declaration of 'nge::rhi::AddressMode'
P:\Development\personal\games\NextGenGameEngine\engine\rhi\common\rhi_sampler_pool.cpp(110): error C2065: 'ClampToEdge': undeclared identifier
P:\Development\personal\games\NextGenGameEngine\engine\rhi\common\rhi_sampler_pool.cpp(111): error C2027: use of undefined type 'nge::rhi::AddressMode'
P:\Development\personal\games\NextGenGameEngine\engine/rhi/common/rhi_types.h(228): note: see declaration of 'nge::rhi::AddressMode'
P:\Development\personal\games\NextGenGameEngine\engine\rhi\common\rhi_sampler_pool.cpp(111): error C2065: 'ClampToEdge': undeclared identifier
P:\Development\personal\games\NextGenGameEngine\engine\rhi\common\rhi_sampler_pool.cpp(112): error C2664: 'nge::rhi::SamplerHandle nge::rhi::SamplerPool::GetOrCreate(const nge::rhi::SamplerDesc &)': cannot convert argument 1 from 'int' to 'const nge::rhi::SamplerDesc &'
P:\Development\personal\games\NextGenGameEngine\engine\rhi\common\rhi_sampler_pool.cpp(112): note: Reason: cannot convert from 'int' to 'const nge::rhi::SamplerDesc'
P:\Development\personal\games\NextGenGameEngine\engine\rhi\common\rhi_sampler_pool.cpp(112): note: use of undefined type 'nge::rhi::SamplerDesc'
P:\Development\personal\games\NextGenGameEngine\engine/rhi/common/rhi_types.h(312): note: see declaration of 'nge::rhi::SamplerDesc'
P:\Development\personal\games\NextGenGameEngine\engine\rhi\common\rhi_sampler_pool.cpp(52): note: see declaration of 'nge::rhi::SamplerPool::GetOrCreate'
P:\Development\personal\games\NextGenGameEngine\engine\rhi\common\rhi_sampler_pool.cpp(116): error C2079: 'desc' uses undefined struct 'nge::rhi::SamplerDesc'
P:\Development\personal\games\NextGenGameEngine\engine\rhi\common\rhi_sampler_pool.cpp(117): error C2027: use of undefined type 'nge::rhi::FilterMode'
P:\Development\personal\games\NextGenGameEngine\engine/rhi/common/rhi_types.h(223): note: see declaration of 'nge::rhi::FilterMode'
P:\Development\personal\games\NextGenGameEngine\engine\rhi\common\rhi_sampler_pool.cpp(117): error C2065: 'Nearest': undeclared identifier
P:\Development\personal\games\NextGenGameEngine\engine\rhi\common\rhi_sampler_pool.cpp(118): error C2027: use of undefined type 'nge::rhi::FilterMode'
P:\Development\personal\games\NextGenGameEngine\engine/rhi/common/rhi_types.h(223): note: see declaration of 'nge::rhi::FilterMode'
P:\Development\personal\games\NextGenGameEngine\engine\rhi\common\rhi_sampler_pool.cpp(118): error C2065: 'Nearest': undeclared identifier
P:\Development\personal\games\NextGenGameEngine\engine\rhi\common\rhi_sampler_pool.cpp(119): error C2027: use of undefined type 'nge::rhi::FilterMode'
P:\Development\personal\games\NextGenGameEngine\engine/rhi/common/rhi_types.h(223): note: see declaration of 'nge::rhi::FilterMode'
P:\Development\personal\games\NextGenGameEngine\engine\rhi\common\rhi_sampler_pool.cpp(119): error C2065: 'Nearest': undeclared identifier
P:\Development\personal\games\NextGenGameEngine\engine\rhi\common\rhi_sampler_pool.cpp(120): error C2027: use of undefined type 'nge::rhi::AddressMode'
P:\Development\personal\games\NextGenGameEngine\engine/rhi/common/rhi_types.h(228): note: see declaration of 'nge::rhi::AddressMode'
P:\Development\personal\games\NextGenGameEngine\engine\rhi\common\rhi_sampler_pool.cpp(120): error C2065: 'Repeat': undeclared identifier
P:\Development\personal\games\NextGenGameEngine\engine\rhi\common\rhi_sampler_pool.cpp(121): error C2027: use of undefined type 'nge::rhi::AddressMode'
P:\Development\personal\games\NextGenGameEngine\engine/rhi/common/rhi_types.h(228): note: see declaration of 'nge::rhi::AddressMode'
P:\Development\personal\games\NextGenGameEngine\engine\rhi\common\rhi_sampler_pool.cpp(121): error C2065: 'Repeat': undeclared identifier
P:\Development\personal\games\NextGenGameEngine\engine\rhi\common\rhi_sampler_pool.cpp(122): error C2027: use of undefined type 'nge::rhi::AddressMode'
P:\Development\personal\games\NextGenGameEngine\engine/rhi/common/rhi_types.h(228): note: see declaration of 'nge::rhi::AddressMode'
P:\Development\personal\games\NextGenGameEngine\engine\rhi\common\rhi_sampler_pool.cpp(122): error C2065: 'Repeat': undeclared identifier
P:\Development\personal\games\NextGenGameEngine\engine\rhi\common\rhi_sampler_pool.cpp(123): error C2664: 'nge::rhi::SamplerHandle nge::rhi::SamplerPool::GetOrCreate(const nge::rhi::SamplerDesc &)': cannot convert argument 1 from 'int' to 'const nge::rhi::SamplerDesc &'
P:\Development\personal\games\NextGenGameEngine\engine\rhi\common\rhi_sampler_pool.cpp(123): note: Reason: cannot convert from 'int' to 'const nge::rhi::SamplerDesc'
P:\Development\personal\games\NextGenGameEngine\engine\rhi\common\rhi_sampler_pool.cpp(123): note: use of undefined type 'nge::rhi::SamplerDesc'
P:\Development\personal\games\NextGenGameEngine\engine/rhi/common/rhi_types.h(312): note: see declaration of 'nge::rhi::SamplerDesc'
P:\Development\personal\games\NextGenGameEngine\engine\rhi\common\rhi_sampler_pool.cpp(52): note: see declaration of 'nge::rhi::SamplerPool::GetOrCreate'
P:\Development\personal\games\NextGenGameEngine\engine\rhi\common\rhi_sampler_pool.cpp(127): error C2079: 'desc' uses undefined struct 'nge::rhi::SamplerDesc'
P:\Development\personal\games\NextGenGameEngine\engine\rhi\common\rhi_sampler_pool.cpp(128): error C2027: use of undefined type 'nge::rhi::FilterMode'
P:\Development\personal\games\NextGenGameEngine\engine/rhi/common/rhi_types.h(223): note: see declaration of 'nge::rhi::FilterMode'
P:\Development\personal\games\NextGenGameEngine\engine\rhi\common\rhi_sampler_pool.cpp(128): fatal error C1003: error count exceeds 100; stopping compilation
[151/297] Building CXX object engine\CMakeFiles\NextGenEngine.dir\Debug\rhi\common\rhi_rt_pool.cpp.obj
[152/297] Building CXX object engine\CMakeFiles\NextGenEngine.dir\Debug\rhi\common\rhi_sampler_dedup_manager.cpp.obj
P:\Development\personal\games\NextGenGameEngine\engine\rhi\common\rhi_sampler_dedup_manager.cpp(253): warning C4100: 'desc': unreferenced formal parameter
[153/297] Building CXX object engine\CMakeFiles\NextGenEngine.dir\Debug\rhi\common\rhi_sampler_feedback.cpp.obj
[154/297] Building CXX object engine\CMakeFiles\NextGenEngine.dir\Debug\rhi\common\rhi_shader_binding_table.cpp.obj
[155/297] Building CXX object engine\CMakeFiles\NextGenEngine.dir\Debug\rhi\common\rhi_shader_hot_reload.cpp.obj
[156/297] Building CXX object engine\CMakeFiles\NextGenEngine.dir\Debug\rhi\common\rhi_shader_module_cache.cpp.obj
[157/297] Building CXX object engine\CMakeFiles\NextGenEngine.dir\Debug\rhi\common\rhi_staging.cpp.obj
FAILED: [code=2] engine/CMakeFiles/NextGenEngine.dir/Debug/rhi/common/rhi_staging.cpp.obj 
C:\PROGRA~2\MICROS~2\2019\BUILDT~1\VC\Tools\MSVC\1429~1.301\bin\Hostx64\x64\cl.exe  /nologo /TP -DFMT_SHARED -DNGE_DEBUG=1 -DNGE_ENABLE_ASSERTS=1 -DNGE_ENABLE_MEMORY_TRACKING=1 -DNGE_ENABLE_VULKAN=1 -DNGE_PLATFORM_WINDOWS=1 -DNOMINMAX -DSPDLOG_COMPILED_LIB -DSPDLOG_FMT_EXTERNAL -DSPDLOG_SHARED_LIB -DWIN32_LEAN_AND_MEAN -D_CRT_SECURE_NO_WARNINGS -DCMAKE_INTDIR=\"Debug\" -IP:\Development\personal\games\NextGenGameEngine\engine -IP:\Development\personal\games\NextGenGameEngine\engine\.. -external:IP:\Development\personal\games\NextGenGameEngine\build\vcpkg_installed\x64-windows\include -external:IC:\VulkanSDK\1.4.341.1\include -external:W0 /DWIN32 /D_WINDOWS /EHsc /Zi /Ob0 /Od /RTC1 -std:c++20 -MDd /W4 /permissive- /Zc:__cplusplus /MP /fp:fast /arch:AVX2 /wd4251 /wd4275 /utf-8 /showIncludes /Foengine\CMakeFiles\NextGenEngine.dir\Debug\rhi\common\rhi_staging.cpp.obj /Fdengine\CMakeFiles\NextGenEngine.dir\Debug\NextGenEngine.pdb /FS -c P:\Development\personal\games\NextGenGameEngine\engine\rhi\common\rhi_staging.cpp
P:\Development\personal\games\NextGenGameEngine\engine\rhi\common\rhi_staging.cpp(102): error C2664: 'void nge::rhi::ICommandList::CopyBuffer(nge::rhi::BufferHandle,nge::rhi::BufferHandle,nge::u64,nge::u64,nge::u64)': cannot convert argument 2 from 'const nge::u32' to 'nge::rhi::BufferHandle'
P:\Development\personal\games\NextGenGameEngine\engine\rhi\common\rhi_staging.cpp(102): note: No constructor could take the source type, or constructor overload resolution was ambiguous
P:\Development\personal\games\NextGenGameEngine\engine/rhi/common/rhi_device.h(63): note: see declaration of 'nge::rhi::ICommandList::CopyBuffer'
P:\Development\personal\games\NextGenGameEngine\engine\rhi\common\rhi_staging.cpp(107): error C2660: 'nge::rhi::ICommandList::CopyBufferToTexture': function does not take 7 arguments
P:\Development\personal\games\NextGenGameEngine\engine/rhi/common/rhi_device.h(64): note: see declaration of 'nge::rhi::ICommandList::CopyBufferToTexture'
[158/297] Building CXX object engine\CMakeFiles\NextGenEngine.dir\Debug\rhi\common\rhi_shader_variant_dispatch.cpp.obj
[159/297] Building CXX object engine\CMakeFiles\NextGenEngine.dir\Debug\rhi\common\rhi_spec_constants.cpp.obj
[160/297] Building CXX object engine\CMakeFiles\NextGenEngine.dir\Debug\rhi\common\rhi_submission_batcher.cpp.obj
P:\Development\personal\games\NextGenGameEngine\engine\rhi\common\rhi_submission_batcher.cpp(113): warning C4189: 'entryCount': local variable is initialized but not referenced
[161/297] Building CXX object engine\CMakeFiles\NextGenEngine.dir\Debug\rhi\common\rhi_subpass_input_manager.cpp.obj
[162/297] Building CXX object engine\CMakeFiles\NextGenEngine.dir\Debug\rhi\common\rhi_subresource_state_tracker.cpp.obj
P:\Development\personal\games\NextGenGameEngine\engine\rhi\common\rhi_subresource_state_tracker.cpp(135): warning C4189: 'info': local variable is initialized but not referenced
[163/297] Building CXX object engine\CMakeFiles\NextGenEngine.dir\Debug\rhi\common\rhi_texture_stream_priority.cpp.obj
P:\Development\personal\games\NextGenGameEngine\engine\rhi\common\rhi_texture_stream_priority.cpp(197): warning C4189: 'evictable': local variable is initialized but not referenced
[164/297] Building CXX object engine\CMakeFiles\NextGenEngine.dir\Debug\rhi\common\rhi_timeline_fence.cpp.obj
[165/297] Building CXX object engine\CMakeFiles\NextGenEngine.dir\Debug\rhi\common\rhi_timeline_semaphore_pool.cpp.obj
[166/297] Building CXX object engine\CMakeFiles\NextGenEngine.dir\Debug\rhi\common\rhi_timestamp_calibration.cpp.obj
[167/297] Building CXX object engine\CMakeFiles\NextGenEngine.dir\Debug\rhi\common\rhi_upload_ring.cpp.obj
FAILED: [code=2] engine/CMakeFiles/NextGenEngine.dir/Debug/rhi/common/rhi_upload_ring.cpp.obj 
C:\PROGRA~2\MICROS~2\2019\BUILDT~1\VC\Tools\MSVC\1429~1.301\bin\Hostx64\x64\cl.exe  /nologo /TP -DFMT_SHARED -DNGE_DEBUG=1 -DNGE_ENABLE_ASSERTS=1 -DNGE_ENABLE_MEMORY_TRACKING=1 -DNGE_ENABLE_VULKAN=1 -DNGE_PLATFORM_WINDOWS=1 -DNOMINMAX -DSPDLOG_COMPILED_LIB -DSPDLOG_FMT_EXTERNAL -DSPDLOG_SHARED_LIB -DWIN32_LEAN_AND_MEAN -D_CRT_SECURE_NO_WARNINGS -DCMAKE_INTDIR=\"Debug\" -IP:\Development\personal\games\NextGenGameEngine\engine -IP:\Development\personal\games\NextGenGameEngine\engine\.. -external:IP:\Development\personal\games\NextGenGameEngine\build\vcpkg_installed\x64-windows\include -external:IC:\VulkanSDK\1.4.341.1\include -external:W0 /DWIN32 /D_WINDOWS /EHsc /Zi /Ob0 /Od /RTC1 -std:c++20 -MDd /W4 /permissive- /Zc:__cplusplus /MP /fp:fast /arch:AVX2 /wd4251 /wd4275 /utf-8 /showIncludes /Foengine\CMakeFiles\NextGenEngine.dir\Debug\rhi\common\rhi_upload_ring.cpp.obj /Fdengine\CMakeFiles\NextGenEngine.dir\Debug\NextGenEngine.pdb /FS -c P:\Development\personal\games\NextGenGameEngine\engine\rhi\common\rhi_upload_ring.cpp
P:\Development\personal\games\NextGenGameEngine\engine\rhi\common\rhi_upload_ring.cpp(15): error C2838: 'Constant': illegal qualified name in member declaration
P:\Development\personal\games\NextGenGameEngine\engine\rhi\common\rhi_upload_ring.cpp(15): error C2065: 'Constant': undeclared identifier
[168/297] Building CXX object engine\CMakeFiles\NextGenEngine.dir\Debug\rhi\common\rhi_viewport_state.cpp.obj
FAILED: [code=2] engine/CMakeFiles/NextGenEngine.dir/Debug/rhi/common/rhi_viewport_state.cpp.obj 
C:\PROGRA~2\MICROS~2\2019\BUILDT~1\VC\Tools\MSVC\1429~1.301\bin\Hostx64\x64\cl.exe  /nologo /TP -DFMT_SHARED -DNGE_DEBUG=1 -DNGE_ENABLE_ASSERTS=1 -DNGE_ENABLE_MEMORY_TRACKING=1 -DNGE_ENABLE_VULKAN=1 -DNGE_PLATFORM_WINDOWS=1 -DNOMINMAX -DSPDLOG_COMPILED_LIB -DSPDLOG_FMT_EXTERNAL -DSPDLOG_SHARED_LIB -DWIN32_LEAN_AND_MEAN -D_CRT_SECURE_NO_WARNINGS -DCMAKE_INTDIR=\"Debug\" -IP:\Development\personal\games\NextGenGameEngine\engine -IP:\Development\personal\games\NextGenGameEngine\engine\.. -external:IP:\Development\personal\games\NextGenGameEngine\build\vcpkg_installed\x64-windows\include -external:IC:\VulkanSDK\1.4.341.1\include -external:W0 /DWIN32 /D_WINDOWS /EHsc /Zi /Ob0 /Od /RTC1 -std:c++20 -MDd /W4 /permissive- /Zc:__cplusplus /MP /fp:fast /arch:AVX2 /wd4251 /wd4275 /utf-8 /showIncludes /Foengine\CMakeFiles\NextGenEngine.dir\Debug\rhi\common\rhi_viewport_state.cpp.obj /Fdengine\CMakeFiles\NextGenEngine.dir\Debug\NextGenEngine.pdb /FS -c P:\Development\personal\games\NextGenGameEngine\engine\rhi\common\rhi_viewport_state.cpp
P:\Development\personal\games\NextGenGameEngine\engine/rhi/common/rhi_viewport_state.h(15): error C2011: 'nge::rhi::Viewport': 'struct' type redefinition
P:\Development\personal\games\NextGenGameEngine\engine/rhi/common/rhi_types.h(279): note: see declaration of 'nge::rhi::Viewport'
P:\Development\personal\games\NextGenGameEngine\engine/rhi/common/rhi_viewport_state.h(28): error C2079: 'nge::rhi::ViewportScissorPair::viewport' uses undefined struct 'nge::rhi::Viewport'
P:\Development\personal\games\NextGenGameEngine\engine/rhi/common/rhi_viewport_state.h(56): error C2440: 'return': cannot convert from 'const int' to 'const nge::rhi::Viewport &'
P:\Development\personal\games\NextGenGameEngine\engine/rhi/common/rhi_viewport_state.h(56): note: Reason: cannot convert from 'const int' to 'const nge::rhi::Viewport'
P:\Development\personal\games\NextGenGameEngine\engine/rhi/common/rhi_viewport_state.h(56): note: use of undefined type 'nge::rhi::Viewport'
P:\Development\personal\games\NextGenGameEngine\engine/rhi/common/rhi_types.h(279): note: see declaration of 'nge::rhi::Viewport'
P:\Development\personal\games\NextGenGameEngine\engine\rhi\common\rhi_viewport_state.cpp(7): error C2440: '=': cannot convert from 'initializer list' to 'int'
P:\Development\personal\games\NextGenGameEngine\engine\rhi\common\rhi_viewport_state.cpp(7): note: The initializer contains too many elements
P:\Development\personal\games\NextGenGameEngine\engine\rhi\common\rhi_viewport_state.cpp(11): error C2027: use of undefined type 'nge::rhi::Viewport'
P:\Development\personal\games\NextGenGameEngine\engine/rhi/common/rhi_types.h(279): note: see declaration of 'nge::rhi::Viewport'
P:\Development\personal\games\NextGenGameEngine\engine\rhi\common\rhi_viewport_state.cpp(24): error C2027: use of undefined type 'nge::rhi::Viewport'
P:\Development\personal\games\NextGenGameEngine\engine/rhi/common/rhi_types.h(279): note: see declaration of 'nge::rhi::Viewport'
P:\Development\personal\games\NextGenGameEngine\engine\rhi\common\rhi_viewport_state.cpp(41): error C2039: 'SetViewport': is not a member of 'nge::rhi::ICommandList'
P:\Development\personal\games\NextGenGameEngine\engine/rhi/common/rhi_device.h(12): note: see declaration of 'nge::rhi::ICommandList'
P:\Development\personal\games\NextGenGameEngine\engine\rhi\common\rhi_viewport_state.cpp(44): error C2039: 'SetScissor': is not a member of 'nge::rhi::ICommandList'
P:\Development\personal\games\NextGenGameEngine\engine/rhi/common/rhi_device.h(12): note: see declaration of 'nge::rhi::ICommandList'
P:\Development\personal\games\NextGenGameEngine\engine\rhi\common\rhi_viewport_state.cpp(64): error C2440: '=': cannot convert from 'initializer list' to 'int'
P:\Development\personal\games\NextGenGameEngine\engine\rhi\common\rhi_viewport_state.cpp(64): note: The initializer contains too many elements
P:\Development\personal\games\NextGenGameEngine\engine\rhi\common\rhi_viewport_state.cpp(76): error C2440: '=': cannot convert from 'initializer list' to 'int'
P:\Development\personal\games\NextGenGameEngine\engine\rhi\common\rhi_viewport_state.cpp(76): note: The initializer contains too many elements
P:\Development\personal\games\NextGenGameEngine\engine\rhi\common\rhi_viewport_state.cpp(94): error C2440: '=': cannot convert from 'initializer list' to 'int'
P:\Development\personal\games\NextGenGameEngine\engine\rhi\common\rhi_viewport_state.cpp(94): note: The initializer contains too many elements
P:\Development\personal\games\NextGenGameEngine\engine\rhi\common\rhi_viewport_state.cpp(102): error C2440: '=': cannot convert from 'initializer list' to 'int'
P:\Development\personal\games\NextGenGameEngine\engine\rhi\common\rhi_viewport_state.cpp(102): note: The initializer contains too many elements
P:\Development\personal\games\NextGenGameEngine\engine\rhi\common\rhi_viewport_state.cpp(110): error C2440: '=': cannot convert from 'initializer list' to 'int'
P:\Development\personal\games\NextGenGameEngine\engine\rhi\common\rhi_viewport_state.cpp(110): note: The initializer contains too many elements
P:\Development\personal\games\NextGenGameEngine\engine\rhi\common\rhi_viewport_state.cpp(125): error C2440: '=': cannot convert from 'initializer list' to 'int'
P:\Development\personal\games\NextGenGameEngine\engine\rhi\common\rhi_viewport_state.cpp(125): note: The initializer contains too many elements
P:\Development\personal\games\NextGenGameEngine\engine\rhi\common\rhi_viewport_state.cpp(128): error C2440: '=': cannot convert from 'initializer list' to 'int'
P:\Development\personal\games\NextGenGameEngine\engine\rhi\common\rhi_viewport_state.cpp(128): note: The initializer contains too many elements
[169/297] Building CXX object engine\CMakeFiles\NextGenEngine.dir\Debug\rhi\common\rhi_transient_pool.cpp.obj
[170/297] Building CXX object engine\CMakeFiles\NextGenEngine.dir\Debug\rhi\common\rhi_timestamp_query_pool.cpp.obj
[171/297] Building CXX object engine\CMakeFiles\NextGenEngine.dir\Debug\rhi\common\rhi_transient_attachment_allocator.cpp.obj
[172/297] Building CXX object engine\CMakeFiles\NextGenEngine.dir\Debug\rhi\common\rhi_viewport_scissor_manager.cpp.obj
[173/297] Building CXX object engine\CMakeFiles\NextGenEngine.dir\Debug\rhi\vulkan\vk_descriptor_cache.cpp.obj
FAILED: [code=2] engine/CMakeFiles/NextGenEngine.dir/Debug/rhi/vulkan/vk_descriptor_cache.cpp.obj 
C:\PROGRA~2\MICROS~2\2019\BUILDT~1\VC\Tools\MSVC\1429~1.301\bin\Hostx64\x64\cl.exe  /nologo /TP -DFMT_SHARED -DNGE_DEBUG=1 -DNGE_ENABLE_ASSERTS=1 -DNGE_ENABLE_MEMORY_TRACKING=1 -DNGE_ENABLE_VULKAN=1 -DNGE_PLATFORM_WINDOWS=1 -DNOMINMAX -DSPDLOG_COMPILED_LIB -DSPDLOG_FMT_EXTERNAL -DSPDLOG_SHARED_LIB -DWIN32_LEAN_AND_MEAN -D_CRT_SECURE_NO_WARNINGS -DCMAKE_INTDIR=\"Debug\" -IP:\Development\personal\games\NextGenGameEngine\engine -IP:\Development\personal\games\NextGenGameEngine\engine\.. -external:IP:\Development\personal\games\NextGenGameEngine\build\vcpkg_installed\x64-windows\include -external:IC:\VulkanSDK\1.4.341.1\include -external:W0 /DWIN32 /D_WINDOWS /EHsc /Zi /Ob0 /Od /RTC1 -std:c++20 -MDd /W4 /permissive- /Zc:__cplusplus /MP /fp:fast /arch:AVX2 /wd4251 /wd4275 /utf-8 /showIncludes /Foengine\CMakeFiles\NextGenEngine.dir\Debug\rhi\vulkan\vk_descriptor_cache.cpp.obj /Fdengine\CMakeFiles\NextGenEngine.dir\Debug\NextGenEngine.pdb /FS -c P:\Development\personal\games\NextGenGameEngine\engine\rhi\vulkan\vk_descriptor_cache.cpp
P:\Development\personal\games\NextGenGameEngine\engine/rhi/vulkan/vk_descriptor_cache.h(17): error C3646: 'type': unknown override specifier
P:\Development\personal\games\NextGenGameEngine\engine/rhi/vulkan/vk_descriptor_cache.h(17): error C4430: missing type specifier - int assumed. Note: C++ does not support default-int
P:\Development\personal\games\NextGenGameEngine\engine/rhi/vulkan/vk_descriptor_cache.h(19): error C3646: 'stages': unknown override specifier
P:\Development\personal\games\NextGenGameEngine\engine/rhi/vulkan/vk_descriptor_cache.h(19): error C4430: missing type specifier - int assumed. Note: C++ does not support default-int
P:\Development\personal\games\NextGenGameEngine\engine/rhi/vulkan/vk_descriptor_cache.h(23): error C2065: 'type': undeclared identifier
P:\Development\personal\games\NextGenGameEngine\engine/rhi/vulkan/vk_descriptor_cache.h(23): error C2039: 'type': is not a member of 'nge::rhi::vulkan::DescriptorBinding'
P:\Development\personal\games\NextGenGameEngine\engine/rhi/vulkan/vk_descriptor_cache.h(15): note: see declaration of 'nge::rhi::vulkan::DescriptorBinding'
P:\Development\personal\games\NextGenGameEngine\engine/rhi/vulkan/vk_descriptor_cache.h(24): error C2065: 'stages': undeclared identifier
P:\Development\personal\games\NextGenGameEngine\engine/rhi/vulkan/vk_descriptor_cache.h(24): error C2039: 'stages': is not a member of 'nge::rhi::vulkan::DescriptorBinding'
P:\Development\personal\games\NextGenGameEngine\engine/rhi/vulkan/vk_descriptor_cache.h(15): note: see declaration of 'nge::rhi::vulkan::DescriptorBinding'
P:\Development\personal\games\NextGenGameEngine\engine/rhi/vulkan/vk_descriptor_cache.h(47): error C2039: 'type': is not a member of 'nge::rhi::vulkan::DescriptorBinding'
P:\Development\personal\games\NextGenGameEngine\engine/rhi/vulkan/vk_descriptor_cache.h(15): note: see declaration of 'nge::rhi::vulkan::DescriptorBinding'
P:\Development\personal\games\NextGenGameEngine\engine/rhi/vulkan/vk_descriptor_cache.h(49): error C2039: 'stages': is not a member of 'nge::rhi::vulkan::DescriptorBinding'
P:\Development\personal\games\NextGenGameEngine\engine/rhi/vulkan/vk_descriptor_cache.h(15): note: see declaration of 'nge::rhi::vulkan::DescriptorBinding'
[174/297] Building CXX object engine\CMakeFiles\NextGenEngine.dir\Debug\rhi\vulkan\vk_dynamic_rendering.cpp.obj
FAILED: [code=2] engine/CMakeFiles/NextGenEngine.dir/Debug/rhi/vulkan/vk_dynamic_rendering.cpp.obj 
C:\PROGRA~2\MICROS~2\2019\BUILDT~1\VC\Tools\MSVC\1429~1.301\bin\Hostx64\x64\cl.exe  /nologo /TP -DFMT_SHARED -DNGE_DEBUG=1 -DNGE_ENABLE_ASSERTS=1 -DNGE_ENABLE_MEMORY_TRACKING=1 -DNGE_ENABLE_VULKAN=1 -DNGE_PLATFORM_WINDOWS=1 -DNOMINMAX -DSPDLOG_COMPILED_LIB -DSPDLOG_FMT_EXTERNAL -DSPDLOG_SHARED_LIB -DWIN32_LEAN_AND_MEAN -D_CRT_SECURE_NO_WARNINGS -DCMAKE_INTDIR=\"Debug\" -IP:\Development\personal\games\NextGenGameEngine\engine -IP:\Development\personal\games\NextGenGameEngine\engine\.. -external:IP:\Development\personal\games\NextGenGameEngine\build\vcpkg_installed\x64-windows\include -external:IC:\VulkanSDK\1.4.341.1\include -external:W0 /DWIN32 /D_WINDOWS /EHsc /Zi /Ob0 /Od /RTC1 -std:c++20 -MDd /W4 /permissive- /Zc:__cplusplus /MP /fp:fast /arch:AVX2 /wd4251 /wd4275 /utf-8 /showIncludes /Foengine\CMakeFiles\NextGenEngine.dir\Debug\rhi\vulkan\vk_dynamic_rendering.cpp.obj /Fdengine\CMakeFiles\NextGenEngine.dir\Debug\NextGenEngine.pdb /FS -c P:\Development\personal\games\NextGenGameEngine\engine\rhi\vulkan\vk_dynamic_rendering.cpp
P:\Development\personal\games\NextGenGameEngine\engine/rhi/vulkan/vk_dynamic_rendering.h(24): error C2011: 'nge::rhi::ClearValue': 'struct' type redefinition
P:\Development\personal\games\NextGenGameEngine\engine/rhi/common/rhi_types.h(263): note: see declaration of 'nge::rhi::ClearValue'
P:\Development\personal\games\NextGenGameEngine\engine/rhi/vulkan/vk_dynamic_rendering.h(43): error C2079: 'nge::rhi::DynamicColorAttachment::clearValue' uses undefined struct 'nge::rhi::ClearValue'
P:\Development\personal\games\NextGenGameEngine\engine/rhi/vulkan/vk_dynamic_rendering.h(43): error C2027: use of undefined type 'nge::rhi::ClearValue'
P:\Development\personal\games\NextGenGameEngine\engine/rhi/common/rhi_types.h(263): note: see declaration of 'nge::rhi::ClearValue'
P:\Development\personal\games\NextGenGameEngine\engine/rhi/vulkan/vk_dynamic_rendering.h(43): error C3861: 'Color': identifier not found
P:\Development\personal\games\NextGenGameEngine\engine/rhi/vulkan/vk_dynamic_rendering.h(52): error C2079: 'nge::rhi::DynamicDepthAttachment::clearValue' uses undefined struct 'nge::rhi::ClearValue'
P:\Development\personal\games\NextGenGameEngine\engine/rhi/vulkan/vk_dynamic_rendering.h(52): error C2027: use of undefined type 'nge::rhi::ClearValue'
P:\Development\personal\games\NextGenGameEngine\engine/rhi/common/rhi_types.h(263): note: see declaration of 'nge::rhi::ClearValue'
P:\Development\personal\games\NextGenGameEngine\engine/rhi/vulkan/vk_dynamic_rendering.h(52): error C3861: 'Depth': identifier not found
P:\Development\personal\games\NextGenGameEngine\engine/rhi/vulkan/vk_dynamic_rendering.h(60): error C2079: 'nge::rhi::DynamicStencilAttachment::clearValue' uses undefined struct 'nge::rhi::ClearValue'
P:\Development\personal\games\NextGenGameEngine\engine/rhi/vulkan/vk_dynamic_rendering.h(60): error C2027: use of undefined type 'nge::rhi::ClearValue'
P:\Development\personal\games\NextGenGameEngine\engine/rhi/common/rhi_types.h(263): note: see declaration of 'nge::rhi::ClearValue'
P:\Development\personal\games\NextGenGameEngine\engine/rhi/vulkan/vk_dynamic_rendering.h(60): error C3861: 'Depth': identifier not found
P:\Development\personal\games\NextGenGameEngine\engine/rhi/vulkan/vk_dynamic_rendering.h(87): error C2027: use of undefined type 'nge::rhi::ClearValue'
P:\Development\personal\games\NextGenGameEngine\engine/rhi/common/rhi_types.h(263): note: see declaration of 'nge::rhi::ClearValue'
P:\Development\personal\games\NextGenGameEngine\engine/rhi/vulkan/vk_dynamic_rendering.h(87): error C3861: 'Color': identifier not found
P:\Development\personal\games\NextGenGameEngine\engine/rhi/vulkan/vk_dynamic_rendering.h(92): error C2027: use of undefined type 'nge::rhi::ClearValue'
P:\Development\personal\games\NextGenGameEngine\engine/rhi/common/rhi_types.h(263): note: see declaration of 'nge::rhi::ClearValue'
P:\Development\personal\games\NextGenGameEngine\engine/rhi/vulkan/vk_dynamic_rendering.h(92): error C3861: 'Depth': identifier not found
P:\Development\personal\games\NextGenGameEngine\engine\rhi\vulkan\vk_dynamic_rendering.cpp(29): error C2027: use of undefined type 'nge::rhi::ClearValue'
P:\Development\personal\games\NextGenGameEngine\engine/rhi/common/rhi_types.h(263): note: see declaration of 'nge::rhi::ClearValue'
P:\Development\personal\games\NextGenGameEngine\engine\rhi\vulkan\vk_dynamic_rendering.cpp(36): error C2027: use of undefined type 'nge::rhi::ClearValue'
P:\Development\personal\games\NextGenGameEngine\engine/rhi/common/rhi_types.h(263): note: see declaration of 'nge::rhi::ClearValue'
P:\Development\personal\games\NextGenGameEngine\engine\rhi\vulkan\vk_dynamic_rendering.cpp(47): error C2027: use of undefined type 'nge::rhi::ClearValue'
P:\Development\personal\games\NextGenGameEngine\engine/rhi/common/rhi_types.h(263): note: see declaration of 'nge::rhi::ClearValue'
P:\Development\personal\games\NextGenGameEngine\engine\rhi\vulkan\vk_dynamic_rendering.cpp(54): error C2027: use of undefined type 'nge::rhi::ClearValue'
P:\Development\personal\games\NextGenGameEngine\engine/rhi/common/rhi_types.h(263): note: see declaration of 'nge::rhi::ClearValue'
P:\Development\personal\games\NextGenGameEngine\engine\rhi\vulkan\vk_dynamic_rendering.cpp(75): error C2027: use of undefined type 'nge::rhi::ClearValue'
P:\Development\personal\games\NextGenGameEngine\engine/rhi/common/rhi_types.h(263): note: see declaration of 'nge::rhi::ClearValue'
P:\Development\personal\games\NextGenGameEngine\engine\rhi\vulkan\vk_dynamic_rendering.cpp(75): error C3861: 'Color': identifier not found
P:\Development\personal\games\NextGenGameEngine\engine\rhi\vulkan\vk_dynamic_rendering.cpp(76): error C2838: 'RGB10A2_UNORM': illegal qualified name in member declaration
P:\Development\personal\games\NextGenGameEngine\engine\rhi\vulkan\vk_dynamic_rendering.cpp(76): error C2065: 'RGB10A2_UNORM': undeclared identifier
P:\Development\personal\games\NextGenGameEngine\engine\rhi\vulkan\vk_dynamic_rendering.cpp(76): error C2027: use of undefined type 'nge::rhi::ClearValue'
P:\Development\personal\games\NextGenGameEngine\engine/rhi/common/rhi_types.h(263): note: see declaration of 'nge::rhi::ClearValue'
P:\Development\personal\games\NextGenGameEngine\engine\rhi\vulkan\vk_dynamic_rendering.cpp(76): error C3861: 'Color': identifier not found
P:\Development\personal\games\NextGenGameEngine\engine\rhi\vulkan\vk_dynamic_rendering.cpp(77): error C2027: use of undefined type 'nge::rhi::ClearValue'
P:\Development\personal\games\NextGenGameEngine\engine/rhi/common/rhi_types.h(263): note: see declaration of 'nge::rhi::ClearValue'
P:\Development\personal\games\NextGenGameEngine\engine\rhi\vulkan\vk_dynamic_rendering.cpp(77): error C3861: 'Color': identifier not found
P:\Development\personal\games\NextGenGameEngine\engine\rhi\vulkan\vk_dynamic_rendering.cpp(78): error C2027: use of undefined type 'nge::rhi::ClearValue'
P:\Development\personal\games\NextGenGameEngine\engine/rhi/common/rhi_types.h(263): note: see declaration of 'nge::rhi::ClearValue'
P:\Development\personal\games\NextGenGameEngine\engine\rhi\vulkan\vk_dynamic_rendering.cpp(78): error C3861: 'Depth': identifier not found
P:\Development\personal\games\NextGenGameEngine\engine\rhi\vulkan\vk_dynamic_rendering.cpp(86): error C2027: use of undefined type 'nge::rhi::ClearValue'
P:\Development\personal\games\NextGenGameEngine\engine/rhi/common/rhi_types.h(263): note: see declaration of 'nge::rhi::ClearValue'
P:\Development\personal\games\NextGenGameEngine\engine\rhi\vulkan\vk_dynamic_rendering.cpp(86): error C3861: 'Depth': identifier not found
P:\Development\personal\games\NextGenGameEngine\engine\rhi\vulkan\vk_dynamic_rendering.cpp(94): error C2027: use of undefined type 'nge::rhi::ClearValue'
P:\Development\personal\games\NextGenGameEngine\engine/rhi/common/rhi_types.h(263): note: see declaration of 'nge::rhi::ClearValue'
P:\Development\personal\games\NextGenGameEngine\engine\rhi\vulkan\vk_dynamic_rendering.cpp(102): error C2027: use of undefined type 'nge::rhi::ClearValue'
P:\Development\personal\games\NextGenGameEngine\engine/rhi/common/rhi_types.h(263): note: see declaration of 'nge::rhi::ClearValue'
P:\Development\personal\games\NextGenGameEngine\engine\rhi\vulkan\vk_dynamic_rendering.cpp(102): error C3861: 'Depth': identifier not found
[175/297] Building CXX object engine\CMakeFiles\NextGenEngine.dir\Debug\rhi\common\rhi_vt_feedback_analyzer.cpp.obj
[176/297] Building CXX object engine\CMakeFiles\NextGenEngine.dir\Debug\rhi\common\rhi_workload_distributor.cpp.obj
[177/297] Building CXX object engine\CMakeFiles\NextGenEngine.dir\Debug\rhi\vulkan\vk_debug_markers.cpp.obj
[178/297] Building CXX object engine\CMakeFiles\NextGenEngine.dir\Debug\rhi\vulkan\vk_descriptor_layout_cache.cpp.obj
P:\Development\personal\games\NextGenGameEngine\engine\rhi\vulkan\vk_descriptor_layout_cache.cpp(160): warning C4100: 'info': unreferenced formal parameter
P:\Development\personal\games\NextGenGameEngine\engine\rhi\vulkan\vk_descriptor_layout_cache.cpp(184): warning C4100: 'handle': unreferenced formal parameter
[179/297] Building CXX object engine\CMakeFiles\NextGenEngine.dir\Debug\rhi\vulkan\vk_sampler_cache.cpp.obj
FAILED: [code=2] engine/CMakeFiles/NextGenEngine.dir/Debug/rhi/vulkan/vk_sampler_cache.cpp.obj 
C:\PROGRA~2\MICROS~2\2019\BUILDT~1\VC\Tools\MSVC\1429~1.301\bin\Hostx64\x64\cl.exe  /nologo /TP -DFMT_SHARED -DNGE_DEBUG=1 -DNGE_ENABLE_ASSERTS=1 -DNGE_ENABLE_MEMORY_TRACKING=1 -DNGE_ENABLE_VULKAN=1 -DNGE_PLATFORM_WINDOWS=1 -DNOMINMAX -DSPDLOG_COMPILED_LIB -DSPDLOG_FMT_EXTERNAL -DSPDLOG_SHARED_LIB -DWIN32_LEAN_AND_MEAN -D_CRT_SECURE_NO_WARNINGS -DCMAKE_INTDIR=\"Debug\" -IP:\Development\personal\games\NextGenGameEngine\engine -IP:\Development\personal\games\NextGenGameEngine\engine\.. -external:IP:\Development\personal\games\NextGenGameEngine\build\vcpkg_installed\x64-windows\include -external:IC:\VulkanSDK\1.4.341.1\include -external:W0 /DWIN32 /D_WINDOWS /EHsc /Zi /Ob0 /Od /RTC1 -std:c++20 -MDd /W4 /permissive- /Zc:__cplusplus /MP /fp:fast /arch:AVX2 /wd4251 /wd4275 /utf-8 /showIncludes /Foengine\CMakeFiles\NextGenEngine.dir\Debug\rhi\vulkan\vk_sampler_cache.cpp.obj /Fdengine\CMakeFiles\NextGenEngine.dir\Debug\NextGenEngine.pdb /FS -c P:\Development\personal\games\NextGenGameEngine\engine\rhi\vulkan\vk_sampler_cache.cpp
P:\Development\personal\games\NextGenGameEngine\engine/rhi/vulkan/vk_sampler_cache.h(15): error C3646: 'minFilter': unknown override specifier
P:\Development\personal\games\NextGenGameEngine\engine/rhi/vulkan/vk_sampler_cache.h(15): error C2059: syntax error: '='
P:\Development\personal\games\NextGenGameEngine\engine/rhi/vulkan/vk_sampler_cache.h(15): error C2653: 'Filter': is not a class or namespace name
P:\Development\personal\games\NextGenGameEngine\engine/rhi/vulkan/vk_sampler_cache.h(15): error C2238: unexpected token(s) preceding ';'
P:\Development\personal\games\NextGenGameEngine\engine/rhi/vulkan/vk_sampler_cache.h(16): error C3646: 'magFilter': unknown override specifier
P:\Development\personal\games\NextGenGameEngine\engine/rhi/vulkan/vk_sampler_cache.h(16): error C2059: syntax error: '='
P:\Development\personal\games\NextGenGameEngine\engine/rhi/vulkan/vk_sampler_cache.h(16): error C2653: 'Filter': is not a class or namespace name
P:\Development\personal\games\NextGenGameEngine\engine/rhi/vulkan/vk_sampler_cache.h(16): error C2238: unexpected token(s) preceding ';'
P:\Development\personal\games\NextGenGameEngine\engine/rhi/vulkan/vk_sampler_cache.h(17): error C3646: 'mipFilter': unknown override specifier
P:\Development\personal\games\NextGenGameEngine\engine/rhi/vulkan/vk_sampler_cache.h(17): error C2059: syntax error: '='
P:\Development\personal\games\NextGenGameEngine\engine/rhi/vulkan/vk_sampler_cache.h(17): error C2653: 'Filter': is not a class or namespace name
P:\Development\personal\games\NextGenGameEngine\engine/rhi/vulkan/vk_sampler_cache.h(17): error C2238: unexpected token(s) preceding ';'
P:\Development\personal\games\NextGenGameEngine\engine/rhi/vulkan/vk_sampler_cache.h(28): error C3646: 'borderColor': unknown override specifier
P:\Development\personal\games\NextGenGameEngine\engine/rhi/vulkan/vk_sampler_cache.h(28): error C2059: syntax error: '='
P:\Development\personal\games\NextGenGameEngine\engine/rhi/vulkan/vk_sampler_cache.h(28): error C2653: 'BorderColor': is not a class or namespace name
P:\Development\personal\games\NextGenGameEngine\engine/rhi/vulkan/vk_sampler_cache.h(28): error C2238: unexpected token(s) preceding ';'
P:\Development\personal\games\NextGenGameEngine\engine\rhi\vulkan\vk_sampler_cache.cpp(9): error C2065: 'minFilter': undeclared identifier
P:\Development\personal\games\NextGenGameEngine\engine\rhi\vulkan\vk_sampler_cache.cpp(9): error C2039: 'minFilter': is not a member of 'nge::rhi::vulkan::SamplerDesc'
P:\Development\personal\games\NextGenGameEngine\engine/rhi/vulkan/vk_sampler_cache.h(14): note: see declaration of 'nge::rhi::vulkan::SamplerDesc'
P:\Development\personal\games\NextGenGameEngine\engine\rhi\vulkan\vk_sampler_cache.cpp(9): error C2065: 'magFilter': undeclared identifier
P:\Development\personal\games\NextGenGameEngine\engine\rhi\vulkan\vk_sampler_cache.cpp(9): error C2039: 'magFilter': is not a member of 'nge::rhi::vulkan::SamplerDesc'
P:\Development\personal\games\NextGenGameEngine\engine/rhi/vulkan/vk_sampler_cache.h(14): note: see declaration of 'nge::rhi::vulkan::SamplerDesc'
P:\Development\personal\games\NextGenGameEngine\engine\rhi\vulkan\vk_sampler_cache.cpp(9): error C2065: 'mipFilter': undeclared identifier
P:\Development\personal\games\NextGenGameEngine\engine\rhi\vulkan\vk_sampler_cache.cpp(9): error C2039: 'mipFilter': is not a member of 'nge::rhi::vulkan::SamplerDesc'
P:\Development\personal\games\NextGenGameEngine\engine/rhi/vulkan/vk_sampler_cache.h(14): note: see declaration of 'nge::rhi::vulkan::SamplerDesc'
P:\Development\personal\games\NextGenGameEngine\engine\rhi\vulkan\vk_sampler_cache.cpp(14): error C2065: 'borderColor': undeclared identifier
P:\Development\personal\games\NextGenGameEngine\engine\rhi\vulkan\vk_sampler_cache.cpp(14): error C2039: 'borderColor': is not a member of 'nge::rhi::vulkan::SamplerDesc'
P:\Development\personal\games\NextGenGameEngine\engine/rhi/vulkan/vk_sampler_cache.h(14): note: see declaration of 'nge::rhi::vulkan::SamplerDesc'
P:\Development\personal\games\NextGenGameEngine\engine\rhi\vulkan\vk_sampler_cache.cpp(20): error C2039: 'minFilter': is not a member of 'nge::rhi::vulkan::SamplerDesc'
P:\Development\personal\games\NextGenGameEngine\engine/rhi/vulkan/vk_sampler_cache.h(14): note: see declaration of 'nge::rhi::vulkan::SamplerDesc'
P:\Development\personal\games\NextGenGameEngine\engine\rhi\vulkan\vk_sampler_cache.cpp(21): error C2039: 'magFilter': is not a member of 'nge::rhi::vulkan::SamplerDesc'
P:\Development\personal\games\NextGenGameEngine\engine/rhi/vulkan/vk_sampler_cache.h(14): note: see declaration of 'nge::rhi::vulkan::SamplerDesc'
P:\Development\personal\games\NextGenGameEngine\engine\rhi\vulkan\vk_sampler_cache.cpp(22): error C2039: 'mipFilter': is not a member of 'nge::rhi::vulkan::SamplerDesc'
P:\Development\personal\games\NextGenGameEngine\engine/rhi/vulkan/vk_sampler_cache.h(14): note: see declaration of 'nge::rhi::vulkan::SamplerDesc'
P:\Development\personal\games\NextGenGameEngine\engine\rhi\vulkan\vk_sampler_cache.cpp(33): error C2039: 'borderColor': is not a member of 'nge::rhi::vulkan::SamplerDesc'
P:\Development\personal\games\NextGenGameEngine\engine/rhi/vulkan/vk_sampler_cache.h(14): note: see declaration of 'nge::rhi::vulkan::SamplerDesc'
P:\Development\personal\games\NextGenGameEngine\engine\rhi\vulkan\vk_sampler_cache.cpp(80): error C2039: 'minFilter': is not a member of 'nge::rhi::vulkan::SamplerDesc'
P:\Development\personal\games\NextGenGameEngine\engine/rhi/vulkan/vk_sampler_cache.h(14): note: see declaration of 'nge::rhi::vulkan::SamplerDesc'
P:\Development\personal\games\NextGenGameEngine\engine\rhi\vulkan\vk_sampler_cache.cpp(80): error C2653: 'Filter': is not a class or namespace name
P:\Development\personal\games\NextGenGameEngine\engine\rhi\vulkan\vk_sampler_cache.cpp(80): error C2065: 'Linear': undeclared identifier
P:\Development\personal\games\NextGenGameEngine\engine\rhi\vulkan\vk_sampler_cache.cpp(81): error C2039: 'magFilter': is not a member of 'nge::rhi::vulkan::SamplerDesc'
P:\Development\personal\games\NextGenGameEngine\engine/rhi/vulkan/vk_sampler_cache.h(14): note: see declaration of 'nge::rhi::vulkan::SamplerDesc'
P:\Development\personal\games\NextGenGameEngine\engine\rhi\vulkan\vk_sampler_cache.cpp(81): error C2653: 'Filter': is not a class or namespace name
P:\Development\personal\games\NextGenGameEngine\engine\rhi\vulkan\vk_sampler_cache.cpp(81): error C2065: 'Linear': undeclared identifier
P:\Development\personal\games\NextGenGameEngine\engine\rhi\vulkan\vk_sampler_cache.cpp(82): error C2039: 'mipFilter': is not a member of 'nge::rhi::vulkan::SamplerDesc'
P:\Development\personal\games\NextGenGameEngine\engine/rhi/vulkan/vk_sampler_cache.h(14): note: see declaration of 'nge::rhi::vulkan::SamplerDesc'
P:\Development\personal\games\NextGenGameEngine\engine\rhi\vulkan\vk_sampler_cache.cpp(82): error C2653: 'Filter': is not a class or namespace name
P:\Development\personal\games\NextGenGameEngine\engine\rhi\vulkan\vk_sampler_cache.cpp(82): error C2065: 'Linear': undeclared identifier
P:\Development\personal\games\NextGenGameEngine\engine\rhi\vulkan\vk_sampler_cache.cpp(91): error C2039: 'minFilter': is not a member of 'nge::rhi::vulkan::SamplerDesc'
P:\Development\personal\games\NextGenGameEngine\engine/rhi/vulkan/vk_sampler_cache.h(14): note: see declaration of 'nge::rhi::vulkan::SamplerDesc'
P:\Development\personal\games\NextGenGameEngine\engine\rhi\vulkan\vk_sampler_cache.cpp(91): error C2653: 'Filter': is not a class or namespace name
P:\Development\personal\games\NextGenGameEngine\engine\rhi\vulkan\vk_sampler_cache.cpp(91): error C2065: 'Linear': undeclared identifier
P:\Development\personal\games\NextGenGameEngine\engine\rhi\vulkan\vk_sampler_cache.cpp(92): error C2039: 'magFilter': is not a member of 'nge::rhi::vulkan::SamplerDesc'
P:\Development\personal\games\NextGenGameEngine\engine/rhi/vulkan/vk_sampler_cache.h(14): note: see declaration of 'nge::rhi::vulkan::SamplerDesc'
P:\Development\personal\games\NextGenGameEngine\engine\rhi\vulkan\vk_sampler_cache.cpp(92): error C2653: 'Filter': is not a class or namespace name
P:\Development\personal\games\NextGenGameEngine\engine\rhi\vulkan\vk_sampler_cache.cpp(92): error C2065: 'Linear': undeclared identifier
P:\Development\personal\games\NextGenGameEngine\engine\rhi\vulkan\vk_sampler_cache.cpp(93): error C2039: 'mipFilter': is not a member of 'nge::rhi::vulkan::SamplerDesc'
P:\Development\personal\games\NextGenGameEngine\engine/rhi/vulkan/vk_sampler_cache.h(14): note: see declaration of 'nge::rhi::vulkan::SamplerDesc'
P:\Development\personal\games\NextGenGameEngine\engine\rhi\vulkan\vk_sampler_cache.cpp(93): error C2653: 'Filter': is not a class or namespace name
P:\Development\personal\games\NextGenGameEngine\engine\rhi\vulkan\vk_sampler_cache.cpp(93): error C2065: 'Linear': undeclared identifier
P:\Development\personal\games\NextGenGameEngine\engine\rhi\vulkan\vk_sampler_cache.cpp(102): error C2039: 'minFilter': is not a member of 'nge::rhi::vulkan::SamplerDesc'
P:\Development\personal\games\NextGenGameEngine\engine/rhi/vulkan/vk_sampler_cache.h(14): note: see declaration of 'nge::rhi::vulkan::SamplerDesc'
P:\Development\personal\games\NextGenGameEngine\engine\rhi\vulkan\vk_sampler_cache.cpp(102): error C2653: 'Filter': is not a class or namespace name
P:\Development\personal\games\NextGenGameEngine\engine\rhi\vulkan\vk_sampler_cache.cpp(102): error C2065: 'Nearest': undeclared identifier
P:\Development\personal\games\NextGenGameEngine\engine\rhi\vulkan\vk_sampler_cache.cpp(103): error C2039: 'magFilter': is not a member of 'nge::rhi::vulkan::SamplerDesc'
P:\Development\personal\games\NextGenGameEngine\engine/rhi/vulkan/vk_sampler_cache.h(14): note: see declaration of 'nge::rhi::vulkan::SamplerDesc'
P:\Development\personal\games\NextGenGameEngine\engine\rhi\vulkan\vk_sampler_cache.cpp(103): error C2653: 'Filter': is not a class or namespace name
P:\Development\personal\games\NextGenGameEngine\engine\rhi\vulkan\vk_sampler_cache.cpp(103): error C2065: 'Nearest': undeclared identifier
P:\Development\personal\games\NextGenGameEngine\engine\rhi\vulkan\vk_sampler_cache.cpp(104): error C2039: 'mipFilter': is not a member of 'nge::rhi::vulkan::SamplerDesc'
P:\Development\personal\games\NextGenGameEngine\engine/rhi/vulkan/vk_sampler_cache.h(14): note: see declaration of 'nge::rhi::vulkan::SamplerDesc'
P:\Development\personal\games\NextGenGameEngine\engine\rhi\vulkan\vk_sampler_cache.cpp(104): error C2653: 'Filter': is not a class or namespace name
P:\Development\personal\games\NextGenGameEngine\engine\rhi\vulkan\vk_sampler_cache.cpp(104): error C2065: 'Nearest': undeclared identifier
P:\Development\personal\games\NextGenGameEngine\engine\rhi\vulkan\vk_sampler_cache.cpp(113): error C2039: 'minFilter': is not a member of 'nge::rhi::vulkan::SamplerDesc'
P:\Development\personal\games\NextGenGameEngine\engine/rhi/vulkan/vk_sampler_cache.h(14): note: see declaration of 'nge::rhi::vulkan::SamplerDesc'
P:\Development\personal\games\NextGenGameEngine\engine\rhi\vulkan\vk_sampler_cache.cpp(113): error C2653: 'Filter': is not a class or namespace name
P:\Development\personal\games\NextGenGameEngine\engine\rhi\vulkan\vk_sampler_cache.cpp(113): error C2065: 'Nearest': undeclared identifier
P:\Development\personal\games\NextGenGameEngine\engine\rhi\vulkan\vk_sampler_cache.cpp(114): error C2039: 'magFilter': is not a member of 'nge::rhi::vulkan::SamplerDesc'
P:\Development\personal\games\NextGenGameEngine\engine/rhi/vulkan/vk_sampler_cache.h(14): note: see declaration of 'nge::rhi::vulkan::SamplerDesc'
P:\Development\personal\games\NextGenGameEngine\engine\rhi\vulkan\vk_sampler_cache.cpp(114): error C2653: 'Filter': is not a class or namespace name
P:\Development\personal\games\NextGenGameEngine\engine\rhi\vulkan\vk_sampler_cache.cpp(114): error C2065: 'Nearest': undeclared identifier
P:\Development\personal\games\NextGenGameEngine\engine\rhi\vulkan\vk_sampler_cache.cpp(115): error C2039: 'mipFilter': is not a member of 'nge::rhi::vulkan::SamplerDesc'
P:\Development\personal\games\NextGenGameEngine\engine/rhi/vulkan/vk_sampler_cache.h(14): note: see declaration of 'nge::rhi::vulkan::SamplerDesc'
P:\Development\personal\games\NextGenGameEngine\engine\rhi\vulkan\vk_sampler_cache.cpp(115): error C2653: 'Filter': is not a class or namespace name
P:\Development\personal\games\NextGenGameEngine\engine\rhi\vulkan\vk_sampler_cache.cpp(115): error C2065: 'Nearest': undeclared identifier
P:\Development\personal\games\NextGenGameEngine\engine\rhi\vulkan\vk_sampler_cache.cpp(124): error C2039: 'minFilter': is not a member of 'nge::rhi::vulkan::SamplerDesc'
P:\Development\personal\games\NextGenGameEngine\engine/rhi/vulkan/vk_sampler_cache.h(14): note: see declaration of 'nge::rhi::vulkan::SamplerDesc'
P:\Development\personal\games\NextGenGameEngine\engine\rhi\vulkan\vk_sampler_cache.cpp(124): error C2653: 'Filter': is not a class or namespace name
P:\Development\personal\games\NextGenGameEngine\engine\rhi\vulkan\vk_sampler_cache.cpp(124): error C2065: 'Linear': undeclared identifier
P:\Development\personal\games\NextGenGameEngine\engine\rhi\vulkan\vk_sampler_cache.cpp(125): error C2039: 'magFilter': is not a member of 'nge::rhi::vulkan::SamplerDesc'
P:\Development\personal\games\NextGenGameEngine\engine/rhi/vulkan/vk_sampler_cache.h(14): note: see declaration of 'nge::rhi::vulkan::SamplerDesc'
P:\Development\personal\games\NextGenGameEngine\engine\rhi\vulkan\vk_sampler_cache.cpp(125): error C2653: 'Filter': is not a class or namespace name
P:\Development\personal\games\NextGenGameEngine\engine\rhi\vulkan\vk_sampler_cache.cpp(125): error C2065: 'Linear': undeclared identifier
P:\Development\personal\games\NextGenGameEngine\engine\rhi\vulkan\vk_sampler_cache.cpp(126): error C2039: 'mipFilter': is not a member of 'nge::rhi::vulkan::SamplerDesc'
P:\Development\personal\games\NextGenGameEngine\engine/rhi/vulkan/vk_sampler_cache.h(14): note: see declaration of 'nge::rhi::vulkan::SamplerDesc'
P:\Development\personal\games\NextGenGameEngine\engine\rhi\vulkan\vk_sampler_cache.cpp(126): error C2653: 'Filter': is not a class or namespace name
P:\Development\personal\games\NextGenGameEngine\engine\rhi\vulkan\vk_sampler_cache.cpp(126): error C2065: 'Nearest': undeclared identifier
P:\Development\personal\games\NextGenGameEngine\engine\rhi\vulkan\vk_sampler_cache.cpp(131): error C2838: 'LessOrEqual': illegal qualified name in member declaration
P:\Development\personal\games\NextGenGameEngine\engine\rhi\vulkan\vk_sampler_cache.cpp(131): error C2065: 'LessOrEqual': undeclared identifier
P:\Development\personal\games\NextGenGameEngine\engine\rhi\vulkan\vk_sampler_cache.cpp(132): error C2039: 'borderColor': is not a member of 'nge::rhi::vulkan::SamplerDesc'
P:\Development\personal\games\NextGenGameEngine\engine/rhi/vulkan/vk_sampler_cache.h(14): note: see declaration of 'nge::rhi::vulkan::SamplerDesc'
P:\Development\personal\games\NextGenGameEngine\engine\rhi\vulkan\vk_sampler_cache.cpp(132): error C2653: 'BorderColor': is not a class or namespace name
P:\Development\personal\games\NextGenGameEngine\engine\rhi\vulkan\vk_sampler_cache.cpp(132): error C2065: 'FloatOpaqueWhite': undeclared identifier
P:\Development\personal\games\NextGenGameEngine\engine\rhi\vulkan\vk_sampler_cache.cpp(138): error C2039: 'minFilter': is not a member of 'nge::rhi::vulkan::SamplerDesc'
P:\Development\personal\games\NextGenGameEngine\engine/rhi/vulkan/vk_sampler_cache.h(14): note: see declaration of 'nge::rhi::vulkan::SamplerDesc'
P:\Development\personal\games\NextGenGameEngine\engine\rhi\vulkan\vk_sampler_cache.cpp(138): error C2653: 'Filter': is not a class or namespace name
P:\Development\personal\games\NextGenGameEngine\engine\rhi\vulkan\vk_sampler_cache.cpp(138): error C2065: 'Linear': undeclared identifier
P:\Development\personal\games\NextGenGameEngine\engine\rhi\vulkan\vk_sampler_cache.cpp(139): error C2039: 'magFilter': is not a member of 'nge::rhi::vulkan::SamplerDesc'
P:\Development\personal\games\NextGenGameEngine\engine/rhi/vulkan/vk_sampler_cache.h(14): note: see declaration of 'nge::rhi::vulkan::SamplerDesc'
P:\Development\personal\games\NextGenGameEngine\engine\rhi\vulkan\vk_sampler_cache.cpp(139): error C2653: 'Filter': is not a class or namespace name
P:\Development\personal\games\NextGenGameEngine\engine\rhi\vulkan\vk_sampler_cache.cpp(139): error C2065: 'Linear': undeclared identifier
P:\Development\personal\games\NextGenGameEngine\engine\rhi\vulkan\vk_sampler_cache.cpp(140): error C2039: 'mipFilter': is not a member of 'nge::rhi::vulkan::SamplerDesc'
P:\Development\personal\games\NextGenGameEngine\engine/rhi/vulkan/vk_sampler_cache.h(14): note: see declaration of 'nge::rhi::vulkan::SamplerDesc'
P:\Development\personal\games\NextGenGameEngine\engine\rhi\vulkan\vk_sampler_cache.cpp(140): error C2653: 'Filter': is not a class or namespace name
P:\Development\personal\games\NextGenGameEngine\engine\rhi\vulkan\vk_sampler_cache.cpp(140): error C2065: 'Linear': undeclared identifier
[180/297] Building CXX object engine\CMakeFiles\NextGenEngine.dir\Debug\rhi\vulkan\vk_descriptor_template.cpp.obj
[181/297] Building CXX object engine\CMakeFiles\NextGenEngine.dir\Debug\rhi\vulkan\vk_pipeline_cache.cpp.obj
[182/297] Building CXX object engine\CMakeFiles\NextGenEngine.dir\Debug\rhi\vulkan\vk_sparse_binding.cpp.obj
[183/297] Building CXX object engine\CMakeFiles\NextGenEngine.dir\Debug\rhi\vulkan\vk_shader_object.cpp.obj
[184/297] Building CXX object engine\CMakeFiles\NextGenEngine.dir\Debug\rhi\vulkan\vk_swapchain_format_selector.cpp.obj
[185/297] Building CXX object engine\CMakeFiles\NextGenEngine.dir\Debug\rhi\vulkan\vk_swapchain_presenter.cpp.obj
FAILED: [code=2] engine/CMakeFiles/NextGenEngine.dir/Debug/rhi/vulkan/vk_swapchain_presenter.cpp.obj 
C:\PROGRA~2\MICROS~2\2019\BUILDT~1\VC\Tools\MSVC\1429~1.301\bin\Hostx64\x64\cl.exe  /nologo /TP -DFMT_SHARED -DNGE_DEBUG=1 -DNGE_ENABLE_ASSERTS=1 -DNGE_ENABLE_MEMORY_TRACKING=1 -DNGE_ENABLE_VULKAN=1 -DNGE_PLATFORM_WINDOWS=1 -DNOMINMAX -DSPDLOG_COMPILED_LIB -DSPDLOG_FMT_EXTERNAL -DSPDLOG_SHARED_LIB -DWIN32_LEAN_AND_MEAN -D_CRT_SECURE_NO_WARNINGS -DCMAKE_INTDIR=\"Debug\" -IP:\Development\personal\games\NextGenGameEngine\engine -IP:\Development\personal\games\NextGenGameEngine\engine\.. -external:IP:\Development\personal\games\NextGenGameEngine\build\vcpkg_installed\x64-windows\include -external:IC:\VulkanSDK\1.4.341.1\include -external:W0 /DWIN32 /D_WINDOWS /EHsc /Zi /Ob0 /Od /RTC1 -std:c++20 -MDd /W4 /permissive- /Zc:__cplusplus /MP /fp:fast /arch:AVX2 /wd4251 /wd4275 /utf-8 /showIncludes /Foengine\CMakeFiles\NextGenEngine.dir\Debug\rhi\vulkan\vk_swapchain_presenter.cpp.obj /Fdengine\CMakeFiles\NextGenEngine.dir\Debug\NextGenEngine.pdb /FS -c P:\Development\personal\games\NextGenGameEngine\engine\rhi\vulkan\vk_swapchain_presenter.cpp
P:\Development\personal\games\NextGenGameEngine\engine\rhi\vulkan\vk_swapchain_presenter.cpp(30): warning C4189: 'sync': local variable is initialized but not referenced
P:\Development\personal\games\NextGenGameEngine\engine\rhi\vulkan\vk_swapchain_presenter.cpp(58): error C2039: 'BlitTexture': is not a member of 'nge::rhi::ICommandList'
P:\Development\personal\games\NextGenGameEngine\engine/rhi/common/rhi_device.h(12): note: see declaration of 'nge::rhi::ICommandList'
[186/297] Building CXX object engine\CMakeFiles\NextGenEngine.dir\Debug\rhi\vulkan\vulkan_command_list.cpp.obj
FAILED: [code=2] engine/CMakeFiles/NextGenEngine.dir/Debug/rhi/vulkan/vulkan_command_list.cpp.obj 
C:\PROGRA~2\MICROS~2\2019\BUILDT~1\VC\Tools\MSVC\1429~1.301\bin\Hostx64\x64\cl.exe  /nologo /TP -DFMT_SHARED -DNGE_DEBUG=1 -DNGE_ENABLE_ASSERTS=1 -DNGE_ENABLE_MEMORY_TRACKING=1 -DNGE_ENABLE_VULKAN=1 -DNGE_PLATFORM_WINDOWS=1 -DNOMINMAX -DSPDLOG_COMPILED_LIB -DSPDLOG_FMT_EXTERNAL -DSPDLOG_SHARED_LIB -DWIN32_LEAN_AND_MEAN -D_CRT_SECURE_NO_WARNINGS -DCMAKE_INTDIR=\"Debug\" -IP:\Development\personal\games\NextGenGameEngine\engine -IP:\Development\personal\games\NextGenGameEngine\engine\.. -external:IP:\Development\personal\games\NextGenGameEngine\build\vcpkg_installed\x64-windows\include -external:IC:\VulkanSDK\1.4.341.1\include -external:W0 /DWIN32 /D_WINDOWS /EHsc /Zi /Ob0 /Od /RTC1 -std:c++20 -MDd /W4 /permissive- /Zc:__cplusplus /MP /fp:fast /arch:AVX2 /wd4251 /wd4275 /utf-8 /showIncludes /Foengine\CMakeFiles\NextGenEngine.dir\Debug\rhi\vulkan\vulkan_command_list.cpp.obj /Fdengine\CMakeFiles\NextGenEngine.dir\Debug\NextGenEngine.pdb /FS -c P:\Development\personal\games\NextGenGameEngine\engine\rhi\vulkan\vulkan_command_list.cpp
P:\Development\personal\games\NextGenGameEngine\engine\rhi\vulkan\vulkan_command_list.cpp(13): error C3861: 'vkBeginCommandBuffer': identifier not found
P:\Development\personal\games\NextGenGameEngine\engine\rhi\vulkan\vulkan_command_list.cpp(17): error C3861: 'vkEndCommandBuffer': identifier not found
P:\Development\personal\games\NextGenGameEngine\engine\rhi\vulkan\vulkan_command_list.cpp(25): error C2248: 'nge::rhi::vulkan::VulkanDevice::ToVkStage': cannot access private member declared in class 'nge::rhi::vulkan::VulkanDevice'
P:\Development\personal\games\NextGenGameEngine\engine/rhi/vulkan/vulkan_device.h(228): note: see declaration of 'nge::rhi::vulkan::VulkanDevice::ToVkStage'
P:\Development\personal\games\NextGenGameEngine\engine/rhi/vulkan/vulkan_device.h(150): note: see declaration of 'nge::rhi::vulkan::VulkanDevice'
P:\Development\personal\games\NextGenGameEngine\engine\rhi\vulkan\vulkan_command_list.cpp(26): error C2248: 'nge::rhi::vulkan::VulkanDevice::ToVkAccess': cannot access private member declared in class 'nge::rhi::vulkan::VulkanDevice'
P:\Development\personal\games\NextGenGameEngine\engine/rhi/vulkan/vulkan_device.h(227): note: see declaration of 'nge::rhi::vulkan::VulkanDevice::ToVkAccess'
P:\Development\personal\games\NextGenGameEngine\engine/rhi/vulkan/vulkan_device.h(150): note: see declaration of 'nge::rhi::vulkan::VulkanDevice'
P:\Development\personal\games\NextGenGameEngine\engine\rhi\vulkan\vulkan_command_list.cpp(27): error C2248: 'nge::rhi::vulkan::VulkanDevice::ToVkStage': cannot access private member declared in class 'nge::rhi::vulkan::VulkanDevice'
P:\Development\personal\games\NextGenGameEngine\engine/rhi/vulkan/vulkan_device.h(228): note: see declaration of 'nge::rhi::vulkan::VulkanDevice::ToVkStage'
P:\Development\personal\games\NextGenGameEngine\engine/rhi/vulkan/vulkan_device.h(150): note: see declaration of 'nge::rhi::vulkan::VulkanDevice'
P:\Development\personal\games\NextGenGameEngine\engine\rhi\vulkan\vulkan_command_list.cpp(28): error C2248: 'nge::rhi::vulkan::VulkanDevice::ToVkAccess': cannot access private member declared in class 'nge::rhi::vulkan::VulkanDevice'
P:\Development\personal\games\NextGenGameEngine\engine/rhi/vulkan/vulkan_device.h(227): note: see declaration of 'nge::rhi::vulkan::VulkanDevice::ToVkAccess'
P:\Development\personal\games\NextGenGameEngine\engine/rhi/vulkan/vulkan_device.h(150): note: see declaration of 'nge::rhi::vulkan::VulkanDevice'
P:\Development\personal\games\NextGenGameEngine\engine\rhi\vulkan\vulkan_command_list.cpp(38): error C3861: 'vkCmdPipelineBarrier2': identifier not found
P:\Development\personal\games\NextGenGameEngine\engine\rhi\vulkan\vulkan_command_list.cpp(46): error C2248: 'nge::rhi::vulkan::VulkanDevice::ToVkStage': cannot access private member declared in class 'nge::rhi::vulkan::VulkanDevice'
P:\Development\personal\games\NextGenGameEngine\engine/rhi/vulkan/vulkan_device.h(228): note: see declaration of 'nge::rhi::vulkan::VulkanDevice::ToVkStage'
P:\Development\personal\games\NextGenGameEngine\engine/rhi/vulkan/vulkan_device.h(150): note: see declaration of 'nge::rhi::vulkan::VulkanDevice'
P:\Development\personal\games\NextGenGameEngine\engine\rhi\vulkan\vulkan_command_list.cpp(47): error C2248: 'nge::rhi::vulkan::VulkanDevice::ToVkAccess': cannot access private member declared in class 'nge::rhi::vulkan::VulkanDevice'
P:\Development\personal\games\NextGenGameEngine\engine/rhi/vulkan/vulkan_device.h(227): note: see declaration of 'nge::rhi::vulkan::VulkanDevice::ToVkAccess'
P:\Development\personal\games\NextGenGameEngine\engine/rhi/vulkan/vulkan_device.h(150): note: see declaration of 'nge::rhi::vulkan::VulkanDevice'
P:\Development\personal\games\NextGenGameEngine\engine\rhi\vulkan\vulkan_command_list.cpp(48): error C2248: 'nge::rhi::vulkan::VulkanDevice::ToVkStage': cannot access private member declared in class 'nge::rhi::vulkan::VulkanDevice'
P:\Development\personal\games\NextGenGameEngine\engine/rhi/vulkan/vulkan_device.h(228): note: see declaration of 'nge::rhi::vulkan::VulkanDevice::ToVkStage'
P:\Development\personal\games\NextGenGameEngine\engine/rhi/vulkan/vulkan_device.h(150): note: see declaration of 'nge::rhi::vulkan::VulkanDevice'
P:\Development\personal\games\NextGenGameEngine\engine\rhi\vulkan\vulkan_command_list.cpp(49): error C2248: 'nge::rhi::vulkan::VulkanDevice::ToVkAccess': cannot access private member declared in class 'nge::rhi::vulkan::VulkanDevice'
P:\Development\personal\games\NextGenGameEngine\engine/rhi/vulkan/vulkan_device.h(227): note: see declaration of 'nge::rhi::vulkan::VulkanDevice::ToVkAccess'
P:\Development\personal\games\NextGenGameEngine\engine/rhi/vulkan/vulkan_device.h(150): note: see declaration of 'nge::rhi::vulkan::VulkanDevice'
P:\Development\personal\games\NextGenGameEngine\engine\rhi\vulkan\vulkan_command_list.cpp(50): error C2248: 'nge::rhi::vulkan::VulkanDevice::ToVkLayout': cannot access private member declared in class 'nge::rhi::vulkan::VulkanDevice'
P:\Development\personal\games\NextGenGameEngine\engine/rhi/vulkan/vulkan_device.h(226): note: see declaration of 'nge::rhi::vulkan::VulkanDevice::ToVkLayout'
P:\Development\personal\games\NextGenGameEngine\engine/rhi/vulkan/vulkan_device.h(150): note: see declaration of 'nge::rhi::vulkan::VulkanDevice'
P:\Development\personal\games\NextGenGameEngine\engine\rhi\vulkan\vulkan_command_list.cpp(51): error C2248: 'nge::rhi::vulkan::VulkanDevice::ToVkLayout': cannot access private member declared in class 'nge::rhi::vulkan::VulkanDevice'
P:\Development\personal\games\NextGenGameEngine\engine/rhi/vulkan/vulkan_device.h(226): note: see declaration of 'nge::rhi::vulkan::VulkanDevice::ToVkLayout'
P:\Development\personal\games\NextGenGameEngine\engine/rhi/vulkan/vulkan_device.h(150): note: see declaration of 'nge::rhi::vulkan::VulkanDevice'
P:\Development\personal\games\NextGenGameEngine\engine\rhi\vulkan\vulkan_command_list.cpp(64): error C3861: 'vkCmdPipelineBarrier2': identifier not found
P:\Development\personal\games\NextGenGameEngine\engine\rhi\vulkan\vulkan_command_list.cpp(118): error C3861: 'vkCmdBeginRendering': identifier not found
P:\Development\personal\games\NextGenGameEngine\engine\rhi\vulkan\vulkan_command_list.cpp(122): error C3861: 'vkCmdSetViewport': identifier not found
P:\Development\personal\games\NextGenGameEngine\engine\rhi\vulkan\vulkan_command_list.cpp(125): error C3861: 'vkCmdSetScissor': identifier not found
P:\Development\personal\games\NextGenGameEngine\engine\rhi\vulkan\vulkan_command_list.cpp(129): error C3861: 'vkCmdEndRendering': identifier not found
P:\Development\personal\games\NextGenGameEngine\engine\rhi\vulkan\vulkan_command_list.cpp(134): error C3861: 'vkCmdBindPipeline': identifier not found
P:\Development\personal\games\NextGenGameEngine\engine\rhi\vulkan\vulkan_command_list.cpp(140): error C3861: 'vkCmdBindPipeline': identifier not found
P:\Development\personal\games\NextGenGameEngine\engine\rhi\vulkan\vulkan_command_list.cpp(146): error C3861: 'vkCmdBindPipeline': identifier not found
P:\Development\personal\games\NextGenGameEngine\engine\rhi\vulkan\vulkan_command_list.cpp(152): error C3861: 'vkCmdPushConstants': identifier not found
P:\Development\personal\games\NextGenGameEngine\engine\rhi\vulkan\vulkan_command_list.cpp(168): error C3861: 'vkCmdBindVertexBuffers': identifier not found
P:\Development\personal\games\NextGenGameEngine\engine\rhi\vulkan\vulkan_command_list.cpp(174): error C3861: 'vkCmdBindIndexBuffer': identifier not found
P:\Development\personal\games\NextGenGameEngine\engine\rhi\vulkan\vulkan_command_list.cpp(178): error C3861: 'vkCmdDraw': identifier not found
P:\Development\personal\games\NextGenGameEngine\engine\rhi\vulkan\vulkan_command_list.cpp(182): error C3861: 'vkCmdDrawIndexed': identifier not found
P:\Development\personal\games\NextGenGameEngine\engine\rhi\vulkan\vulkan_command_list.cpp(187): error C3861: 'vkCmdDrawIndirect': identifier not found
P:\Development\personal\games\NextGenGameEngine\engine\rhi\vulkan\vulkan_command_list.cpp(192): error C3861: 'vkCmdDrawIndexedIndirect': identifier not found
P:\Development\personal\games\NextGenGameEngine\engine\rhi\vulkan\vulkan_command_list.cpp(198): error C3861: 'vkGetDeviceProcAddr': identifier not found
P:\Development\personal\games\NextGenGameEngine\engine\rhi\vulkan\vulkan_command_list.cpp(199): error C2064: term does not evaluate to a function taking 4 arguments
P:\Development\personal\games\NextGenGameEngine\engine\rhi\vulkan\vulkan_command_list.cpp(205): error C3861: 'vkGetDeviceProcAddr': identifier not found
P:\Development\personal\games\NextGenGameEngine\engine\rhi\vulkan\vulkan_command_list.cpp(206): error C2064: term does not evaluate to a function taking 5 arguments
P:\Development\personal\games\NextGenGameEngine\engine\rhi\vulkan\vulkan_command_list.cpp(210): error C3861: 'vkCmdDispatch': identifier not found
P:\Development\personal\games\NextGenGameEngine\engine\rhi\vulkan\vulkan_command_list.cpp(215): error C3861: 'vkCmdDispatchIndirect': identifier not found
P:\Development\personal\games\NextGenGameEngine\engine\rhi\vulkan\vulkan_command_list.cpp(226): error C3861: 'vkCmdCopyBuffer': identifier not found
P:\Development\personal\games\NextGenGameEngine\engine\rhi\vulkan\vulkan_command_list.cpp(243): error C3861: 'vkCmdCopyBufferToImage': identifier not found
P:\Development\personal\games\NextGenGameEngine\engine\rhi\vulkan\vulkan_command_list.cpp(259): error C3861: 'vkCmdCopyImageToBuffer': identifier not found
P:\Development\personal\games\NextGenGameEngine\engine\rhi\vulkan\vulkan_command_list.cpp(269): error C3861: 'vkGetDeviceProcAddr': identifier not found
P:\Development\personal\games\NextGenGameEngine\engine\rhi\vulkan\vulkan_command_list.cpp(275): error C2064: term does not evaluate to a function taking 2 arguments
P:\Development\personal\games\NextGenGameEngine\engine\rhi\vulkan\vulkan_command_list.cpp(281): error C3861: 'vkGetDeviceProcAddr': identifier not found
P:\Development\personal\games\NextGenGameEngine\engine\rhi\vulkan\vulkan_command_list.cpp(282): error C2064: term does not evaluate to a function taking 1 arguments
[187/297] Building CXX object engine\CMakeFiles\NextGenEngine.dir\Debug\rhi\vulkan\vk_sparse_residency.cpp.obj
[188/297] Building CXX object engine\CMakeFiles\NextGenEngine.dir\Debug\scene\transform\transform.cpp.obj
FAILED: [code=2] engine/CMakeFiles/NextGenEngine.dir/Debug/scene/transform/transform.cpp.obj 
C:\PROGRA~2\MICROS~2\2019\BUILDT~1\VC\Tools\MSVC\1429~1.301\bin\Hostx64\x64\cl.exe  /nologo /TP -DFMT_SHARED -DNGE_DEBUG=1 -DNGE_ENABLE_ASSERTS=1 -DNGE_ENABLE_MEMORY_TRACKING=1 -DNGE_ENABLE_VULKAN=1 -DNGE_PLATFORM_WINDOWS=1 -DNOMINMAX -DSPDLOG_COMPILED_LIB -DSPDLOG_FMT_EXTERNAL -DSPDLOG_SHARED_LIB -DWIN32_LEAN_AND_MEAN -D_CRT_SECURE_NO_WARNINGS -DCMAKE_INTDIR=\"Debug\" -IP:\Development\personal\games\NextGenGameEngine\engine -IP:\Development\personal\games\NextGenGameEngine\engine\.. -external:IP:\Development\personal\games\NextGenGameEngine\build\vcpkg_installed\x64-windows\include -external:IC:\VulkanSDK\1.4.341.1\include -external:W0 /DWIN32 /D_WINDOWS /EHsc /Zi /Ob0 /Od /RTC1 -std:c++20 -MDd /W4 /permissive- /Zc:__cplusplus /MP /fp:fast /arch:AVX2 /wd4251 /wd4275 /utf-8 /showIncludes /Foengine\CMakeFiles\NextGenEngine.dir\Debug\scene\transform\transform.cpp.obj /Fdengine\CMakeFiles\NextGenEngine.dir\Debug\NextGenEngine.pdb /FS -c P:\Development\personal\games\NextGenGameEngine\engine\scene\transform\transform.cpp
P:\Development\personal\games\NextGenGameEngine\engine/core/math/pga.h(35): warning C4201: nonstandard extension used: nameless struct/union
P:\Development\personal\games\NextGenGameEngine\engine/core/math/pga.h(36): warning C4201: nonstandard extension used: nameless struct/union
P:\Development\personal\games\NextGenGameEngine\engine/core/math/pga.h(71): warning C4201: nonstandard extension used: nameless struct/union
P:\Development\personal\games\NextGenGameEngine\engine/core/math/pga.h(72): warning C4201: nonstandard extension used: nameless struct/union
P:\Development\personal\games\NextGenGameEngine\engine/core/math/pga.h(142): warning C4201: nonstandard extension used: nameless struct/union
P:\Development\personal\games\NextGenGameEngine\engine/core/math/pga.h(146): warning C4201: nonstandard extension used: nameless struct/union
P:\Development\personal\games\NextGenGameEngine\engine/scene/transform/transform.h(107): error C2039: 'World': is not a member of 'nge::ecs'
P:\Development\personal\games\NextGenGameEngine\engine/core/ecs/entity.h(5): note: see declaration of 'nge::ecs'
P:\Development\personal\games\NextGenGameEngine\engine/scene/transform/transform.h(107): error C2061: syntax error: identifier 'World'
P:\Development\personal\games\NextGenGameEngine\engine/scene/transform/transform.h(111): error C2039: 'World': is not a member of 'nge::ecs'
P:\Development\personal\games\NextGenGameEngine\engine/core/ecs/entity.h(5): note: see declaration of 'nge::ecs'
P:\Development\personal\games\NextGenGameEngine\engine/scene/transform/transform.h(111): error C2061: syntax error: identifier 'World'
P:\Development\personal\games\NextGenGameEngine\engine\scene\transform\transform.cpp(6): error C2511: 'void nge::scene::TransformSystem::UpdateHierarchy(nge::ecs::World &)': overloaded member function not found in 'nge::scene::TransformSystem'
P:\Development\personal\games\NextGenGameEngine\engine/scene/transform/transform.h(103): note: see declaration of 'nge::scene::TransformSystem'
P:\Development\personal\games\NextGenGameEngine\engine\scene\transform\transform.cpp(15): error C2660: 'nge::scene::TransformSystem::UpdateEntity': function does not take 3 arguments
P:\Development\personal\games\NextGenGameEngine\engine/scene/transform/transform.h(111): note: see declaration of 'nge::scene::TransformSystem::UpdateEntity'
P:\Development\personal\games\NextGenGameEngine\engine\scene\transform\transform.cpp(36): error C2511: 'void nge::scene::TransformSystem::UpdateEntity(nge::ecs::World &,nge::ecs::Entity,const nge::pga::Motor &)': overloaded member function not found in 'nge::scene::TransformSystem'
P:\Development\personal\games\NextGenGameEngine\engine/scene/transform/transform.h(103): note: see declaration of 'nge::scene::TransformSystem'
[189/297] Building CXX object engine\CMakeFiles\NextGenEngine.dir\Debug\rhi\vulkan\vk_swapchain_manager.cpp.obj
[190/297] Building CXX object engine\CMakeFiles\NextGenEngine.dir\Debug\rhi\vulkan\vulkan_device.cpp.obj
FAILED: [code=2] engine/CMakeFiles/NextGenEngine.dir/Debug/rhi/vulkan/vulkan_device.cpp.obj 
C:\PROGRA~2\MICROS~2\2019\BUILDT~1\VC\Tools\MSVC\1429~1.301\bin\Hostx64\x64\cl.exe  /nologo /TP -DFMT_SHARED -DNGE_DEBUG=1 -DNGE_ENABLE_ASSERTS=1 -DNGE_ENABLE_MEMORY_TRACKING=1 -DNGE_ENABLE_VULKAN=1 -DNGE_PLATFORM_WINDOWS=1 -DNOMINMAX -DSPDLOG_COMPILED_LIB -DSPDLOG_FMT_EXTERNAL -DSPDLOG_SHARED_LIB -DWIN32_LEAN_AND_MEAN -D_CRT_SECURE_NO_WARNINGS -DCMAKE_INTDIR=\"Debug\" -IP:\Development\personal\games\NextGenGameEngine\engine -IP:\Development\personal\games\NextGenGameEngine\engine\.. -external:IP:\Development\personal\games\NextGenGameEngine\build\vcpkg_installed\x64-windows\include -external:IC:\VulkanSDK\1.4.341.1\include -external:W0 /DWIN32 /D_WINDOWS /EHsc /Zi /Ob0 /Od /RTC1 -std:c++20 -MDd /W4 /permissive- /Zc:__cplusplus /MP /fp:fast /arch:AVX2 /wd4251 /wd4275 /utf-8 /showIncludes /Foengine\CMakeFiles\NextGenEngine.dir\Debug\rhi\vulkan\vulkan_device.cpp.obj /Fdengine\CMakeFiles\NextGenEngine.dir\Debug\NextGenEngine.pdb /FS -c P:\Development\personal\games\NextGenGameEngine\engine\rhi\vulkan\vulkan_device.cpp
C:\VulkanSDK\1.4.341.1\include\vulkan/vulkan_win32.h(31): error C3646: 'hinstance': unknown override specifier
C:\VulkanSDK\1.4.341.1\include\vulkan/vulkan_win32.h(32): error C3646: 'hwnd': unknown override specifier
C:\VulkanSDK\1.4.341.1\include\vulkan/vulkan_win32.h(63): error C3646: 'handle': unknown override specifier
C:\VulkanSDK\1.4.341.1\include\vulkan/vulkan_win32.h(64): error C3646: 'name': unknown override specifier
C:\VulkanSDK\1.4.341.1\include\vulkan/vulkan_win32.h(70): error C2143: syntax error: missing ';' before '*'
C:\VulkanSDK\1.4.341.1\include\vulkan/vulkan_win32.h(70): error C2238: unexpected token(s) preceding ';'
C:\VulkanSDK\1.4.341.1\include\vulkan/vulkan_win32.h(71): error C3646: 'dwAccess': unknown override specifier
C:\VulkanSDK\1.4.341.1\include\vulkan/vulkan_win32.h(72): error C3646: 'name': unknown override specifier
C:\VulkanSDK\1.4.341.1\include\vulkan/vulkan_win32.h(88): error C2061: syntax error: identifier 'HANDLE'
C:\VulkanSDK\1.4.341.1\include\vulkan/vulkan_win32.h(89): error C2061: syntax error: identifier 'HANDLE'
C:\VulkanSDK\1.4.341.1\include\vulkan/vulkan_win32.h(137): error C3646: 'handle': unknown override specifier
C:\VulkanSDK\1.4.341.1\include\vulkan/vulkan_win32.h(138): error C3646: 'name': unknown override specifier
C:\VulkanSDK\1.4.341.1\include\vulkan/vulkan_win32.h(144): error C2143: syntax error: missing ';' before '*'
C:\VulkanSDK\1.4.341.1\include\vulkan/vulkan_win32.h(144): error C2238: unexpected token(s) preceding ';'
C:\VulkanSDK\1.4.341.1\include\vulkan/vulkan_win32.h(145): error C3646: 'dwAccess': unknown override specifier
C:\VulkanSDK\1.4.341.1\include\vulkan/vulkan_win32.h(146): error C3646: 'name': unknown override specifier
C:\VulkanSDK\1.4.341.1\include\vulkan/vulkan_win32.h(166): error C2061: syntax error: identifier 'HANDLE'
C:\VulkanSDK\1.4.341.1\include\vulkan/vulkan_win32.h(194): error C3646: 'handle': unknown override specifier
C:\VulkanSDK\1.4.341.1\include\vulkan/vulkan_win32.h(195): error C3646: 'name': unknown override specifier
C:\VulkanSDK\1.4.341.1\include\vulkan/vulkan_win32.h(201): error C2143: syntax error: missing ';' before '*'
C:\VulkanSDK\1.4.341.1\include\vulkan/vulkan_win32.h(201): error C2238: unexpected token(s) preceding ';'
C:\VulkanSDK\1.4.341.1\include\vulkan/vulkan_win32.h(202): error C3646: 'dwAccess': unknown override specifier
C:\VulkanSDK\1.4.341.1\include\vulkan/vulkan_win32.h(203): error C3646: 'name': unknown override specifier
C:\VulkanSDK\1.4.341.1\include\vulkan/vulkan_win32.h(214): error C2061: syntax error: identifier 'HANDLE'
C:\VulkanSDK\1.4.341.1\include\vulkan/vulkan_win32.h(240): error C3646: 'handle': unknown override specifier
C:\VulkanSDK\1.4.341.1\include\vulkan/vulkan_win32.h(246): error C2143: syntax error: missing ';' before '*'
C:\VulkanSDK\1.4.341.1\include\vulkan/vulkan_win32.h(246): error C2238: unexpected token(s) preceding ';'
C:\VulkanSDK\1.4.341.1\include\vulkan/vulkan_win32.h(247): error C3646: 'dwAccess': unknown override specifier
C:\VulkanSDK\1.4.341.1\include\vulkan/vulkan_win32.h(250): error C2061: syntax error: identifier 'HANDLE'
C:\VulkanSDK\1.4.341.1\include\vulkan/vulkan_win32.h(308): error C3646: 'hmonitor': unknown override specifier
P:\Development\personal\games\NextGenGameEngine\engine\rhi\vulkan\vulkan_device.cpp(56): error C2039: 'hinstance': is not a member of 'VkWin32SurfaceCreateInfoKHR'
C:\VulkanSDK\1.4.341.1\include\vulkan/vulkan_win32.h(27): note: see declaration of 'VkWin32SurfaceCreateInfoKHR'
P:\Development\personal\games\NextGenGameEngine\engine\rhi\vulkan\vulkan_device.cpp(56): error C2061: syntax error: identifier 'HINSTANCE'
P:\Development\personal\games\NextGenGameEngine\engine\rhi\vulkan\vulkan_device.cpp(57): error C2039: 'hwnd': is not a member of 'VkWin32SurfaceCreateInfoKHR'
C:\VulkanSDK\1.4.341.1\include\vulkan/vulkan_win32.h(27): note: see declaration of 'VkWin32SurfaceCreateInfoKHR'
P:\Development\personal\games\NextGenGameEngine\engine\rhi\vulkan\vulkan_device.cpp(57): error C2061: syntax error: identifier 'HWND'
P:\Development\personal\games\NextGenGameEngine\engine\rhi\vulkan\vulkan_device.cpp(59): error C3861: 'vkCreateWin32SurfaceKHR': identifier not found
P:\Development\personal\games\NextGenGameEngine\engine\rhi\vulkan\vulkan_device.cpp(87): error C3861: 'vkDestroyCommandPool': identifier not found
P:\Development\personal\games\NextGenGameEngine\engine\rhi\vulkan\vulkan_device.cpp(88): error C3861: 'vkDestroySemaphore': identifier not found
P:\Development\personal\games\NextGenGameEngine\engine\rhi\vulkan\vulkan_device.cpp(89): error C3861: 'vkDestroySemaphore': identifier not found
P:\Development\personal\games\NextGenGameEngine\engine\rhi\vulkan\vulkan_device.cpp(90): error C3861: 'vkDestroyFence': identifier not found
P:\Development\personal\games\NextGenGameEngine\engine\rhi\vulkan\vulkan_device.cpp(96): error C3861: 'vkDestroyBuffer': identifier not found
P:\Development\personal\games\NextGenGameEngine\engine\rhi\vulkan\vulkan_device.cpp(97): error C3861: 'vkFreeMemory': identifier not found
P:\Development\personal\games\NextGenGameEngine\engine\rhi\vulkan\vulkan_device.cpp(102): error C3861: 'vkDestroyImageView': identifier not found
P:\Development\personal\games\NextGenGameEngine\engine\rhi\vulkan\vulkan_device.cpp(103): error C3861: 'vkDestroyImage': identifier not found
P:\Development\personal\games\NextGenGameEngine\engine\rhi\vulkan\vulkan_device.cpp(104): error C3861: 'vkFreeMemory': identifier not found
P:\Development\personal\games\NextGenGameEngine\engine\rhi\vulkan\vulkan_device.cpp(108): error C3861: 'vkDestroySampler': identifier not found
P:\Development\personal\games\NextGenGameEngine\engine\rhi\vulkan\vulkan_device.cpp(111): error C3861: 'vkDestroyShaderModule': identifier not found
P:\Development\personal\games\NextGenGameEngine\engine\rhi\vulkan\vulkan_device.cpp(115): error C3861: 'vkDestroyPipeline': identifier not found
P:\Development\personal\games\NextGenGameEngine\engine\rhi\vulkan\vulkan_device.cpp(116): error C3861: 'vkDestroyPipelineLayout': identifier not found
P:\Development\personal\games\NextGenGameEngine\engine\rhi\vulkan\vulkan_device.cpp(120): error C3861: 'vkDestroyDescriptorPool': identifier not found
P:\Development\personal\games\NextGenGameEngine\engine\rhi\vulkan\vulkan_device.cpp(121): error C3861: 'vkDestroyDescriptorSetLayout': identifier not found
P:\Development\personal\games\NextGenGameEngine\engine\rhi\vulkan\vulkan_device.cpp(122): error C3861: 'vkDestroyPipelineLayout': identifier not found
P:\Development\personal\games\NextGenGameEngine\engine\rhi\vulkan\vulkan_device.cpp(126): error C3861: 'vkDestroyDevice': identifier not found
P:\Development\personal\games\NextGenGameEngine\engine\rhi\vulkan\vulkan_device.cpp(127): error C3861: 'vkDestroySurfaceKHR': identifier not found
P:\Development\personal\games\NextGenGameEngine\engine\rhi\vulkan\vulkan_device.cpp(132): error C3861: 'vkGetInstanceProcAddr': identifier not found
P:\Development\personal\games\NextGenGameEngine\engine\rhi\vulkan\vulkan_device.cpp(133): error C2064: term does not evaluate to a function taking 3 arguments
P:\Development\personal\games\NextGenGameEngine\engine\rhi\vulkan\vulkan_device.cpp(137): error C3861: 'vkDestroyInstance': identifier not found
P:\Development\personal\games\NextGenGameEngine\engine\rhi\vulkan\vulkan_device.cpp(144): error C3861: 'vkDeviceWaitIdle': identifier not found
P:\Development\personal\games\NextGenGameEngine\engine\rhi\vulkan\vulkan_device.cpp(180): error C3861: 'vkCreateInstance': identifier not found
P:\Development\personal\games\NextGenGameEngine\engine\rhi\vulkan\vulkan_device.cpp(188): error C3861: 'vkGetInstanceProcAddr': identifier not found
P:\Development\personal\games\NextGenGameEngine\engine\rhi\vulkan\vulkan_device.cpp(198): error C2064: term does not evaluate to a function taking 4 arguments
P:\Development\personal\games\NextGenGameEngine\engine\rhi\vulkan\vulkan_device.cpp(209): error C3861: 'vkEnumeratePhysicalDevices': identifier not found
P:\Development\personal\games\NextGenGameEngine\engine\rhi\vulkan\vulkan_device.cpp(216): error C3861: 'vkEnumeratePhysicalDevices': identifier not found
P:\Development\personal\games\NextGenGameEngine\engine\rhi\vulkan\vulkan_device.cpp(224): error C3861: 'vkGetPhysicalDeviceProperties': identifier not found
P:\Development\personal\games\NextGenGameEngine\engine\rhi\vulkan\vulkan_device.cpp(240): error C3861: 'vkGetPhysicalDeviceProperties': identifier not found
P:\Development\personal\games\NextGenGameEngine\engine\rhi\vulkan\vulkan_device.cpp(242): error C3861: 'vkGetPhysicalDeviceMemoryProperties': identifier not found
P:\Development\personal\games\NextGenGameEngine\engine\rhi\vulkan\vulkan_device.cpp(253): error C3861: 'vkGetPhysicalDeviceQueueFamilyProperties': identifier not found
P:\Development\personal\games\NextGenGameEngine\engine\rhi\vulkan\vulkan_device.cpp(255): error C3861: 'vkGetPhysicalDeviceQueueFamilyProperties': identifier not found
P:\Development\personal\games\NextGenGameEngine\engine\rhi\vulkan\vulkan_device.cpp(263): error C3861: 'vkGetPhysicalDeviceSurfaceSupportKHR': identifier not found
P:\Development\personal\games\NextGenGameEngine\engine\rhi\vulkan\vulkan_device.cpp(314): error C3861: 'vkEnumerateDeviceExtensionProperties': identifier not found
P:\Development\personal\games\NextGenGameEngine\engine\rhi\vulkan\vulkan_device.cpp(316): error C3861: 'vkEnumerateDeviceExtensionProperties': identifier not found
P:\Development\personal\games\NextGenGameEngine\engine\rhi\vulkan\vulkan_device.cpp(411): error C3861: 'vkCreateDevice': identifier not found
P:\Development\personal\games\NextGenGameEngine\engine\rhi\vulkan\vulkan_device.cpp(416): error C3861: 'vkGetDeviceQueue': identifier not found
P:\Development\personal\games\NextGenGameEngine\engine\rhi\vulkan\vulkan_device.cpp(417): error C3861: 'vkGetDeviceQueue': identifier not found
P:\Development\personal\games\NextGenGameEngine\engine\rhi\vulkan\vulkan_device.cpp(418): error C3861: 'vkGetDeviceQueue': identifier not found
P:\Development\personal\games\NextGenGameEngine\engine\rhi\vulkan\vulkan_device.cpp(433): error C3861: 'vkGetPhysicalDeviceSurfaceCapabilitiesKHR': identifier not found
P:\Development\personal\games\NextGenGameEngine\engine\rhi\vulkan\vulkan_device.cpp(437): error C3861: 'vkGetPhysicalDeviceSurfaceFormatsKHR': identifier not found
P:\Development\personal\games\NextGenGameEngine\engine\rhi\vulkan\vulkan_device.cpp(439): error C3861: 'vkGetPhysicalDeviceSurfaceFormatsKHR': identifier not found
P:\Development\personal\games\NextGenGameEngine\engine\rhi\vulkan\vulkan_device.cpp(478): error C3861: 'vkCreateSwapchainKHR': identifier not found
P:\Development\personal\games\NextGenGameEngine\engine\rhi\vulkan\vulkan_device.cpp(481): error C3861: 'vkCreateSwapchainKHR': identifier not found
P:\Development\personal\games\NextGenGameEngine\engine\rhi\vulkan\vulkan_device.cpp(488): error C3861: 'vkGetSwapchainImagesKHR': identifier not found
P:\Development\personal\games\NextGenGameEngine\engine\rhi\vulkan\vulkan_device.cpp(490): error C3861: 'vkGetSwapchainImagesKHR': identifier not found
P:\Development\personal\games\NextGenGameEngine\engine\rhi\vulkan\vulkan_device.cpp(510): error C3861: 'vkCreateImageView': identifier not found
P:\Development\personal\games\NextGenGameEngine\engine\rhi\vulkan\vulkan_device.cpp(521): error C2440: '<function-style-cast>': cannot convert from 'initializer list' to 'nge::rhi::TextureHandle'
P:\Development\personal\games\NextGenGameEngine\engine\rhi\vulkan\vulkan_device.cpp(521): note: No constructor could take the source type, or constructor overload resolution was ambiguous
P:\Development\personal\games\NextGenGameEngine\engine\rhi\vulkan\vulkan_device.cpp(530): error C3861: 'vkDestroyImageView': identifier not found
P:\Development\personal\games\NextGenGameEngine\engine\rhi\vulkan\vulkan_device.cpp(541): error C3861: 'vkDestroySwapchainKHR': identifier not found
P:\Development\personal\games\NextGenGameEngine\engine\rhi\vulkan\vulkan_device.cpp(570): error C3861: 'vkCreateCommandPool': identifier not found
P:\Development\personal\games\NextGenGameEngine\engine\rhi\vulkan\vulkan_device.cpp(578): error C3861: 'vkAllocateCommandBuffers': identifier not found
P:\Development\personal\games\NextGenGameEngine\engine\rhi\vulkan\vulkan_device.cpp(580): error C3861: 'vkCreateSemaphore': identifier not found
P:\Development\personal\games\NextGenGameEngine\engine\rhi\vulkan\vulkan_device.cpp(581): error C3861: 'vkCreateSemaphore': identifier not found
P:\Development\personal\games\NextGenGameEngine\engine\rhi\vulkan\vulkan_device.cpp(582): error C3861: 'vkCreateFence': identifier not found
P:\Development\personal\games\NextGenGameEngine\engine\rhi\vulkan\vulkan_device.cpp(630): error C3861: 'vkCreateDescriptorSetLayout': identifier not found
P:\Development\personal\games\NextGenGameEngine\engine\rhi\vulkan\vulkan_device.cpp(649): error C3861: 'vkCreateDescriptorPool': identifier not found
P:\Development\personal\games\NextGenGameEngine\engine\rhi\vulkan\vulkan_device.cpp(659): error C3861: 'vkAllocateDescriptorSets': identifier not found
P:\Development\personal\games\NextGenGameEngine\engine\rhi\vulkan\vulkan_device.cpp(675): error C3861: 'vkCreatePipelineLayout': identifier not found
P:\Development\personal\games\NextGenGameEngine\engine\rhi\vulkan\vulkan_device.cpp(686): error C3861: 'vkGetPhysicalDeviceProperties': identifier not found
P:\Development\personal\games\NextGenGameEngine\engine\rhi\vulkan\vulkan_device.cpp(714): error C3861: 'vkWaitForFences': identifier not found
P:\Development\personal\games\NextGenGameEngine\engine\rhi\vulkan\vulkan_device.cpp(715): error C3861: 'vkResetFences': identifier not found
P:\Development\personal\games\NextGenGameEngine\engine\rhi\vulkan\vulkan_device.cpp(716): error C3861: 'vkResetCommandPool': identifier not found
P:\Development\personal\games\NextGenGameEngine\engine\rhi\vulkan\vulkan_device.cpp(721): error C3861: 'vkAcquireNextImageKHR': identifier not found
P:\Development\personal\games\NextGenGameEngine\engine\rhi\vulkan\vulkan_device.cpp(738): error C3861: 'vkQueuePresentKHR': identifier not found
P:\Development\personal\games\NextGenGameEngine\engine\rhi\vulkan\vulkan_device.cpp(780): error C3861: 'vkCreateBuffer': identifier not found
P:\Development\personal\games\NextGenGameEngine\engine\rhi\vulkan\vulkan_device.cpp(780): fatal error C1003: error count exceeds 100; stopping compilation
[191/297] Building CXX object engine\CMakeFiles\NextGenEngine.dir\Debug\scene\prefab\prefab_system.cpp.obj
FAILED: [code=2] engine/CMakeFiles/NextGenEngine.dir/Debug/scene/prefab/prefab_system.cpp.obj 
C:\PROGRA~2\MICROS~2\2019\BUILDT~1\VC\Tools\MSVC\1429~1.301\bin\Hostx64\x64\cl.exe  /nologo /TP -DFMT_SHARED -DNGE_DEBUG=1 -DNGE_ENABLE_ASSERTS=1 -DNGE_ENABLE_MEMORY_TRACKING=1 -DNGE_ENABLE_VULKAN=1 -DNGE_PLATFORM_WINDOWS=1 -DNOMINMAX -DSPDLOG_COMPILED_LIB -DSPDLOG_FMT_EXTERNAL -DSPDLOG_SHARED_LIB -DWIN32_LEAN_AND_MEAN -D_CRT_SECURE_NO_WARNINGS -DCMAKE_INTDIR=\"Debug\" -IP:\Development\personal\games\NextGenGameEngine\engine -IP:\Development\personal\games\NextGenGameEngine\engine\.. -external:IP:\Development\personal\games\NextGenGameEngine\build\vcpkg_installed\x64-windows\include -external:IC:\VulkanSDK\1.4.341.1\include -external:W0 /DWIN32 /D_WINDOWS /EHsc /Zi /Ob0 /Od /RTC1 -std:c++20 -MDd /W4 /permissive- /Zc:__cplusplus /MP /fp:fast /arch:AVX2 /wd4251 /wd4275 /utf-8 /showIncludes /Foengine\CMakeFiles\NextGenEngine.dir\Debug\scene\prefab\prefab_system.cpp.obj /Fdengine\CMakeFiles\NextGenEngine.dir\Debug\NextGenEngine.pdb /FS -c P:\Development\personal\games\NextGenGameEngine\engine\scene\prefab\prefab_system.cpp
P:\Development\personal\games\NextGenGameEngine\engine\scene\prefab\prefab_system.cpp(28): error C2039: 'GetEntityName': is not a member of 'nge::ecs::World'
P:\Development\personal\games\NextGenGameEngine\engine/core/ecs/world.h(50): note: see declaration of 'nge::ecs::World'
P:\Development\personal\games\NextGenGameEngine\engine\scene\prefab\prefab_system.cpp(31): error C2039: 'GetTransform': is not a member of 'nge::ecs::World'
P:\Development\personal\games\NextGenGameEngine\engine/core/ecs/world.h(50): note: see declaration of 'nge::ecs::World'
P:\Development\personal\games\NextGenGameEngine\engine\scene\prefab\prefab_system.cpp(32): error C3536: 'transform': cannot be used before it is initialized
P:\Development\personal\games\NextGenGameEngine\engine\scene\prefab\prefab_system.cpp(128): error C2660: 'nge::ecs::World::CreateEntity': function does not take 1 arguments
P:\Development\personal\games\NextGenGameEngine\engine/core/ecs/world.h(66): note: see declaration of 'nge::ecs::World::CreateEntity'
P:\Development\personal\games\NextGenGameEngine\engine\scene\prefab\prefab_system.cpp(143): error C2039: 'SetTransform': is not a member of 'nge::ecs::World'
P:\Development\personal\games\NextGenGameEngine\engine/core/ecs/world.h(50): note: see declaration of 'nge::ecs::World'
P:\Development\personal\games\NextGenGameEngine\engine\scene\prefab\prefab_system.cpp(147): error C2039: 'SetParent': is not a member of 'nge::ecs::World'
P:\Development\personal\games\NextGenGameEngine\engine/core/ecs/world.h(50): note: see declaration of 'nge::ecs::World'
[192/297] Building CXX object engine\CMakeFiles\NextGenEngine.dir\Debug\scene\serialization\scene_serializer.cpp.obj
FAILED: [code=2] engine/CMakeFiles/NextGenEngine.dir/Debug/scene/serialization/scene_serializer.cpp.obj 
C:\PROGRA~2\MICROS~2\2019\BUILDT~1\VC\Tools\MSVC\1429~1.301\bin\Hostx64\x64\cl.exe  /nologo /TP -DFMT_SHARED -DNGE_DEBUG=1 -DNGE_ENABLE_ASSERTS=1 -DNGE_ENABLE_MEMORY_TRACKING=1 -DNGE_ENABLE_VULKAN=1 -DNGE_PLATFORM_WINDOWS=1 -DNOMINMAX -DSPDLOG_COMPILED_LIB -DSPDLOG_FMT_EXTERNAL -DSPDLOG_SHARED_LIB -DWIN32_LEAN_AND_MEAN -D_CRT_SECURE_NO_WARNINGS -DCMAKE_INTDIR=\"Debug\" -IP:\Development\personal\games\NextGenGameEngine\engine -IP:\Development\personal\games\NextGenGameEngine\engine\.. -external:IP:\Development\personal\games\NextGenGameEngine\build\vcpkg_installed\x64-windows\include -external:IC:\VulkanSDK\1.4.341.1\include -external:W0 /DWIN32 /D_WINDOWS /EHsc /Zi /Ob0 /Od /RTC1 -std:c++20 -MDd /W4 /permissive- /Zc:__cplusplus /MP /fp:fast /arch:AVX2 /wd4251 /wd4275 /utf-8 /showIncludes /Foengine\CMakeFiles\NextGenEngine.dir\Debug\scene\serialization\scene_serializer.cpp.obj /Fdengine\CMakeFiles\NextGenEngine.dir\Debug\NextGenEngine.pdb /FS -c P:\Development\personal\games\NextGenGameEngine\engine\scene\serialization\scene_serializer.cpp
P:\Development\personal\games\NextGenGameEngine\engine/core/math/pga.h(35): warning C4201: nonstandard extension used: nameless struct/union
P:\Development\personal\games\NextGenGameEngine\engine/core/math/pga.h(36): warning C4201: nonstandard extension used: nameless struct/union
P:\Development\personal\games\NextGenGameEngine\engine/core/math/pga.h(71): warning C4201: nonstandard extension used: nameless struct/union
P:\Development\personal\games\NextGenGameEngine\engine/core/math/pga.h(72): warning C4201: nonstandard extension used: nameless struct/union
P:\Development\personal\games\NextGenGameEngine\engine/core/math/pga.h(142): warning C4201: nonstandard extension used: nameless struct/union
P:\Development\personal\games\NextGenGameEngine\engine/core/math/pga.h(146): warning C4201: nonstandard extension used: nameless struct/union
P:\Development\personal\games\NextGenGameEngine\engine\scene\serialization\scene_serializer.cpp(126): error C2039: 'GetAllEntities': is not a member of 'nge::ecs::World'
P:\Development\personal\games\NextGenGameEngine\engine/core/ecs/world.h(50): note: see declaration of 'nge::ecs::World'
P:\Development\personal\games\NextGenGameEngine\engine\scene\serialization\scene_serializer.cpp(127): error C3536: 'entities': cannot be used before it is initialized
P:\Development\personal\games\NextGenGameEngine\engine\scene\serialization\scene_serializer.cpp(136): error C2672: 'begin': no matching overloaded function found
P:\Development\personal\games\NextGenGameEngine\engine\scene\serialization\scene_serializer.cpp(136): error C2893: Failed to specialize function template 'unknown-type std::begin(_Container &)'
C:\Program Files (x86)\Microsoft Visual Studio\2019\BuildTools\VC\Tools\MSVC\14.29.30133\include\xutility(1844): note: see declaration of 'std::begin'
P:\Development\personal\games\NextGenGameEngine\engine\scene\serialization\scene_serializer.cpp(136): note: With the following template arguments:
P:\Development\personal\games\NextGenGameEngine\engine\scene\serialization\scene_serializer.cpp(136): note: '_Container=int'
P:\Development\personal\games\NextGenGameEngine\engine\scene\serialization\scene_serializer.cpp(136): error C2784: 'const _Elem *std::begin(std::initializer_list<_Elem>) noexcept': could not deduce template argument for 'std::initializer_list<_Elem>' from 'int'
C:\Program Files (x86)\Microsoft Visual Studio\2019\BuildTools\VC\Tools\MSVC\14.29.30133\include\initializer_list(55): note: see declaration of 'std::begin'
P:\Development\personal\games\NextGenGameEngine\engine\scene\serialization\scene_serializer.cpp(136): error C2672: 'end': no matching overloaded function found
P:\Development\personal\games\NextGenGameEngine\engine\scene\serialization\scene_serializer.cpp(136): error C2893: Failed to specialize function template 'unknown-type std::end(_Container &)'
C:\Program Files (x86)\Microsoft Visual Studio\2019\BuildTools\VC\Tools\MSVC\14.29.30133\include\xutility(1854): note: see declaration of 'std::end'
P:\Development\personal\games\NextGenGameEngine\engine\scene\serialization\scene_serializer.cpp(136): note: With the following template arguments:
P:\Development\personal\games\NextGenGameEngine\engine\scene\serialization\scene_serializer.cpp(136): note: '_Container=int'
P:\Development\personal\games\NextGenGameEngine\engine\scene\serialization\scene_serializer.cpp(136): error C2784: 'const _Elem *std::end(std::initializer_list<_Elem>) noexcept': could not deduce template argument for 'std::initializer_list<_Elem>' from 'int'
C:\Program Files (x86)\Microsoft Visual Studio\2019\BuildTools\VC\Tools\MSVC\14.29.30133\include\initializer_list(60): note: see declaration of 'std::end'
P:\Development\personal\games\NextGenGameEngine\engine\scene\serialization\scene_serializer.cpp(136): error C3536: '<begin>$L0': cannot be used before it is initialized
P:\Development\personal\games\NextGenGameEngine\engine\scene\serialization\scene_serializer.cpp(136): error C3536: '<end>$L0': cannot be used before it is initialized
P:\Development\personal\games\NextGenGameEngine\engine\scene\serialization\scene_serializer.cpp(136): error C2100: illegal indirection
P:\Development\personal\games\NextGenGameEngine\engine\scene\serialization\scene_serializer.cpp(138): error C2660: 'nge::scene::SceneSerializer::WriteU64': function does not take 1 arguments
P:\Development\personal\games\NextGenGameEngine\engine\scene\serialization\scene_serializer.cpp(16): note: see declaration of 'nge::scene::SceneSerializer::WriteU64'
P:\Development\personal\games\NextGenGameEngine\engine\scene\serialization\scene_serializer.cpp(146): error C2039: 'GetEntityName': is not a member of 'nge::ecs::World'
P:\Development\personal\games\NextGenGameEngine\engine/core/ecs/world.h(50): note: see declaration of 'nge::ecs::World'
P:\Development\personal\games\NextGenGameEngine\engine\scene\serialization\scene_serializer.cpp(150): error C2039: 'GetTransform': is not a member of 'nge::ecs::World'
P:\Development\personal\games\NextGenGameEngine\engine/core/ecs/world.h(50): note: see declaration of 'nge::ecs::World'
P:\Development\personal\games\NextGenGameEngine\engine\scene\serialization\scene_serializer.cpp(151): error C3536: 'transform': cannot be used before it is initialized
P:\Development\personal\games\NextGenGameEngine\engine\scene\serialization\scene_serializer.cpp(152): error C2660: 'nge::scene::SceneSerializer::WriteVec3': function does not take 1 arguments
P:\Development\personal\games\NextGenGameEngine\engine\scene\serialization\scene_serializer.cpp(31): note: see declaration of 'nge::scene::SceneSerializer::WriteVec3'
P:\Development\personal\games\NextGenGameEngine\engine\scene\serialization\scene_serializer.cpp(153): error C2660: 'nge::scene::SceneSerializer::WriteVec4': function does not take 1 arguments
P:\Development\personal\games\NextGenGameEngine\engine\scene\serialization\scene_serializer.cpp(35): note: see declaration of 'nge::scene::SceneSerializer::WriteVec4'
P:\Development\personal\games\NextGenGameEngine\engine\scene\serialization\scene_serializer.cpp(154): error C2660: 'nge::scene::SceneSerializer::WriteVec3': function does not take 1 arguments
P:\Development\personal\games\NextGenGameEngine\engine\scene\serialization\scene_serializer.cpp(31): note: see declaration of 'nge::scene::SceneSerializer::WriteVec3'
P:\Development\personal\games\NextGenGameEngine\engine\scene\serialization\scene_serializer.cpp(168): error C2664: '_Ret std::_Func_class<_Ret,nge::ecs::Entity,std::vector<nge::byte,std::allocator<nge::byte>> &>::operator ()(nge::ecs::Entity,std::vector<nge::byte,std::allocator<nge::byte>> &) const': cannot convert argument 1 from 'int' to 'nge::ecs::Entity'
        with
        [
            _Ret=bool
        ]
P:\Development\personal\games\NextGenGameEngine\engine\scene\serialization\scene_serializer.cpp(168): note: Constructor for struct 'nge::ecs::Entity' is declared 'explicit'
C:\Program Files (x86)\Microsoft Visual Studio\2019\BuildTools\VC\Tools\MSVC\14.29.30133\include\functional(864): note: see declaration of 'std::_Func_class<_Ret,nge::ecs::Entity,std::vector<nge::byte,std::allocator<nge::byte>> &>::operator ()'
        with
        [
            _Ret=bool
        ]
P:\Development\personal\games\NextGenGameEngine\engine\scene\serialization\scene_serializer.cpp(244): error C2660: 'nge::ecs::World::CreateEntity': function does not take 1 arguments
P:\Development\personal\games\NextGenGameEngine\engine/core/ecs/world.h(66): note: see declaration of 'nge::ecs::World::CreateEntity'
P:\Development\personal\games\NextGenGameEngine\engine\scene\serialization\scene_serializer.cpp(251): error C2039: 'SetTransform': is not a member of 'nge::ecs::World'
P:\Development\personal\games\NextGenGameEngine\engine/core/ecs/world.h(50): note: see declaration of 'nge::ecs::World'
[193/297] Building CXX object tests\CMakeFiles\EngineTests.dir\Debug\core\test_events.cpp.obj
FAILED: [code=2] tests/CMakeFiles/EngineTests.dir/Debug/core/test_events.cpp.obj 
C:\PROGRA~2\MICROS~2\2019\BUILDT~1\VC\Tools\MSVC\1429~1.301\bin\Hostx64\x64\cl.exe  /nologo /TP -DFMT_SHARED -DGTEST_LINKED_AS_SHARED_LIBRARY=1 -DNGE_DEBUG=1 -DNGE_ENABLE_ASSERTS=1 -DNGE_ENABLE_MEMORY_TRACKING=1 -DNGE_ENABLE_VULKAN=1 -DNGE_PLATFORM_WINDOWS=1 -DNOMINMAX -DSPDLOG_COMPILED_LIB -DSPDLOG_FMT_EXTERNAL -DSPDLOG_SHARED_LIB -DWIN32_LEAN_AND_MEAN -D_CRT_SECURE_NO_WARNINGS -DCMAKE_INTDIR=\"Debug\" -IP:\Development\personal\games\NextGenGameEngine\engine -IP:\Development\personal\games\NextGenGameEngine\engine\.. -external:IP:\Development\personal\games\NextGenGameEngine\build\vcpkg_installed\x64-windows\include -external:IC:\VulkanSDK\1.4.341.1\include -external:W0 /DWIN32 /D_WINDOWS /EHsc /Zi /Ob0 /Od /RTC1 -std:c++20 -MDd /W4 /permissive- /Zc:__cplusplus /MP /fp:fast /arch:AVX2 /wd4251 /wd4275 /utf-8 /showIncludes /Fotests\CMakeFiles\EngineTests.dir\Debug\core\test_events.cpp.obj /Fdtests\CMakeFiles\EngineTests.dir\Debug\ /FS -c P:\Development\personal\games\NextGenGameEngine\tests\core\test_events.cpp
P:\Development\personal\games\NextGenGameEngine\tests\core\test_events.cpp(85): error C2440: '<function-style-cast>': cannot convert from 'initializer list' to 'TestEvent'
P:\Development\personal\games\NextGenGameEngine\tests\core\test_events.cpp(85): note: There is no context in which this conversion is possible
P:\Development\personal\games\NextGenGameEngine\tests\core\test_events.cpp(85): error C2672: 'nge::events::EventBus::Emit': no matching overloaded function found
[194/297] Building CXX object samples\triangle\CMakeFiles\SampleTriangle.dir\Debug\main.cpp.obj
FAILED: [code=2] samples/triangle/CMakeFiles/SampleTriangle.dir/Debug/main.cpp.obj 
C:\PROGRA~2\MICROS~2\2019\BUILDT~1\VC\Tools\MSVC\1429~1.301\bin\Hostx64\x64\cl.exe  /nologo /TP -DFMT_SHARED -DNGE_DEBUG=1 -DNGE_ENABLE_ASSERTS=1 -DNGE_ENABLE_MEMORY_TRACKING=1 -DNGE_ENABLE_VULKAN=1 -DNGE_PLATFORM_WINDOWS=1 -DNOMINMAX -DSPDLOG_COMPILED_LIB -DSPDLOG_FMT_EXTERNAL -DSPDLOG_SHARED_LIB -DWIN32_LEAN_AND_MEAN -D_CRT_SECURE_NO_WARNINGS -DCMAKE_INTDIR=\"Debug\" -IP:\Development\personal\games\NextGenGameEngine\engine -IP:\Development\personal\games\NextGenGameEngine\engine\.. -external:IP:\Development\personal\games\NextGenGameEngine\build\vcpkg_installed\x64-windows\include -external:IC:\VulkanSDK\1.4.341.1\include -external:W0 /DWIN32 /D_WINDOWS /EHsc /Zi /Ob0 /Od /RTC1 -std:c++20 -MDd /W4 /permissive- /Zc:__cplusplus /MP /fp:fast /arch:AVX2 /wd4251 /wd4275 /utf-8 /showIncludes /Fosamples\triangle\CMakeFiles\SampleTriangle.dir\Debug\main.cpp.obj /Fdsamples\triangle\CMakeFiles\SampleTriangle.dir\Debug\ /FS -c P:\Development\personal\games\NextGenGameEngine\samples\triangle\main.cpp
P:\Development\personal\games\NextGenGameEngine\engine/core/jobs/job_system.h(70): warning C4324: 'nge::jobs::WorkStealingDeque': structure was padded due to alignment specifier
P:\Development\personal\games\NextGenGameEngine\engine/renderer/graph/render_graph.h(54): error C2838: 'Sampled': illegal qualified name in member declaration
P:\Development\personal\games\NextGenGameEngine\engine/renderer/graph/render_graph.h(54): error C2065: 'Sampled': undeclared identifier
P:\Development\personal\games\NextGenGameEngine\engine/core/math/pga.h(35): warning C4201: nonstandard extension used: nameless struct/union
P:\Development\personal\games\NextGenGameEngine\engine/core/math/pga.h(36): warning C4201: nonstandard extension used: nameless struct/union
P:\Development\personal\games\NextGenGameEngine\engine/core/math/pga.h(71): warning C4201: nonstandard extension used: nameless struct/union
P:\Development\personal\games\NextGenGameEngine\engine/core/math/pga.h(72): warning C4201: nonstandard extension used: nameless struct/union
P:\Development\personal\games\NextGenGameEngine\engine/core/math/pga.h(142): warning C4201: nonstandard extension used: nameless struct/union
P:\Development\personal\games\NextGenGameEngine\engine/core/math/pga.h(146): warning C4201: nonstandard extension used: nameless struct/union
[195/297] Building CXX object tests\CMakeFiles\EngineTests.dir\Debug\core\test_containers.cpp.obj
P:\Development\personal\games\NextGenGameEngine\engine/core/containers/ring_buffer.h(64): warning C4324: 'nge::RingBuffer<int,16>': structure was padded due to alignment specifier
P:\Development\personal\games\NextGenGameEngine\tests\core\test_containers.cpp(148): note: see reference to class template instantiation 'nge::RingBuffer<int,16>' being compiled
P:\Development\personal\games\NextGenGameEngine\engine/core/containers/ring_buffer.h(65): warning C4324: 'nge::RingBuffer<int,16>': structure was padded due to alignment specifier
P:\Development\personal\games\NextGenGameEngine\engine/core/containers/ring_buffer.h(64): warning C4324: 'nge::RingBuffer<int,4>': structure was padded due to alignment specifier
P:\Development\personal\games\NextGenGameEngine\tests\core\test_containers.cpp(161): note: see reference to class template instantiation 'nge::RingBuffer<int,4>' being compiled
P:\Development\personal\games\NextGenGameEngine\engine/core/containers/ring_buffer.h(65): warning C4324: 'nge::RingBuffer<int,4>': structure was padded due to alignment specifier
P:\Development\personal\games\NextGenGameEngine\engine/core/containers/hash_map.h(23): warning C4324: 'nge::HashMap<int,int,std::hash<int>,std::equal_to<K>>::Slot': structure was padded due to alignment specifier
        with
        [
            K=int
        ]
P:\Development\personal\games\NextGenGameEngine\engine/core/containers/hash_map.h(201): note: see reference to class template instantiation 'nge::HashMap<int,int,std::hash<int>,std::equal_to<K>>::Slot' being compiled
        with
        [
            K=int
        ]
P:\Development\personal\games\NextGenGameEngine\engine/core/containers/hash_map.h(195): note: while compiling class template member function 'bool nge::HashMap<int,int,std::hash<int>,std::equal_to<K>>::Erase(const K &)'
        with
        [
            K=int
        ]
P:\Development\personal\games\NextGenGameEngine\tests\core\test_containers.cpp(108): note: see reference to function template instantiation 'bool nge::HashMap<int,int,std::hash<int>,std::equal_to<K>>::Erase(const K &)' being compiled
        with
        [
            K=int
        ]
P:\Development\personal\games\NextGenGameEngine\tests\core\test_containers.cpp(104): note: see reference to class template instantiation 'nge::HashMap<int,int,std::hash<int>,std::equal_to<K>>' being compiled
        with
        [
            K=int
        ]
P:\Development\personal\games\NextGenGameEngine\engine/core/containers/hash_map.h(23): warning C4324: 'nge::HashMap<int,std::string,std::hash<int>,std::equal_to<K>>::Slot': structure was padded due to alignment specifier
        with
        [
            K=int
        ]
P:\Development\personal\games\NextGenGameEngine\engine/core/containers/hash_map.h(166): note: see reference to class template instantiation 'nge::HashMap<int,std::string,std::hash<int>,std::equal_to<K>>::Slot' being compiled
        with
        [
            K=int
        ]
P:\Development\personal\games\NextGenGameEngine\engine/core/containers/hash_map.h(156): note: while compiling class template member function 'V &nge::HashMap<int,V,std::hash<int>,std::equal_to<K>>::Insert(const K &,V &&)'
        with
        [
            V=std::string,
            K=int
        ]
P:\Development\personal\games\NextGenGameEngine\tests\core\test_containers.cpp(92): note: see reference to function template instantiation 'V &nge::HashMap<int,V,std::hash<int>,std::equal_to<K>>::Insert(const K &,V &&)' being compiled
        with
        [
            V=std::string,
            K=int
        ]
P:\Development\personal\games\NextGenGameEngine\tests\core\test_containers.cpp(91): note: see reference to class template instantiation 'nge::HashMap<int,std::string,std::hash<int>,std::equal_to<K>>' being compiled
        with
        [
            K=int
        ]
P:\Development\personal\games\NextGenGameEngine\engine/core/containers/hash_map.h(23): warning C4324: 'nge::HashMap<std::string,int,std::hash<std::string>,std::equal_to<std::string>>::Slot': structure was padded due to alignment specifier
P:\Development\personal\games\NextGenGameEngine\engine/core/containers/hash_map.h(225): note: see reference to class template instantiation 'nge::HashMap<std::string,int,std::hash<std::string>,std::equal_to<std::string>>::Slot' being compiled
P:\Development\personal\games\NextGenGameEngine\engine/core/containers/hash_map.h(222): note: while compiling class template member function 'void nge::HashMap<std::string,int,std::hash<std::string>,std::equal_to<std::string>>::Clear(void)'
P:\Development\personal\games\NextGenGameEngine\engine/core/containers/hash_map.h(35): note: see reference to function template instantiation 'void nge::HashMap<std::string,int,std::hash<std::string>,std::equal_to<std::string>>::Clear(void)' being compiled
P:\Development\personal\games\NextGenGameEngine\tests\core\test_containers.cpp(115): note: see reference to class template instantiation 'nge::HashMap<std::string,int,std::hash<std::string>,std::equal_to<std::string>>' being compiled
[196/297] Building CXX object tests\CMakeFiles\EngineTests.dir\Debug\core\test_hash.cpp.obj
[197/297] Building CXX object tests\CMakeFiles\EngineTests.dir\Debug\core\test_memory.cpp.obj
FAILED: [code=2] tests/CMakeFiles/EngineTests.dir/Debug/core/test_memory.cpp.obj 
C:\PROGRA~2\MICROS~2\2019\BUILDT~1\VC\Tools\MSVC\1429~1.301\bin\Hostx64\x64\cl.exe  /nologo /TP -DFMT_SHARED -DGTEST_LINKED_AS_SHARED_LIBRARY=1 -DNGE_DEBUG=1 -DNGE_ENABLE_ASSERTS=1 -DNGE_ENABLE_MEMORY_TRACKING=1 -DNGE_ENABLE_VULKAN=1 -DNGE_PLATFORM_WINDOWS=1 -DNOMINMAX -DSPDLOG_COMPILED_LIB -DSPDLOG_FMT_EXTERNAL -DSPDLOG_SHARED_LIB -DWIN32_LEAN_AND_MEAN -D_CRT_SECURE_NO_WARNINGS -DCMAKE_INTDIR=\"Debug\" -IP:\Development\personal\games\NextGenGameEngine\engine -IP:\Development\personal\games\NextGenGameEngine\engine\.. -external:IP:\Development\personal\games\NextGenGameEngine\build\vcpkg_installed\x64-windows\include -external:IC:\VulkanSDK\1.4.341.1\include -external:W0 /DWIN32 /D_WINDOWS /EHsc /Zi /Ob0 /Od /RTC1 -std:c++20 -MDd /W4 /permissive- /Zc:__cplusplus /MP /fp:fast /arch:AVX2 /wd4251 /wd4275 /utf-8 /showIncludes /Fotests\CMakeFiles\EngineTests.dir\Debug\core\test_memory.cpp.obj /Fdtests\CMakeFiles\EngineTests.dir\Debug\ /FS -c P:\Development\personal\games\NextGenGameEngine\tests\core\test_memory.cpp
P:\Development\personal\games\NextGenGameEngine\engine/core/memory/tlsf_allocator.h(131): error C2065: 'm_flBitmap': undeclared identifier
P:\Development\personal\games\NextGenGameEngine\engine/core/memory/tlsf_allocator.h(131): error C2065: 'm_flBitmap': undeclared identifier
P:\Development\personal\games\NextGenGameEngine\engine/core/memory/tlsf_allocator.h(165): warning C4334: '<<': result of 32-bit shift implicitly converted to 64 bits (was 64-bit shift intended?)
P:\Development\personal\games\NextGenGameEngine\tests\core\test_memory.cpp(30): warning C4834: discarding return value of function with 'nodiscard' attribute
P:\Development\personal\games\NextGenGameEngine\tests\core\test_memory.cpp(52): warning C4834: discarding return value of function with 'nodiscard' attribute
P:\Development\personal\games\NextGenGameEngine\tests\core\test_memory.cpp(64): warning C4834: discarding return value of function with 'nodiscard' attribute
P:\Development\personal\games\NextGenGameEngine\tests\core\test_memory.cpp(65): warning C4834: discarding return value of function with 'nodiscard' attribute
P:\Development\personal\games\NextGenGameEngine\tests\core\test_memory.cpp(76): warning C4834: discarding return value of function with 'nodiscard' attribute
P:\Development\personal\games\NextGenGameEngine\tests\core\test_memory.cpp(79): warning C4834: discarding return value of function with 'nodiscard' attribute
P:\Development\personal\games\NextGenGameEngine\tests\core\test_memory.cpp(80): warning C4834: discarding return value of function with 'nodiscard' attribute
P:\Development\personal\games\NextGenGameEngine\tests\core\test_memory.cpp(94): error C2660: 'nge::PoolAllocator<64,8>::Allocate': function does not take 1 arguments
P:\Development\personal\games\NextGenGameEngine\engine/core/memory/pool_allocator.h(30): note: see declaration of 'nge::PoolAllocator<64,8>::Allocate'
P:\Development\personal\games\NextGenGameEngine\tests\core\test_memory.cpp(97): error C2660: 'nge::PoolAllocator<64,8>::Allocate': function does not take 1 arguments
P:\Development\personal\games\NextGenGameEngine\engine/core/memory/pool_allocator.h(30): note: see declaration of 'nge::PoolAllocator<64,8>::Allocate'
P:\Development\personal\games\NextGenGameEngine\tests\core\test_memory.cpp(102): error C2660: 'nge::PoolAllocator<64,8>::Allocate': function does not take 1 arguments
P:\Development\personal\games\NextGenGameEngine\engine/core/memory/pool_allocator.h(30): note: see declaration of 'nge::PoolAllocator<64,8>::Allocate'
P:\Development\personal\games\NextGenGameEngine\tests\core\test_memory.cpp(112): error C2660: 'nge::PoolAllocator<64,8>::Allocate': function does not take 1 arguments
P:\Development\personal\games\NextGenGameEngine\engine/core/memory/pool_allocator.h(30): note: see declaration of 'nge::PoolAllocator<64,8>::Allocate'
P:\Development\personal\games\NextGenGameEngine\tests\core\test_memory.cpp(168): warning C4834: discarding return value of function with 'nodiscard' attribute
P:\Development\personal\games\NextGenGameEngine\tests\core\test_memory.cpp(169): warning C4834: discarding return value of function with 'nodiscard' attribute
[198/297] Building CXX object tests\CMakeFiles\EngineTests.dir\Debug\core\test_ecs.cpp.obj
[199/297] Building CXX object engine\CMakeFiles\NextGenEngine.dir\Debug\scripting\script_engine.cpp.obj
[200/297] Building CXX object tests\CMakeFiles\EngineTests.dir\Debug\core\test_jobs.cpp.obj
P:\Development\personal\games\NextGenGameEngine\engine/core/jobs/job_system.h(70): warning C4324: 'nge::jobs::WorkStealingDeque': structure was padded due to alignment specifier
[201/297] Building CXX object tests\CMakeFiles\EngineTests.dir\Debug\core\test_pga.cpp.obj
P:\Development\personal\games\NextGenGameEngine\engine/core/math/pga.h(35): warning C4201: nonstandard extension used: nameless struct/union
P:\Development\personal\games\NextGenGameEngine\engine/core/math/pga.h(36): warning C4201: nonstandard extension used: nameless struct/union
P:\Development\personal\games\NextGenGameEngine\engine/core/math/pga.h(71): warning C4201: nonstandard extension used: nameless struct/union
P:\Development\personal\games\NextGenGameEngine\engine/core/math/pga.h(72): warning C4201: nonstandard extension used: nameless struct/union
P:\Development\personal\games\NextGenGameEngine\engine/core/math/pga.h(142): warning C4201: nonstandard extension used: nameless struct/union
P:\Development\personal\games\NextGenGameEngine\engine/core/math/pga.h(146): warning C4201: nonstandard extension used: nameless struct/union
[202/297] Building CXX object tests\CMakeFiles\EngineTests.dir\Debug\integration\test_animation.cpp.obj
FAILED: [code=2] tests/CMakeFiles/EngineTests.dir/Debug/integration/test_animation.cpp.obj 
C:\PROGRA~2\MICROS~2\2019\BUILDT~1\VC\Tools\MSVC\1429~1.301\bin\Hostx64\x64\cl.exe  /nologo /TP -DFMT_SHARED -DGTEST_LINKED_AS_SHARED_LIBRARY=1 -DNGE_DEBUG=1 -DNGE_ENABLE_ASSERTS=1 -DNGE_ENABLE_MEMORY_TRACKING=1 -DNGE_ENABLE_VULKAN=1 -DNGE_PLATFORM_WINDOWS=1 -DNOMINMAX -DSPDLOG_COMPILED_LIB -DSPDLOG_FMT_EXTERNAL -DSPDLOG_SHARED_LIB -DWIN32_LEAN_AND_MEAN -D_CRT_SECURE_NO_WARNINGS -DCMAKE_INTDIR=\"Debug\" -IP:\Development\personal\games\NextGenGameEngine\engine -IP:\Development\personal\games\NextGenGameEngine\engine\.. -external:IP:\Development\personal\games\NextGenGameEngine\build\vcpkg_installed\x64-windows\include -external:IC:\VulkanSDK\1.4.341.1\include -external:W0 /DWIN32 /D_WINDOWS /EHsc /Zi /Ob0 /Od /RTC1 -std:c++20 -MDd /W4 /permissive- /Zc:__cplusplus /MP /fp:fast /arch:AVX2 /wd4251 /wd4275 /utf-8 /showIncludes /Fotests\CMakeFiles\EngineTests.dir\Debug\integration\test_animation.cpp.obj /Fdtests\CMakeFiles\EngineTests.dir\Debug\ /FS -c P:\Development\personal\games\NextGenGameEngine\tests\integration\test_animation.cpp
P:\Development\personal\games\NextGenGameEngine\engine/core/math/pga.h(35): warning C4201: nonstandard extension used: nameless struct/union
P:\Development\personal\games\NextGenGameEngine\engine/core/math/pga.h(36): warning C4201: nonstandard extension used: nameless struct/union
P:\Development\personal\games\NextGenGameEngine\engine/core/math/pga.h(71): warning C4201: nonstandard extension used: nameless struct/union
P:\Development\personal\games\NextGenGameEngine\engine/core/math/pga.h(72): warning C4201: nonstandard extension used: nameless struct/union
P:\Development\personal\games\NextGenGameEngine\engine/core/math/pga.h(142): warning C4201: nonstandard extension used: nameless struct/union
P:\Development\personal\games\NextGenGameEngine\engine/core/math/pga.h(146): warning C4201: nonstandard extension used: nameless struct/union
P:\Development\personal\games\NextGenGameEngine\engine/animation/animation_system.h(18): error C3083: 'pga': the symbol to the left of a '::' must be a type
P:\Development\personal\games\NextGenGameEngine\engine/animation/animation_system.h(18): error C2039: 'Motor': is not a member of 'nge::math'
P:\Development\personal\games\NextGenGameEngine\engine/core/math/math_types.h(7): note: see declaration of 'nge::math'
P:\Development\personal\games\NextGenGameEngine\engine/animation/animation_system.h(18): error C3646: 'bindPose': unknown override specifier
P:\Development\personal\games\NextGenGameEngine\engine/animation/animation_system.h(18): error C4430: missing type specifier - int assumed. Note: C++ does not support default-int
P:\Development\personal\games\NextGenGameEngine\engine/animation/animation_system.h(19): error C3083: 'pga': the symbol to the left of a '::' must be a type
P:\Development\personal\games\NextGenGameEngine\engine/animation/animation_system.h(19): error C2039: 'Motor': is not a member of 'nge::math'
P:\Development\personal\games\NextGenGameEngine\engine/core/math/math_types.h(7): note: see declaration of 'nge::math'
P:\Development\personal\games\NextGenGameEngine\engine/animation/animation_system.h(19): error C3646: 'invBindPose': unknown override specifier
P:\Development\personal\games\NextGenGameEngine\engine/animation/animation_system.h(19): error C4430: missing type specifier - int assumed. Note: C++ does not support default-int
P:\Development\personal\games\NextGenGameEngine\engine/animation/animation_system.h(40): error C3083: 'pga': the symbol to the left of a '::' must be a type
P:\Development\personal\games\NextGenGameEngine\engine/animation/animation_system.h(40): error C2039: 'Motor': is not a member of 'nge::math'
P:\Development\personal\games\NextGenGameEngine\engine/core/math/math_types.h(7): note: see declaration of 'nge::math'
P:\Development\personal\games\NextGenGameEngine\engine/animation/animation_system.h(40): error C3646: 'transform': unknown override specifier
P:\Development\personal\games\NextGenGameEngine\engine/animation/animation_system.h(40): error C4430: missing type specifier - int assumed. Note: C++ does not support default-int
P:\Development\personal\games\NextGenGameEngine\engine/animation/animation_system.h(60): error C3083: 'pga': the symbol to the left of a '::' must be a type
P:\Development\personal\games\NextGenGameEngine\engine/animation/animation_system.h(60): error C2039: 'Motor': is not a member of 'nge::math'
P:\Development\personal\games\NextGenGameEngine\engine/core/math/math_types.h(7): note: see declaration of 'nge::math'
P:\Development\personal\games\NextGenGameEngine\engine/animation/animation_system.h(60): error C2065: 'Motor': undeclared identifier
P:\Development\personal\games\NextGenGameEngine\engine/animation/animation_system.h(60): error C2923: 'std::vector': 'Motor' is not a valid template type argument for parameter '_Ty'
P:\Development\personal\games\NextGenGameEngine\engine/animation/animation_system.h(60): note: see declaration of 'Motor'
P:\Development\personal\games\NextGenGameEngine\engine/animation/animation_system.h(60): error C2976: 'std::vector': too few template arguments
C:\Program Files (x86)\Microsoft Visual Studio\2019\BuildTools\VC\Tools\MSVC\14.29.30133\include\vector(430): note: see declaration of 'std::vector'
P:\Development\personal\games\NextGenGameEngine\engine/animation/animation_system.h(60): error C2955: 'std::vector': use of class template requires template argument list
C:\Program Files (x86)\Microsoft Visual Studio\2019\BuildTools\VC\Tools\MSVC\14.29.30133\include\vector(430): note: see declaration of 'std::vector'
P:\Development\personal\games\NextGenGameEngine\engine/animation/animation_system.h(61): error C3083: 'pga': the symbol to the left of a '::' must be a type
P:\Development\personal\games\NextGenGameEngine\engine/animation/animation_system.h(61): error C2039: 'Motor': is not a member of 'nge::math'
P:\Development\personal\games\NextGenGameEngine\engine/core/math/math_types.h(7): note: see declaration of 'nge::math'
P:\Development\personal\games\NextGenGameEngine\engine/animation/animation_system.h(61): error C2065: 'Motor': undeclared identifier
P:\Development\personal\games\NextGenGameEngine\engine/animation/animation_system.h(61): error C2923: 'std::vector': 'Motor' is not a valid template type argument for parameter '_Ty'
P:\Development\personal\games\NextGenGameEngine\engine/animation/animation_system.h(61): note: see declaration of 'Motor'
P:\Development\personal\games\NextGenGameEngine\engine/animation/animation_system.h(61): error C2976: 'std::vector': too few template arguments
C:\Program Files (x86)\Microsoft Visual Studio\2019\BuildTools\VC\Tools\MSVC\14.29.30133\include\vector(430): note: see declaration of 'std::vector'
P:\Development\personal\games\NextGenGameEngine\engine/animation/animation_system.h(61): error C2955: 'std::vector': use of class template requires template argument list
C:\Program Files (x86)\Microsoft Visual Studio\2019\BuildTools\VC\Tools\MSVC\14.29.30133\include\vector(430): note: see declaration of 'std::vector'
P:\Development\personal\games\NextGenGameEngine\engine/animation/animation_system.h(65): error C3083: 'pga': the symbol to the left of a '::' must be a type
P:\Development\personal\games\NextGenGameEngine\engine/animation/animation_system.h(65): error C3083: 'Motor': the symbol to the left of a '::' must be a type
P:\Development\personal\games\NextGenGameEngine\engine/animation/animation_system.h(65): error C2039: 'Identity': is not a member of 'nge::math'
P:\Development\personal\games\NextGenGameEngine\engine/core/math/math_types.h(7): note: see declaration of 'nge::math'
P:\Development\personal\games\NextGenGameEngine\engine/animation/animation_system.h(65): error C3861: 'Identity': identifier not found
P:\Development\personal\games\NextGenGameEngine\engine/animation/animation_system.h(66): error C3083: 'pga': the symbol to the left of a '::' must be a type
P:\Development\personal\games\NextGenGameEngine\engine/animation/animation_system.h(66): error C3083: 'Motor': the symbol to the left of a '::' must be a type
P:\Development\personal\games\NextGenGameEngine\engine/animation/animation_system.h(66): error C2039: 'Identity': is not a member of 'nge::math'
P:\Development\personal\games\NextGenGameEngine\engine/core/math/math_types.h(7): note: see declaration of 'nge::math'
P:\Development\personal\games\NextGenGameEngine\engine/animation/animation_system.h(66): error C3861: 'Identity': identifier not found
P:\Development\personal\games\NextGenGameEngine\engine/animation/animation_system.h(133): error C3083: 'pga': the symbol to the left of a '::' must be a type
P:\Development\personal\games\NextGenGameEngine\engine/animation/animation_system.h(133): error C2039: 'Motor': is not a member of 'nge::math'
P:\Development\personal\games\NextGenGameEngine\engine/core/math/math_types.h(7): note: see declaration of 'nge::math'
P:\Development\personal\games\NextGenGameEngine\engine/animation/animation_system.h(133): error C3646: 'InterpolateKeyframes': unknown override specifier
P:\Development\personal\games\NextGenGameEngine\engine/animation/animation_system.h(133): error C2059: syntax error: '('
P:\Development\personal\games\NextGenGameEngine\engine/animation/animation_system.h(133): error C2238: unexpected token(s) preceding ';'
P:\Development\personal\games\NextGenGameEngine\tests\integration\test_animation.cpp(19): error C2039: 'bindPose': is not a member of 'nge::animation::Bone'
P:\Development\personal\games\NextGenGameEngine\engine/animation/animation_system.h(15): note: see declaration of 'nge::animation::Bone'
P:\Development\personal\games\NextGenGameEngine\tests\integration\test_animation.cpp(19): error C3083: 'pga': the symbol to the left of a '::' must be a type
P:\Development\personal\games\NextGenGameEngine\tests\integration\test_animation.cpp(19): error C3083: 'Motor': the symbol to the left of a '::' must be a type
P:\Development\personal\games\NextGenGameEngine\tests\integration\test_animation.cpp(19): error C2039: 'Identity': is not a member of 'nge::math'
P:\Development\personal\games\NextGenGameEngine\engine/core/math/math_types.h(7): note: see declaration of 'nge::math'
P:\Development\personal\games\NextGenGameEngine\tests\integration\test_animation.cpp(19): error C3861: 'Identity': identifier not found
P:\Development\personal\games\NextGenGameEngine\tests\integration\test_animation.cpp(20): error C2039: 'invBindPose': is not a member of 'nge::animation::Bone'
P:\Development\personal\games\NextGenGameEngine\engine/animation/animation_system.h(15): note: see declaration of 'nge::animation::Bone'
P:\Development\personal\games\NextGenGameEngine\tests\integration\test_animation.cpp(20): error C3083: 'pga': the symbol to the left of a '::' must be a type
P:\Development\personal\games\NextGenGameEngine\tests\integration\test_animation.cpp(20): error C3083: 'Motor': the symbol to the left of a '::' must be a type
P:\Development\personal\games\NextGenGameEngine\tests\integration\test_animation.cpp(20): error C2039: 'Identity': is not a member of 'nge::math'
P:\Development\personal\games\NextGenGameEngine\engine/core/math/math_types.h(7): note: see declaration of 'nge::math'
P:\Development\personal\games\NextGenGameEngine\tests\integration\test_animation.cpp(20): error C3861: 'Identity': identifier not found
P:\Development\personal\games\NextGenGameEngine\tests\integration\test_animation.cpp(27): error C2039: 'bindPose': is not a member of 'nge::animation::Bone'
P:\Development\personal\games\NextGenGameEngine\engine/animation/animation_system.h(15): note: see declaration of 'nge::animation::Bone'
P:\Development\personal\games\NextGenGameEngine\tests\integration\test_animation.cpp(27): error C3083: 'pga': the symbol to the left of a '::' must be a type
P:\Development\personal\games\NextGenGameEngine\tests\integration\test_animation.cpp(27): error C3083: 'Motor': the symbol to the left of a '::' must be a type
P:\Development\personal\games\NextGenGameEngine\tests\integration\test_animation.cpp(27): error C2039: 'Translation': is not a member of 'nge::math'
P:\Development\personal\games\NextGenGameEngine\engine/core/math/math_types.h(7): note: see declaration of 'nge::math'
P:\Development\personal\games\NextGenGameEngine\tests\integration\test_animation.cpp(27): error C3861: 'Translation': identifier not found
P:\Development\personal\games\NextGenGameEngine\tests\integration\test_animation.cpp(28): error C2039: 'invBindPose': is not a member of 'nge::animation::Bone'
P:\Development\personal\games\NextGenGameEngine\engine/animation/animation_system.h(15): note: see declaration of 'nge::animation::Bone'
P:\Development\personal\games\NextGenGameEngine\tests\integration\test_animation.cpp(28): error C3083: 'pga': the symbol to the left of a '::' must be a type
P:\Development\personal\games\NextGenGameEngine\tests\integration\test_animation.cpp(28): error C3083: 'Motor': the symbol to the left of a '::' must be a type
P:\Development\personal\games\NextGenGameEngine\tests\integration\test_animation.cpp(28): error C2039: 'Translation': is not a member of 'nge::math'
P:\Development\personal\games\NextGenGameEngine\engine/core/math/math_types.h(7): note: see declaration of 'nge::math'
P:\Development\personal\games\NextGenGameEngine\tests\integration\test_animation.cpp(28): error C3861: 'Translation': identifier not found
P:\Development\personal\games\NextGenGameEngine\tests\integration\test_animation.cpp(60): error C3083: 'pga': the symbol to the left of a '::' must be a type
P:\Development\personal\games\NextGenGameEngine\tests\integration\test_animation.cpp(60): error C3083: 'Motor': the symbol to the left of a '::' must be a type
P:\Development\personal\games\NextGenGameEngine\tests\integration\test_animation.cpp(60): error C2039: 'Identity': is not a member of 'nge::math'
P:\Development\personal\games\NextGenGameEngine\engine/core/math/math_types.h(7): note: see declaration of 'nge::math'
P:\Development\personal\games\NextGenGameEngine\tests\integration\test_animation.cpp(60): error C3861: 'Identity': identifier not found
P:\Development\personal\games\NextGenGameEngine\tests\integration\test_animation.cpp(60): error C2664: 'void std::vector<nge::animation::Keyframe,std::allocator<nge::animation::Keyframe>>::push_back(const _Ty &)': cannot convert argument 1 from 'initializer list' to 'const _Ty &'
        with
        [
            _Ty=nge::animation::Keyframe
        ]
P:\Development\personal\games\NextGenGameEngine\tests\integration\test_animation.cpp(60): note: Reason: cannot convert from 'initializer list' to 'const _Ty'
        with
        [
            _Ty=nge::animation::Keyframe
        ]
P:\Development\personal\games\NextGenGameEngine\tests\integration\test_animation.cpp(60): note: Invalid aggregate initialization
C:\Program Files (x86)\Microsoft Visual Studio\2019\BuildTools\VC\Tools\MSVC\14.29.30133\include\vector(742): note: see declaration of 'std::vector<nge::animation::Keyframe,std::allocator<nge::animation::Keyframe>>::push_back'
P:\Development\personal\games\NextGenGameEngine\tests\integration\test_animation.cpp(61): error C3083: 'pga': the symbol to the left of a '::' must be a type
P:\Development\personal\games\NextGenGameEngine\tests\integration\test_animation.cpp(61): error C3083: 'Motor': the symbol to the left of a '::' must be a type
P:\Development\personal\games\NextGenGameEngine\tests\integration\test_animation.cpp(61): error C2039: 'Translation': is not a member of 'nge::math'
P:\Development\personal\games\NextGenGameEngine\engine/core/math/math_types.h(7): note: see declaration of 'nge::math'
P:\Development\personal\games\NextGenGameEngine\tests\integration\test_animation.cpp(61): error C3861: 'Translation': identifier not found
P:\Development\personal\games\NextGenGameEngine\tests\integration\test_animation.cpp(61): error C2664: 'void std::vector<nge::animation::Keyframe,std::allocator<nge::animation::Keyframe>>::push_back(const _Ty &)': cannot convert argument 1 from 'initializer list' to 'const _Ty &'
        with
        [
            _Ty=nge::animation::Keyframe
        ]
P:\Development\personal\games\NextGenGameEngine\tests\integration\test_animation.cpp(61): note: Reason: cannot convert from 'initializer list' to 'const _Ty'
        with
        [
            _Ty=nge::animation::Keyframe
        ]
P:\Development\personal\games\NextGenGameEngine\tests\integration\test_animation.cpp(61): note: Invalid aggregate initialization
C:\Program Files (x86)\Microsoft Visual Studio\2019\BuildTools\VC\Tools\MSVC\14.29.30133\include\vector(742): note: see declaration of 'std::vector<nge::animation::Keyframe,std::allocator<nge::animation::Keyframe>>::push_back'
P:\Development\personal\games\NextGenGameEngine\tests\integration\test_animation.cpp(87): error C3083: 'pga': the symbol to the left of a '::' must be a type
P:\Development\personal\games\NextGenGameEngine\tests\integration\test_animation.cpp(87): error C3083: 'Motor': the symbol to the left of a '::' must be a type
P:\Development\personal\games\NextGenGameEngine\tests\integration\test_animation.cpp(87): error C2039: 'Identity': is not a member of 'nge::math'
P:\Development\personal\games\NextGenGameEngine\engine/core/math/math_types.h(7): note: see declaration of 'nge::math'
P:\Development\personal\games\NextGenGameEngine\tests\integration\test_animation.cpp(87): error C3861: 'Identity': identifier not found
P:\Development\personal\games\NextGenGameEngine\tests\integration\test_animation.cpp(87): error C2664: 'void std::vector<nge::animation::Keyframe,std::allocator<nge::animation::Keyframe>>::push_back(const _Ty &)': cannot convert argument 1 from 'initializer list' to 'const _Ty &'
        with
        [
            _Ty=nge::animation::Keyframe
        ]
P:\Development\personal\games\NextGenGameEngine\tests\integration\test_animation.cpp(87): note: Reason: cannot convert from 'initializer list' to 'const _Ty'
        with
        [
            _Ty=nge::animation::Keyframe
        ]
P:\Development\personal\games\NextGenGameEngine\tests\integration\test_animation.cpp(87): note: Invalid aggregate initialization
C:\Program Files (x86)\Microsoft Visual Studio\2019\BuildTools\VC\Tools\MSVC\14.29.30133\include\vector(742): note: see declaration of 'std::vector<nge::animation::Keyframe,std::allocator<nge::animation::Keyframe>>::push_back'
P:\Development\personal\games\NextGenGameEngine\tests\integration\test_animation.cpp(88): error C3083: 'pga': the symbol to the left of a '::' must be a type
P:\Development\personal\games\NextGenGameEngine\tests\integration\test_animation.cpp(88): error C3083: 'Motor': the symbol to the left of a '::' must be a type
P:\Development\personal\games\NextGenGameEngine\tests\integration\test_animation.cpp(88): error C2039: 'Translation': is not a member of 'nge::math'
P:\Development\personal\games\NextGenGameEngine\engine/core/math/math_types.h(7): note: see declaration of 'nge::math'
P:\Development\personal\games\NextGenGameEngine\tests\integration\test_animation.cpp(88): error C3861: 'Translation': identifier not found
P:\Development\personal\games\NextGenGameEngine\tests\integration\test_animation.cpp(88): error C2664: 'void std::vector<nge::animation::Keyframe,std::allocator<nge::animation::Keyframe>>::push_back(const _Ty &)': cannot convert argument 1 from 'initializer list' to 'const _Ty &'
        with
        [
            _Ty=nge::animation::Keyframe
        ]
P:\Development\personal\games\NextGenGameEngine\tests\integration\test_animation.cpp(88): note: Reason: cannot convert from 'initializer list' to 'const _Ty'
        with
        [
            _Ty=nge::animation::Keyframe
        ]
P:\Development\personal\games\NextGenGameEngine\tests\integration\test_animation.cpp(88): note: Invalid aggregate initialization
C:\Program Files (x86)\Microsoft Visual Studio\2019\BuildTools\VC\Tools\MSVC\14.29.30133\include\vector(742): note: see declaration of 'std::vector<nge::animation::Keyframe,std::allocator<nge::animation::Keyframe>>::push_back'
P:\Development\personal\games\NextGenGameEngine\engine/animation/animation_system.h(69): error C2512: 'std::vector': no appropriate default constructor available
C:\Program Files (x86)\Microsoft Visual Studio\2019\BuildTools\VC\Tools\MSVC\14.29.30133\include\vector(430): note: see declaration of 'std::vector'
P:\Development\personal\games\NextGenGameEngine\engine/animation/animation_system.h(69): note: This diagnostic occurred in the compiler generated function 'nge::animation::AnimationPose::AnimationPose(void)'
P:\Development\personal\games\NextGenGameEngine\engine/animation/animation_system.h(69): note: see reference to function 'nge::animation::AnimationPose::AnimationPose(void)'
P:\Development\personal\games\NextGenGameEngine\tests\integration\test_animation.cpp(119): error C3083: 'pga': the symbol to the left of a '::' must be a type
P:\Development\personal\games\NextGenGameEngine\tests\integration\test_animation.cpp(119): error C3083: 'Motor': the symbol to the left of a '::' must be a type
P:\Development\personal\games\NextGenGameEngine\tests\integration\test_animation.cpp(119): error C2039: 'Identity': is not a member of 'nge::math'
P:\Development\personal\games\NextGenGameEngine\engine/core/math/math_types.h(7): note: see declaration of 'nge::math'
P:\Development\personal\games\NextGenGameEngine\tests\integration\test_animation.cpp(119): error C3861: 'Identity': identifier not found
P:\Development\personal\games\NextGenGameEngine\tests\integration\test_animation.cpp(119): error C2664: 'void std::vector<nge::animation::Keyframe,std::allocator<nge::animation::Keyframe>>::push_back(const _Ty &)': cannot convert argument 1 from 'initializer list' to 'const _Ty &'
        with
        [
            _Ty=nge::animation::Keyframe
        ]
P:\Development\personal\games\NextGenGameEngine\tests\integration\test_animation.cpp(119): note: Reason: cannot convert from 'initializer list' to 'const _Ty'
        with
        [
            _Ty=nge::animation::Keyframe
        ]
P:\Development\personal\games\NextGenGameEngine\tests\integration\test_animation.cpp(119): note: Invalid aggregate initialization
C:\Program Files (x86)\Microsoft Visual Studio\2019\BuildTools\VC\Tools\MSVC\14.29.30133\include\vector(742): note: see declaration of 'std::vector<nge::animation::Keyframe,std::allocator<nge::animation::Keyframe>>::push_back'
P:\Development\personal\games\NextGenGameEngine\tests\integration\test_animation.cpp(120): error C3083: 'pga': the symbol to the left of a '::' must be a type
P:\Development\personal\games\NextGenGameEngine\tests\integration\test_animation.cpp(120): error C3083: 'Motor': the symbol to the left of a '::' must be a type
P:\Development\personal\games\NextGenGameEngine\tests\integration\test_animation.cpp(120): error C2039: 'Translation': is not a member of 'nge::math'
P:\Development\personal\games\NextGenGameEngine\engine/core/math/math_types.h(7): note: see declaration of 'nge::math'
P:\Development\personal\games\NextGenGameEngine\tests\integration\test_animation.cpp(120): error C3861: 'Translation': identifier not found
P:\Development\personal\games\NextGenGameEngine\tests\integration\test_animation.cpp(120): error C2664: 'void std::vector<nge::animation::Keyframe,std::allocator<nge::animation::Keyframe>>::push_back(const _Ty &)': cannot convert argument 1 from 'initializer list' to 'const _Ty &'
        with
        [
            _Ty=nge::animation::Keyframe
        ]
P:\Development\personal\games\NextGenGameEngine\tests\integration\test_animation.cpp(120): note: Reason: cannot convert from 'initializer list' to 'const _Ty'
        with
        [
            _Ty=nge::animation::Keyframe
        ]
P:\Development\personal\games\NextGenGameEngine\tests\integration\test_animation.cpp(120): note: Invalid aggregate initialization
C:\Program Files (x86)\Microsoft Visual Studio\2019\BuildTools\VC\Tools\MSVC\14.29.30133\include\vector(742): note: see declaration of 'std::vector<nge::animation::Keyframe,std::allocator<nge::animation::Keyframe>>::push_back'
P:\Development\personal\games\NextGenGameEngine\tests\integration\test_animation.cpp(142): error C2653: 'renderer': is not a class or namespace name
P:\Development\personal\games\NextGenGameEngine\tests\integration\test_animation.cpp(142): error C2065: 'SH9': undeclared identifier
P:\Development\personal\games\NextGenGameEngine\tests\integration\test_animation.cpp(142): error C2146: syntax error: missing ';' before identifier 'sh'
P:\Development\personal\games\NextGenGameEngine\tests\integration\test_animation.cpp(142): error C2065: 'sh': undeclared identifier
P:\Development\personal\games\NextGenGameEngine\tests\integration\test_animation.cpp(142): error C2653: 'renderer': is not a class or namespace name
P:\Development\personal\games\NextGenGameEngine\tests\integration\test_animation.cpp(142): error C3861: 'Evaluate': identifier not found
P:\Development\personal\games\NextGenGameEngine\tests\integration\test_animation.cpp(143): error C2065: 'sh': undeclared identifier
P:\Development\personal\games\NextGenGameEngine\tests\integration\test_animation.cpp(143): error C2660: 'testing::internal::DoubleNearPredFormat': function does not take 5 arguments
P:\Development\personal\games\NextGenGameEngine\build\vcpkg_installed\x64-windows\include\gtest/gtest.h(1607): note: see declaration of 'testing::internal::DoubleNearPredFormat'
P:\Development\personal\games\NextGenGameEngine\tests\integration\test_animation.cpp(143): error C2737: 'gtest_ar': const object must be initialized
P:\Development\personal\games\NextGenGameEngine\tests\integration\test_animation.cpp(144): error C2065: 'sh': undeclared identifier
P:\Development\personal\games\NextGenGameEngine\tests\integration\test_animation.cpp(144): error C2660: 'testing::internal::DoubleNearPredFormat': function does not take 5 arguments
P:\Development\personal\games\NextGenGameEngine\build\vcpkg_installed\x64-windows\include\gtest/gtest.h(1607): note: see declaration of 'testing::internal::DoubleNearPredFormat'
P:\Development\personal\games\NextGenGameEngine\tests\integration\test_animation.cpp(144): error C2737: 'gtest_ar': const object must be initialized
P:\Development\personal\games\NextGenGameEngine\tests\integration\test_animation.cpp(145): error C2065: 'sh': undeclared identifier
P:\Development\personal\games\NextGenGameEngine\tests\integration\test_animation.cpp(145): error C2660: 'testing::internal::DoubleNearPredFormat': function does not take 5 arguments
P:\Development\personal\games\NextGenGameEngine\build\vcpkg_installed\x64-windows\include\gtest/gtest.h(1607): note: see declaration of 'testing::internal::DoubleNearPredFormat'
P:\Development\personal\games\NextGenGameEngine\tests\integration\test_animation.cpp(145): error C2737: 'gtest_ar': const object must be initialized
P:\Development\personal\games\NextGenGameEngine\tests\integration\test_animation.cpp(146): error C2065: 'sh': undeclared identifier
P:\Development\personal\games\NextGenGameEngine\tests\integration\test_animation.cpp(146): fatal error C1003: error count exceeds 100; stopping compilation
[203/297] Building CXX object tests\CMakeFiles\EngineTests.dir\Debug\core\test_types.cpp.obj
[204/297] Building CXX object tests\CMakeFiles\EngineTests.dir\Debug\integration\test_ai.cpp.obj
[205/297] Building CXX object tests\CMakeFiles\EngineTests.dir\Debug\integration\test_bindless_table.cpp.obj
[206/297] Building CXX object tests\CMakeFiles\EngineTests.dir\Debug\integration\test_events.cpp.obj
[207/297] Building CXX object tests\CMakeFiles\EngineTests.dir\Debug\integration\test_draw_call_merger.cpp.obj
[208/297] Building CXX object tests\CMakeFiles\EngineTests.dir\Debug\integration\test_frame_graph_compiler.cpp.obj
[209/297] Building CXX object tests\CMakeFiles\EngineTests.dir\Debug\integration\test_network.cpp.obj
FAILED: [code=2] tests/CMakeFiles/EngineTests.dir/Debug/integration/test_network.cpp.obj 
C:\PROGRA~2\MICROS~2\2019\BUILDT~1\VC\Tools\MSVC\1429~1.301\bin\Hostx64\x64\cl.exe  /nologo /TP -DFMT_SHARED -DGTEST_LINKED_AS_SHARED_LIBRARY=1 -DNGE_DEBUG=1 -DNGE_ENABLE_ASSERTS=1 -DNGE_ENABLE_MEMORY_TRACKING=1 -DNGE_ENABLE_VULKAN=1 -DNGE_PLATFORM_WINDOWS=1 -DNOMINMAX -DSPDLOG_COMPILED_LIB -DSPDLOG_FMT_EXTERNAL -DSPDLOG_SHARED_LIB -DWIN32_LEAN_AND_MEAN -D_CRT_SECURE_NO_WARNINGS -DCMAKE_INTDIR=\"Debug\" -IP:\Development\personal\games\NextGenGameEngine\engine -IP:\Development\personal\games\NextGenGameEngine\engine\.. -external:IP:\Development\personal\games\NextGenGameEngine\build\vcpkg_installed\x64-windows\include -external:IC:\VulkanSDK\1.4.341.1\include -external:W0 /DWIN32 /D_WINDOWS /EHsc /Zi /Ob0 /Od /RTC1 -std:c++20 -MDd /W4 /permissive- /Zc:__cplusplus /MP /fp:fast /arch:AVX2 /wd4251 /wd4275 /utf-8 /showIncludes /Fotests\CMakeFiles\EngineTests.dir\Debug\integration\test_network.cpp.obj /Fdtests\CMakeFiles\EngineTests.dir\Debug\ /FS -c P:\Development\personal\games\NextGenGameEngine\tests\integration\test_network.cpp
P:\Development\personal\games\NextGenGameEngine\tests\integration\test_network.cpp(2): fatal error C1083: Cannot open include file: 'engine/network/common/net_socket.h': No such file or directory
[210/297] Building CXX object tests\CMakeFiles\EngineTests.dir\Debug\integration\test_light_culling.cpp.obj
[211/297] Building CXX object tests\CMakeFiles\EngineTests.dir\Debug\integration\test_material_system.cpp.obj
[212/297] Building CXX object tests\CMakeFiles\EngineTests.dir\Debug\integration\test_instance_manager.cpp.obj
[213/297] Building CXX object tests\CMakeFiles\EngineTests.dir\Debug\integration\test_physics.cpp.obj
FAILED: [code=2] tests/CMakeFiles/EngineTests.dir/Debug/integration/test_physics.cpp.obj 
C:\PROGRA~2\MICROS~2\2019\BUILDT~1\VC\Tools\MSVC\1429~1.301\bin\Hostx64\x64\cl.exe  /nologo /TP -DFMT_SHARED -DGTEST_LINKED_AS_SHARED_LIBRARY=1 -DNGE_DEBUG=1 -DNGE_ENABLE_ASSERTS=1 -DNGE_ENABLE_MEMORY_TRACKING=1 -DNGE_ENABLE_VULKAN=1 -DNGE_PLATFORM_WINDOWS=1 -DNOMINMAX -DSPDLOG_COMPILED_LIB -DSPDLOG_FMT_EXTERNAL -DSPDLOG_SHARED_LIB -DWIN32_LEAN_AND_MEAN -D_CRT_SECURE_NO_WARNINGS -DCMAKE_INTDIR=\"Debug\" -IP:\Development\personal\games\NextGenGameEngine\engine -IP:\Development\personal\games\NextGenGameEngine\engine\.. -external:IP:\Development\personal\games\NextGenGameEngine\build\vcpkg_installed\x64-windows\include -external:IC:\VulkanSDK\1.4.341.1\include -external:W0 /DWIN32 /D_WINDOWS /EHsc /Zi /Ob0 /Od /RTC1 -std:c++20 -MDd /W4 /permissive- /Zc:__cplusplus /MP /fp:fast /arch:AVX2 /wd4251 /wd4275 /utf-8 /showIncludes /Fotests\CMakeFiles\EngineTests.dir\Debug\integration\test_physics.cpp.obj /Fdtests\CMakeFiles\EngineTests.dir\Debug\ /FS -c P:\Development\personal\games\NextGenGameEngine\tests\integration\test_physics.cpp
P:\Development\personal\games\NextGenGameEngine\engine/core/math/pga.h(35): warning C4201: nonstandard extension used: nameless struct/union
P:\Development\personal\games\NextGenGameEngine\engine/core/math/pga.h(36): warning C4201: nonstandard extension used: nameless struct/union
P:\Development\personal\games\NextGenGameEngine\engine/core/math/pga.h(71): warning C4201: nonstandard extension used: nameless struct/union
P:\Development\personal\games\NextGenGameEngine\engine/core/math/pga.h(72): warning C4201: nonstandard extension used: nameless struct/union
P:\Development\personal\games\NextGenGameEngine\engine/core/math/pga.h(142): warning C4201: nonstandard extension used: nameless struct/union
P:\Development\personal\games\NextGenGameEngine\engine/core/math/pga.h(146): warning C4201: nonstandard extension used: nameless struct/union
P:\Development\personal\games\NextGenGameEngine\engine/physics/physics_world.h(142): error C3083: 'pga': the symbol to the left of a '::' must be a type
P:\Development\personal\games\NextGenGameEngine\engine/physics/physics_world.h(142): error C2039: 'Motor': is not a member of 'nge::math'
P:\Development\personal\games\NextGenGameEngine\engine/core/math/math_types.h(7): note: see declaration of 'nge::math'
P:\Development\personal\games\NextGenGameEngine\engine/physics/physics_world.h(142): error C3646: 'GetMotor': unknown override specifier
P:\Development\personal\games\NextGenGameEngine\engine/physics/physics_world.h(142): error C2059: syntax error: '('
P:\Development\personal\games\NextGenGameEngine\engine/physics/physics_world.h(142): error C2238: unexpected token(s) preceding ';'
P:\Development\personal\games\NextGenGameEngine\engine/physics/physics_world.h(143): error C3083: 'pga': the symbol to the left of a '::' must be a type
P:\Development\personal\games\NextGenGameEngine\engine/physics/physics_world.h(143): error C2039: 'Motor': is not a member of 'nge::math'
P:\Development\personal\games\NextGenGameEngine\engine/core/math/math_types.h(7): note: see declaration of 'nge::math'
P:\Development\personal\games\NextGenGameEngine\engine/physics/physics_world.h(143): error C4430: missing type specifier - int assumed. Note: C++ does not support default-int
P:\Development\personal\games\NextGenGameEngine\engine/physics/physics_world.h(143): error C2143: syntax error: missing ',' before '&'
[214/297] Building CXX object tests\CMakeFiles\EngineTests.dir\Debug\integration\test_render_graph.cpp.obj
FAILED: [code=2] tests/CMakeFiles/EngineTests.dir/Debug/integration/test_render_graph.cpp.obj 
C:\PROGRA~2\MICROS~2\2019\BUILDT~1\VC\Tools\MSVC\1429~1.301\bin\Hostx64\x64\cl.exe  /nologo /TP -DFMT_SHARED -DGTEST_LINKED_AS_SHARED_LIBRARY=1 -DNGE_DEBUG=1 -DNGE_ENABLE_ASSERTS=1 -DNGE_ENABLE_MEMORY_TRACKING=1 -DNGE_ENABLE_VULKAN=1 -DNGE_PLATFORM_WINDOWS=1 -DNOMINMAX -DSPDLOG_COMPILED_LIB -DSPDLOG_FMT_EXTERNAL -DSPDLOG_SHARED_LIB -DWIN32_LEAN_AND_MEAN -D_CRT_SECURE_NO_WARNINGS -DCMAKE_INTDIR=\"Debug\" -IP:\Development\personal\games\NextGenGameEngine\engine -IP:\Development\personal\games\NextGenGameEngine\engine\.. -external:IP:\Development\personal\games\NextGenGameEngine\build\vcpkg_installed\x64-windows\include -external:IC:\VulkanSDK\1.4.341.1\include -external:W0 /DWIN32 /D_WINDOWS /EHsc /Zi /Ob0 /Od /RTC1 -std:c++20 -MDd /W4 /permissive- /Zc:__cplusplus /MP /fp:fast /arch:AVX2 /wd4251 /wd4275 /utf-8 /showIncludes /Fotests\CMakeFiles\EngineTests.dir\Debug\integration\test_render_graph.cpp.obj /Fdtests\CMakeFiles\EngineTests.dir\Debug\ /FS -c P:\Development\personal\games\NextGenGameEngine\tests\integration\test_render_graph.cpp
P:\Development\personal\games\NextGenGameEngine\engine/renderer/graph/render_graph.h(54): error C2838: 'Sampled': illegal qualified name in member declaration
P:\Development\personal\games\NextGenGameEngine\engine/renderer/graph/render_graph.h(54): error C2065: 'Sampled': undeclared identifier
P:\Development\personal\games\NextGenGameEngine\tests\integration\test_render_graph.cpp(23): error C2838: 'ColorAttachment': illegal qualified name in member declaration
P:\Development\personal\games\NextGenGameEngine\tests\integration\test_render_graph.cpp(23): error C2065: 'ColorAttachment': undeclared identifier
P:\Development\personal\games\NextGenGameEngine\tests\integration\test_render_graph.cpp(37): error C2838: 'ColorAttachment': illegal qualified name in member declaration
P:\Development\personal\games\NextGenGameEngine\tests\integration\test_render_graph.cpp(37): error C2065: 'ColorAttachment': undeclared identifier
P:\Development\personal\games\NextGenGameEngine\tests\integration\test_render_graph.cpp(37): error C2838: 'Sampled': illegal qualified name in member declaration
P:\Development\personal\games\NextGenGameEngine\tests\integration\test_render_graph.cpp(37): error C2065: 'Sampled': undeclared identifier
P:\Development\personal\games\NextGenGameEngine\tests\integration\test_render_graph.cpp(36): error C2664: 'nge::renderer::RGResourceHandle nge::renderer::RGPassBuilder::CreateTexture(const std::string &,const nge::renderer::RGTextureDesc &)': cannot convert argument 2 from 'initializer list' to 'const nge::renderer::RGTextureDesc &'
P:\Development\personal\games\NextGenGameEngine\tests\integration\test_render_graph.cpp(37): note: Reason: cannot convert from 'initializer list' to 'const nge::renderer::RGTextureDesc'
P:\Development\personal\games\NextGenGameEngine\tests\integration\test_render_graph.cpp(36): note: Invalid aggregate initialization
P:\Development\personal\games\NextGenGameEngine\engine/renderer/graph/render_graph.h(83): note: see declaration of 'nge::renderer::RGPassBuilder::CreateTexture'
P:\Development\personal\games\NextGenGameEngine\tests\integration\test_render_graph.cpp(38): error C3536: 'tex': cannot be used before it is initialized
P:\Development\personal\games\NextGenGameEngine\tests\integration\test_render_graph.cpp(38): error C2664: 'void nge::renderer::RGPassBuilder::Write(nge::renderer::RGResourceHandle,nge::rhi::ResourceState)': cannot convert argument 1 from 'int' to 'nge::renderer::RGResourceHandle'
P:\Development\personal\games\NextGenGameEngine\tests\integration\test_render_graph.cpp(38): note: No constructor could take the source type, or constructor overload resolution was ambiguous
P:\Development\personal\games\NextGenGameEngine\engine/renderer/graph/render_graph.h(94): note: see declaration of 'nge::renderer::RGPassBuilder::Write'
P:\Development\personal\games\NextGenGameEngine\tests\integration\test_render_graph.cpp(42): error C2664: 'void nge::renderer::RGPassBuilder::Read(nge::renderer::RGResourceHandle,nge::rhi::ResourceState)': cannot convert argument 1 from 'int' to 'nge::renderer::RGResourceHandle'
P:\Development\personal\games\NextGenGameEngine\tests\integration\test_render_graph.cpp(42): note: No constructor could take the source type, or constructor overload resolution was ambiguous
P:\Development\personal\games\NextGenGameEngine\engine/renderer/graph/render_graph.h(93): note: see declaration of 'nge::renderer::RGPassBuilder::Read'
P:\Development\personal\games\NextGenGameEngine\tests\integration\test_render_graph.cpp(56): error C2838: 'ColorAttachment': illegal qualified name in member declaration
P:\Development\personal\games\NextGenGameEngine\tests\integration\test_render_graph.cpp(56): error C2065: 'ColorAttachment': undeclared identifier
P:\Development\personal\games\NextGenGameEngine\tests\integration\test_render_graph.cpp(76): error C2838: 'DepthAttachment': illegal qualified name in member declaration
P:\Development\personal\games\NextGenGameEngine\tests\integration\test_render_graph.cpp(76): error C2065: 'DepthAttachment': undeclared identifier
P:\Development\personal\games\NextGenGameEngine\tests\integration\test_render_graph.cpp(76): error C2838: 'Sampled': illegal qualified name in member declaration
P:\Development\personal\games\NextGenGameEngine\tests\integration\test_render_graph.cpp(76): error C2065: 'Sampled': undeclared identifier
P:\Development\personal\games\NextGenGameEngine\tests\integration\test_render_graph.cpp(75): error C2664: 'nge::renderer::RGResourceHandle nge::renderer::RGPassBuilder::CreateTexture(const std::string &,const nge::renderer::RGTextureDesc &)': cannot convert argument 2 from 'initializer list' to 'const nge::renderer::RGTextureDesc &'
P:\Development\personal\games\NextGenGameEngine\tests\integration\test_render_graph.cpp(76): note: Reason: cannot convert from 'initializer list' to 'const nge::renderer::RGTextureDesc'
P:\Development\personal\games\NextGenGameEngine\tests\integration\test_render_graph.cpp(75): note: Invalid aggregate initialization
P:\Development\personal\games\NextGenGameEngine\engine/renderer/graph/render_graph.h(83): note: see declaration of 'nge::renderer::RGPassBuilder::CreateTexture'
P:\Development\personal\games\NextGenGameEngine\tests\integration\test_render_graph.cpp(77): error C3536: 'depthTex': cannot be used before it is initialized
P:\Development\personal\games\NextGenGameEngine\tests\integration\test_render_graph.cpp(77): error C2664: 'void nge::renderer::RGPassBuilder::WriteDepth(nge::renderer::RGResourceHandle)': cannot convert argument 1 from 'int' to 'nge::renderer::RGResourceHandle'
P:\Development\personal\games\NextGenGameEngine\tests\integration\test_render_graph.cpp(77): note: No constructor could take the source type, or constructor overload resolution was ambiguous
P:\Development\personal\games\NextGenGameEngine\engine/renderer/graph/render_graph.h(96): note: see declaration of 'nge::renderer::RGPassBuilder::WriteDepth'
P:\Development\personal\games\NextGenGameEngine\tests\integration\test_render_graph.cpp(83): error C2838: 'Storage': illegal qualified name in member declaration
P:\Development\personal\games\NextGenGameEngine\tests\integration\test_render_graph.cpp(83): error C2065: 'Storage': undeclared identifier
P:\Development\personal\games\NextGenGameEngine\tests\integration\test_render_graph.cpp(83): error C2838: 'Sampled': illegal qualified name in member declaration
P:\Development\personal\games\NextGenGameEngine\tests\integration\test_render_graph.cpp(83): error C2065: 'Sampled': undeclared identifier
P:\Development\personal\games\NextGenGameEngine\tests\integration\test_render_graph.cpp(82): error C2664: 'nge::renderer::RGResourceHandle nge::renderer::RGPassBuilder::CreateTexture(const std::string &,const nge::renderer::RGTextureDesc &)': cannot convert argument 2 from 'initializer list' to 'const nge::renderer::RGTextureDesc &'
P:\Development\personal\games\NextGenGameEngine\tests\integration\test_render_graph.cpp(83): note: Reason: cannot convert from 'initializer list' to 'const nge::renderer::RGTextureDesc'
P:\Development\personal\games\NextGenGameEngine\tests\integration\test_render_graph.cpp(82): note: Invalid aggregate initialization
P:\Development\personal\games\NextGenGameEngine\engine/renderer/graph/render_graph.h(83): note: see declaration of 'nge::renderer::RGPassBuilder::CreateTexture'
P:\Development\personal\games\NextGenGameEngine\tests\integration\test_render_graph.cpp(84): error C2664: 'void nge::renderer::RGPassBuilder::Read(nge::renderer::RGResourceHandle,nge::rhi::ResourceState)': cannot convert argument 1 from 'int' to 'nge::renderer::RGResourceHandle'
P:\Development\personal\games\NextGenGameEngine\tests\integration\test_render_graph.cpp(84): note: No constructor could take the source type, or constructor overload resolution was ambiguous
P:\Development\personal\games\NextGenGameEngine\engine/renderer/graph/render_graph.h(93): note: see declaration of 'nge::renderer::RGPassBuilder::Read'
P:\Development\personal\games\NextGenGameEngine\tests\integration\test_render_graph.cpp(85): error C3536: 'hzb': cannot be used before it is initialized
P:\Development\personal\games\NextGenGameEngine\tests\integration\test_render_graph.cpp(85): error C2664: 'void nge::renderer::RGPassBuilder::Write(nge::renderer::RGResourceHandle,nge::rhi::ResourceState)': cannot convert argument 1 from 'int' to 'nge::renderer::RGResourceHandle'
P:\Development\personal\games\NextGenGameEngine\tests\integration\test_render_graph.cpp(85): note: No constructor could take the source type, or constructor overload resolution was ambiguous
P:\Development\personal\games\NextGenGameEngine\engine/renderer/graph/render_graph.h(94): note: see declaration of 'nge::renderer::RGPassBuilder::Write'
P:\Development\personal\games\NextGenGameEngine\tests\integration\test_render_graph.cpp(90): error C2664: 'void nge::renderer::RGPassBuilder::Read(nge::renderer::RGResourceHandle,nge::rhi::ResourceState)': cannot convert argument 1 from 'int' to 'nge::renderer::RGResourceHandle'
P:\Development\personal\games\NextGenGameEngine\tests\integration\test_render_graph.cpp(90): note: No constructor could take the source type, or constructor overload resolution was ambiguous
P:\Development\personal\games\NextGenGameEngine\engine/renderer/graph/render_graph.h(93): note: see declaration of 'nge::renderer::RGPassBuilder::Read'
P:\Development\personal\games\NextGenGameEngine\tests\integration\test_render_graph.cpp(102): error C2838: 'ColorAttachment': illegal qualified name in member declaration
P:\Development\personal\games\NextGenGameEngine\tests\integration\test_render_graph.cpp(102): error C2065: 'ColorAttachment': undeclared identifier
P:\Development\personal\games\NextGenGameEngine\tests\integration\test_render_graph.cpp(103): error C2838: 'ColorAttachment': illegal qualified name in member declaration
P:\Development\personal\games\NextGenGameEngine\tests\integration\test_render_graph.cpp(103): error C2065: 'ColorAttachment': undeclared identifier
P:\Development\personal\games\NextGenGameEngine\tests\integration\test_render_graph.cpp(115): error C2838: 'ColorAttachment': illegal qualified name in member declaration
P:\Development\personal\games\NextGenGameEngine\tests\integration\test_render_graph.cpp(115): error C2065: 'ColorAttachment': undeclared identifier
P:\Development\personal\games\NextGenGameEngine\tests\integration\test_render_graph.cpp(132): error C2838: 'ColorAttachment': illegal qualified name in member declaration
P:\Development\personal\games\NextGenGameEngine\tests\integration\test_render_graph.cpp(132): error C2065: 'ColorAttachment': undeclared identifier
P:\Development\personal\games\NextGenGameEngine\tests\integration\test_render_graph.cpp(132): error C2838: 'Sampled': illegal qualified name in member declaration
P:\Development\personal\games\NextGenGameEngine\tests\integration\test_render_graph.cpp(132): error C2065: 'Sampled': undeclared identifier
P:\Development\personal\games\NextGenGameEngine\tests\integration\test_render_graph.cpp(131): error C2664: 'nge::renderer::RGResourceHandle nge::renderer::RGPassBuilder::CreateTexture(const std::string &,const nge::renderer::RGTextureDesc &)': cannot convert argument 2 from 'initializer list' to 'const nge::renderer::RGTextureDesc &'
P:\Development\personal\games\NextGenGameEngine\tests\integration\test_render_graph.cpp(132): note: Reason: cannot convert from 'initializer list' to 'const nge::renderer::RGTextureDesc'
P:\Development\personal\games\NextGenGameEngine\tests\integration\test_render_graph.cpp(131): note: Invalid aggregate initialization
P:\Development\personal\games\NextGenGameEngine\engine/renderer/graph/render_graph.h(83): note: see declaration of 'nge::renderer::RGPassBuilder::CreateTexture'
P:\Development\personal\games\NextGenGameEngine\tests\integration\test_render_graph.cpp(133): error C3536: 'texAB': cannot be used before it is initialized
P:\Development\personal\games\NextGenGameEngine\tests\integration\test_render_graph.cpp(133): error C2664: 'void nge::renderer::RGPassBuilder::Write(nge::renderer::RGResourceHandle,nge::rhi::ResourceState)': cannot convert argument 1 from 'int' to 'nge::renderer::RGResourceHandle'
P:\Development\personal\games\NextGenGameEngine\tests\integration\test_render_graph.cpp(133): note: No constructor could take the source type, or constructor overload resolution was ambiguous
P:\Development\personal\games\NextGenGameEngine\engine/renderer/graph/render_graph.h(94): note: see declaration of 'nge::renderer::RGPassBuilder::Write'
P:\Development\personal\games\NextGenGameEngine\tests\integration\test_render_graph.cpp(138): error C2838: 'Storage': illegal qualified name in member declaration
P:\Development\personal\games\NextGenGameEngine\tests\integration\test_render_graph.cpp(138): error C2065: 'Storage': undeclared identifier
P:\Development\personal\games\NextGenGameEngine\tests\integration\test_render_graph.cpp(138): error C2838: 'Sampled': illegal qualified name in member declaration
P:\Development\personal\games\NextGenGameEngine\tests\integration\test_render_graph.cpp(138): error C2065: 'Sampled': undeclared identifier
P:\Development\personal\games\NextGenGameEngine\tests\integration\test_render_graph.cpp(137): error C2664: 'nge::renderer::RGResourceHandle nge::renderer::RGPassBuilder::CreateTexture(const std::string &,const nge::renderer::RGTextureDesc &)': cannot convert argument 2 from 'initializer list' to 'const nge::renderer::RGTextureDesc &'
P:\Development\personal\games\NextGenGameEngine\tests\integration\test_render_graph.cpp(138): note: Reason: cannot convert from 'initializer list' to 'const nge::renderer::RGTextureDesc'
P:\Development\personal\games\NextGenGameEngine\tests\integration\test_render_graph.cpp(137): note: Invalid aggregate initialization
P:\Development\personal\games\NextGenGameEngine\engine/renderer/graph/render_graph.h(83): note: see declaration of 'nge::renderer::RGPassBuilder::CreateTexture'
P:\Development\personal\games\NextGenGameEngine\tests\integration\test_render_graph.cpp(139): error C2664: 'void nge::renderer::RGPassBuilder::Read(nge::renderer::RGResourceHandle,nge::rhi::ResourceState)': cannot convert argument 1 from 'int' to 'nge::renderer::RGResourceHandle'
P:\Development\personal\games\NextGenGameEngine\tests\integration\test_render_graph.cpp(139): note: No constructor could take the source type, or constructor overload resolution was ambiguous
P:\Development\personal\games\NextGenGameEngine\engine/renderer/graph/render_graph.h(93): note: see declaration of 'nge::renderer::RGPassBuilder::Read'
P:\Development\personal\games\NextGenGameEngine\tests\integration\test_render_graph.cpp(140): error C3536: 'texBC': cannot be used before it is initialized
P:\Development\personal\games\NextGenGameEngine\tests\integration\test_render_graph.cpp(140): error C2664: 'void nge::renderer::RGPassBuilder::Write(nge::renderer::RGResourceHandle,nge::rhi::ResourceState)': cannot convert argument 1 from 'int' to 'nge::renderer::RGResourceHandle'
P:\Development\personal\games\NextGenGameEngine\tests\integration\test_render_graph.cpp(140): note: No constructor could take the source type, or constructor overload resolution was ambiguous
P:\Development\personal\games\NextGenGameEngine\engine/renderer/graph/render_graph.h(94): note: see declaration of 'nge::renderer::RGPassBuilder::Write'
P:\Development\personal\games\NextGenGameEngine\tests\integration\test_render_graph.cpp(144): error C2664: 'void nge::renderer::RGPassBuilder::Read(nge::renderer::RGResourceHandle,nge::rhi::ResourceState)': cannot convert argument 1 from 'int' to 'nge::renderer::RGResourceHandle'
P:\Development\personal\games\NextGenGameEngine\tests\integration\test_render_graph.cpp(144): note: No constructor could take the source type, or constructor overload resolution was ambiguous
P:\Development\personal\games\NextGenGameEngine\engine/renderer/graph/render_graph.h(93): note: see declaration of 'nge::renderer::RGPassBuilder::Read'
[215/297] Building CXX object tests\CMakeFiles\EngineTests.dir\Debug\integration\test_pipeline_cache_hotreload.cpp.obj
FAILED: [code=2] tests/CMakeFiles/EngineTests.dir/Debug/integration/test_pipeline_cache_hotreload.cpp.obj 
C:\PROGRA~2\MICROS~2\2019\BUILDT~1\VC\Tools\MSVC\1429~1.301\bin\Hostx64\x64\cl.exe  /nologo /TP -DFMT_SHARED -DGTEST_LINKED_AS_SHARED_LIBRARY=1 -DNGE_DEBUG=1 -DNGE_ENABLE_ASSERTS=1 -DNGE_ENABLE_MEMORY_TRACKING=1 -DNGE_ENABLE_VULKAN=1 -DNGE_PLATFORM_WINDOWS=1 -DNOMINMAX -DSPDLOG_COMPILED_LIB -DSPDLOG_FMT_EXTERNAL -DSPDLOG_SHARED_LIB -DWIN32_LEAN_AND_MEAN -D_CRT_SECURE_NO_WARNINGS -DCMAKE_INTDIR=\"Debug\" -IP:\Development\personal\games\NextGenGameEngine\engine -IP:\Development\personal\games\NextGenGameEngine\engine\.. -external:IP:\Development\personal\games\NextGenGameEngine\build\vcpkg_installed\x64-windows\include -external:IC:\VulkanSDK\1.4.341.1\include -external:W0 /DWIN32 /D_WINDOWS /EHsc /Zi /Ob0 /Od /RTC1 -std:c++20 -MDd /W4 /permissive- /Zc:__cplusplus /MP /fp:fast /arch:AVX2 /wd4251 /wd4275 /utf-8 /showIncludes /Fotests\CMakeFiles\EngineTests.dir\Debug\integration\test_pipeline_cache_hotreload.cpp.obj /Fdtests\CMakeFiles\EngineTests.dir\Debug\ /FS -c P:\Development\personal\games\NextGenGameEngine\tests\integration\test_pipeline_cache_hotreload.cpp
P:\Development\personal\games\NextGenGameEngine\engine/rhi/common/rhi_pso_builder.h(80): error C2838: 'Undefined': illegal qualified name in member declaration
P:\Development\personal\games\NextGenGameEngine\engine/rhi/common/rhi_pso_builder.h(80): error C2065: 'Undefined': undeclared identifier
[216/297] Building CXX object tests\CMakeFiles\EngineTests.dir\Debug\integration\test_shader_reflection_pso.cpp.obj
FAILED: [code=2] tests/CMakeFiles/EngineTests.dir/Debug/integration/test_shader_reflection_pso.cpp.obj 
C:\PROGRA~2\MICROS~2\2019\BUILDT~1\VC\Tools\MSVC\1429~1.301\bin\Hostx64\x64\cl.exe  /nologo /TP -DFMT_SHARED -DGTEST_LINKED_AS_SHARED_LIBRARY=1 -DNGE_DEBUG=1 -DNGE_ENABLE_ASSERTS=1 -DNGE_ENABLE_MEMORY_TRACKING=1 -DNGE_ENABLE_VULKAN=1 -DNGE_PLATFORM_WINDOWS=1 -DNOMINMAX -DSPDLOG_COMPILED_LIB -DSPDLOG_FMT_EXTERNAL -DSPDLOG_SHARED_LIB -DWIN32_LEAN_AND_MEAN -D_CRT_SECURE_NO_WARNINGS -DCMAKE_INTDIR=\"Debug\" -IP:\Development\personal\games\NextGenGameEngine\engine -IP:\Development\personal\games\NextGenGameEngine\engine\.. -external:IP:\Development\personal\games\NextGenGameEngine\build\vcpkg_installed\x64-windows\include -external:IC:\VulkanSDK\1.4.341.1\include -external:W0 /DWIN32 /D_WINDOWS /EHsc /Zi /Ob0 /Od /RTC1 -std:c++20 -MDd /W4 /permissive- /Zc:__cplusplus /MP /fp:fast /arch:AVX2 /wd4251 /wd4275 /utf-8 /showIncludes /Fotests\CMakeFiles\EngineTests.dir\Debug\integration\test_shader_reflection_pso.cpp.obj /Fdtests\CMakeFiles\EngineTests.dir\Debug\ /FS -c P:\Development\personal\games\NextGenGameEngine\tests\integration\test_shader_reflection_pso.cpp
P:\Development\personal\games\NextGenGameEngine\engine/rhi/common/rhi_pso_builder.h(80): error C2838: 'Undefined': illegal qualified name in member declaration
P:\Development\personal\games\NextGenGameEngine\engine/rhi/common/rhi_pso_builder.h(80): error C2065: 'Undefined': undeclared identifier
P:\Development\personal\games\NextGenGameEngine\tests\integration\test_shader_reflection_pso.cpp(26): error C2872: 'ShaderStage': ambiguous symbol
P:\Development\personal\games\NextGenGameEngine\engine/assets/shader_reflection.h(15): note: could be 'nge::assets::ShaderStage'
P:\Development\personal\games\NextGenGameEngine\engine/rhi/common/rhi_types.h(147): note: or       'nge::rhi::ShaderStage'
P:\Development\personal\games\NextGenGameEngine\tests\integration\test_shader_reflection_pso.cpp(27): error C2872: 'ShaderStage': ambiguous symbol
P:\Development\personal\games\NextGenGameEngine\engine/assets/shader_reflection.h(15): note: could be 'nge::assets::ShaderStage'
P:\Development\personal\games\NextGenGameEngine\engine/rhi/common/rhi_types.h(147): note: or       'nge::rhi::ShaderStage'
P:\Development\personal\games\NextGenGameEngine\tests\integration\test_shader_reflection_pso.cpp(28): error C2872: 'ShaderStage': ambiguous symbol
P:\Development\personal\games\NextGenGameEngine\engine/assets/shader_reflection.h(15): note: could be 'nge::assets::ShaderStage'
P:\Development\personal\games\NextGenGameEngine\engine/rhi/common/rhi_types.h(147): note: or       'nge::rhi::ShaderStage'
P:\Development\personal\games\NextGenGameEngine\tests\integration\test_shader_reflection_pso.cpp(29): error C2872: 'ShaderStage': ambiguous symbol
P:\Development\personal\games\NextGenGameEngine\engine/assets/shader_reflection.h(15): note: could be 'nge::assets::ShaderStage'
P:\Development\personal\games\NextGenGameEngine\engine/rhi/common/rhi_types.h(147): note: or       'nge::rhi::ShaderStage'
P:\Development\personal\games\NextGenGameEngine\tests\integration\test_shader_reflection_pso.cpp(30): error C2872: 'ShaderStage': ambiguous symbol
P:\Development\personal\games\NextGenGameEngine\engine/assets/shader_reflection.h(15): note: could be 'nge::assets::ShaderStage'
P:\Development\personal\games\NextGenGameEngine\engine/rhi/common/rhi_types.h(147): note: or       'nge::rhi::ShaderStage'
P:\Development\personal\games\NextGenGameEngine\tests\integration\test_shader_reflection_pso.cpp(55): error C2872: 'ShaderStage': ambiguous symbol
P:\Development\personal\games\NextGenGameEngine\engine/assets/shader_reflection.h(15): note: could be 'nge::assets::ShaderStage'
P:\Development\personal\games\NextGenGameEngine\engine/rhi/common/rhi_types.h(147): note: or       'nge::rhi::ShaderStage'
P:\Development\personal\games\NextGenGameEngine\tests\integration\test_shader_reflection_pso.cpp(62): error C2872: 'ShaderStage': ambiguous symbol
P:\Development\personal\games\NextGenGameEngine\engine/assets/shader_reflection.h(15): note: could be 'nge::assets::ShaderStage'
P:\Development\personal\games\NextGenGameEngine\engine/rhi/common/rhi_types.h(147): note: or       'nge::rhi::ShaderStage'
P:\Development\personal\games\NextGenGameEngine\tests\integration\test_shader_reflection_pso.cpp(66): error C2872: 'ShaderStage': ambiguous symbol
P:\Development\personal\games\NextGenGameEngine\engine/assets/shader_reflection.h(15): note: could be 'nge::assets::ShaderStage'
P:\Development\personal\games\NextGenGameEngine\engine/rhi/common/rhi_types.h(147): note: or       'nge::rhi::ShaderStage'
P:\Development\personal\games\NextGenGameEngine\tests\integration\test_shader_reflection_pso.cpp(68): error C2872: 'ShaderStage': ambiguous symbol
P:\Development\personal\games\NextGenGameEngine\engine/assets/shader_reflection.h(15): note: could be 'nge::assets::ShaderStage'
P:\Development\personal\games\NextGenGameEngine\engine/rhi/common/rhi_types.h(147): note: or       'nge::rhi::ShaderStage'
[217/297] Building CXX object tests\CMakeFiles\EngineTests.dir\Debug\integration\test_prefab.cpp.obj
[218/297] Building CXX object tests\CMakeFiles\EngineTests.dir\Debug\integration\test_shader_permutations.cpp.obj
[219/297] Building CXX object tests\CMakeFiles\EngineTests.dir\Debug\smoke_core_test.cpp.obj
[220/297] Building CXX object tests\CMakeFiles\EngineTests.dir\Debug\integration\test_scene_serializer.cpp.obj
P:\Development\personal\games\NextGenGameEngine\engine/core/math/pga.h(35): warning C4201: nonstandard extension used: nameless struct/union
P:\Development\personal\games\NextGenGameEngine\engine/core/math/pga.h(36): warning C4201: nonstandard extension used: nameless struct/union
P:\Development\personal\games\NextGenGameEngine\engine/core/math/pga.h(71): warning C4201: nonstandard extension used: nameless struct/union
P:\Development\personal\games\NextGenGameEngine\engine/core/math/pga.h(72): warning C4201: nonstandard extension used: nameless struct/union
P:\Development\personal\games\NextGenGameEngine\engine/core/math/pga.h(142): warning C4201: nonstandard extension used: nameless struct/union
P:\Development\personal\games\NextGenGameEngine\engine/core/math/pga.h(146): warning C4201: nonstandard extension used: nameless struct/union
[221/297] Building CXX object tests\CMakeFiles\EngineTests.dir\Debug\integration\test_terrain.cpp.obj
[222/297] Building CXX object tests\CMakeFiles\EngineTests.dir\Debug\unit\test_accel_struct_compaction.cpp.obj
FAILED: [code=2] tests/CMakeFiles/EngineTests.dir/Debug/unit/test_accel_struct_compaction.cpp.obj 
C:\PROGRA~2\MICROS~2\2019\BUILDT~1\VC\Tools\MSVC\1429~1.301\bin\Hostx64\x64\cl.exe  /nologo /TP -DFMT_SHARED -DGTEST_LINKED_AS_SHARED_LIBRARY=1 -DNGE_DEBUG=1 -DNGE_ENABLE_ASSERTS=1 -DNGE_ENABLE_MEMORY_TRACKING=1 -DNGE_ENABLE_VULKAN=1 -DNGE_PLATFORM_WINDOWS=1 -DNOMINMAX -DSPDLOG_COMPILED_LIB -DSPDLOG_FMT_EXTERNAL -DSPDLOG_SHARED_LIB -DWIN32_LEAN_AND_MEAN -D_CRT_SECURE_NO_WARNINGS -DCMAKE_INTDIR=\"Debug\" -IP:\Development\personal\games\NextGenGameEngine\engine -IP:\Development\personal\games\NextGenGameEngine\engine\.. -external:IP:\Development\personal\games\NextGenGameEngine\build\vcpkg_installed\x64-windows\include -external:IC:\VulkanSDK\1.4.341.1\include -external:W0 /DWIN32 /D_WINDOWS /EHsc /Zi /Ob0 /Od /RTC1 -std:c++20 -MDd /W4 /permissive- /Zc:__cplusplus /MP /fp:fast /arch:AVX2 /wd4251 /wd4275 /utf-8 /showIncludes /Fotests\CMakeFiles\EngineTests.dir\Debug\unit\test_accel_struct_compaction.cpp.obj /Fdtests\CMakeFiles\EngineTests.dir\Debug\ /FS -c P:\Development\personal\games\NextGenGameEngine\tests\unit\test_accel_struct_compaction.cpp
P:\Development\personal\games\NextGenGameEngine\tests\unit\test_accel_struct_compaction.cpp(22): error C2065: 'u64': undeclared identifier
P:\Development\personal\games\NextGenGameEngine\tests\unit\test_accel_struct_compaction.cpp(22): error C2146: syntax error: missing ';' before identifier 'id'
P:\Development\personal\games\NextGenGameEngine\tests\unit\test_accel_struct_compaction.cpp(22): error C2065: 'id': undeclared identifier
P:\Development\personal\games\NextGenGameEngine\tests\unit\test_accel_struct_compaction.cpp(23): error C2065: 'id': undeclared identifier
P:\Development\personal\games\NextGenGameEngine\tests\unit\test_accel_struct_compaction.cpp(23): error C2737: 'gtest_ar': const object must be initialized
P:\Development\personal\games\NextGenGameEngine\tests\unit\test_accel_struct_compaction.cpp(26): error C2065: 'id': undeclared identifier
P:\Development\personal\games\NextGenGameEngine\tests\unit\test_accel_struct_compaction.cpp(27): error C3536: 'info': cannot be used before it is initialized
P:\Development\personal\games\NextGenGameEngine\tests\unit\test_accel_struct_compaction.cpp(28): error C2660: 'testing::internal::EqHelper::Compare': function does not take 3 arguments
P:\Development\personal\games\NextGenGameEngine\build\vcpkg_installed\x64-windows\include\gtest/gtest.h(1422): note: see declaration of 'testing::internal::EqHelper::Compare'
P:\Development\personal\games\NextGenGameEngine\tests\unit\test_accel_struct_compaction.cpp(28): error C2737: 'gtest_ar': const object must be initialized
P:\Development\personal\games\NextGenGameEngine\tests\unit\test_accel_struct_compaction.cpp(29): error C2660: 'testing::internal::EqHelper::Compare': function does not take 3 arguments
P:\Development\personal\games\NextGenGameEngine\build\vcpkg_installed\x64-windows\include\gtest/gtest.h(1422): note: see declaration of 'testing::internal::EqHelper::Compare'
P:\Development\personal\games\NextGenGameEngine\tests\unit\test_accel_struct_compaction.cpp(29): error C2737: 'gtest_ar': const object must be initialized
P:\Development\personal\games\NextGenGameEngine\tests\unit\test_accel_struct_compaction.cpp(30): error C2660: 'testing::internal::EqHelper::Compare': function does not take 3 arguments
P:\Development\personal\games\NextGenGameEngine\build\vcpkg_installed\x64-windows\include\gtest/gtest.h(1422): note: see declaration of 'testing::internal::EqHelper::Compare'
P:\Development\personal\games\NextGenGameEngine\tests\unit\test_accel_struct_compaction.cpp(30): error C2737: 'gtest_ar': const object must be initialized
P:\Development\personal\games\NextGenGameEngine\tests\unit\test_accel_struct_compaction.cpp(31): error C2660: 'testing::internal::EqHelper::Compare': function does not take 3 arguments
P:\Development\personal\games\NextGenGameEngine\build\vcpkg_installed\x64-windows\include\gtest/gtest.h(1422): note: see declaration of 'testing::internal::EqHelper::Compare'
P:\Development\personal\games\NextGenGameEngine\tests\unit\test_accel_struct_compaction.cpp(31): error C2737: 'gtest_ar': const object must be initialized
P:\Development\personal\games\NextGenGameEngine\tests\unit\test_accel_struct_compaction.cpp(32): error C2660: 'testing::internal::EqHelper::Compare': function does not take 3 arguments
P:\Development\personal\games\NextGenGameEngine\build\vcpkg_installed\x64-windows\include\gtest/gtest.h(1422): note: see declaration of 'testing::internal::EqHelper::Compare'
P:\Development\personal\games\NextGenGameEngine\tests\unit\test_accel_struct_compaction.cpp(32): error C2737: 'gtest_ar': const object must be initialized
P:\Development\personal\games\NextGenGameEngine\tests\unit\test_accel_struct_compaction.cpp(33): error C2660: 'testing::internal::EqHelper::Compare': function does not take 3 arguments
P:\Development\personal\games\NextGenGameEngine\build\vcpkg_installed\x64-windows\include\gtest/gtest.h(1422): note: see declaration of 'testing::internal::EqHelper::Compare'
P:\Development\personal\games\NextGenGameEngine\tests\unit\test_accel_struct_compaction.cpp(33): error C2737: 'gtest_ar': const object must be initialized
P:\Development\personal\games\NextGenGameEngine\tests\unit\test_accel_struct_compaction.cpp(34): error C2660: 'testing::internal::EqHelper::Compare': function does not take 3 arguments
P:\Development\personal\games\NextGenGameEngine\build\vcpkg_installed\x64-windows\include\gtest/gtest.h(1422): note: see declaration of 'testing::internal::EqHelper::Compare'
P:\Development\personal\games\NextGenGameEngine\tests\unit\test_accel_struct_compaction.cpp(34): error C2737: 'gtest_ar': const object must be initialized
P:\Development\personal\games\NextGenGameEngine\tests\unit\test_accel_struct_compaction.cpp(43): error C2065: 'u64': undeclared identifier
P:\Development\personal\games\NextGenGameEngine\tests\unit\test_accel_struct_compaction.cpp(43): error C2146: syntax error: missing ';' before identifier 'id'
P:\Development\personal\games\NextGenGameEngine\tests\unit\test_accel_struct_compaction.cpp(43): error C2065: 'id': undeclared identifier
P:\Development\personal\games\NextGenGameEngine\tests\unit\test_accel_struct_compaction.cpp(45): error C2065: 'id': undeclared identifier
P:\Development\personal\games\NextGenGameEngine\tests\unit\test_accel_struct_compaction.cpp(46): error C3536: 'info': cannot be used before it is initialized
P:\Development\personal\games\NextGenGameEngine\tests\unit\test_accel_struct_compaction.cpp(46): error C2660: 'testing::internal::EqHelper::Compare': function does not take 3 arguments
P:\Development\personal\games\NextGenGameEngine\build\vcpkg_installed\x64-windows\include\gtest/gtest.h(1422): note: see declaration of 'testing::internal::EqHelper::Compare'
P:\Development\personal\games\NextGenGameEngine\tests\unit\test_accel_struct_compaction.cpp(46): error C2737: 'gtest_ar': const object must be initialized
P:\Development\personal\games\NextGenGameEngine\tests\unit\test_accel_struct_compaction.cpp(55): error C2065: 'u64': undeclared identifier
P:\Development\personal\games\NextGenGameEngine\tests\unit\test_accel_struct_compaction.cpp(55): error C2146: syntax error: missing ';' before identifier 'id'
P:\Development\personal\games\NextGenGameEngine\tests\unit\test_accel_struct_compaction.cpp(55): error C2065: 'id': undeclared identifier
P:\Development\personal\games\NextGenGameEngine\tests\unit\test_accel_struct_compaction.cpp(56): error C2065: 'id': undeclared identifier
P:\Development\personal\games\NextGenGameEngine\tests\unit\test_accel_struct_compaction.cpp(56): error C2660: 'testing::internal::EqHelper::Compare': function does not take 3 arguments
P:\Development\personal\games\NextGenGameEngine\build\vcpkg_installed\x64-windows\include\gtest/gtest.h(1422): note: see declaration of 'testing::internal::EqHelper::Compare'
P:\Development\personal\games\NextGenGameEngine\tests\unit\test_accel_struct_compaction.cpp(56): error C2737: 'gtest_ar': const object must be initialized
P:\Development\personal\games\NextGenGameEngine\tests\unit\test_accel_struct_compaction.cpp(58): error C2065: 'id': undeclared identifier
P:\Development\personal\games\NextGenGameEngine\tests\unit\test_accel_struct_compaction.cpp(59): error C2065: 'id': undeclared identifier
P:\Development\personal\games\NextGenGameEngine\tests\unit\test_accel_struct_compaction.cpp(59): error C2660: 'testing::internal::EqHelper::Compare': function does not take 3 arguments
P:\Development\personal\games\NextGenGameEngine\build\vcpkg_installed\x64-windows\include\gtest/gtest.h(1422): note: see declaration of 'testing::internal::EqHelper::Compare'
P:\Development\personal\games\NextGenGameEngine\tests\unit\test_accel_struct_compaction.cpp(59): error C2737: 'gtest_ar': const object must be initialized
P:\Development\personal\games\NextGenGameEngine\tests\unit\test_accel_struct_compaction.cpp(61): error C2065: 'id': undeclared identifier
P:\Development\personal\games\NextGenGameEngine\tests\unit\test_accel_struct_compaction.cpp(62): error C2065: 'id': undeclared identifier
P:\Development\personal\games\NextGenGameEngine\tests\unit\test_accel_struct_compaction.cpp(62): error C2660: 'testing::internal::EqHelper::Compare': function does not take 3 arguments
P:\Development\personal\games\NextGenGameEngine\build\vcpkg_installed\x64-windows\include\gtest/gtest.h(1422): note: see declaration of 'testing::internal::EqHelper::Compare'
P:\Development\personal\games\NextGenGameEngine\tests\unit\test_accel_struct_compaction.cpp(62): error C2737: 'gtest_ar': const object must be initialized
P:\Development\personal\games\NextGenGameEngine\tests\unit\test_accel_struct_compaction.cpp(63): error C2065: 'id': undeclared identifier
P:\Development\personal\games\NextGenGameEngine\tests\unit\test_accel_struct_compaction.cpp(63): error C2660: 'testing::internal::EqHelper::Compare': function does not take 3 arguments
P:\Development\personal\games\NextGenGameEngine\build\vcpkg_installed\x64-windows\include\gtest/gtest.h(1422): note: see declaration of 'testing::internal::EqHelper::Compare'
P:\Development\personal\games\NextGenGameEngine\tests\unit\test_accel_struct_compaction.cpp(63): error C2737: 'gtest_ar': const object must be initialized
P:\Development\personal\games\NextGenGameEngine\tests\unit\test_accel_struct_compaction.cpp(65): error C2065: 'id': undeclared identifier
P:\Development\personal\games\NextGenGameEngine\tests\unit\test_accel_struct_compaction.cpp(66): error C2065: 'id': undeclared identifier
P:\Development\personal\games\NextGenGameEngine\tests\unit\test_accel_struct_compaction.cpp(66): error C2660: 'testing::internal::EqHelper::Compare': function does not take 3 arguments
P:\Development\personal\games\NextGenGameEngine\build\vcpkg_installed\x64-windows\include\gtest/gtest.h(1422): note: see declaration of 'testing::internal::EqHelper::Compare'
P:\Development\personal\games\NextGenGameEngine\tests\unit\test_accel_struct_compaction.cpp(66): error C2737: 'gtest_ar': const object must be initialized
P:\Development\personal\games\NextGenGameEngine\tests\unit\test_accel_struct_compaction.cpp(68): error C2065: 'id': undeclared identifier
P:\Development\personal\games\NextGenGameEngine\tests\unit\test_accel_struct_compaction.cpp(69): error C2065: 'id': undeclared identifier
P:\Development\personal\games\NextGenGameEngine\tests\unit\test_accel_struct_compaction.cpp(69): error C2660: 'testing::internal::EqHelper::Compare': function does not take 3 arguments
P:\Development\personal\games\NextGenGameEngine\build\vcpkg_installed\x64-windows\include\gtest/gtest.h(1422): note: see declaration of 'testing::internal::EqHelper::Compare'
P:\Development\personal\games\NextGenGameEngine\tests\unit\test_accel_struct_compaction.cpp(69): error C2737: 'gtest_ar': const object must be initialized
P:\Development\personal\games\NextGenGameEngine\tests\unit\test_accel_struct_compaction.cpp(70): error C2065: 'id': undeclared identifier
P:\Development\personal\games\NextGenGameEngine\tests\unit\test_accel_struct_compaction.cpp(70): error C2660: 'testing::internal::EqHelper::Compare': function does not take 3 arguments
P:\Development\personal\games\NextGenGameEngine\build\vcpkg_installed\x64-windows\include\gtest/gtest.h(1422): note: see declaration of 'testing::internal::EqHelper::Compare'
P:\Development\personal\games\NextGenGameEngine\tests\unit\test_accel_struct_compaction.cpp(70): error C2737: 'gtest_ar': const object must be initialized
P:\Development\personal\games\NextGenGameEngine\tests\unit\test_accel_struct_compaction.cpp(71): error C2065: 'id': undeclared identifier
P:\Development\personal\games\NextGenGameEngine\tests\unit\test_accel_struct_compaction.cpp(71): error C2660: 'testing::internal::EqHelper::Compare': function does not take 3 arguments
P:\Development\personal\games\NextGenGameEngine\build\vcpkg_installed\x64-windows\include\gtest/gtest.h(1422): note: see declaration of 'testing::internal::EqHelper::Compare'
P:\Development\personal\games\NextGenGameEngine\tests\unit\test_accel_struct_compaction.cpp(71): error C2737: 'gtest_ar': const object must be initialized
P:\Development\personal\games\NextGenGameEngine\tests\unit\test_accel_struct_compaction.cpp(72): error C2065: 'id': undeclared identifier
P:\Development\personal\games\NextGenGameEngine\tests\unit\test_accel_struct_compaction.cpp(72): error C2660: 'testing::internal::EqHelper::Compare': function does not take 3 arguments
P:\Development\personal\games\NextGenGameEngine\build\vcpkg_installed\x64-windows\include\gtest/gtest.h(1422): note: see declaration of 'testing::internal::EqHelper::Compare'
P:\Development\personal\games\NextGenGameEngine\tests\unit\test_accel_struct_compaction.cpp(72): error C2737: 'gtest_ar': const object must be initialized
P:\Development\personal\games\NextGenGameEngine\tests\unit\test_accel_struct_compaction.cpp(84): error C2065: 'u64': undeclared identifier
P:\Development\personal\games\NextGenGameEngine\tests\unit\test_accel_struct_compaction.cpp(84): error C2146: syntax error: missing ';' before identifier 'id'
P:\Development\personal\games\NextGenGameEngine\tests\unit\test_accel_struct_compaction.cpp(84): error C2065: 'id': undeclared identifier
P:\Development\personal\games\NextGenGameEngine\tests\unit\test_accel_struct_compaction.cpp(85): error C2065: 'id': undeclared identifier
P:\Development\personal\games\NextGenGameEngine\tests\unit\test_accel_struct_compaction.cpp(86): error C2065: 'id': undeclared identifier
P:\Development\personal\games\NextGenGameEngine\tests\unit\test_accel_struct_compaction.cpp(88): error C2065: 'id': undeclared identifier
P:\Development\personal\games\NextGenGameEngine\tests\unit\test_accel_struct_compaction.cpp(88): error C2512: 'testing::AssertionResult': no appropriate default constructor available
P:\Development\personal\games\NextGenGameEngine\tests\unit\test_accel_struct_compaction.cpp(88): note: No constructor could take the source type, or constructor overload resolution was ambiguous
P:\Development\personal\games\NextGenGameEngine\tests\unit\test_accel_struct_compaction.cpp(88): error C2737: 'gtest_ar_': const object must be initialized
P:\Development\personal\games\NextGenGameEngine\tests\unit\test_accel_struct_compaction.cpp(100): error C2065: 'u64': undeclared identifier
P:\Development\personal\games\NextGenGameEngine\tests\unit\test_accel_struct_compaction.cpp(100): error C2146: syntax error: missing ';' before identifier 'id'
P:\Development\personal\games\NextGenGameEngine\tests\unit\test_accel_struct_compaction.cpp(100): error C2065: 'id': undeclared identifier
P:\Development\personal\games\NextGenGameEngine\tests\unit\test_accel_struct_compaction.cpp(101): error C2065: 'id': undeclared identifier
P:\Development\personal\games\NextGenGameEngine\tests\unit\test_accel_struct_compaction.cpp(102): error C2065: 'id': undeclared identifier
P:\Development\personal\games\NextGenGameEngine\tests\unit\test_accel_struct_compaction.cpp(104): error C2065: 'id': undeclared identifier
P:\Development\personal\games\NextGenGameEngine\tests\unit\test_accel_struct_compaction.cpp(104): error C2512: 'testing::AssertionResult': no appropriate default constructor available
P:\Development\personal\games\NextGenGameEngine\tests\unit\test_accel_struct_compaction.cpp(104): note: No constructor could take the source type, or constructor overload resolution was ambiguous
P:\Development\personal\games\NextGenGameEngine\tests\unit\test_accel_struct_compaction.cpp(104): error C2737: 'gtest_ar_': const object must be initialized
P:\Development\personal\games\NextGenGameEngine\tests\unit\test_accel_struct_compaction.cpp(116): error C2065: 'u64': undeclared identifier
P:\Development\personal\games\NextGenGameEngine\tests\unit\test_accel_struct_compaction.cpp(116): error C2146: syntax error: missing ';' before identifier 'id'
P:\Development\personal\games\NextGenGameEngine\tests\unit\test_accel_struct_compaction.cpp(116): error C2065: 'id': undeclared identifier
P:\Development\personal\games\NextGenGameEngine\tests\unit\test_accel_struct_compaction.cpp(117): error C2065: 'id': undeclared identifier
P:\Development\personal\games\NextGenGameEngine\tests\unit\test_accel_struct_compaction.cpp(118): error C2065: 'id': undeclared identifier
P:\Development\personal\games\NextGenGameEngine\tests\unit\test_accel_struct_compaction.cpp(120): error C2065: 'id': undeclared identifier
P:\Development\personal\games\NextGenGameEngine\tests\unit\test_accel_struct_compaction.cpp(120): error C2512: 'testing::AssertionResult': no appropriate default constructor available
P:\Development\personal\games\NextGenGameEngine\tests\unit\test_accel_struct_compaction.cpp(120): note: No constructor could take the source type, or constructor overload resolution was ambiguous
P:\Development\personal\games\NextGenGameEngine\tests\unit\test_accel_struct_compaction.cpp(120): error C2737: 'gtest_ar_': const object must be initialized
P:\Development\personal\games\NextGenGameEngine\tests\unit\test_accel_struct_compaction.cpp(129): error C2065: 'u64': undeclared identifier
P:\Development\personal\games\NextGenGameEngine\tests\unit\test_accel_struct_compaction.cpp(129): error C2146: syntax error: missing ';' before identifier 'id'
P:\Development\personal\games\NextGenGameEngine\tests\unit\test_accel_struct_compaction.cpp(129): error C2065: 'id': undeclared identifier
P:\Development\personal\games\NextGenGameEngine\tests\unit\test_accel_struct_compaction.cpp(132): error C2065: 'id': undeclared identifier
P:\Development\personal\games\NextGenGameEngine\tests\unit\test_accel_struct_compaction.cpp(132): error C2512: 'testing::AssertionResult': no appropriate default constructor available
P:\Development\personal\games\NextGenGameEngine\tests\unit\test_accel_struct_compaction.cpp(132): note: No constructor could take the source type, or constructor overload resolution was ambiguous
P:\Development\personal\games\NextGenGameEngine\tests\unit\test_accel_struct_compaction.cpp(132): error C2737: 'gtest_ar_': const object must be initialized
P:\Development\personal\games\NextGenGameEngine\tests\unit\test_accel_struct_compaction.cpp(141): error C2065: 'u64': undeclared identifier
P:\Development\personal\games\NextGenGameEngine\tests\unit\test_accel_struct_compaction.cpp(141): error C2146: syntax error: missing ';' before identifier 'id1'
P:\Development\personal\games\NextGenGameEngine\tests\unit\test_accel_struct_compaction.cpp(141): error C2065: 'id1': undeclared identifier
P:\Development\personal\games\NextGenGameEngine\tests\unit\test_accel_struct_compaction.cpp(142): error C2065: 'u64': undeclared identifier
P:\Development\personal\games\NextGenGameEngine\tests\unit\test_accel_struct_compaction.cpp(142): error C2146: syntax error: missing ';' before identifier 'id2'
P:\Development\personal\games\NextGenGameEngine\tests\unit\test_accel_struct_compaction.cpp(142): error C2065: 'id2': undeclared identifier
P:\Development\personal\games\NextGenGameEngine\tests\unit\test_accel_struct_compaction.cpp(143): error C2065: 'u64': undeclared identifier
P:\Development\personal\games\NextGenGameEngine\tests\unit\test_accel_struct_compaction.cpp(143): error C2146: syntax error: missing ';' before identifier 'id3'
P:\Development\personal\games\NextGenGameEngine\tests\unit\test_accel_struct_compaction.cpp(143): error C2065: 'id3': undeclared identifier
P:\Development\personal\games\NextGenGameEngine\tests\unit\test_accel_struct_compaction.cpp(143): fatal error C1003: error count exceeds 100; stopping compilation
[223/297] Building CXX object tests\CMakeFiles\EngineTests.dir\Debug\unit\test_async_readback.cpp.obj
FAILED: [code=2] tests/CMakeFiles/EngineTests.dir/Debug/unit/test_async_readback.cpp.obj 
C:\PROGRA~2\MICROS~2\2019\BUILDT~1\VC\Tools\MSVC\1429~1.301\bin\Hostx64\x64\cl.exe  /nologo /TP -DFMT_SHARED -DGTEST_LINKED_AS_SHARED_LIBRARY=1 -DNGE_DEBUG=1 -DNGE_ENABLE_ASSERTS=1 -DNGE_ENABLE_MEMORY_TRACKING=1 -DNGE_ENABLE_VULKAN=1 -DNGE_PLATFORM_WINDOWS=1 -DNOMINMAX -DSPDLOG_COMPILED_LIB -DSPDLOG_FMT_EXTERNAL -DSPDLOG_SHARED_LIB -DWIN32_LEAN_AND_MEAN -D_CRT_SECURE_NO_WARNINGS -DCMAKE_INTDIR=\"Debug\" -IP:\Development\personal\games\NextGenGameEngine\engine -IP:\Development\personal\games\NextGenGameEngine\engine\.. -external:IP:\Development\personal\games\NextGenGameEngine\build\vcpkg_installed\x64-windows\include -external:IC:\VulkanSDK\1.4.341.1\include -external:W0 /DWIN32 /D_WINDOWS /EHsc /Zi /Ob0 /Od /RTC1 -std:c++20 -MDd /W4 /permissive- /Zc:__cplusplus /MP /fp:fast /arch:AVX2 /wd4251 /wd4275 /utf-8 /showIncludes /Fotests\CMakeFiles\EngineTests.dir\Debug\unit\test_async_readback.cpp.obj /Fdtests\CMakeFiles\EngineTests.dir\Debug\ /FS -c P:\Development\personal\games\NextGenGameEngine\tests\unit\test_async_readback.cpp
P:\Development\personal\games\NextGenGameEngine\tests\unit\test_async_readback.cpp(25): error C2065: 'u64': undeclared identifier
P:\Development\personal\games\NextGenGameEngine\tests\unit\test_async_readback.cpp(25): error C2146: syntax error: missing ';' before identifier 'receivedSize'
P:\Development\personal\games\NextGenGameEngine\tests\unit\test_async_readback.cpp(25): error C2065: 'receivedSize': undeclared identifier
P:\Development\personal\games\NextGenGameEngine\tests\unit\test_async_readback.cpp(34): error C2760: syntax error: unexpected token 'identifier', expected 'type specifier'
P:\Development\personal\games\NextGenGameEngine\tests\unit\test_async_readback.cpp(34): error C2065: 'size': undeclared identifier
P:\Development\personal\games\NextGenGameEngine\tests\unit\test_async_readback.cpp(34): error C2062: type 'bool' unexpected
P:\Development\personal\games\NextGenGameEngine\tests\unit\test_async_readback.cpp(34): error C2059: syntax error: ')'
P:\Development\personal\games\NextGenGameEngine\tests\unit\test_async_readback.cpp(34): error C2143: syntax error: missing ';' before '{'
P:\Development\personal\games\NextGenGameEngine\tests\unit\test_async_readback.cpp(36): error C2065: 'receivedSize': undeclared identifier
P:\Development\personal\games\NextGenGameEngine\tests\unit\test_async_readback.cpp(36): error C2065: 'size': undeclared identifier
P:\Development\personal\games\NextGenGameEngine\tests\unit\test_async_readback.cpp(39): error C2065: 'u32': undeclared identifier
P:\Development\personal\games\NextGenGameEngine\tests\unit\test_async_readback.cpp(39): error C2146: syntax error: missing ';' before identifier 'id'
P:\Development\personal\games\NextGenGameEngine\tests\unit\test_async_readback.cpp(39): error C2065: 'id': undeclared identifier
P:\Development\personal\games\NextGenGameEngine\tests\unit\test_async_readback.cpp(40): error C2065: 'id': undeclared identifier
P:\Development\personal\games\NextGenGameEngine\tests\unit\test_async_readback.cpp(40): error C2737: 'gtest_ar': const object must be initialized
P:\Development\personal\games\NextGenGameEngine\tests\unit\test_async_readback.cpp(51): error C2065: 'receivedSize': undeclared identifier
P:\Development\personal\games\NextGenGameEngine\tests\unit\test_async_readback.cpp(51): error C2737: 'gtest_ar': const object must be initialized
P:\Development\personal\games\NextGenGameEngine\tests\unit\test_async_readback.cpp(65): error C2065: 'u32': undeclared identifier
P:\Development\personal\games\NextGenGameEngine\tests\unit\test_async_readback.cpp(65): error C2146: syntax error: missing ';' before identifier 'completedCount'
P:\Development\personal\games\NextGenGameEngine\tests\unit\test_async_readback.cpp(65): error C2065: 'completedCount': undeclared identifier
P:\Development\personal\games\NextGenGameEngine\tests\unit\test_async_readback.cpp(67): error C2065: 'u32': undeclared identifier
P:\Development\personal\games\NextGenGameEngine\tests\unit\test_async_readback.cpp(67): error C2146: syntax error: missing ';' before identifier 'i'
P:\Development\personal\games\NextGenGameEngine\tests\unit\test_async_readback.cpp(67): error C2143: syntax error: missing ';' before '='
P:\Development\personal\games\NextGenGameEngine\tests\unit\test_async_readback.cpp(67): error C2143: syntax error: missing ')' before '='
P:\Development\personal\games\NextGenGameEngine\tests\unit\test_async_readback.cpp(67): error C2059: syntax error: '='
P:\Development\personal\games\NextGenGameEngine\tests\unit\test_async_readback.cpp(67): error C2059: syntax error: ';'
P:\Development\personal\games\NextGenGameEngine\tests\unit\test_async_readback.cpp(67): error C2143: syntax error: missing ';' before '{'
P:\Development\personal\games\NextGenGameEngine\tests\unit\test_async_readback.cpp(74): error C2065: 'u64': undeclared identifier
P:\Development\personal\games\NextGenGameEngine\tests\unit\test_async_readback.cpp(74): error C2059: syntax error: ')'
P:\Development\personal\games\NextGenGameEngine\tests\unit\test_async_readback.cpp(74): error C2143: syntax error: missing ';' before '{'
P:\Development\personal\games\NextGenGameEngine\tests\unit\test_async_readback.cpp(76): error C2143: syntax error: missing ';' before '}'
P:\Development\personal\games\NextGenGameEngine\tests\unit\test_async_readback.cpp(78): error C2059: syntax error: ')'
P:\Development\personal\games\NextGenGameEngine\tests\unit\test_async_readback.cpp(78): error C2065: 'gtest_ar': undeclared identifier
P:\Development\personal\games\NextGenGameEngine\tests\unit\test_async_readback.cpp(81): error C2065: 'completedCount': undeclared identifier
P:\Development\personal\games\NextGenGameEngine\tests\unit\test_async_readback.cpp(81): error C2059: syntax error: ')'
P:\Development\personal\games\NextGenGameEngine\tests\unit\test_async_readback.cpp(81): error C2065: 'gtest_ar': undeclared identifier
P:\Development\personal\games\NextGenGameEngine\tests\unit\test_async_readback.cpp(82): error C2059: syntax error: ')'
P:\Development\personal\games\NextGenGameEngine\tests\unit\test_async_readback.cpp(82): error C2065: 'gtest_ar': undeclared identifier
P:\Development\personal\games\NextGenGameEngine\tests\unit\test_async_readback.cpp(85): error C2143: syntax error: missing ';' before '}'
P:\Development\personal\games\NextGenGameEngine\tests\unit\test_async_readback.cpp(87): error C2947: expecting '>' to terminate template-argument-list, found '>'
P:\Development\personal\games\NextGenGameEngine\tests\unit\test_async_readback.cpp(87): error C2059: syntax error: 'constant'
P:\Development\personal\games\NextGenGameEngine\tests\unit\test_async_readback.cpp(87): error C2059: syntax error: ')'
P:\Development\personal\games\NextGenGameEngine\tests\unit\test_async_readback.cpp(87): error C2246: 'AsyncReadback_MultipleRequests_Test::TestBody::AsyncReadback_CancelRequest_Test::test_info_': illegal static data member in locally defined class
P:\Development\personal\games\NextGenGameEngine\tests\unit\test_async_readback.cpp(87): error C3640: 'AsyncReadback_MultipleRequests_Test::TestBody::AsyncReadback_CancelRequest_Test::TestBody': a referenced or virtual member function of a local class must be defined
P:\Development\personal\games\NextGenGameEngine\tests\unit\test_async_readback.cpp(87): error C2655: 'AsyncReadback_MultipleRequests_Test::TestBody::AsyncReadback_CancelRequest_Test::test_info_': definition or redeclaration illegal in current scope
P:\Development\personal\games\NextGenGameEngine\tests\unit\test_async_readback.cpp(87): note: see declaration of 'AsyncReadback_MultipleRequests_Test::TestBody::AsyncReadback_CancelRequest_Test::test_info_'
P:\Development\personal\games\NextGenGameEngine\tests\unit\test_async_readback.cpp(87): error C2601: 'AsyncReadback_MultipleRequests_Test::TestBody::AsyncReadback_CancelRequest_Test::TestBody': local function definitions are illegal
P:\Development\personal\games\NextGenGameEngine\tests\unit\test_async_readback.cpp(113): error C2246: 'AsyncReadback_MultipleRequests_Test::TestBody::AsyncReadback_StagingBufferFull_Test::test_info_': illegal static data member in locally defined class
P:\Development\personal\games\NextGenGameEngine\tests\unit\test_async_readback.cpp(113): error C3640: 'AsyncReadback_MultipleRequests_Test::TestBody::AsyncReadback_StagingBufferFull_Test::TestBody': a referenced or virtual member function of a local class must be defined
P:\Development\personal\games\NextGenGameEngine\tests\unit\test_async_readback.cpp(99): error C2760: syntax error: unexpected token 'identifier', expected 'type specifier'
P:\Development\personal\games\NextGenGameEngine\tests\unit\test_async_readback.cpp(99): error C2059: syntax error: ','
P:\Development\personal\games\NextGenGameEngine\tests\unit\test_async_readback.cpp(99): error C2059: syntax error: ')'
P:\Development\personal\games\NextGenGameEngine\tests\unit\test_async_readback.cpp(99): error C2143: syntax error: missing ';' before '{'
P:\Development\personal\games\NextGenGameEngine\tests\unit\test_async_readback.cpp(101): error C2065: 'u32': undeclared identifier
P:\Development\personal\games\NextGenGameEngine\tests\unit\test_async_readback.cpp(101): error C2146: syntax error: missing ';' before identifier 'id'
P:\Development\personal\games\NextGenGameEngine\tests\unit\test_async_readback.cpp(101): error C2065: 'id': undeclared identifier
P:\Development\personal\games\NextGenGameEngine\tests\unit\test_async_readback.cpp(104): error C2065: 'id': undeclared identifier
P:\Development\personal\games\NextGenGameEngine\tests\unit\test_async_readback.cpp(113): error C2655: 'AsyncReadback_MultipleRequests_Test::TestBody::AsyncReadback_StagingBufferFull_Test::test_info_': definition or redeclaration illegal in current scope
P:\Development\personal\games\NextGenGameEngine\tests\unit\test_async_readback.cpp(113): note: see declaration of 'AsyncReadback_MultipleRequests_Test::TestBody::AsyncReadback_StagingBufferFull_Test::test_info_'
P:\Development\personal\games\NextGenGameEngine\tests\unit\test_async_readback.cpp(113): error C2601: 'AsyncReadback_MultipleRequests_Test::TestBody::AsyncReadback_StagingBufferFull_Test::TestBody': local function definitions are illegal
P:\Development\personal\games\NextGenGameEngine\tests\unit\test_async_readback.cpp(144): error C2246: 'AsyncReadback_MultipleRequests_Test::TestBody::AsyncReadback_MaxPendingLimit_Test::test_info_': illegal static data member in locally defined class
P:\Development\personal\games\NextGenGameEngine\tests\unit\test_async_readback.cpp(144): error C3640: 'AsyncReadback_MultipleRequests_Test::TestBody::AsyncReadback_MaxPendingLimit_Test::TestBody': a referenced or virtual member function of a local class must be defined
P:\Development\personal\games\NextGenGameEngine\tests\unit\test_async_readback.cpp(128): error C2760: syntax error: unexpected token 'identifier', expected 'type specifier'
P:\Development\personal\games\NextGenGameEngine\tests\unit\test_async_readback.cpp(128): error C2059: syntax error: ','
P:\Development\personal\games\NextGenGameEngine\tests\unit\test_async_readback.cpp(128): error C2059: syntax error: ')'
P:\Development\personal\games\NextGenGameEngine\tests\unit\test_async_readback.cpp(128): error C2143: syntax error: missing ';' before '{'
P:\Development\personal\games\NextGenGameEngine\tests\unit\test_async_readback.cpp(130): error C2065: 'u32': undeclared identifier
P:\Development\personal\games\NextGenGameEngine\tests\unit\test_async_readback.cpp(130): error C2146: syntax error: missing ';' before identifier 'id1'
P:\Development\personal\games\NextGenGameEngine\tests\unit\test_async_readback.cpp(130): error C2065: 'id1': undeclared identifier
P:\Development\personal\games\NextGenGameEngine\tests\unit\test_async_readback.cpp(131): error C2065: 'id1': undeclared identifier
P:\Development\personal\games\NextGenGameEngine\tests\unit\test_async_readback.cpp(131): error C2737: 'gtest_ar': const object must be initialized
P:\Development\personal\games\NextGenGameEngine\tests\unit\test_async_readback.cpp(133): error C2760: syntax error: unexpected token 'identifier', expected 'type specifier'
P:\Development\personal\games\NextGenGameEngine\tests\unit\test_async_readback.cpp(133): error C2059: syntax error: ','
P:\Development\personal\games\NextGenGameEngine\tests\unit\test_async_readback.cpp(133): error C2059: syntax error: ')'
P:\Development\personal\games\NextGenGameEngine\tests\unit\test_async_readback.cpp(133): error C2143: syntax error: missing ';' before '{'
P:\Development\personal\games\NextGenGameEngine\tests\unit\test_async_readback.cpp(133): error C2065: 'success': undeclared identifier
P:\Development\personal\games\NextGenGameEngine\tests\unit\test_async_readback.cpp(134): error C2065: 'u32': undeclared identifier
P:\Development\personal\games\NextGenGameEngine\tests\unit\test_async_readback.cpp(134): error C2146: syntax error: missing ';' before identifier 'id2'
P:\Development\personal\games\NextGenGameEngine\tests\unit\test_async_readback.cpp(134): error C2065: 'id2': undeclared identifier
P:\Development\personal\games\NextGenGameEngine\tests\unit\test_async_readback.cpp(135): error C2065: 'id2': undeclared identifier
P:\Development\personal\games\NextGenGameEngine\tests\unit\test_async_readback.cpp(135): error C2737: 'gtest_ar': const object must be initialized
P:\Development\personal\games\NextGenGameEngine\tests\unit\test_async_readback.cpp(144): error C2655: 'AsyncReadback_MultipleRequests_Test::TestBody::AsyncReadback_MaxPendingLimit_Test::test_info_': definition or redeclaration illegal in current scope
P:\Development\personal\games\NextGenGameEngine\tests\unit\test_async_readback.cpp(144): note: see declaration of 'AsyncReadback_MultipleRequests_Test::TestBody::AsyncReadback_MaxPendingLimit_Test::test_info_'
P:\Development\personal\games\NextGenGameEngine\tests\unit\test_async_readback.cpp(144): error C2601: 'AsyncReadback_MultipleRequests_Test::TestBody::AsyncReadback_MaxPendingLimit_Test::TestBody': local function definitions are illegal
P:\Development\personal\games\NextGenGameEngine\tests\unit\test_async_readback.cpp(170): error C2246: 'AsyncReadback_MultipleRequests_Test::TestBody::AsyncReadback_FlushAll_Test::test_info_': illegal static data member in locally defined class
P:\Development\personal\games\NextGenGameEngine\tests\unit\test_async_readback.cpp(170): error C3640: 'AsyncReadback_MultipleRequests_Test::TestBody::AsyncReadback_FlushAll_Test::TestBody': a referenced or virtual member function of a local class must be defined
P:\Development\personal\games\NextGenGameEngine\tests\unit\test_async_readback.cpp(157): error C2760: syntax error: unexpected token 'identifier', expected 'type specifier'
P:\Development\personal\games\NextGenGameEngine\tests\unit\test_async_readback.cpp(157): error C2059: syntax error: ','
P:\Development\personal\games\NextGenGameEngine\tests\unit\test_async_readback.cpp(157): error C2059: syntax error: ')'
P:\Development\personal\games\NextGenGameEngine\tests\unit\test_async_readback.cpp(157): error C2143: syntax error: missing ';' before '{'
P:\Development\personal\games\NextGenGameEngine\tests\unit\test_async_readback.cpp(163): error C2760: syntax error: unexpected token 'identifier', expected 'type specifier'
P:\Development\personal\games\NextGenGameEngine\tests\unit\test_async_readback.cpp(163): error C2059: syntax error: ','
P:\Development\personal\games\NextGenGameEngine\tests\unit\test_async_readback.cpp(163): error C2059: syntax error: ')'
P:\Development\personal\games\NextGenGameEngine\tests\unit\test_async_readback.cpp(163): error C2143: syntax error: missing ';' before '{'
P:\Development\personal\games\NextGenGameEngine\tests\unit\test_async_readback.cpp(163): error C2065: 'success': undeclared identifier
P:\Development\personal\games\NextGenGameEngine\tests\unit\test_async_readback.cpp(170): error C2655: 'AsyncReadback_MultipleRequests_Test::TestBody::AsyncReadback_FlushAll_Test::test_info_': definition or redeclaration illegal in current scope
P:\Development\personal\games\NextGenGameEngine\tests\unit\test_async_readback.cpp(170): note: see declaration of 'AsyncReadback_MultipleRequests_Test::TestBody::AsyncReadback_FlushAll_Test::test_info_'
P:\Development\personal\games\NextGenGameEngine\tests\unit\test_async_readback.cpp(170): error C2601: 'AsyncReadback_MultipleRequests_Test::TestBody::AsyncReadback_FlushAll_Test::TestBody': local function definitions are illegal
P:\Development\personal\games\NextGenGameEngine\tests\unit\test_async_readback.cpp(194): error C2246: 'AsyncReadback_MultipleRequests_Test::TestBody::AsyncReadback_RequestStatusTracking_Test::test_info_': illegal static data member in locally defined class
P:\Development\personal\games\NextGenGameEngine\tests\unit\test_async_readback.cpp(194): error C3640: 'AsyncReadback_MultipleRequests_Test::TestBody::AsyncReadback_RequestStatusTracking_Test::TestBody': a referenced or virtual member function of a local class must be defined
P:\Development\personal\games\NextGenGameEngine\tests\unit\test_async_readback.cpp(174): error C2065: 'u32': undeclared identifier
P:\Development\personal\games\NextGenGameEngine\tests\unit\test_async_readback.cpp(174): error C2146: syntax error: missing ';' before identifier 'completed'
P:\Development\personal\games\NextGenGameEngine\tests\unit\test_async_readback.cpp(174): error C2065: 'completed': undeclared identifier
P:\Development\personal\games\NextGenGameEngine\tests\unit\test_async_readback.cpp(176): error C2065: 'u32': undeclared identifier
P:\Development\personal\games\NextGenGameEngine\tests\unit\test_async_readback.cpp(176): error C2146: syntax error: missing ';' before identifier 'i'
P:\Development\personal\games\NextGenGameEngine\tests\unit\test_async_readback.cpp(176): fatal error C1003: error count exceeds 100; stopping compilation
[224/297] Building CXX object tests\CMakeFiles\EngineTests.dir\Debug\unit\test_aliasing_optimizer.cpp.obj
[225/297] Building CXX object tests\CMakeFiles\EngineTests.dir\Debug\unit\test_barrier_deduplicator.cpp.obj
FAILED: [code=2] tests/CMakeFiles/EngineTests.dir/Debug/unit/test_barrier_deduplicator.cpp.obj 
C:\PROGRA~2\MICROS~2\2019\BUILDT~1\VC\Tools\MSVC\1429~1.301\bin\Hostx64\x64\cl.exe  /nologo /TP -DFMT_SHARED -DGTEST_LINKED_AS_SHARED_LIBRARY=1 -DNGE_DEBUG=1 -DNGE_ENABLE_ASSERTS=1 -DNGE_ENABLE_MEMORY_TRACKING=1 -DNGE_ENABLE_VULKAN=1 -DNGE_PLATFORM_WINDOWS=1 -DNOMINMAX -DSPDLOG_COMPILED_LIB -DSPDLOG_FMT_EXTERNAL -DSPDLOG_SHARED_LIB -DWIN32_LEAN_AND_MEAN -D_CRT_SECURE_NO_WARNINGS -DCMAKE_INTDIR=\"Debug\" -IP:\Development\personal\games\NextGenGameEngine\engine -IP:\Development\personal\games\NextGenGameEngine\engine\.. -external:IP:\Development\personal\games\NextGenGameEngine\build\vcpkg_installed\x64-windows\include -external:IC:\VulkanSDK\1.4.341.1\include -external:W0 /DWIN32 /D_WINDOWS /EHsc /Zi /Ob0 /Od /RTC1 -std:c++20 -MDd /W4 /permissive- /Zc:__cplusplus /MP /fp:fast /arch:AVX2 /wd4251 /wd4275 /utf-8 /showIncludes /Fotests\CMakeFiles\EngineTests.dir\Debug\unit\test_barrier_deduplicator.cpp.obj /Fdtests\CMakeFiles\EngineTests.dir\Debug\ /FS -c P:\Development\personal\games\NextGenGameEngine\tests\unit\test_barrier_deduplicator.cpp
P:\Development\personal\games\NextGenGameEngine\tests\unit\test_barrier_deduplicator.cpp(6): error C2065: 'u64': undeclared identifier
P:\Development\personal\games\NextGenGameEngine\tests\unit\test_barrier_deduplicator.cpp(6): error C2146: syntax error: missing ')' before identifier 'handle'
P:\Development\personal\games\NextGenGameEngine\tests\unit\test_barrier_deduplicator.cpp(10): error C2143: syntax error: missing ';' before '{'
P:\Development\personal\games\NextGenGameEngine\tests\unit\test_barrier_deduplicator.cpp(10): error C2447: '{': missing function header (old-style formal list?)
P:\Development\personal\games\NextGenGameEngine\tests\unit\test_barrier_deduplicator.cpp(29): error C2065: 'u64': undeclared identifier
P:\Development\personal\games\NextGenGameEngine\tests\unit\test_barrier_deduplicator.cpp(29): error C2146: syntax error: missing ')' before identifier 'handle'
P:\Development\personal\games\NextGenGameEngine\tests\unit\test_barrier_deduplicator.cpp(30): error C2143: syntax error: missing ';' before '{'
P:\Development\personal\games\NextGenGameEngine\tests\unit\test_barrier_deduplicator.cpp(30): error C2447: '{': missing function header (old-style formal list?)
P:\Development\personal\games\NextGenGameEngine\tests\unit\test_barrier_deduplicator.cpp(58): error C2064: term does not evaluate to a function taking 7 arguments
P:\Development\personal\games\NextGenGameEngine\tests\unit\test_barrier_deduplicator.cpp(61): error C3536: 'b': cannot be used before it is initialized
P:\Development\personal\games\NextGenGameEngine\tests\unit\test_barrier_deduplicator.cpp(61): error C2664: 'void nge::rhi::BarrierDeduplicator::QueueBarrier(const nge::rhi::BarrierDesc &)': cannot convert argument 1 from 'int' to 'const nge::rhi::BarrierDesc &'
P:\Development\personal\games\NextGenGameEngine\tests\unit\test_barrier_deduplicator.cpp(61): note: Reason: cannot convert from 'int' to 'const nge::rhi::BarrierDesc'
P:\Development\personal\games\NextGenGameEngine\tests\unit\test_barrier_deduplicator.cpp(61): note: No constructor could take the source type, or constructor overload resolution was ambiguous
P:\Development\personal\games\NextGenGameEngine\engine/rhi/common/rhi_barrier_deduplicator.h(119): note: see declaration of 'nge::rhi::BarrierDeduplicator::QueueBarrier'
P:\Development\personal\games\NextGenGameEngine\tests\unit\test_barrier_deduplicator.cpp(78): error C2064: term does not evaluate to a function taking 7 arguments
P:\Development\personal\games\NextGenGameEngine\tests\unit\test_barrier_deduplicator.cpp(81): error C3536: 'b': cannot be used before it is initialized
P:\Development\personal\games\NextGenGameEngine\tests\unit\test_barrier_deduplicator.cpp(81): error C2664: 'void nge::rhi::BarrierDeduplicator::QueueBarrier(const nge::rhi::BarrierDesc &)': cannot convert argument 1 from 'int' to 'const nge::rhi::BarrierDesc &'
P:\Development\personal\games\NextGenGameEngine\tests\unit\test_barrier_deduplicator.cpp(81): note: Reason: cannot convert from 'int' to 'const nge::rhi::BarrierDesc'
P:\Development\personal\games\NextGenGameEngine\tests\unit\test_barrier_deduplicator.cpp(81): note: No constructor could take the source type, or constructor overload resolution was ambiguous
P:\Development\personal\games\NextGenGameEngine\engine/rhi/common/rhi_barrier_deduplicator.h(119): note: see declaration of 'nge::rhi::BarrierDeduplicator::QueueBarrier'
P:\Development\personal\games\NextGenGameEngine\tests\unit\test_barrier_deduplicator.cpp(97): error C2064: term does not evaluate to a function taking 7 arguments
P:\Development\personal\games\NextGenGameEngine\tests\unit\test_barrier_deduplicator.cpp(100): error C3536: 'b': cannot be used before it is initialized
P:\Development\personal\games\NextGenGameEngine\tests\unit\test_barrier_deduplicator.cpp(100): error C2664: 'void nge::rhi::BarrierDeduplicator::QueueBarrier(const nge::rhi::BarrierDesc &)': cannot convert argument 1 from 'int' to 'const nge::rhi::BarrierDesc &'
P:\Development\personal\games\NextGenGameEngine\tests\unit\test_barrier_deduplicator.cpp(100): note: Reason: cannot convert from 'int' to 'const nge::rhi::BarrierDesc'
P:\Development\personal\games\NextGenGameEngine\tests\unit\test_barrier_deduplicator.cpp(100): note: No constructor could take the source type, or constructor overload resolution was ambiguous
P:\Development\personal\games\NextGenGameEngine\engine/rhi/common/rhi_barrier_deduplicator.h(119): note: see declaration of 'nge::rhi::BarrierDeduplicator::QueueBarrier'
P:\Development\personal\games\NextGenGameEngine\tests\unit\test_barrier_deduplicator.cpp(112): error C2064: term does not evaluate to a function taking 5 arguments
P:\Development\personal\games\NextGenGameEngine\tests\unit\test_barrier_deduplicator.cpp(113): error C3536: 'b': cannot be used before it is initialized
P:\Development\personal\games\NextGenGameEngine\tests\unit\test_barrier_deduplicator.cpp(113): error C2664: 'void nge::rhi::BarrierDeduplicator::QueueBarrier(const nge::rhi::BarrierDesc &)': cannot convert argument 1 from 'int' to 'const nge::rhi::BarrierDesc &'
P:\Development\personal\games\NextGenGameEngine\tests\unit\test_barrier_deduplicator.cpp(113): note: Reason: cannot convert from 'int' to 'const nge::rhi::BarrierDesc'
P:\Development\personal\games\NextGenGameEngine\tests\unit\test_barrier_deduplicator.cpp(113): note: No constructor could take the source type, or constructor overload resolution was ambiguous
P:\Development\personal\games\NextGenGameEngine\engine/rhi/common/rhi_barrier_deduplicator.h(119): note: see declaration of 'nge::rhi::BarrierDeduplicator::QueueBarrier'
P:\Development\personal\games\NextGenGameEngine\tests\unit\test_barrier_deduplicator.cpp(128): error C2064: term does not evaluate to a function taking 11 arguments
P:\Development\personal\games\NextGenGameEngine\tests\unit\test_barrier_deduplicator.cpp(132): error C2064: term does not evaluate to a function taking 11 arguments
P:\Development\personal\games\NextGenGameEngine\tests\unit\test_barrier_deduplicator.cpp(137): error C3536: 'b1': cannot be used before it is initialized
P:\Development\personal\games\NextGenGameEngine\tests\unit\test_barrier_deduplicator.cpp(137): error C2664: 'void nge::rhi::BarrierDeduplicator::QueueBarrier(const nge::rhi::BarrierDesc &)': cannot convert argument 1 from 'int' to 'const nge::rhi::BarrierDesc &'
P:\Development\personal\games\NextGenGameEngine\tests\unit\test_barrier_deduplicator.cpp(137): note: Reason: cannot convert from 'int' to 'const nge::rhi::BarrierDesc'
P:\Development\personal\games\NextGenGameEngine\tests\unit\test_barrier_deduplicator.cpp(137): note: No constructor could take the source type, or constructor overload resolution was ambiguous
P:\Development\personal\games\NextGenGameEngine\engine/rhi/common/rhi_barrier_deduplicator.h(119): note: see declaration of 'nge::rhi::BarrierDeduplicator::QueueBarrier'
P:\Development\personal\games\NextGenGameEngine\tests\unit\test_barrier_deduplicator.cpp(138): error C3536: 'b2': cannot be used before it is initialized
P:\Development\personal\games\NextGenGameEngine\tests\unit\test_barrier_deduplicator.cpp(138): error C2664: 'void nge::rhi::BarrierDeduplicator::QueueBarrier(const nge::rhi::BarrierDesc &)': cannot convert argument 1 from 'int' to 'const nge::rhi::BarrierDesc &'
P:\Development\personal\games\NextGenGameEngine\tests\unit\test_barrier_deduplicator.cpp(138): note: Reason: cannot convert from 'int' to 'const nge::rhi::BarrierDesc'
P:\Development\personal\games\NextGenGameEngine\tests\unit\test_barrier_deduplicator.cpp(138): note: No constructor could take the source type, or constructor overload resolution was ambiguous
P:\Development\personal\games\NextGenGameEngine\engine/rhi/common/rhi_barrier_deduplicator.h(119): note: see declaration of 'nge::rhi::BarrierDeduplicator::QueueBarrier'
P:\Development\personal\games\NextGenGameEngine\tests\unit\test_barrier_deduplicator.cpp(161): error C2064: term does not evaluate to a function taking 7 arguments
P:\Development\personal\games\NextGenGameEngine\tests\unit\test_barrier_deduplicator.cpp(164): error C2064: term does not evaluate to a function taking 7 arguments
P:\Development\personal\games\NextGenGameEngine\tests\unit\test_barrier_deduplicator.cpp(168): error C3536: 'b1': cannot be used before it is initialized
P:\Development\personal\games\NextGenGameEngine\tests\unit\test_barrier_deduplicator.cpp(168): error C2664: 'void nge::rhi::BarrierDeduplicator::QueueBarrier(const nge::rhi::BarrierDesc &)': cannot convert argument 1 from 'int' to 'const nge::rhi::BarrierDesc &'
P:\Development\personal\games\NextGenGameEngine\tests\unit\test_barrier_deduplicator.cpp(168): note: Reason: cannot convert from 'int' to 'const nge::rhi::BarrierDesc'
P:\Development\personal\games\NextGenGameEngine\tests\unit\test_barrier_deduplicator.cpp(168): note: No constructor could take the source type, or constructor overload resolution was ambiguous
P:\Development\personal\games\NextGenGameEngine\engine/rhi/common/rhi_barrier_deduplicator.h(119): note: see declaration of 'nge::rhi::BarrierDeduplicator::QueueBarrier'
P:\Development\personal\games\NextGenGameEngine\tests\unit\test_barrier_deduplicator.cpp(169): error C3536: 'b2': cannot be used before it is initialized
P:\Development\personal\games\NextGenGameEngine\tests\unit\test_barrier_deduplicator.cpp(169): error C2664: 'void nge::rhi::BarrierDeduplicator::QueueBarrier(const nge::rhi::BarrierDesc &)': cannot convert argument 1 from 'int' to 'const nge::rhi::BarrierDesc &'
P:\Development\personal\games\NextGenGameEngine\tests\unit\test_barrier_deduplicator.cpp(169): note: Reason: cannot convert from 'int' to 'const nge::rhi::BarrierDesc'
P:\Development\personal\games\NextGenGameEngine\tests\unit\test_barrier_deduplicator.cpp(169): note: No constructor could take the source type, or constructor overload resolution was ambiguous
P:\Development\personal\games\NextGenGameEngine\engine/rhi/common/rhi_barrier_deduplicator.h(119): note: see declaration of 'nge::rhi::BarrierDeduplicator::QueueBarrier'
P:\Development\personal\games\NextGenGameEngine\tests\unit\test_barrier_deduplicator.cpp(183): error C2064: term does not evaluate to a function taking 7 arguments
P:\Development\personal\games\NextGenGameEngine\tests\unit\test_barrier_deduplicator.cpp(186): error C2064: term does not evaluate to a function taking 5 arguments
P:\Development\personal\games\NextGenGameEngine\tests\unit\test_barrier_deduplicator.cpp(188): error C3536: 'imgBarrier': cannot be used before it is initialized
P:\Development\personal\games\NextGenGameEngine\tests\unit\test_barrier_deduplicator.cpp(188): error C2664: 'void nge::rhi::BarrierDeduplicator::QueueBarrier(const nge::rhi::BarrierDesc &)': cannot convert argument 1 from 'int' to 'const nge::rhi::BarrierDesc &'
P:\Development\personal\games\NextGenGameEngine\tests\unit\test_barrier_deduplicator.cpp(188): note: Reason: cannot convert from 'int' to 'const nge::rhi::BarrierDesc'
P:\Development\personal\games\NextGenGameEngine\tests\unit\test_barrier_deduplicator.cpp(188): note: No constructor could take the source type, or constructor overload resolution was ambiguous
P:\Development\personal\games\NextGenGameEngine\engine/rhi/common/rhi_barrier_deduplicator.h(119): note: see declaration of 'nge::rhi::BarrierDeduplicator::QueueBarrier'
P:\Development\personal\games\NextGenGameEngine\tests\unit\test_barrier_deduplicator.cpp(189): error C3536: 'bufBarrier': cannot be used before it is initialized
P:\Development\personal\games\NextGenGameEngine\tests\unit\test_barrier_deduplicator.cpp(189): error C2664: 'void nge::rhi::BarrierDeduplicator::QueueBarrier(const nge::rhi::BarrierDesc &)': cannot convert argument 1 from 'int' to 'const nge::rhi::BarrierDesc &'
P:\Development\personal\games\NextGenGameEngine\tests\unit\test_barrier_deduplicator.cpp(189): note: Reason: cannot convert from 'int' to 'const nge::rhi::BarrierDesc'
P:\Development\personal\games\NextGenGameEngine\tests\unit\test_barrier_deduplicator.cpp(189): note: No constructor could take the source type, or constructor overload resolution was ambiguous
P:\Development\personal\games\NextGenGameEngine\engine/rhi/common/rhi_barrier_deduplicator.h(119): note: see declaration of 'nge::rhi::BarrierDeduplicator::QueueBarrier'
P:\Development\personal\games\NextGenGameEngine\tests\unit\test_barrier_deduplicator.cpp(203): error C2064: term does not evaluate to a function taking 7 arguments
P:\Development\personal\games\NextGenGameEngine\tests\unit\test_barrier_deduplicator.cpp(206): error C2064: term does not evaluate to a function taking 7 arguments
P:\Development\personal\games\NextGenGameEngine\tests\unit\test_barrier_deduplicator.cpp(210): error C3536: 'b1': cannot be used before it is initialized
P:\Development\personal\games\NextGenGameEngine\tests\unit\test_barrier_deduplicator.cpp(210): error C2664: 'void nge::rhi::BarrierDeduplicator::QueueBarrier(const nge::rhi::BarrierDesc &)': cannot convert argument 1 from 'int' to 'const nge::rhi::BarrierDesc &'
P:\Development\personal\games\NextGenGameEngine\tests\unit\test_barrier_deduplicator.cpp(210): note: Reason: cannot convert from 'int' to 'const nge::rhi::BarrierDesc'
P:\Development\personal\games\NextGenGameEngine\tests\unit\test_barrier_deduplicator.cpp(210): note: No constructor could take the source type, or constructor overload resolution was ambiguous
P:\Development\personal\games\NextGenGameEngine\engine/rhi/common/rhi_barrier_deduplicator.h(119): note: see declaration of 'nge::rhi::BarrierDeduplicator::QueueBarrier'
P:\Development\personal\games\NextGenGameEngine\tests\unit\test_barrier_deduplicator.cpp(211): error C3536: 'b2': cannot be used before it is initialized
P:\Development\personal\games\NextGenGameEngine\tests\unit\test_barrier_deduplicator.cpp(211): error C2664: 'void nge::rhi::BarrierDeduplicator::QueueBarrier(const nge::rhi::BarrierDesc &)': cannot convert argument 1 from 'int' to 'const nge::rhi::BarrierDesc &'
P:\Development\personal\games\NextGenGameEngine\tests\unit\test_barrier_deduplicator.cpp(211): note: Reason: cannot convert from 'int' to 'const nge::rhi::BarrierDesc'
P:\Development\personal\games\NextGenGameEngine\tests\unit\test_barrier_deduplicator.cpp(211): note: No constructor could take the source type, or constructor overload resolution was ambiguous
P:\Development\personal\games\NextGenGameEngine\engine/rhi/common/rhi_barrier_deduplicator.h(119): note: see declaration of 'nge::rhi::BarrierDeduplicator::QueueBarrier'
P:\Development\personal\games\NextGenGameEngine\tests\unit\test_barrier_deduplicator.cpp(224): error C2064: term does not evaluate to a function taking 11 arguments
P:\Development\personal\games\NextGenGameEngine\tests\unit\test_barrier_deduplicator.cpp(228): error C2064: term does not evaluate to a function taking 11 arguments
P:\Development\personal\games\NextGenGameEngine\tests\unit\test_barrier_deduplicator.cpp(233): error C3536: 'b1': cannot be used before it is initialized
P:\Development\personal\games\NextGenGameEngine\tests\unit\test_barrier_deduplicator.cpp(233): error C2664: 'void nge::rhi::BarrierDeduplicator::QueueBarrier(const nge::rhi::BarrierDesc &)': cannot convert argument 1 from 'int' to 'const nge::rhi::BarrierDesc &'
P:\Development\personal\games\NextGenGameEngine\tests\unit\test_barrier_deduplicator.cpp(233): note: Reason: cannot convert from 'int' to 'const nge::rhi::BarrierDesc'
P:\Development\personal\games\NextGenGameEngine\tests\unit\test_barrier_deduplicator.cpp(233): note: No constructor could take the source type, or constructor overload resolution was ambiguous
P:\Development\personal\games\NextGenGameEngine\engine/rhi/common/rhi_barrier_deduplicator.h(119): note: see declaration of 'nge::rhi::BarrierDeduplicator::QueueBarrier'
P:\Development\personal\games\NextGenGameEngine\tests\unit\test_barrier_deduplicator.cpp(234): error C3536: 'b2': cannot be used before it is initialized
P:\Development\personal\games\NextGenGameEngine\tests\unit\test_barrier_deduplicator.cpp(234): error C2664: 'void nge::rhi::BarrierDeduplicator::QueueBarrier(const nge::rhi::BarrierDesc &)': cannot convert argument 1 from 'int' to 'const nge::rhi::BarrierDesc &'
P:\Development\personal\games\NextGenGameEngine\tests\unit\test_barrier_deduplicator.cpp(234): note: Reason: cannot convert from 'int' to 'const nge::rhi::BarrierDesc'
P:\Development\personal\games\NextGenGameEngine\tests\unit\test_barrier_deduplicator.cpp(234): note: No constructor could take the source type, or constructor overload resolution was ambiguous
P:\Development\personal\games\NextGenGameEngine\engine/rhi/common/rhi_barrier_deduplicator.h(119): note: see declaration of 'nge::rhi::BarrierDeduplicator::QueueBarrier'
P:\Development\personal\games\NextGenGameEngine\tests\unit\test_barrier_deduplicator.cpp(249): error C2064: term does not evaluate to a function taking 11 arguments
P:\Development\personal\games\NextGenGameEngine\tests\unit\test_barrier_deduplicator.cpp(253): error C2064: term does not evaluate to a function taking 11 arguments
P:\Development\personal\games\NextGenGameEngine\tests\unit\test_barrier_deduplicator.cpp(258): error C3536: 'b1': cannot be used before it is initialized
P:\Development\personal\games\NextGenGameEngine\tests\unit\test_barrier_deduplicator.cpp(258): error C2664: 'void nge::rhi::BarrierDeduplicator::QueueBarrier(const nge::rhi::BarrierDesc &)': cannot convert argument 1 from 'int' to 'const nge::rhi::BarrierDesc &'
P:\Development\personal\games\NextGenGameEngine\tests\unit\test_barrier_deduplicator.cpp(258): note: Reason: cannot convert from 'int' to 'const nge::rhi::BarrierDesc'
P:\Development\personal\games\NextGenGameEngine\tests\unit\test_barrier_deduplicator.cpp(258): note: No constructor could take the source type, or constructor overload resolution was ambiguous
P:\Development\personal\games\NextGenGameEngine\engine/rhi/common/rhi_barrier_deduplicator.h(119): note: see declaration of 'nge::rhi::BarrierDeduplicator::QueueBarrier'
P:\Development\personal\games\NextGenGameEngine\tests\unit\test_barrier_deduplicator.cpp(259): error C3536: 'b2': cannot be used before it is initialized
P:\Development\personal\games\NextGenGameEngine\tests\unit\test_barrier_deduplicator.cpp(259): error C2664: 'void nge::rhi::BarrierDeduplicator::QueueBarrier(const nge::rhi::BarrierDesc &)': cannot convert argument 1 from 'int' to 'const nge::rhi::BarrierDesc &'
P:\Development\personal\games\NextGenGameEngine\tests\unit\test_barrier_deduplicator.cpp(259): note: Reason: cannot convert from 'int' to 'const nge::rhi::BarrierDesc'
P:\Development\personal\games\NextGenGameEngine\tests\unit\test_barrier_deduplicator.cpp(259): note: No constructor could take the source type, or constructor overload resolution was ambiguous
P:\Development\personal\games\NextGenGameEngine\engine/rhi/common/rhi_barrier_deduplicator.h(119): note: see declaration of 'nge::rhi::BarrierDeduplicator::QueueBarrier'
P:\Development\personal\games\NextGenGameEngine\tests\unit\test_barrier_deduplicator.cpp(271): error C2064: term does not evaluate to a function taking 5 arguments
P:\Development\personal\games\NextGenGameEngine\tests\unit\test_barrier_deduplicator.cpp(272): error C2064: term does not evaluate to a function taking 5 arguments
P:\Development\personal\games\NextGenGameEngine\tests\unit\test_barrier_deduplicator.cpp(295): error C2064: term does not evaluate to a function taking 5 arguments
P:\Development\personal\games\NextGenGameEngine\tests\unit\test_barrier_deduplicator.cpp(314): error C2064: term does not evaluate to a function taking 5 arguments
P:\Development\personal\games\NextGenGameEngine\tests\unit\test_barrier_deduplicator.cpp(315): error C3536: 'redundant': cannot be used before it is initialized
P:\Development\personal\games\NextGenGameEngine\tests\unit\test_barrier_deduplicator.cpp(315): error C2664: 'void nge::rhi::BarrierDeduplicator::QueueBarrier(const nge::rhi::BarrierDesc &)': cannot convert argument 1 from 'int' to 'const nge::rhi::BarrierDesc &'
P:\Development\personal\games\NextGenGameEngine\tests\unit\test_barrier_deduplicator.cpp(315): note: Reason: cannot convert from 'int' to 'const nge::rhi::BarrierDesc'
P:\Development\personal\games\NextGenGameEngine\tests\unit\test_barrier_deduplicator.cpp(315): note: No constructor could take the source type, or constructor overload resolution was ambiguous
P:\Development\personal\games\NextGenGameEngine\engine/rhi/common/rhi_barrier_deduplicator.h(119): note: see declaration of 'nge::rhi::BarrierDeduplicator::QueueBarrier'
P:\Development\personal\games\NextGenGameEngine\tests\unit\test_barrier_deduplicator.cpp(317): error C2064: term does not evaluate to a function taking 7 arguments
P:\Development\personal\games\NextGenGameEngine\tests\unit\test_barrier_deduplicator.cpp(320): error C2064: term does not evaluate to a function taking 7 arguments
P:\Development\personal\games\NextGenGameEngine\tests\unit\test_barrier_deduplicator.cpp(323): error C3536: 'b1': cannot be used before it is initialized
P:\Development\personal\games\NextGenGameEngine\tests\unit\test_barrier_deduplicator.cpp(323): error C2664: 'void nge::rhi::BarrierDeduplicator::QueueBarrier(const nge::rhi::BarrierDesc &)': cannot convert argument 1 from 'int' to 'const nge::rhi::BarrierDesc &'
P:\Development\personal\games\NextGenGameEngine\tests\unit\test_barrier_deduplicator.cpp(323): note: Reason: cannot convert from 'int' to 'const nge::rhi::BarrierDesc'
P:\Development\personal\games\NextGenGameEngine\tests\unit\test_barrier_deduplicator.cpp(323): note: No constructor could take the source type, or constructor overload resolution was ambiguous
P:\Development\personal\games\NextGenGameEngine\engine/rhi/common/rhi_barrier_deduplicator.h(119): note: see declaration of 'nge::rhi::BarrierDeduplicator::QueueBarrier'
P:\Development\personal\games\NextGenGameEngine\tests\unit\test_barrier_deduplicator.cpp(324): error C3536: 'b2': cannot be used before it is initialized
P:\Development\personal\games\NextGenGameEngine\tests\unit\test_barrier_deduplicator.cpp(324): error C2664: 'void nge::rhi::BarrierDeduplicator::QueueBarrier(const nge::rhi::BarrierDesc &)': cannot convert argument 1 from 'int' to 'const nge::rhi::BarrierDesc &'
P:\Development\personal\games\NextGenGameEngine\tests\unit\test_barrier_deduplicator.cpp(324): note: Reason: cannot convert from 'int' to 'const nge::rhi::BarrierDesc'
P:\Development\personal\games\NextGenGameEngine\tests\unit\test_barrier_deduplicator.cpp(324): note: No constructor could take the source type, or constructor overload resolution was ambiguous
P:\Development\personal\games\NextGenGameEngine\engine/rhi/common/rhi_barrier_deduplicator.h(119): note: see declaration of 'nge::rhi::BarrierDeduplicator::QueueBarrier'
P:\Development\personal\games\NextGenGameEngine\tests\unit\test_barrier_deduplicator.cpp(342): error C2064: term does not evaluate to a function taking 7 arguments
P:\Development\personal\games\NextGenGameEngine\tests\unit\test_barrier_deduplicator.cpp(345): error C3536: 'redundant': cannot be used before it is initialized
P:\Development\personal\games\NextGenGameEngine\tests\unit\test_barrier_deduplicator.cpp(345): error C2664: 'bool nge::rhi::BarrierDeduplicator::IsRedundant(const nge::rhi::BarrierDesc &) const': cannot convert argument 1 from 'int' to 'const nge::rhi::BarrierDesc &'
P:\Development\personal\games\NextGenGameEngine\tests\unit\test_barrier_deduplicator.cpp(345): note: Reason: cannot convert from 'int' to 'const nge::rhi::BarrierDesc'
P:\Development\personal\games\NextGenGameEngine\tests\unit\test_barrier_deduplicator.cpp(345): note: No constructor could take the source type, or constructor overload resolution was ambiguous
P:\Development\personal\games\NextGenGameEngine\engine/rhi/common/rhi_barrier_deduplicator.h(128): note: see declaration of 'nge::rhi::BarrierDeduplicator::IsRedundant'
P:\Development\personal\games\NextGenGameEngine\tests\unit\test_barrier_deduplicator.cpp(345): error C2512: 'testing::AssertionResult': no appropriate default constructor available
P:\Development\personal\games\NextGenGameEngine\tests\unit\test_barrier_deduplicator.cpp(345): note: No constructor could take the source type, or constructor overload resolution was ambiguous
P:\Development\personal\games\NextGenGameEngine\tests\unit\test_barrier_deduplicator.cpp(345): error C2737: 'gtest_ar_': const object must be initialized
P:\Development\personal\games\NextGenGameEngine\tests\unit\test_barrier_deduplicator.cpp(347): error C2064: term does not evaluate to a function taking 7 arguments
P:\Development\personal\games\NextGenGameEngine\tests\unit\test_barrier_deduplicator.cpp(350): error C3536: 'notRedundant': cannot be used before it is initialized
P:\Development\personal\games\NextGenGameEngine\tests\unit\test_barrier_deduplicator.cpp(350): error C2664: 'bool nge::rhi::BarrierDeduplicator::IsRedundant(const nge::rhi::BarrierDesc &) const': cannot convert argument 1 from 'int' to 'const nge::rhi::BarrierDesc &'
P:\Development\personal\games\NextGenGameEngine\tests\unit\test_barrier_deduplicator.cpp(350): note: Reason: cannot convert from 'int' to 'const nge::rhi::BarrierDesc'
P:\Development\personal\games\NextGenGameEngine\tests\unit\test_barrier_deduplicator.cpp(350): note: No constructor could take the source type, or constructor overload resolution was ambiguous
P:\Development\personal\games\NextGenGameEngine\engine/rhi/common/rhi_barrier_deduplicator.h(128): note: see declaration of 'nge::rhi::BarrierDeduplicator::IsRedundant'
P:\Development\personal\games\NextGenGameEngine\tests\unit\test_barrier_deduplicator.cpp(350): error C2512: 'testing::AssertionResult': no appropriate default constructor available
P:\Development\personal\games\NextGenGameEngine\tests\unit\test_barrier_deduplicator.cpp(350): note: No constructor could take the source type, or constructor overload resolution was ambiguous
P:\Development\personal\games\NextGenGameEngine\tests\unit\test_barrier_deduplicator.cpp(350): error C2737: 'gtest_ar_': const object must be initialized
[226/297] Building CXX object tests\CMakeFiles\EngineTests.dir\Debug\unit\test_aliasing_validator.cpp.obj
[227/297] Building CXX object tests\CMakeFiles\EngineTests.dir\Debug\unit\test_attachment_format_resolver.cpp.obj
FAILED: [code=2] tests/CMakeFiles/EngineTests.dir/Debug/unit/test_attachment_format_resolver.cpp.obj 
C:\PROGRA~2\MICROS~2\2019\BUILDT~1\VC\Tools\MSVC\1429~1.301\bin\Hostx64\x64\cl.exe  /nologo /TP -DFMT_SHARED -DGTEST_LINKED_AS_SHARED_LIBRARY=1 -DNGE_DEBUG=1 -DNGE_ENABLE_ASSERTS=1 -DNGE_ENABLE_MEMORY_TRACKING=1 -DNGE_ENABLE_VULKAN=1 -DNGE_PLATFORM_WINDOWS=1 -DNOMINMAX -DSPDLOG_COMPILED_LIB -DSPDLOG_FMT_EXTERNAL -DSPDLOG_SHARED_LIB -DWIN32_LEAN_AND_MEAN -D_CRT_SECURE_NO_WARNINGS -DCMAKE_INTDIR=\"Debug\" -IP:\Development\personal\games\NextGenGameEngine\engine -IP:\Development\personal\games\NextGenGameEngine\engine\.. -external:IP:\Development\personal\games\NextGenGameEngine\build\vcpkg_installed\x64-windows\include -external:IC:\VulkanSDK\1.4.341.1\include -external:W0 /DWIN32 /D_WINDOWS /EHsc /Zi /Ob0 /Od /RTC1 -std:c++20 -MDd /W4 /permissive- /Zc:__cplusplus /MP /fp:fast /arch:AVX2 /wd4251 /wd4275 /utf-8 /showIncludes /Fotests\CMakeFiles\EngineTests.dir\Debug\unit\test_attachment_format_resolver.cpp.obj /Fdtests\CMakeFiles\EngineTests.dir\Debug\ /FS -c P:\Development\personal\games\NextGenGameEngine\tests\unit\test_attachment_format_resolver.cpp
P:\Development\personal\games\NextGenGameEngine\tests\unit\test_attachment_format_resolver.cpp(7): error C2065: 'u8': undeclared identifier
P:\Development\personal\games\NextGenGameEngine\tests\unit\test_attachment_format_resolver.cpp(7): error C2146: syntax error: missing ';' before identifier 'filterBlend'
P:\Development\personal\games\NextGenGameEngine\tests\unit\test_attachment_format_resolver.cpp(7): error C2065: 'filterBlend': undeclared identifier
P:\Development\personal\games\NextGenGameEngine\tests\unit\test_attachment_format_resolver.cpp(7): error C2061: syntax error: identifier 'u8'
P:\Development\personal\games\NextGenGameEngine\tests\unit\test_attachment_format_resolver.cpp(8): error C2065: 'u8': undeclared identifier
P:\Development\personal\games\NextGenGameEngine\tests\unit\test_attachment_format_resolver.cpp(8): error C2146: syntax error: missing ';' before identifier 'filterOnly'
P:\Development\personal\games\NextGenGameEngine\tests\unit\test_attachment_format_resolver.cpp(8): error C2065: 'filterOnly': undeclared identifier
P:\Development\personal\games\NextGenGameEngine\tests\unit\test_attachment_format_resolver.cpp(8): error C2061: syntax error: identifier 'u8'
P:\Development\personal\games\NextGenGameEngine\tests\unit\test_attachment_format_resolver.cpp(10): error C2065: 'filterBlend': undeclared identifier
P:\Development\personal\games\NextGenGameEngine\tests\unit\test_attachment_format_resolver.cpp(11): error C2065: 'filterBlend': undeclared identifier
P:\Development\personal\games\NextGenGameEngine\tests\unit\test_attachment_format_resolver.cpp(12): error C2065: 'filterBlend': undeclared identifier
P:\Development\personal\games\NextGenGameEngine\tests\unit\test_attachment_format_resolver.cpp(13): error C2065: 'filterOnly': undeclared identifier
P:\Development\personal\games\NextGenGameEngine\tests\unit\test_attachment_format_resolver.cpp(14): error C2065: 'filterBlend': undeclared identifier
P:\Development\personal\games\NextGenGameEngine\tests\unit\test_attachment_format_resolver.cpp(15): error C2065: 'filterBlend': undeclared identifier
P:\Development\personal\games\NextGenGameEngine\tests\unit\test_attachment_format_resolver.cpp(16): error C2065: 'filterBlend': undeclared identifier
P:\Development\personal\games\NextGenGameEngine\tests\unit\test_attachment_format_resolver.cpp(17): error C2065: 'filterBlend': undeclared identifier
P:\Development\personal\games\NextGenGameEngine\tests\unit\test_attachment_format_resolver.cpp(18): error C2065: 'filterOnly': undeclared identifier
P:\Development\personal\games\NextGenGameEngine\tests\unit\test_attachment_format_resolver.cpp(19): error C2065: 'filterBlend': undeclared identifier
P:\Development\personal\games\NextGenGameEngine\tests\unit\test_attachment_format_resolver.cpp(22): error C2065: 'filterOnly': undeclared identifier
P:\Development\personal\games\NextGenGameEngine\tests\unit\test_attachment_format_resolver.cpp(37): error C2065: 'u8': undeclared identifier
P:\Development\personal\games\NextGenGameEngine\tests\unit\test_attachment_format_resolver.cpp(37): error C2146: syntax error: missing ';' before identifier 'features'
P:\Development\personal\games\NextGenGameEngine\tests\unit\test_attachment_format_resolver.cpp(37): error C2065: 'features': undeclared identifier
P:\Development\personal\games\NextGenGameEngine\tests\unit\test_attachment_format_resolver.cpp(37): error C2061: syntax error: identifier 'u8'
P:\Development\personal\games\NextGenGameEngine\tests\unit\test_attachment_format_resolver.cpp(38): error C2065: 'features': undeclared identifier
P:\Development\personal\games\NextGenGameEngine\tests\unit\test_attachment_format_resolver.cpp(106): error C2065: 'u8': undeclared identifier
P:\Development\personal\games\NextGenGameEngine\tests\unit\test_attachment_format_resolver.cpp(106): error C2146: syntax error: missing ';' before identifier 'features'
P:\Development\personal\games\NextGenGameEngine\tests\unit\test_attachment_format_resolver.cpp(106): error C2065: 'features': undeclared identifier
P:\Development\personal\games\NextGenGameEngine\tests\unit\test_attachment_format_resolver.cpp(106): error C2061: syntax error: identifier 'u8'
P:\Development\personal\games\NextGenGameEngine\tests\unit\test_attachment_format_resolver.cpp(107): error C2065: 'features': undeclared identifier
P:\Development\personal\games\NextGenGameEngine\tests\unit\test_attachment_format_resolver.cpp(146): error C2065: 'u8': undeclared identifier
P:\Development\personal\games\NextGenGameEngine\tests\unit\test_attachment_format_resolver.cpp(146): error C2146: syntax error: missing ';' before identifier 'features'
P:\Development\personal\games\NextGenGameEngine\tests\unit\test_attachment_format_resolver.cpp(146): error C2065: 'features': undeclared identifier
P:\Development\personal\games\NextGenGameEngine\tests\unit\test_attachment_format_resolver.cpp(146): error C2061: syntax error: identifier 'u8'
P:\Development\personal\games\NextGenGameEngine\tests\unit\test_attachment_format_resolver.cpp(147): error C2065: 'features': undeclared identifier
P:\Development\personal\games\NextGenGameEngine\tests\unit\test_attachment_format_resolver.cpp(248): error C2065: 'u8': undeclared identifier
P:\Development\personal\games\NextGenGameEngine\tests\unit\test_attachment_format_resolver.cpp(248): error C2146: syntax error: missing ';' before identifier 'features'
P:\Development\personal\games\NextGenGameEngine\tests\unit\test_attachment_format_resolver.cpp(248): error C2065: 'features': undeclared identifier
P:\Development\personal\games\NextGenGameEngine\tests\unit\test_attachment_format_resolver.cpp(248): error C2061: syntax error: identifier 'u8'
P:\Development\personal\games\NextGenGameEngine\tests\unit\test_attachment_format_resolver.cpp(249): error C2065: 'features': undeclared identifier
P:\Development\personal\games\NextGenGameEngine\tests\unit\test_attachment_format_resolver.cpp(250): error C2065: 'features': undeclared identifier
[228/297] Building CXX object tests\CMakeFiles\EngineTests.dir\Debug\unit\test_buffer_suballocator.cpp.obj
[229/297] Building CXX object tests\CMakeFiles\EngineTests.dir\Debug\unit\test_cmd_buf_state_cache.cpp.obj
[230/297] Building CXX object tests\CMakeFiles\EngineTests.dir\Debug\unit\test_cmd_buffer_validator.cpp.obj
[231/297] Building CXX object tests\CMakeFiles\EngineTests.dir\Debug\unit\test_cmdbuf_recycler_usage.cpp.obj
FAILED: [code=2] tests/CMakeFiles/EngineTests.dir/Debug/unit/test_cmdbuf_recycler_usage.cpp.obj 
C:\PROGRA~2\MICROS~2\2019\BUILDT~1\VC\Tools\MSVC\1429~1.301\bin\Hostx64\x64\cl.exe  /nologo /TP -DFMT_SHARED -DGTEST_LINKED_AS_SHARED_LIBRARY=1 -DNGE_DEBUG=1 -DNGE_ENABLE_ASSERTS=1 -DNGE_ENABLE_MEMORY_TRACKING=1 -DNGE_ENABLE_VULKAN=1 -DNGE_PLATFORM_WINDOWS=1 -DNOMINMAX -DSPDLOG_COMPILED_LIB -DSPDLOG_FMT_EXTERNAL -DSPDLOG_SHARED_LIB -DWIN32_LEAN_AND_MEAN -D_CRT_SECURE_NO_WARNINGS -DCMAKE_INTDIR=\"Debug\" -IP:\Development\personal\games\NextGenGameEngine\engine -IP:\Development\personal\games\NextGenGameEngine\engine\.. -external:IP:\Development\personal\games\NextGenGameEngine\build\vcpkg_installed\x64-windows\include -external:IC:\VulkanSDK\1.4.341.1\include -external:W0 /DWIN32 /D_WINDOWS /EHsc /Zi /Ob0 /Od /RTC1 -std:c++20 -MDd /W4 /permissive- /Zc:__cplusplus /MP /fp:fast /arch:AVX2 /wd4251 /wd4275 /utf-8 /showIncludes /Fotests\CMakeFiles\EngineTests.dir\Debug\unit\test_cmdbuf_recycler_usage.cpp.obj /Fdtests\CMakeFiles\EngineTests.dir\Debug\ /FS -c P:\Development\personal\games\NextGenGameEngine\tests\unit\test_cmdbuf_recycler_usage.cpp
P:\Development\personal\games\NextGenGameEngine\tests\unit\test_cmdbuf_recycler_usage.cpp(28): error C2065: 'u32': undeclared identifier
P:\Development\personal\games\NextGenGameEngine\tests\unit\test_cmdbuf_recycler_usage.cpp(28): error C2146: syntax error: missing ';' before identifier 'id0'
P:\Development\personal\games\NextGenGameEngine\tests\unit\test_cmdbuf_recycler_usage.cpp(28): error C2065: 'id0': undeclared identifier
P:\Development\personal\games\NextGenGameEngine\tests\unit\test_cmdbuf_recycler_usage.cpp(29): error C2065: 'u32': undeclared identifier
P:\Development\personal\games\NextGenGameEngine\tests\unit\test_cmdbuf_recycler_usage.cpp(29): error C2146: syntax error: missing ';' before identifier 'id1'
P:\Development\personal\games\NextGenGameEngine\tests\unit\test_cmdbuf_recycler_usage.cpp(29): error C2065: 'id1': undeclared identifier
P:\Development\personal\games\NextGenGameEngine\tests\unit\test_cmdbuf_recycler_usage.cpp(30): error C2065: 'id0': undeclared identifier
P:\Development\personal\games\NextGenGameEngine\tests\unit\test_cmdbuf_recycler_usage.cpp(30): error C2737: 'gtest_ar': const object must be initialized
P:\Development\personal\games\NextGenGameEngine\tests\unit\test_cmdbuf_recycler_usage.cpp(31): error C2065: 'id1': undeclared identifier
P:\Development\personal\games\NextGenGameEngine\tests\unit\test_cmdbuf_recycler_usage.cpp(31): error C2737: 'gtest_ar': const object must be initialized
P:\Development\personal\games\NextGenGameEngine\tests\unit\test_cmdbuf_recycler_usage.cpp(32): error C2065: 'id0': undeclared identifier
P:\Development\personal\games\NextGenGameEngine\tests\unit\test_cmdbuf_recycler_usage.cpp(32): error C2065: 'id1': undeclared identifier
P:\Development\personal\games\NextGenGameEngine\tests\unit\test_cmdbuf_recycler_usage.cpp(32): error C2737: 'gtest_ar': const object must be initialized
P:\Development\personal\games\NextGenGameEngine\tests\unit\test_cmdbuf_recycler_usage.cpp(37): error C2065: 'id0': undeclared identifier
P:\Development\personal\games\NextGenGameEngine\tests\unit\test_cmdbuf_recycler_usage.cpp(41): error C2065: 'id1': undeclared identifier
P:\Development\personal\games\NextGenGameEngine\tests\unit\test_cmdbuf_recycler_usage.cpp(52): error C2065: 'u32': undeclared identifier
P:\Development\personal\games\NextGenGameEngine\tests\unit\test_cmdbuf_recycler_usage.cpp(52): error C2146: syntax error: missing ';' before identifier 'id'
P:\Development\personal\games\NextGenGameEngine\tests\unit\test_cmdbuf_recycler_usage.cpp(52): error C2065: 'id': undeclared identifier
P:\Development\personal\games\NextGenGameEngine\tests\unit\test_cmdbuf_recycler_usage.cpp(53): error C2065: 'id': undeclared identifier
P:\Development\personal\games\NextGenGameEngine\tests\unit\test_cmdbuf_recycler_usage.cpp(53): error C2512: 'testing::AssertionResult': no appropriate default constructor available
P:\Development\personal\games\NextGenGameEngine\tests\unit\test_cmdbuf_recycler_usage.cpp(53): note: No constructor could take the source type, or constructor overload resolution was ambiguous
P:\Development\personal\games\NextGenGameEngine\tests\unit\test_cmdbuf_recycler_usage.cpp(53): error C2737: 'gtest_ar_': const object must be initialized
P:\Development\personal\games\NextGenGameEngine\tests\unit\test_cmdbuf_recycler_usage.cpp(55): error C2065: 'id': undeclared identifier
P:\Development\personal\games\NextGenGameEngine\tests\unit\test_cmdbuf_recycler_usage.cpp(56): error C2065: 'id': undeclared identifier
P:\Development\personal\games\NextGenGameEngine\tests\unit\test_cmdbuf_recycler_usage.cpp(56): error C2512: 'testing::AssertionResult': no appropriate default constructor available
P:\Development\personal\games\NextGenGameEngine\tests\unit\test_cmdbuf_recycler_usage.cpp(56): note: No constructor could take the source type, or constructor overload resolution was ambiguous
P:\Development\personal\games\NextGenGameEngine\tests\unit\test_cmdbuf_recycler_usage.cpp(56): error C2737: 'gtest_ar_': const object must be initialized
P:\Development\personal\games\NextGenGameEngine\tests\unit\test_cmdbuf_recycler_usage.cpp(58): error C2065: 'id': undeclared identifier
P:\Development\personal\games\NextGenGameEngine\tests\unit\test_cmdbuf_recycler_usage.cpp(59): error C2065: 'id': undeclared identifier
P:\Development\personal\games\NextGenGameEngine\tests\unit\test_cmdbuf_recycler_usage.cpp(59): error C2512: 'testing::AssertionResult': no appropriate default constructor available
P:\Development\personal\games\NextGenGameEngine\tests\unit\test_cmdbuf_recycler_usage.cpp(59): note: No constructor could take the source type, or constructor overload resolution was ambiguous
P:\Development\personal\games\NextGenGameEngine\tests\unit\test_cmdbuf_recycler_usage.cpp(59): error C2737: 'gtest_ar_': const object must be initialized
P:\Development\personal\games\NextGenGameEngine\tests\unit\test_cmdbuf_recycler_usage.cpp(68): error C2065: 'u32': undeclared identifier
P:\Development\personal\games\NextGenGameEngine\tests\unit\test_cmdbuf_recycler_usage.cpp(68): error C2146: syntax error: missing ';' before identifier 'id'
P:\Development\personal\games\NextGenGameEngine\tests\unit\test_cmdbuf_recycler_usage.cpp(68): error C2065: 'id': undeclared identifier
P:\Development\personal\games\NextGenGameEngine\tests\unit\test_cmdbuf_recycler_usage.cpp(69): error C2065: 'u64': undeclared identifier
P:\Development\personal\games\NextGenGameEngine\tests\unit\test_cmdbuf_recycler_usage.cpp(69): error C2146: syntax error: missing ';' before identifier 'handle'
P:\Development\personal\games\NextGenGameEngine\tests\unit\test_cmdbuf_recycler_usage.cpp(69): error C2065: 'handle': undeclared identifier
P:\Development\personal\games\NextGenGameEngine\tests\unit\test_cmdbuf_recycler_usage.cpp(69): error C2065: 'id': undeclared identifier
P:\Development\personal\games\NextGenGameEngine\tests\unit\test_cmdbuf_recycler_usage.cpp(70): error C2065: 'handle': undeclared identifier
P:\Development\personal\games\NextGenGameEngine\tests\unit\test_cmdbuf_recycler_usage.cpp(70): error C2737: 'gtest_ar': const object must be initialized
P:\Development\personal\games\NextGenGameEngine\tests\unit\test_cmdbuf_recycler_usage.cpp(89): error C2065: 'u32': undeclared identifier
P:\Development\personal\games\NextGenGameEngine\tests\unit\test_cmdbuf_recycler_usage.cpp(89): error C2146: syntax error: missing ';' before identifier 'id'
P:\Development\personal\games\NextGenGameEngine\tests\unit\test_cmdbuf_recycler_usage.cpp(89): error C2065: 'id': undeclared identifier
P:\Development\personal\games\NextGenGameEngine\tests\unit\test_cmdbuf_recycler_usage.cpp(90): error C2065: 'id': undeclared identifier
P:\Development\personal\games\NextGenGameEngine\tests\unit\test_cmdbuf_recycler_usage.cpp(90): error C2737: 'gtest_ar': const object must be initialized
P:\Development\personal\games\NextGenGameEngine\tests\unit\test_cmdbuf_recycler_usage.cpp(105): error C2065: 'u32': undeclared identifier
P:\Development\personal\games\NextGenGameEngine\tests\unit\test_cmdbuf_recycler_usage.cpp(105): error C2146: syntax error: missing ';' before identifier 'overflow'
P:\Development\personal\games\NextGenGameEngine\tests\unit\test_cmdbuf_recycler_usage.cpp(105): error C2065: 'overflow': undeclared identifier
P:\Development\personal\games\NextGenGameEngine\tests\unit\test_cmdbuf_recycler_usage.cpp(106): error C2065: 'overflow': undeclared identifier
P:\Development\personal\games\NextGenGameEngine\tests\unit\test_cmdbuf_recycler_usage.cpp(106): error C2737: 'gtest_ar': const object must be initialized
P:\Development\personal\games\NextGenGameEngine\tests\unit\test_cmdbuf_recycler_usage.cpp(133): error C2065: 'u32': undeclared identifier
P:\Development\personal\games\NextGenGameEngine\tests\unit\test_cmdbuf_recycler_usage.cpp(133): error C2146: syntax error: missing ';' before identifier 'id0'
P:\Development\personal\games\NextGenGameEngine\tests\unit\test_cmdbuf_recycler_usage.cpp(133): error C2065: 'id0': undeclared identifier
P:\Development\personal\games\NextGenGameEngine\tests\unit\test_cmdbuf_recycler_usage.cpp(134): error C2065: 'u32': undeclared identifier
P:\Development\personal\games\NextGenGameEngine\tests\unit\test_cmdbuf_recycler_usage.cpp(134): error C2146: syntax error: missing ';' before identifier 'id1'
P:\Development\personal\games\NextGenGameEngine\tests\unit\test_cmdbuf_recycler_usage.cpp(134): error C2065: 'id1': undeclared identifier
P:\Development\personal\games\NextGenGameEngine\tests\unit\test_cmdbuf_recycler_usage.cpp(135): error C2065: 'u32': undeclared identifier
P:\Development\personal\games\NextGenGameEngine\tests\unit\test_cmdbuf_recycler_usage.cpp(135): error C2146: syntax error: missing ';' before identifier 'id2'
P:\Development\personal\games\NextGenGameEngine\tests\unit\test_cmdbuf_recycler_usage.cpp(135): error C2065: 'id2': undeclared identifier
P:\Development\personal\games\NextGenGameEngine\tests\unit\test_cmdbuf_recycler_usage.cpp(137): error C2065: 'id0': undeclared identifier
P:\Development\personal\games\NextGenGameEngine\tests\unit\test_cmdbuf_recycler_usage.cpp(138): error C2065: 'id2': undeclared identifier
[232/297] Building CXX object tests\CMakeFiles\EngineTests.dir\Debug\unit\test_desc_set_layout_optimizer.cpp.obj
FAILED: [code=2] tests/CMakeFiles/EngineTests.dir/Debug/unit/test_desc_set_layout_optimizer.cpp.obj 
C:\PROGRA~2\MICROS~2\2019\BUILDT~1\VC\Tools\MSVC\1429~1.301\bin\Hostx64\x64\cl.exe  /nologo /TP -DFMT_SHARED -DGTEST_LINKED_AS_SHARED_LIBRARY=1 -DNGE_DEBUG=1 -DNGE_ENABLE_ASSERTS=1 -DNGE_ENABLE_MEMORY_TRACKING=1 -DNGE_ENABLE_VULKAN=1 -DNGE_PLATFORM_WINDOWS=1 -DNOMINMAX -DSPDLOG_COMPILED_LIB -DSPDLOG_FMT_EXTERNAL -DSPDLOG_SHARED_LIB -DWIN32_LEAN_AND_MEAN -D_CRT_SECURE_NO_WARNINGS -DCMAKE_INTDIR=\"Debug\" -IP:\Development\personal\games\NextGenGameEngine\engine -IP:\Development\personal\games\NextGenGameEngine\engine\.. -external:IP:\Development\personal\games\NextGenGameEngine\build\vcpkg_installed\x64-windows\include -external:IC:\VulkanSDK\1.4.341.1\include -external:W0 /DWIN32 /D_WINDOWS /EHsc /Zi /Ob0 /Od /RTC1 -std:c++20 -MDd /W4 /permissive- /Zc:__cplusplus /MP /fp:fast /arch:AVX2 /wd4251 /wd4275 /utf-8 /showIncludes /Fotests\CMakeFiles\EngineTests.dir\Debug\unit\test_desc_set_layout_optimizer.cpp.obj /Fdtests\CMakeFiles\EngineTests.dir\Debug\ /FS -c P:\Development\personal\games\NextGenGameEngine\tests\unit\test_desc_set_layout_optimizer.cpp
P:\Development\personal\games\NextGenGameEngine\tests\unit\test_desc_set_layout_optimizer.cpp(153): error C2065: 'u64': undeclared identifier
P:\Development\personal\games\NextGenGameEngine\tests\unit\test_desc_set_layout_optimizer.cpp(153): error C2146: syntax error: missing ';' before identifier 'hash1'
P:\Development\personal\games\NextGenGameEngine\tests\unit\test_desc_set_layout_optimizer.cpp(153): error C2065: 'hash1': undeclared identifier
P:\Development\personal\games\NextGenGameEngine\tests\unit\test_desc_set_layout_optimizer.cpp(161): error C2065: 'u64': undeclared identifier
P:\Development\personal\games\NextGenGameEngine\tests\unit\test_desc_set_layout_optimizer.cpp(161): error C2146: syntax error: missing ';' before identifier 'hash2'
P:\Development\personal\games\NextGenGameEngine\tests\unit\test_desc_set_layout_optimizer.cpp(161): error C2065: 'hash2': undeclared identifier
P:\Development\personal\games\NextGenGameEngine\tests\unit\test_desc_set_layout_optimizer.cpp(163): error C2065: 'hash1': undeclared identifier
P:\Development\personal\games\NextGenGameEngine\tests\unit\test_desc_set_layout_optimizer.cpp(163): error C2065: 'hash2': undeclared identifier
P:\Development\personal\games\NextGenGameEngine\tests\unit\test_desc_set_layout_optimizer.cpp(163): error C2737: 'gtest_ar': const object must be initialized
[233/297] Building CXX object tests\CMakeFiles\EngineTests.dir\Debug\unit\test_cmdbuf_state_validator.cpp.obj
FAILED: [code=2] tests/CMakeFiles/EngineTests.dir/Debug/unit/test_cmdbuf_state_validator.cpp.obj 
C:\PROGRA~2\MICROS~2\2019\BUILDT~1\VC\Tools\MSVC\1429~1.301\bin\Hostx64\x64\cl.exe  /nologo /TP -DFMT_SHARED -DGTEST_LINKED_AS_SHARED_LIBRARY=1 -DNGE_DEBUG=1 -DNGE_ENABLE_ASSERTS=1 -DNGE_ENABLE_MEMORY_TRACKING=1 -DNGE_ENABLE_VULKAN=1 -DNGE_PLATFORM_WINDOWS=1 -DNOMINMAX -DSPDLOG_COMPILED_LIB -DSPDLOG_FMT_EXTERNAL -DSPDLOG_SHARED_LIB -DWIN32_LEAN_AND_MEAN -D_CRT_SECURE_NO_WARNINGS -DCMAKE_INTDIR=\"Debug\" -IP:\Development\personal\games\NextGenGameEngine\engine -IP:\Development\personal\games\NextGenGameEngine\engine\.. -external:IP:\Development\personal\games\NextGenGameEngine\build\vcpkg_installed\x64-windows\include -external:IC:\VulkanSDK\1.4.341.1\include -external:W0 /DWIN32 /D_WINDOWS /EHsc /Zi /Ob0 /Od /RTC1 -std:c++20 -MDd /W4 /permissive- /Zc:__cplusplus /MP /fp:fast /arch:AVX2 /wd4251 /wd4275 /utf-8 /showIncludes /Fotests\CMakeFiles\EngineTests.dir\Debug\unit\test_cmdbuf_state_validator.cpp.obj /Fdtests\CMakeFiles\EngineTests.dir\Debug\ /FS -c P:\Development\personal\games\NextGenGameEngine\tests\unit\test_cmdbuf_state_validator.cpp
P:\Development\personal\games\NextGenGameEngine\tests\unit\test_cmdbuf_state_validator.cpp(186): error C2065: 'u32': undeclared identifier
P:\Development\personal\games\NextGenGameEngine\tests\unit\test_cmdbuf_state_validator.cpp(186): error C2146: syntax error: missing ';' before identifier 'state'
P:\Development\personal\games\NextGenGameEngine\tests\unit\test_cmdbuf_state_validator.cpp(186): error C2065: 'state': undeclared identifier
P:\Development\personal\games\NextGenGameEngine\tests\unit\test_cmdbuf_state_validator.cpp(187): error C2065: 'state': undeclared identifier
P:\Development\personal\games\NextGenGameEngine\tests\unit\test_cmdbuf_state_validator.cpp(187): error C2512: 'testing::AssertionResult': no appropriate default constructor available
P:\Development\personal\games\NextGenGameEngine\tests\unit\test_cmdbuf_state_validator.cpp(187): note: No constructor could take the source type, or constructor overload resolution was ambiguous
P:\Development\personal\games\NextGenGameEngine\tests\unit\test_cmdbuf_state_validator.cpp(187): error C2737: 'gtest_ar_': const object must be initialized
P:\Development\personal\games\NextGenGameEngine\tests\unit\test_cmdbuf_state_validator.cpp(188): error C2065: 'state': undeclared identifier
P:\Development\personal\games\NextGenGameEngine\tests\unit\test_cmdbuf_state_validator.cpp(188): error C2512: 'testing::AssertionResult': no appropriate default constructor available
P:\Development\personal\games\NextGenGameEngine\tests\unit\test_cmdbuf_state_validator.cpp(188): note: No constructor could take the source type, or constructor overload resolution was ambiguous
P:\Development\personal\games\NextGenGameEngine\tests\unit\test_cmdbuf_state_validator.cpp(188): error C2737: 'gtest_ar_': const object must be initialized
P:\Development\personal\games\NextGenGameEngine\tests\unit\test_cmdbuf_state_validator.cpp(189): error C2065: 'state': undeclared identifier
P:\Development\personal\games\NextGenGameEngine\tests\unit\test_cmdbuf_state_validator.cpp(189): error C2512: 'testing::AssertionResult': no appropriate default constructor available
P:\Development\personal\games\NextGenGameEngine\tests\unit\test_cmdbuf_state_validator.cpp(189): note: No constructor could take the source type, or constructor overload resolution was ambiguous
P:\Development\personal\games\NextGenGameEngine\tests\unit\test_cmdbuf_state_validator.cpp(189): error C2737: 'gtest_ar_': const object must be initialized
P:\Development\personal\games\NextGenGameEngine\tests\unit\test_cmdbuf_state_validator.cpp(190): error C2065: 'state': undeclared identifier
P:\Development\personal\games\NextGenGameEngine\tests\unit\test_cmdbuf_state_validator.cpp(190): error C2512: 'testing::AssertionResult': no appropriate default constructor available
P:\Development\personal\games\NextGenGameEngine\tests\unit\test_cmdbuf_state_validator.cpp(190): note: No constructor could take the source type, or constructor overload resolution was ambiguous
P:\Development\personal\games\NextGenGameEngine\tests\unit\test_cmdbuf_state_validator.cpp(190): error C2737: 'gtest_ar_': const object must be initialized
P:\Development\personal\games\NextGenGameEngine\tests\unit\test_cmdbuf_state_validator.cpp(204): error C2065: 'u32': undeclared identifier
P:\Development\personal\games\NextGenGameEngine\tests\unit\test_cmdbuf_state_validator.cpp(204): error C2146: syntax error: missing ';' before identifier 'state'
P:\Development\personal\games\NextGenGameEngine\tests\unit\test_cmdbuf_state_validator.cpp(204): error C2065: 'state': undeclared identifier
P:\Development\personal\games\NextGenGameEngine\tests\unit\test_cmdbuf_state_validator.cpp(205): error C2065: 'state': undeclared identifier
P:\Development\personal\games\NextGenGameEngine\tests\unit\test_cmdbuf_state_validator.cpp(205): error C2512: 'testing::AssertionResult': no appropriate default constructor available
P:\Development\personal\games\NextGenGameEngine\tests\unit\test_cmdbuf_state_validator.cpp(205): note: No constructor could take the source type, or constructor overload resolution was ambiguous
P:\Development\personal\games\NextGenGameEngine\tests\unit\test_cmdbuf_state_validator.cpp(205): error C2737: 'gtest_ar_': const object must be initialized
P:\Development\personal\games\NextGenGameEngine\tests\unit\test_cmdbuf_state_validator.cpp(206): error C2065: 'state': undeclared identifier
P:\Development\personal\games\NextGenGameEngine\tests\unit\test_cmdbuf_state_validator.cpp(206): error C2512: 'testing::AssertionResult': no appropriate default constructor available
P:\Development\personal\games\NextGenGameEngine\tests\unit\test_cmdbuf_state_validator.cpp(206): note: No constructor could take the source type, or constructor overload resolution was ambiguous
P:\Development\personal\games\NextGenGameEngine\tests\unit\test_cmdbuf_state_validator.cpp(206): error C2737: 'gtest_ar_': const object must be initialized
P:\Development\personal\games\NextGenGameEngine\tests\unit\test_cmdbuf_state_validator.cpp(207): error C2065: 'state': undeclared identifier
P:\Development\personal\games\NextGenGameEngine\tests\unit\test_cmdbuf_state_validator.cpp(207): error C2512: 'testing::AssertionResult': no appropriate default constructor available
P:\Development\personal\games\NextGenGameEngine\tests\unit\test_cmdbuf_state_validator.cpp(207): note: No constructor could take the source type, or constructor overload resolution was ambiguous
P:\Development\personal\games\NextGenGameEngine\tests\unit\test_cmdbuf_state_validator.cpp(207): error C2737: 'gtest_ar_': const object must be initialized
P:\Development\personal\games\NextGenGameEngine\tests\unit\test_cmdbuf_state_validator.cpp(208): error C2065: 'state': undeclared identifier
P:\Development\personal\games\NextGenGameEngine\tests\unit\test_cmdbuf_state_validator.cpp(208): error C2512: 'testing::AssertionResult': no appropriate default constructor available
P:\Development\personal\games\NextGenGameEngine\tests\unit\test_cmdbuf_state_validator.cpp(208): note: No constructor could take the source type, or constructor overload resolution was ambiguous
P:\Development\personal\games\NextGenGameEngine\tests\unit\test_cmdbuf_state_validator.cpp(208): error C2737: 'gtest_ar_': const object must be initialized
P:\Development\personal\games\NextGenGameEngine\tests\unit\test_cmdbuf_state_validator.cpp(275): error C2061: syntax error: identifier 'u32'
[234/297] Building CXX object tests\CMakeFiles\EngineTests.dir\Debug\unit\test_desc_set_version_tracker.cpp.obj
FAILED: [code=2] tests/CMakeFiles/EngineTests.dir/Debug/unit/test_desc_set_version_tracker.cpp.obj 
C:\PROGRA~2\MICROS~2\2019\BUILDT~1\VC\Tools\MSVC\1429~1.301\bin\Hostx64\x64\cl.exe  /nologo /TP -DFMT_SHARED -DGTEST_LINKED_AS_SHARED_LIBRARY=1 -DNGE_DEBUG=1 -DNGE_ENABLE_ASSERTS=1 -DNGE_ENABLE_MEMORY_TRACKING=1 -DNGE_ENABLE_VULKAN=1 -DNGE_PLATFORM_WINDOWS=1 -DNOMINMAX -DSPDLOG_COMPILED_LIB -DSPDLOG_FMT_EXTERNAL -DSPDLOG_SHARED_LIB -DWIN32_LEAN_AND_MEAN -D_CRT_SECURE_NO_WARNINGS -DCMAKE_INTDIR=\"Debug\" -IP:\Development\personal\games\NextGenGameEngine\engine -IP:\Development\personal\games\NextGenGameEngine\engine\.. -external:IP:\Development\personal\games\NextGenGameEngine\build\vcpkg_installed\x64-windows\include -external:IC:\VulkanSDK\1.4.341.1\include -external:W0 /DWIN32 /D_WINDOWS /EHsc /Zi /Ob0 /Od /RTC1 -std:c++20 -MDd /W4 /permissive- /Zc:__cplusplus /MP /fp:fast /arch:AVX2 /wd4251 /wd4275 /utf-8 /showIncludes /Fotests\CMakeFiles\EngineTests.dir\Debug\unit\test_desc_set_version_tracker.cpp.obj /Fdtests\CMakeFiles\EngineTests.dir\Debug\ /FS -c P:\Development\personal\games\NextGenGameEngine\tests\unit\test_desc_set_version_tracker.cpp
P:\Development\personal\games\NextGenGameEngine\tests\unit\test_desc_set_version_tracker.cpp(17): error C2065: 'u32': undeclared identifier
P:\Development\personal\games\NextGenGameEngine\tests\unit\test_desc_set_version_tracker.cpp(17): error C2146: syntax error: missing ';' before identifier 'id'
P:\Development\personal\games\NextGenGameEngine\tests\unit\test_desc_set_version_tracker.cpp(17): error C2065: 'id': undeclared identifier
P:\Development\personal\games\NextGenGameEngine\tests\unit\test_desc_set_version_tracker.cpp(18): error C2065: 'id': undeclared identifier
P:\Development\personal\games\NextGenGameEngine\tests\unit\test_desc_set_version_tracker.cpp(18): error C2737: 'gtest_ar': const object must be initialized
P:\Development\personal\games\NextGenGameEngine\tests\unit\test_desc_set_version_tracker.cpp(21): error C2065: 'id': undeclared identifier
P:\Development\personal\games\NextGenGameEngine\tests\unit\test_desc_set_version_tracker.cpp(22): error C3536: 'info': cannot be used before it is initialized
P:\Development\personal\games\NextGenGameEngine\tests\unit\test_desc_set_version_tracker.cpp(23): error C2660: 'testing::internal::EqHelper::Compare': function does not take 3 arguments
P:\Development\personal\games\NextGenGameEngine\build\vcpkg_installed\x64-windows\include\gtest/gtest.h(1422): note: see declaration of 'testing::internal::EqHelper::Compare'
P:\Development\personal\games\NextGenGameEngine\tests\unit\test_desc_set_version_tracker.cpp(23): error C2737: 'gtest_ar': const object must be initialized
P:\Development\personal\games\NextGenGameEngine\tests\unit\test_desc_set_version_tracker.cpp(24): error C2660: 'testing::internal::EqHelper::Compare': function does not take 3 arguments
P:\Development\personal\games\NextGenGameEngine\build\vcpkg_installed\x64-windows\include\gtest/gtest.h(1422): note: see declaration of 'testing::internal::EqHelper::Compare'
P:\Development\personal\games\NextGenGameEngine\tests\unit\test_desc_set_version_tracker.cpp(24): error C2737: 'gtest_ar': const object must be initialized
P:\Development\personal\games\NextGenGameEngine\tests\unit\test_desc_set_version_tracker.cpp(25): error C2660: 'testing::internal::EqHelper::Compare': function does not take 3 arguments
P:\Development\personal\games\NextGenGameEngine\build\vcpkg_installed\x64-windows\include\gtest/gtest.h(1422): note: see declaration of 'testing::internal::EqHelper::Compare'
P:\Development\personal\games\NextGenGameEngine\tests\unit\test_desc_set_version_tracker.cpp(25): error C2737: 'gtest_ar': const object must be initialized
P:\Development\personal\games\NextGenGameEngine\tests\unit\test_desc_set_version_tracker.cpp(34): error C2065: 'u32': undeclared identifier
P:\Development\personal\games\NextGenGameEngine\tests\unit\test_desc_set_version_tracker.cpp(34): error C2146: syntax error: missing ';' before identifier 'id'
P:\Development\personal\games\NextGenGameEngine\tests\unit\test_desc_set_version_tracker.cpp(34): error C2065: 'id': undeclared identifier
P:\Development\personal\games\NextGenGameEngine\tests\unit\test_desc_set_version_tracker.cpp(35): error C2065: 'id': undeclared identifier
P:\Development\personal\games\NextGenGameEngine\tests\unit\test_desc_set_version_tracker.cpp(35): error C2660: 'testing::internal::EqHelper::Compare': function does not take 3 arguments
P:\Development\personal\games\NextGenGameEngine\build\vcpkg_installed\x64-windows\include\gtest/gtest.h(1422): note: see declaration of 'testing::internal::EqHelper::Compare'
P:\Development\personal\games\NextGenGameEngine\tests\unit\test_desc_set_version_tracker.cpp(35): error C2737: 'gtest_ar': const object must be initialized
P:\Development\personal\games\NextGenGameEngine\tests\unit\test_desc_set_version_tracker.cpp(37): error C2065: 'id': undeclared identifier
P:\Development\personal\games\NextGenGameEngine\tests\unit\test_desc_set_version_tracker.cpp(38): error C2065: 'id': undeclared identifier
P:\Development\personal\games\NextGenGameEngine\tests\unit\test_desc_set_version_tracker.cpp(38): error C2660: 'testing::internal::EqHelper::Compare': function does not take 3 arguments
P:\Development\personal\games\NextGenGameEngine\build\vcpkg_installed\x64-windows\include\gtest/gtest.h(1422): note: see declaration of 'testing::internal::EqHelper::Compare'
P:\Development\personal\games\NextGenGameEngine\tests\unit\test_desc_set_version_tracker.cpp(38): error C2737: 'gtest_ar': const object must be initialized
P:\Development\personal\games\NextGenGameEngine\tests\unit\test_desc_set_version_tracker.cpp(40): error C2065: 'id': undeclared identifier
P:\Development\personal\games\NextGenGameEngine\tests\unit\test_desc_set_version_tracker.cpp(41): error C2065: 'id': undeclared identifier
P:\Development\personal\games\NextGenGameEngine\tests\unit\test_desc_set_version_tracker.cpp(41): error C2660: 'testing::internal::EqHelper::Compare': function does not take 3 arguments
P:\Development\personal\games\NextGenGameEngine\build\vcpkg_installed\x64-windows\include\gtest/gtest.h(1422): note: see declaration of 'testing::internal::EqHelper::Compare'
P:\Development\personal\games\NextGenGameEngine\tests\unit\test_desc_set_version_tracker.cpp(41): error C2737: 'gtest_ar': const object must be initialized
P:\Development\personal\games\NextGenGameEngine\tests\unit\test_desc_set_version_tracker.cpp(50): error C2065: 'u32': undeclared identifier
P:\Development\personal\games\NextGenGameEngine\tests\unit\test_desc_set_version_tracker.cpp(50): error C2146: syntax error: missing ';' before identifier 'id'
P:\Development\personal\games\NextGenGameEngine\tests\unit\test_desc_set_version_tracker.cpp(50): error C2065: 'id': undeclared identifier
P:\Development\personal\games\NextGenGameEngine\tests\unit\test_desc_set_version_tracker.cpp(51): error C2065: 'id': undeclared identifier
P:\Development\personal\games\NextGenGameEngine\tests\unit\test_desc_set_version_tracker.cpp(53): error C2065: 'id': undeclared identifier
P:\Development\personal\games\NextGenGameEngine\tests\unit\test_desc_set_version_tracker.cpp(53): error C2512: 'testing::AssertionResult': no appropriate default constructor available
P:\Development\personal\games\NextGenGameEngine\tests\unit\test_desc_set_version_tracker.cpp(53): note: No constructor could take the source type, or constructor overload resolution was ambiguous
P:\Development\personal\games\NextGenGameEngine\tests\unit\test_desc_set_version_tracker.cpp(53): error C2737: 'gtest_ar_': const object must be initialized
P:\Development\personal\games\NextGenGameEngine\tests\unit\test_desc_set_version_tracker.cpp(54): error C2065: 'id': undeclared identifier
P:\Development\personal\games\NextGenGameEngine\tests\unit\test_desc_set_version_tracker.cpp(54): error C2512: 'testing::AssertionResult': no appropriate default constructor available
P:\Development\personal\games\NextGenGameEngine\tests\unit\test_desc_set_version_tracker.cpp(54): note: No constructor could take the source type, or constructor overload resolution was ambiguous
P:\Development\personal\games\NextGenGameEngine\tests\unit\test_desc_set_version_tracker.cpp(54): error C2737: 'gtest_ar_': const object must be initialized
P:\Development\personal\games\NextGenGameEngine\tests\unit\test_desc_set_version_tracker.cpp(72): error C2065: 'u32': undeclared identifier
P:\Development\personal\games\NextGenGameEngine\tests\unit\test_desc_set_version_tracker.cpp(72): error C2146: syntax error: missing ';' before identifier 'id'
P:\Development\personal\games\NextGenGameEngine\tests\unit\test_desc_set_version_tracker.cpp(72): error C2065: 'id': undeclared identifier
P:\Development\personal\games\NextGenGameEngine\tests\unit\test_desc_set_version_tracker.cpp(74): error C2065: 'id': undeclared identifier
P:\Development\personal\games\NextGenGameEngine\tests\unit\test_desc_set_version_tracker.cpp(75): error C2065: 'id': undeclared identifier
P:\Development\personal\games\NextGenGameEngine\tests\unit\test_desc_set_version_tracker.cpp(75): error C2660: 'testing::internal::EqHelper::Compare': function does not take 3 arguments
P:\Development\personal\games\NextGenGameEngine\build\vcpkg_installed\x64-windows\include\gtest/gtest.h(1422): note: see declaration of 'testing::internal::EqHelper::Compare'
P:\Development\personal\games\NextGenGameEngine\tests\unit\test_desc_set_version_tracker.cpp(75): error C2737: 'gtest_ar': const object must be initialized
P:\Development\personal\games\NextGenGameEngine\tests\unit\test_desc_set_version_tracker.cpp(76): error C2065: 'id': undeclared identifier
P:\Development\personal\games\NextGenGameEngine\tests\unit\test_desc_set_version_tracker.cpp(76): error C2660: 'testing::internal::EqHelper::Compare': function does not take 3 arguments
P:\Development\personal\games\NextGenGameEngine\build\vcpkg_installed\x64-windows\include\gtest/gtest.h(1422): note: see declaration of 'testing::internal::EqHelper::Compare'
P:\Development\personal\games\NextGenGameEngine\tests\unit\test_desc_set_version_tracker.cpp(76): error C2737: 'gtest_ar': const object must be initialized
P:\Development\personal\games\NextGenGameEngine\tests\unit\test_desc_set_version_tracker.cpp(79): error C2065: 'id': undeclared identifier
P:\Development\personal\games\NextGenGameEngine\tests\unit\test_desc_set_version_tracker.cpp(79): error C2660: 'testing::internal::EqHelper::Compare': function does not take 3 arguments
P:\Development\personal\games\NextGenGameEngine\build\vcpkg_installed\x64-windows\include\gtest/gtest.h(1422): note: see declaration of 'testing::internal::EqHelper::Compare'
P:\Development\personal\games\NextGenGameEngine\tests\unit\test_desc_set_version_tracker.cpp(79): error C2737: 'gtest_ar': const object must be initialized
P:\Development\personal\games\NextGenGameEngine\tests\unit\test_desc_set_version_tracker.cpp(88): error C2065: 'u32': undeclared identifier
P:\Development\personal\games\NextGenGameEngine\tests\unit\test_desc_set_version_tracker.cpp(88): error C2146: syntax error: missing ';' before identifier 'id'
P:\Development\personal\games\NextGenGameEngine\tests\unit\test_desc_set_version_tracker.cpp(88): error C2065: 'id': undeclared identifier
P:\Development\personal\games\NextGenGameEngine\tests\unit\test_desc_set_version_tracker.cpp(90): error C2065: 'id': undeclared identifier
P:\Development\personal\games\NextGenGameEngine\tests\unit\test_desc_set_version_tracker.cpp(91): error C2065: 'id': undeclared identifier
P:\Development\personal\games\NextGenGameEngine\tests\unit\test_desc_set_version_tracker.cpp(93): error C2065: 'id': undeclared identifier
P:\Development\personal\games\NextGenGameEngine\tests\unit\test_desc_set_version_tracker.cpp(93): error C2660: 'testing::internal::EqHelper::Compare': function does not take 3 arguments
P:\Development\personal\games\NextGenGameEngine\build\vcpkg_installed\x64-windows\include\gtest/gtest.h(1422): note: see declaration of 'testing::internal::EqHelper::Compare'
P:\Development\personal\games\NextGenGameEngine\tests\unit\test_desc_set_version_tracker.cpp(93): error C2737: 'gtest_ar': const object must be initialized
P:\Development\personal\games\NextGenGameEngine\tests\unit\test_desc_set_version_tracker.cpp(105): error C2065: 'u32': undeclared identifier
P:\Development\personal\games\NextGenGameEngine\tests\unit\test_desc_set_version_tracker.cpp(105): error C2146: syntax error: missing ';' before identifier 'id'
P:\Development\personal\games\NextGenGameEngine\tests\unit\test_desc_set_version_tracker.cpp(105): error C2065: 'id': undeclared identifier
P:\Development\personal\games\NextGenGameEngine\tests\unit\test_desc_set_version_tracker.cpp(107): error C2065: 'id': undeclared identifier
P:\Development\personal\games\NextGenGameEngine\tests\unit\test_desc_set_version_tracker.cpp(108): error C2065: 'id': undeclared identifier
P:\Development\personal\games\NextGenGameEngine\tests\unit\test_desc_set_version_tracker.cpp(110): error C2065: 'id': undeclared identifier
P:\Development\personal\games\NextGenGameEngine\tests\unit\test_desc_set_version_tracker.cpp(110): error C2660: 'testing::internal::EqHelper::Compare': function does not take 3 arguments
P:\Development\personal\games\NextGenGameEngine\build\vcpkg_installed\x64-windows\include\gtest/gtest.h(1422): note: see declaration of 'testing::internal::EqHelper::Compare'
P:\Development\personal\games\NextGenGameEngine\tests\unit\test_desc_set_version_tracker.cpp(110): error C2737: 'gtest_ar': const object must be initialized
P:\Development\personal\games\NextGenGameEngine\tests\unit\test_desc_set_version_tracker.cpp(111): error C2065: 'id': undeclared identifier
P:\Development\personal\games\NextGenGameEngine\tests\unit\test_desc_set_version_tracker.cpp(111): error C2660: 'testing::internal::EqHelper::Compare': function does not take 3 arguments
P:\Development\personal\games\NextGenGameEngine\build\vcpkg_installed\x64-windows\include\gtest/gtest.h(1422): note: see declaration of 'testing::internal::EqHelper::Compare'
P:\Development\personal\games\NextGenGameEngine\tests\unit\test_desc_set_version_tracker.cpp(111): error C2737: 'gtest_ar': const object must be initialized
P:\Development\personal\games\NextGenGameEngine\tests\unit\test_desc_set_version_tracker.cpp(120): error C2065: 'u32': undeclared identifier
P:\Development\personal\games\NextGenGameEngine\tests\unit\test_desc_set_version_tracker.cpp(120): error C2146: syntax error: missing ';' before identifier 'id'
P:\Development\personal\games\NextGenGameEngine\tests\unit\test_desc_set_version_tracker.cpp(120): error C2065: 'id': undeclared identifier
P:\Development\personal\games\NextGenGameEngine\tests\unit\test_desc_set_version_tracker.cpp(122): error C2065: 'id': undeclared identifier
P:\Development\personal\games\NextGenGameEngine\tests\unit\test_desc_set_version_tracker.cpp(123): error C2065: 'id': undeclared identifier
P:\Development\personal\games\NextGenGameEngine\tests\unit\test_desc_set_version_tracker.cpp(125): error C2065: 'id': undeclared identifier
P:\Development\personal\games\NextGenGameEngine\tests\unit\test_desc_set_version_tracker.cpp(125): error C2512: 'testing::AssertionResult': no appropriate default constructor available
P:\Development\personal\games\NextGenGameEngine\tests\unit\test_desc_set_version_tracker.cpp(125): note: No constructor could take the source type, or constructor overload resolution was ambiguous
P:\Development\personal\games\NextGenGameEngine\tests\unit\test_desc_set_version_tracker.cpp(125): error C2737: 'gtest_ar_': const object must be initialized
P:\Development\personal\games\NextGenGameEngine\tests\unit\test_desc_set_version_tracker.cpp(126): error C2065: 'id': undeclared identifier
P:\Development\personal\games\NextGenGameEngine\tests\unit\test_desc_set_version_tracker.cpp(126): error C2512: 'testing::AssertionResult': no appropriate default constructor available
P:\Development\personal\games\NextGenGameEngine\tests\unit\test_desc_set_version_tracker.cpp(126): note: No constructor could take the source type, or constructor overload resolution was ambiguous
P:\Development\personal\games\NextGenGameEngine\tests\unit\test_desc_set_version_tracker.cpp(126): error C2737: 'gtest_ar_': const object must be initialized
P:\Development\personal\games\NextGenGameEngine\tests\unit\test_desc_set_version_tracker.cpp(127): error C2065: 'id': undeclared identifier
P:\Development\personal\games\NextGenGameEngine\tests\unit\test_desc_set_version_tracker.cpp(127): error C2512: 'testing::AssertionResult': no appropriate default constructor available
P:\Development\personal\games\NextGenGameEngine\tests\unit\test_desc_set_version_tracker.cpp(127): note: No constructor could take the source type, or constructor overload resolution was ambiguous
P:\Development\personal\games\NextGenGameEngine\tests\unit\test_desc_set_version_tracker.cpp(127): error C2737: 'gtest_ar_': const object must be initialized
P:\Development\personal\games\NextGenGameEngine\tests\unit\test_desc_set_version_tracker.cpp(145): error C2065: 'u32': undeclared identifier
P:\Development\personal\games\NextGenGameEngine\tests\unit\test_desc_set_version_tracker.cpp(145): error C2146: syntax error: missing ';' before identifier 'id'
P:\Development\personal\games\NextGenGameEngine\tests\unit\test_desc_set_version_tracker.cpp(145): error C2065: 'id': undeclared identifier
P:\Development\personal\games\NextGenGameEngine\tests\unit\test_desc_set_version_tracker.cpp(147): error C2065: 'id': undeclared identifier
P:\Development\personal\games\NextGenGameEngine\tests\unit\test_desc_set_version_tracker.cpp(148): error C2065: 'id': undeclared identifier
P:\Development\personal\games\NextGenGameEngine\tests\unit\test_desc_set_version_tracker.cpp(150): error C2065: 'id': undeclared identifier
P:\Development\personal\games\NextGenGameEngine\tests\unit\test_desc_set_version_tracker.cpp(150): error C2660: 'testing::internal::EqHelper::Compare': function does not take 3 arguments
P:\Development\personal\games\NextGenGameEngine\build\vcpkg_installed\x64-windows\include\gtest/gtest.h(1422): note: see declaration of 'testing::internal::EqHelper::Compare'
P:\Development\personal\games\NextGenGameEngine\tests\unit\test_desc_set_version_tracker.cpp(150): error C2737: 'gtest_ar': const object must be initialized
P:\Development\personal\games\NextGenGameEngine\tests\unit\test_desc_set_version_tracker.cpp(151): error C2065: 'id': undeclared identifier
P:\Development\personal\games\NextGenGameEngine\tests\unit\test_desc_set_version_tracker.cpp(151): error C2660: 'testing::internal::EqHelper::Compare': function does not take 3 arguments
P:\Development\personal\games\NextGenGameEngine\build\vcpkg_installed\x64-windows\include\gtest/gtest.h(1422): note: see declaration of 'testing::internal::EqHelper::Compare'
P:\Development\personal\games\NextGenGameEngine\tests\unit\test_desc_set_version_tracker.cpp(151): error C2737: 'gtest_ar': const object must be initialized
P:\Development\personal\games\NextGenGameEngine\tests\unit\test_desc_set_version_tracker.cpp(152): error C2065: 'id': undeclared identifier
P:\Development\personal\games\NextGenGameEngine\tests\unit\test_desc_set_version_tracker.cpp(152): error C2660: 'testing::internal::EqHelper::Compare': function does not take 3 arguments
P:\Development\personal\games\NextGenGameEngine\build\vcpkg_installed\x64-windows\include\gtest/gtest.h(1422): note: see declaration of 'testing::internal::EqHelper::Compare'
P:\Development\personal\games\NextGenGameEngine\tests\unit\test_desc_set_version_tracker.cpp(152): error C2737: 'gtest_ar': const object must be initialized
P:\Development\personal\games\NextGenGameEngine\tests\unit\test_desc_set_version_tracker.cpp(153): error C2065: 'id': undeclared identifier
P:\Development\personal\games\NextGenGameEngine\tests\unit\test_desc_set_version_tracker.cpp(153): error C2660: 'testing::internal::EqHelper::Compare': function does not take 3 arguments
P:\Development\personal\games\NextGenGameEngine\build\vcpkg_installed\x64-windows\include\gtest/gtest.h(1422): note: see declaration of 'testing::internal::EqHelper::Compare'
P:\Development\personal\games\NextGenGameEngine\tests\unit\test_desc_set_version_tracker.cpp(153): error C2737: 'gtest_ar': const object must be initialized
P:\Development\personal\games\NextGenGameEngine\tests\unit\test_desc_set_version_tracker.cpp(171): error C2065: 'u32': undeclared identifier
P:\Development\personal\games\NextGenGameEngine\tests\unit\test_desc_set_version_tracker.cpp(171): fatal error C1003: error count exceeds 100; stopping compilation
[235/297] Building CXX object tests\CMakeFiles\EngineTests.dir\Debug\unit\test_desclayout_pipestats.cpp.obj
FAILED: [code=2] tests/CMakeFiles/EngineTests.dir/Debug/unit/test_desclayout_pipestats.cpp.obj 
C:\PROGRA~2\MICROS~2\2019\BUILDT~1\VC\Tools\MSVC\1429~1.301\bin\Hostx64\x64\cl.exe  /nologo /TP -DFMT_SHARED -DGTEST_LINKED_AS_SHARED_LIBRARY=1 -DNGE_DEBUG=1 -DNGE_ENABLE_ASSERTS=1 -DNGE_ENABLE_MEMORY_TRACKING=1 -DNGE_ENABLE_VULKAN=1 -DNGE_PLATFORM_WINDOWS=1 -DNOMINMAX -DSPDLOG_COMPILED_LIB -DSPDLOG_FMT_EXTERNAL -DSPDLOG_SHARED_LIB -DWIN32_LEAN_AND_MEAN -D_CRT_SECURE_NO_WARNINGS -DCMAKE_INTDIR=\"Debug\" -IP:\Development\personal\games\NextGenGameEngine\engine -IP:\Development\personal\games\NextGenGameEngine\engine\.. -external:IP:\Development\personal\games\NextGenGameEngine\build\vcpkg_installed\x64-windows\include -external:IC:\VulkanSDK\1.4.341.1\include -external:W0 /DWIN32 /D_WINDOWS /EHsc /Zi /Ob0 /Od /RTC1 -std:c++20 -MDd /W4 /permissive- /Zc:__cplusplus /MP /fp:fast /arch:AVX2 /wd4251 /wd4275 /utf-8 /showIncludes /Fotests\CMakeFiles\EngineTests.dir\Debug\unit\test_desclayout_pipestats.cpp.obj /Fdtests\CMakeFiles\EngineTests.dir\Debug\ /FS -c P:\Development\personal\games\NextGenGameEngine\tests\unit\test_desclayout_pipestats.cpp
P:\Development\personal\games\NextGenGameEngine\tests\unit\test_desclayout_pipestats.cpp(219): error C2065: 'u32': undeclared identifier
P:\Development\personal\games\NextGenGameEngine\tests\unit\test_desclayout_pipestats.cpp(219): error C2146: syntax error: missing ';' before identifier 'qid'
P:\Development\personal\games\NextGenGameEngine\tests\unit\test_desclayout_pipestats.cpp(219): error C2065: 'qid': undeclared identifier
P:\Development\personal\games\NextGenGameEngine\tests\unit\test_desclayout_pipestats.cpp(220): error C2065: 'qid': undeclared identifier
P:\Development\personal\games\NextGenGameEngine\tests\unit\test_desclayout_pipestats.cpp(220): error C2737: 'gtest_ar': const object must be initialized
P:\Development\personal\games\NextGenGameEngine\tests\unit\test_desclayout_pipestats.cpp(222): error C2065: 'qid': undeclared identifier
P:\Development\personal\games\NextGenGameEngine\tests\unit\test_desclayout_pipestats.cpp(230): error C2065: 'qid': undeclared identifier
P:\Development\personal\games\NextGenGameEngine\tests\unit\test_desclayout_pipestats.cpp(247): error C2065: 'u32': undeclared identifier
P:\Development\personal\games\NextGenGameEngine\tests\unit\test_desclayout_pipestats.cpp(247): error C2146: syntax error: missing ';' before identifier 'q1'
P:\Development\personal\games\NextGenGameEngine\tests\unit\test_desclayout_pipestats.cpp(247): error C2065: 'q1': undeclared identifier
P:\Development\personal\games\NextGenGameEngine\tests\unit\test_desclayout_pipestats.cpp(248): error C2065: 'q1': undeclared identifier
P:\Development\personal\games\NextGenGameEngine\tests\unit\test_desclayout_pipestats.cpp(250): error C2065: 'u32': undeclared identifier
P:\Development\personal\games\NextGenGameEngine\tests\unit\test_desclayout_pipestats.cpp(250): error C2146: syntax error: missing ';' before identifier 'q2'
P:\Development\personal\games\NextGenGameEngine\tests\unit\test_desclayout_pipestats.cpp(250): error C2065: 'q2': undeclared identifier
P:\Development\personal\games\NextGenGameEngine\tests\unit\test_desclayout_pipestats.cpp(251): error C2065: 'q2': undeclared identifier
P:\Development\personal\games\NextGenGameEngine\tests\unit\test_desclayout_pipestats.cpp(253): error C2065: 'u32': undeclared identifier
P:\Development\personal\games\NextGenGameEngine\tests\unit\test_desclayout_pipestats.cpp(253): error C2146: syntax error: missing ';' before identifier 'q3'
P:\Development\personal\games\NextGenGameEngine\tests\unit\test_desclayout_pipestats.cpp(253): error C2065: 'q3': undeclared identifier
P:\Development\personal\games\NextGenGameEngine\tests\unit\test_desclayout_pipestats.cpp(254): error C2065: 'q3': undeclared identifier
P:\Development\personal\games\NextGenGameEngine\tests\unit\test_desclayout_pipestats.cpp(264): error C2065: 'q1': undeclared identifier
P:\Development\personal\games\NextGenGameEngine\tests\unit\test_desclayout_pipestats.cpp(265): error C2065: 'q2': undeclared identifier
P:\Development\personal\games\NextGenGameEngine\tests\unit\test_desclayout_pipestats.cpp(266): error C2065: 'q3': undeclared identifier
P:\Development\personal\games\NextGenGameEngine\tests\unit\test_desclayout_pipestats.cpp(286): error C2065: 'u32': undeclared identifier
P:\Development\personal\games\NextGenGameEngine\tests\unit\test_desclayout_pipestats.cpp(286): error C2146: syntax error: missing ';' before identifier 'q'
P:\Development\personal\games\NextGenGameEngine\tests\unit\test_desclayout_pipestats.cpp(286): error C2065: 'q': undeclared identifier
P:\Development\personal\games\NextGenGameEngine\tests\unit\test_desclayout_pipestats.cpp(287): error C2065: 'q': undeclared identifier
P:\Development\personal\games\NextGenGameEngine\tests\unit\test_desclayout_pipestats.cpp(291): error C2065: 'q': undeclared identifier
P:\Development\personal\games\NextGenGameEngine\tests\unit\test_desclayout_pipestats.cpp(313): error C2065: 'u32': undeclared identifier
P:\Development\personal\games\NextGenGameEngine\tests\unit\test_desclayout_pipestats.cpp(313): error C2146: syntax error: missing ';' before identifier 'q1'
P:\Development\personal\games\NextGenGameEngine\tests\unit\test_desclayout_pipestats.cpp(313): error C2065: 'q1': undeclared identifier
P:\Development\personal\games\NextGenGameEngine\tests\unit\test_desclayout_pipestats.cpp(314): error C2065: 'q1': undeclared identifier
P:\Development\personal\games\NextGenGameEngine\tests\unit\test_desclayout_pipestats.cpp(314): error C2737: 'gtest_ar': const object must be initialized
P:\Development\personal\games\NextGenGameEngine\tests\unit\test_desclayout_pipestats.cpp(316): error C2065: 'u32': undeclared identifier
P:\Development\personal\games\NextGenGameEngine\tests\unit\test_desclayout_pipestats.cpp(316): error C2146: syntax error: missing ';' before identifier 'q2'
P:\Development\personal\games\NextGenGameEngine\tests\unit\test_desclayout_pipestats.cpp(316): error C2065: 'q2': undeclared identifier
P:\Development\personal\games\NextGenGameEngine\tests\unit\test_desclayout_pipestats.cpp(317): error C2065: 'q2': undeclared identifier
P:\Development\personal\games\NextGenGameEngine\tests\unit\test_desclayout_pipestats.cpp(317): error C2737: 'gtest_ar': const object must be initialized
P:\Development\personal\games\NextGenGameEngine\tests\unit\test_desclayout_pipestats.cpp(319): error C2065: 'u32': undeclared identifier
P:\Development\personal\games\NextGenGameEngine\tests\unit\test_desclayout_pipestats.cpp(319): error C2146: syntax error: missing ';' before identifier 'q3'
P:\Development\personal\games\NextGenGameEngine\tests\unit\test_desclayout_pipestats.cpp(319): error C2065: 'q3': undeclared identifier
P:\Development\personal\games\NextGenGameEngine\tests\unit\test_desclayout_pipestats.cpp(320): error C2065: 'q3': undeclared identifier
P:\Development\personal\games\NextGenGameEngine\tests\unit\test_desclayout_pipestats.cpp(320): error C2737: 'gtest_ar': const object must be initialized
P:\Development\personal\games\NextGenGameEngine\tests\unit\test_desclayout_pipestats.cpp(322): error C2065: 'q1': undeclared identifier
P:\Development\personal\games\NextGenGameEngine\tests\unit\test_desclayout_pipestats.cpp(323): error C2065: 'q2': undeclared identifier
P:\Development\personal\games\NextGenGameEngine\tests\unit\test_desclayout_pipestats.cpp(327): error C2065: 'u32': undeclared identifier
P:\Development\personal\games\NextGenGameEngine\tests\unit\test_desclayout_pipestats.cpp(327): error C2146: syntax error: missing ';' before identifier 'q4'
P:\Development\personal\games\NextGenGameEngine\tests\unit\test_desclayout_pipestats.cpp(327): error C2065: 'q4': undeclared identifier
P:\Development\personal\games\NextGenGameEngine\tests\unit\test_desclayout_pipestats.cpp(328): error C2065: 'q4': undeclared identifier
P:\Development\personal\games\NextGenGameEngine\tests\unit\test_desclayout_pipestats.cpp(328): error C2737: 'gtest_ar': const object must be initialized
P:\Development\personal\games\NextGenGameEngine\tests\unit\test_desclayout_pipestats.cpp(337): error C2065: 'u32': undeclared identifier
P:\Development\personal\games\NextGenGameEngine\tests\unit\test_desclayout_pipestats.cpp(337): error C2146: syntax error: missing ';' before identifier 'q'
P:\Development\personal\games\NextGenGameEngine\tests\unit\test_desclayout_pipestats.cpp(337): error C2065: 'q': undeclared identifier
P:\Development\personal\games\NextGenGameEngine\tests\unit\test_desclayout_pipestats.cpp(338): error C2065: 'q': undeclared identifier
P:\Development\personal\games\NextGenGameEngine\tests\unit\test_desclayout_pipestats.cpp(342): error C2065: 'q': undeclared identifier
P:\Development\personal\games\NextGenGameEngine\tests\unit\test_desclayout_pipestats.cpp(364): error C2065: 'u32': undeclared identifier
P:\Development\personal\games\NextGenGameEngine\tests\unit\test_desclayout_pipestats.cpp(364): error C2146: syntax error: missing ';' before identifier 'q'
P:\Development\personal\games\NextGenGameEngine\tests\unit\test_desclayout_pipestats.cpp(364): error C2065: 'q': undeclared identifier
P:\Development\personal\games\NextGenGameEngine\tests\unit\test_desclayout_pipestats.cpp(365): error C2065: 'q': undeclared identifier
P:\Development\personal\games\NextGenGameEngine\tests\unit\test_desclayout_pipestats.cpp(369): error C2065: 'q': undeclared identifier
[236/297] Building CXX object tests\CMakeFiles\EngineTests.dir\Debug\unit\test_descriptor_pool_analyzer.cpp.obj
FAILED: [code=2] tests/CMakeFiles/EngineTests.dir/Debug/unit/test_descriptor_pool_analyzer.cpp.obj 
C:\PROGRA~2\MICROS~2\2019\BUILDT~1\VC\Tools\MSVC\1429~1.301\bin\Hostx64\x64\cl.exe  /nologo /TP -DFMT_SHARED -DGTEST_LINKED_AS_SHARED_LIBRARY=1 -DNGE_DEBUG=1 -DNGE_ENABLE_ASSERTS=1 -DNGE_ENABLE_MEMORY_TRACKING=1 -DNGE_ENABLE_VULKAN=1 -DNGE_PLATFORM_WINDOWS=1 -DNOMINMAX -DSPDLOG_COMPILED_LIB -DSPDLOG_FMT_EXTERNAL -DSPDLOG_SHARED_LIB -DWIN32_LEAN_AND_MEAN -D_CRT_SECURE_NO_WARNINGS -DCMAKE_INTDIR=\"Debug\" -IP:\Development\personal\games\NextGenGameEngine\engine -IP:\Development\personal\games\NextGenGameEngine\engine\.. -external:IP:\Development\personal\games\NextGenGameEngine\build\vcpkg_installed\x64-windows\include -external:IC:\VulkanSDK\1.4.341.1\include -external:W0 /DWIN32 /D_WINDOWS /EHsc /Zi /Ob0 /Od /RTC1 -std:c++20 -MDd /W4 /permissive- /Zc:__cplusplus /MP /fp:fast /arch:AVX2 /wd4251 /wd4275 /utf-8 /showIncludes /Fotests\CMakeFiles\EngineTests.dir\Debug\unit\test_descriptor_pool_analyzer.cpp.obj /Fdtests\CMakeFiles\EngineTests.dir\Debug\ /FS -c P:\Development\personal\games\NextGenGameEngine\tests\unit\test_descriptor_pool_analyzer.cpp
P:\Development\personal\games\NextGenGameEngine\tests\unit\test_descriptor_pool_analyzer.cpp(21): error C2065: 'u32': undeclared identifier
P:\Development\personal\games\NextGenGameEngine\tests\unit\test_descriptor_pool_analyzer.cpp(21): error C2923: 'std::unordered_map': 'u32' is not a valid template type argument for parameter '_Ty'
P:\Development\personal\games\NextGenGameEngine\tests\unit\test_descriptor_pool_analyzer.cpp(21): note: see declaration of 'u32'
P:\Development\personal\games\NextGenGameEngine\tests\unit\test_descriptor_pool_analyzer.cpp(21): error C2976: 'std::unordered_map': too few template arguments
C:\Program Files (x86)\Microsoft Visual Studio\2019\BuildTools\VC\Tools\MSVC\14.29.30133\include\unordered_map(67): note: see declaration of 'std::unordered_map'
P:\Development\personal\games\NextGenGameEngine\tests\unit\test_descriptor_pool_analyzer.cpp(21): error C2641: cannot deduce template arguments for 'std::unordered_map'
P:\Development\personal\games\NextGenGameEngine\tests\unit\test_descriptor_pool_analyzer.cpp(21): error C2783: 'std::unordered_map<_Kty,_Ty,_Hasher,_Keyeq,_Alloc> std::unordered_map(const std::unordered_map<_Kty,_Ty,_Hasher,_Keyeq,_Alloc> &,const _Hash<std::_Umap_traits<_Kty,_Ty,std::_Uhash_compare<_Kty,_Hasher,_Keyeq>,_Alloc,false>>::allocator_type &)': could not deduce template argument for '_Kty'
C:\Program Files (x86)\Microsoft Visual Studio\2019\BuildTools\VC\Tools\MSVC\14.29.30133\include\unordered_map(112): note: see declaration of 'std::unordered_map'
P:\Development\personal\games\NextGenGameEngine\tests\unit\test_descriptor_pool_analyzer.cpp(21): error C2783: 'std::unordered_map<_Kty,_Ty,_Hasher,_Keyeq,_Alloc> std::unordered_map(const std::unordered_map<_Kty,_Ty,_Hasher,_Keyeq,_Alloc> &,const _Hash<std::_Umap_traits<_Kty,_Ty,std::_Uhash_compare<_Kty,_Hasher,_Keyeq>,_Alloc,false>>::allocator_type &)': could not deduce template argument for '_Ty'
C:\Program Files (x86)\Microsoft Visual Studio\2019\BuildTools\VC\Tools\MSVC\14.29.30133\include\unordered_map(112): note: see declaration of 'std::unordered_map'
P:\Development\personal\games\NextGenGameEngine\tests\unit\test_descriptor_pool_analyzer.cpp(24): error C2780: 'std::unordered_map<_Kty,_Ty,_Hasher,_Keyeq,_Alloc> std::unordered_map(const std::unordered_map<_Kty,_Ty,_Hasher,_Keyeq,_Alloc> &)': expects 1 arguments - 2 provided
C:\Program Files (x86)\Microsoft Visual Studio\2019\BuildTools\VC\Tools\MSVC\14.29.30133\include\unordered_map(109): note: see declaration of 'std::unordered_map'
P:\Development\personal\games\NextGenGameEngine\tests\unit\test_descriptor_pool_analyzer.cpp(24): error C2780: 'std::unordered_map<_Kty,_Ty,_Hasher,_Keyeq,_Alloc> std::unordered_map(const _Hash<std::_Umap_traits<_Kty,_Ty,std::_Uhash_compare<_Kty,_Hasher,_Keyeq>,_Alloc,false>>::allocator_type &)': expects 1 arguments - 2 provided
C:\Program Files (x86)\Microsoft Visual Studio\2019\BuildTools\VC\Tools\MSVC\14.29.30133\include\unordered_map(107): note: see declaration of 'std::unordered_map'
P:\Development\personal\games\NextGenGameEngine\tests\unit\test_descriptor_pool_analyzer.cpp(24): error C2780: 'std::unordered_map<_Kty,_Ty,_Hasher,_Keyeq,_Alloc> std::unordered_map(void)': expects 0 arguments - 2 provided
C:\Program Files (x86)\Microsoft Visual Studio\2019\BuildTools\VC\Tools\MSVC\14.29.30133\include\unordered_map(105): note: see declaration of 'std::unordered_map'
P:\Development\personal\games\NextGenGameEngine\tests\unit\test_descriptor_pool_analyzer.cpp(24): error C2780: 'std::unordered_map<_Kty,_Ty,_Hasher,_Keyeq,_Alloc> std::unordered_map(std::unordered_map<_Kty,_Ty,_Hasher,_Keyeq,_Alloc>)': expects 1 arguments - 2 provided
C:\Program Files (x86)\Microsoft Visual Studio\2019\BuildTools\VC\Tools\MSVC\14.29.30133\include\unordered_map(67): note: see declaration of 'std::unordered_map'
P:\Development\personal\games\NextGenGameEngine\tests\unit\test_descriptor_pool_analyzer.cpp(28): error C2065: 'u32': undeclared identifier
P:\Development\personal\games\NextGenGameEngine\tests\unit\test_descriptor_pool_analyzer.cpp(28): error C2923: 'std::unordered_map': 'u32' is not a valid template type argument for parameter '_Ty'
P:\Development\personal\games\NextGenGameEngine\tests\unit\test_descriptor_pool_analyzer.cpp(28): note: see declaration of 'u32'
P:\Development\personal\games\NextGenGameEngine\tests\unit\test_descriptor_pool_analyzer.cpp(28): error C2976: 'std::unordered_map': too few template arguments
C:\Program Files (x86)\Microsoft Visual Studio\2019\BuildTools\VC\Tools\MSVC\14.29.30133\include\unordered_map(67): note: see declaration of 'std::unordered_map'
P:\Development\personal\games\NextGenGameEngine\tests\unit\test_descriptor_pool_analyzer.cpp(28): error C2641: cannot deduce template arguments for 'std::unordered_map'
P:\Development\personal\games\NextGenGameEngine\tests\unit\test_descriptor_pool_analyzer.cpp(28): error C2783: 'std::unordered_map<_Kty,_Ty,_Hasher,_Keyeq,_Alloc> std::unordered_map(const std::unordered_map<_Kty,_Ty,_Hasher,_Keyeq,_Alloc> &,const _Hash<std::_Umap_traits<_Kty,_Ty,std::_Uhash_compare<_Kty,_Hasher,_Keyeq>,_Alloc,false>>::allocator_type &)': could not deduce template argument for '_Kty'
C:\Program Files (x86)\Microsoft Visual Studio\2019\BuildTools\VC\Tools\MSVC\14.29.30133\include\unordered_map(112): note: see declaration of 'std::unordered_map'
P:\Development\personal\games\NextGenGameEngine\tests\unit\test_descriptor_pool_analyzer.cpp(28): error C2783: 'std::unordered_map<_Kty,_Ty,_Hasher,_Keyeq,_Alloc> std::unordered_map(const std::unordered_map<_Kty,_Ty,_Hasher,_Keyeq,_Alloc> &,const _Hash<std::_Umap_traits<_Kty,_Ty,std::_Uhash_compare<_Kty,_Hasher,_Keyeq>,_Alloc,false>>::allocator_type &)': could not deduce template argument for '_Ty'
C:\Program Files (x86)\Microsoft Visual Studio\2019\BuildTools\VC\Tools\MSVC\14.29.30133\include\unordered_map(112): note: see declaration of 'std::unordered_map'
P:\Development\personal\games\NextGenGameEngine\tests\unit\test_descriptor_pool_analyzer.cpp(31): error C2780: 'std::unordered_map<_Kty,_Ty,_Hasher,_Keyeq,_Alloc> std::unordered_map(const std::unordered_map<_Kty,_Ty,_Hasher,_Keyeq,_Alloc> &)': expects 1 arguments - 2 provided
C:\Program Files (x86)\Microsoft Visual Studio\2019\BuildTools\VC\Tools\MSVC\14.29.30133\include\unordered_map(109): note: see declaration of 'std::unordered_map'
P:\Development\personal\games\NextGenGameEngine\tests\unit\test_descriptor_pool_analyzer.cpp(31): error C2780: 'std::unordered_map<_Kty,_Ty,_Hasher,_Keyeq,_Alloc> std::unordered_map(const _Hash<std::_Umap_traits<_Kty,_Ty,std::_Uhash_compare<_Kty,_Hasher,_Keyeq>,_Alloc,false>>::allocator_type &)': expects 1 arguments - 2 provided
C:\Program Files (x86)\Microsoft Visual Studio\2019\BuildTools\VC\Tools\MSVC\14.29.30133\include\unordered_map(107): note: see declaration of 'std::unordered_map'
P:\Development\personal\games\NextGenGameEngine\tests\unit\test_descriptor_pool_analyzer.cpp(31): error C2780: 'std::unordered_map<_Kty,_Ty,_Hasher,_Keyeq,_Alloc> std::unordered_map(void)': expects 0 arguments - 2 provided
C:\Program Files (x86)\Microsoft Visual Studio\2019\BuildTools\VC\Tools\MSVC\14.29.30133\include\unordered_map(105): note: see declaration of 'std::unordered_map'
P:\Development\personal\games\NextGenGameEngine\tests\unit\test_descriptor_pool_analyzer.cpp(31): error C2780: 'std::unordered_map<_Kty,_Ty,_Hasher,_Keyeq,_Alloc> std::unordered_map(std::unordered_map<_Kty,_Ty,_Hasher,_Keyeq,_Alloc>)': expects 1 arguments - 2 provided
C:\Program Files (x86)\Microsoft Visual Studio\2019\BuildTools\VC\Tools\MSVC\14.29.30133\include\unordered_map(67): note: see declaration of 'std::unordered_map'
P:\Development\personal\games\NextGenGameEngine\tests\unit\test_descriptor_pool_analyzer.cpp(50): error C2065: 'u32': undeclared identifier
P:\Development\personal\games\NextGenGameEngine\tests\unit\test_descriptor_pool_analyzer.cpp(50): error C2923: 'std::unordered_map': 'u32' is not a valid template type argument for parameter '_Ty'
P:\Development\personal\games\NextGenGameEngine\tests\unit\test_descriptor_pool_analyzer.cpp(50): note: see declaration of 'u32'
P:\Development\personal\games\NextGenGameEngine\tests\unit\test_descriptor_pool_analyzer.cpp(50): error C2976: 'std::unordered_map': too few template arguments
C:\Program Files (x86)\Microsoft Visual Studio\2019\BuildTools\VC\Tools\MSVC\14.29.30133\include\unordered_map(67): note: see declaration of 'std::unordered_map'
P:\Development\personal\games\NextGenGameEngine\tests\unit\test_descriptor_pool_analyzer.cpp(50): error C2641: cannot deduce template arguments for 'std::unordered_map'
P:\Development\personal\games\NextGenGameEngine\tests\unit\test_descriptor_pool_analyzer.cpp(50): error C2783: 'std::unordered_map<_Kty,_Ty,_Hasher,_Keyeq,_Alloc> std::unordered_map(std::unordered_map<_Kty,_Ty,_Hasher,_Keyeq,_Alloc>)': could not deduce template argument for '_Kty'
C:\Program Files (x86)\Microsoft Visual Studio\2019\BuildTools\VC\Tools\MSVC\14.29.30133\include\unordered_map(67): note: see declaration of 'std::unordered_map'
P:\Development\personal\games\NextGenGameEngine\tests\unit\test_descriptor_pool_analyzer.cpp(50): error C2783: 'std::unordered_map<_Kty,_Ty,_Hasher,_Keyeq,_Alloc> std::unordered_map(std::unordered_map<_Kty,_Ty,_Hasher,_Keyeq,_Alloc>)': could not deduce template argument for '_Ty'
C:\Program Files (x86)\Microsoft Visual Studio\2019\BuildTools\VC\Tools\MSVC\14.29.30133\include\unordered_map(67): note: see declaration of 'std::unordered_map'
P:\Development\personal\games\NextGenGameEngine\tests\unit\test_descriptor_pool_analyzer.cpp(56): error C2065: 'u32': undeclared identifier
P:\Development\personal\games\NextGenGameEngine\tests\unit\test_descriptor_pool_analyzer.cpp(56): error C2923: 'std::unordered_map': 'u32' is not a valid template type argument for parameter '_Ty'
P:\Development\personal\games\NextGenGameEngine\tests\unit\test_descriptor_pool_analyzer.cpp(56): note: see declaration of 'u32'
P:\Development\personal\games\NextGenGameEngine\tests\unit\test_descriptor_pool_analyzer.cpp(56): error C2976: 'std::unordered_map': too few template arguments
C:\Program Files (x86)\Microsoft Visual Studio\2019\BuildTools\VC\Tools\MSVC\14.29.30133\include\unordered_map(67): note: see declaration of 'std::unordered_map'
P:\Development\personal\games\NextGenGameEngine\tests\unit\test_descriptor_pool_analyzer.cpp(56): error C2641: cannot deduce template arguments for 'std::unordered_map'
P:\Development\personal\games\NextGenGameEngine\tests\unit\test_descriptor_pool_analyzer.cpp(56): error C2783: 'std::unordered_map<_Kty,_Ty,_Hasher,_Keyeq,_Alloc> std::unordered_map(std::unordered_map<_Kty,_Ty,_Hasher,_Keyeq,_Alloc>)': could not deduce template argument for '_Kty'
C:\Program Files (x86)\Microsoft Visual Studio\2019\BuildTools\VC\Tools\MSVC\14.29.30133\include\unordered_map(67): note: see declaration of 'std::unordered_map'
P:\Development\personal\games\NextGenGameEngine\tests\unit\test_descriptor_pool_analyzer.cpp(56): error C2783: 'std::unordered_map<_Kty,_Ty,_Hasher,_Keyeq,_Alloc> std::unordered_map(std::unordered_map<_Kty,_Ty,_Hasher,_Keyeq,_Alloc>)': could not deduce template argument for '_Ty'
C:\Program Files (x86)\Microsoft Visual Studio\2019\BuildTools\VC\Tools\MSVC\14.29.30133\include\unordered_map(67): note: see declaration of 'std::unordered_map'
P:\Development\personal\games\NextGenGameEngine\tests\unit\test_descriptor_pool_analyzer.cpp(76): error C2065: 'u32': undeclared identifier
P:\Development\personal\games\NextGenGameEngine\tests\unit\test_descriptor_pool_analyzer.cpp(76): error C2923: 'std::unordered_map': 'u32' is not a valid template type argument for parameter '_Ty'
P:\Development\personal\games\NextGenGameEngine\tests\unit\test_descriptor_pool_analyzer.cpp(76): note: see declaration of 'u32'
P:\Development\personal\games\NextGenGameEngine\tests\unit\test_descriptor_pool_analyzer.cpp(76): error C2976: 'std::unordered_map': too few template arguments
C:\Program Files (x86)\Microsoft Visual Studio\2019\BuildTools\VC\Tools\MSVC\14.29.30133\include\unordered_map(67): note: see declaration of 'std::unordered_map'
P:\Development\personal\games\NextGenGameEngine\tests\unit\test_descriptor_pool_analyzer.cpp(76): error C2641: cannot deduce template arguments for 'std::unordered_map'
P:\Development\personal\games\NextGenGameEngine\tests\unit\test_descriptor_pool_analyzer.cpp(76): error C2783: 'std::unordered_map<_Kty,_Ty,_Hasher,_Keyeq,_Alloc> std::unordered_map(const std::unordered_map<_Kty,_Ty,_Hasher,_Keyeq,_Alloc> &,const _Hash<std::_Umap_traits<_Kty,_Ty,std::_Uhash_compare<_Kty,_Hasher,_Keyeq>,_Alloc,false>>::allocator_type &)': could not deduce template argument for '_Kty'
C:\Program Files (x86)\Microsoft Visual Studio\2019\BuildTools\VC\Tools\MSVC\14.29.30133\include\unordered_map(112): note: see declaration of 'std::unordered_map'
P:\Development\personal\games\NextGenGameEngine\tests\unit\test_descriptor_pool_analyzer.cpp(76): error C2783: 'std::unordered_map<_Kty,_Ty,_Hasher,_Keyeq,_Alloc> std::unordered_map(const std::unordered_map<_Kty,_Ty,_Hasher,_Keyeq,_Alloc> &,const _Hash<std::_Umap_traits<_Kty,_Ty,std::_Uhash_compare<_Kty,_Hasher,_Keyeq>,_Alloc,false>>::allocator_type &)': could not deduce template argument for '_Ty'
C:\Program Files (x86)\Microsoft Visual Studio\2019\BuildTools\VC\Tools\MSVC\14.29.30133\include\unordered_map(112): note: see declaration of 'std::unordered_map'
P:\Development\personal\games\NextGenGameEngine\tests\unit\test_descriptor_pool_analyzer.cpp(79): error C2780: 'std::unordered_map<_Kty,_Ty,_Hasher,_Keyeq,_Alloc> std::unordered_map(const std::unordered_map<_Kty,_Ty,_Hasher,_Keyeq,_Alloc> &)': expects 1 arguments - 2 provided
C:\Program Files (x86)\Microsoft Visual Studio\2019\BuildTools\VC\Tools\MSVC\14.29.30133\include\unordered_map(109): note: see declaration of 'std::unordered_map'
P:\Development\personal\games\NextGenGameEngine\tests\unit\test_descriptor_pool_analyzer.cpp(79): error C2780: 'std::unordered_map<_Kty,_Ty,_Hasher,_Keyeq,_Alloc> std::unordered_map(const _Hash<std::_Umap_traits<_Kty,_Ty,std::_Uhash_compare<_Kty,_Hasher,_Keyeq>,_Alloc,false>>::allocator_type &)': expects 1 arguments - 2 provided
C:\Program Files (x86)\Microsoft Visual Studio\2019\BuildTools\VC\Tools\MSVC\14.29.30133\include\unordered_map(107): note: see declaration of 'std::unordered_map'
P:\Development\personal\games\NextGenGameEngine\tests\unit\test_descriptor_pool_analyzer.cpp(79): error C2780: 'std::unordered_map<_Kty,_Ty,_Hasher,_Keyeq,_Alloc> std::unordered_map(void)': expects 0 arguments - 2 provided
C:\Program Files (x86)\Microsoft Visual Studio\2019\BuildTools\VC\Tools\MSVC\14.29.30133\include\unordered_map(105): note: see declaration of 'std::unordered_map'
P:\Development\personal\games\NextGenGameEngine\tests\unit\test_descriptor_pool_analyzer.cpp(79): error C2780: 'std::unordered_map<_Kty,_Ty,_Hasher,_Keyeq,_Alloc> std::unordered_map(std::unordered_map<_Kty,_Ty,_Hasher,_Keyeq,_Alloc>)': expects 1 arguments - 2 provided
C:\Program Files (x86)\Microsoft Visual Studio\2019\BuildTools\VC\Tools\MSVC\14.29.30133\include\unordered_map(67): note: see declaration of 'std::unordered_map'
P:\Development\personal\games\NextGenGameEngine\tests\unit\test_descriptor_pool_analyzer.cpp(83): error C2065: 'u32': undeclared identifier
P:\Development\personal\games\NextGenGameEngine\tests\unit\test_descriptor_pool_analyzer.cpp(83): error C2923: 'std::unordered_map': 'u32' is not a valid template type argument for parameter '_Ty'
P:\Development\personal\games\NextGenGameEngine\tests\unit\test_descriptor_pool_analyzer.cpp(83): note: see declaration of 'u32'
P:\Development\personal\games\NextGenGameEngine\tests\unit\test_descriptor_pool_analyzer.cpp(83): error C2976: 'std::unordered_map': too few template arguments
C:\Program Files (x86)\Microsoft Visual Studio\2019\BuildTools\VC\Tools\MSVC\14.29.30133\include\unordered_map(67): note: see declaration of 'std::unordered_map'
P:\Development\personal\games\NextGenGameEngine\tests\unit\test_descriptor_pool_analyzer.cpp(83): error C2641: cannot deduce template arguments for 'std::unordered_map'
P:\Development\personal\games\NextGenGameEngine\tests\unit\test_descriptor_pool_analyzer.cpp(83): error C2783: 'std::unordered_map<_Kty,_Ty,_Hasher,_Keyeq,_Alloc> std::unordered_map(const std::unordered_map<_Kty,_Ty,_Hasher,_Keyeq,_Alloc> &,const _Hash<std::_Umap_traits<_Kty,_Ty,std::_Uhash_compare<_Kty,_Hasher,_Keyeq>,_Alloc,false>>::allocator_type &)': could not deduce template argument for '_Kty'
C:\Program Files (x86)\Microsoft Visual Studio\2019\BuildTools\VC\Tools\MSVC\14.29.30133\include\unordered_map(112): note: see declaration of 'std::unordered_map'
P:\Development\personal\games\NextGenGameEngine\tests\unit\test_descriptor_pool_analyzer.cpp(83): error C2783: 'std::unordered_map<_Kty,_Ty,_Hasher,_Keyeq,_Alloc> std::unordered_map(const std::unordered_map<_Kty,_Ty,_Hasher,_Keyeq,_Alloc> &,const _Hash<std::_Umap_traits<_Kty,_Ty,std::_Uhash_compare<_Kty,_Hasher,_Keyeq>,_Alloc,false>>::allocator_type &)': could not deduce template argument for '_Ty'
C:\Program Files (x86)\Microsoft Visual Studio\2019\BuildTools\VC\Tools\MSVC\14.29.30133\include\unordered_map(112): note: see declaration of 'std::unordered_map'
P:\Development\personal\games\NextGenGameEngine\tests\unit\test_descriptor_pool_analyzer.cpp(86): error C2780: 'std::unordered_map<_Kty,_Ty,_Hasher,_Keyeq,_Alloc> std::unordered_map(const std::unordered_map<_Kty,_Ty,_Hasher,_Keyeq,_Alloc> &)': expects 1 arguments - 2 provided
C:\Program Files (x86)\Microsoft Visual Studio\2019\BuildTools\VC\Tools\MSVC\14.29.30133\include\unordered_map(109): note: see declaration of 'std::unordered_map'
P:\Development\personal\games\NextGenGameEngine\tests\unit\test_descriptor_pool_analyzer.cpp(86): error C2780: 'std::unordered_map<_Kty,_Ty,_Hasher,_Keyeq,_Alloc> std::unordered_map(const _Hash<std::_Umap_traits<_Kty,_Ty,std::_Uhash_compare<_Kty,_Hasher,_Keyeq>,_Alloc,false>>::allocator_type &)': expects 1 arguments - 2 provided
C:\Program Files (x86)\Microsoft Visual Studio\2019\BuildTools\VC\Tools\MSVC\14.29.30133\include\unordered_map(107): note: see declaration of 'std::unordered_map'
P:\Development\personal\games\NextGenGameEngine\tests\unit\test_descriptor_pool_analyzer.cpp(86): error C2780: 'std::unordered_map<_Kty,_Ty,_Hasher,_Keyeq,_Alloc> std::unordered_map(void)': expects 0 arguments - 2 provided
C:\Program Files (x86)\Microsoft Visual Studio\2019\BuildTools\VC\Tools\MSVC\14.29.30133\include\unordered_map(105): note: see declaration of 'std::unordered_map'
P:\Development\personal\games\NextGenGameEngine\tests\unit\test_descriptor_pool_analyzer.cpp(86): error C2780: 'std::unordered_map<_Kty,_Ty,_Hasher,_Keyeq,_Alloc> std::unordered_map(std::unordered_map<_Kty,_Ty,_Hasher,_Keyeq,_Alloc>)': expects 1 arguments - 2 provided
C:\Program Files (x86)\Microsoft Visual Studio\2019\BuildTools\VC\Tools\MSVC\14.29.30133\include\unordered_map(67): note: see declaration of 'std::unordered_map'
P:\Development\personal\games\NextGenGameEngine\tests\unit\test_descriptor_pool_analyzer.cpp(102): error C2065: 'u32': undeclared identifier
P:\Development\personal\games\NextGenGameEngine\tests\unit\test_descriptor_pool_analyzer.cpp(102): error C2923: 'std::unordered_map': 'u32' is not a valid template type argument for parameter '_Ty'
P:\Development\personal\games\NextGenGameEngine\tests\unit\test_descriptor_pool_analyzer.cpp(102): note: see declaration of 'u32'
P:\Development\personal\games\NextGenGameEngine\tests\unit\test_descriptor_pool_analyzer.cpp(102): error C2976: 'std::unordered_map': too few template arguments
C:\Program Files (x86)\Microsoft Visual Studio\2019\BuildTools\VC\Tools\MSVC\14.29.30133\include\unordered_map(67): note: see declaration of 'std::unordered_map'
P:\Development\personal\games\NextGenGameEngine\tests\unit\test_descriptor_pool_analyzer.cpp(102): error C2641: cannot deduce template arguments for 'std::unordered_map'
P:\Development\personal\games\NextGenGameEngine\tests\unit\test_descriptor_pool_analyzer.cpp(102): error C2783: 'std::unordered_map<_Kty,_Ty,_Hasher,_Keyeq,_Alloc> std::unordered_map(_Hash<std::_Umap_traits<_Kty,_Ty,std::_Uhash_compare<_Kty,_Hasher,_Keyeq>,_Alloc,false>>::size_type,const _Hasher &,const _Hash<std::_Umap_traits<_Kty,_Ty,std::_Uhash_compare<_Kty,_Hasher,_Keyeq>,_Alloc,false>>::allocator_type &)': could not deduce template argument for '_Kty'
C:\Program Files (x86)\Microsoft Visual Studio\2019\BuildTools\VC\Tools\MSVC\14.29.30133\include\unordered_map(126): note: see declaration of 'std::unordered_map'
P:\Development\personal\games\NextGenGameEngine\tests\unit\test_descriptor_pool_analyzer.cpp(102): error C2783: 'std::unordered_map<_Kty,_Ty,_Hasher,_Keyeq,_Alloc> std::unordered_map(_Hash<std::_Umap_traits<_Kty,_Ty,std::_Uhash_compare<_Kty,_Hasher,_Keyeq>,_Alloc,false>>::size_type,const _Hasher &,const _Hash<std::_Umap_traits<_Kty,_Ty,std::_Uhash_compare<_Kty,_Hasher,_Keyeq>,_Alloc,false>>::allocator_type &)': could not deduce template argument for '_Ty'
C:\Program Files (x86)\Microsoft Visual Studio\2019\BuildTools\VC\Tools\MSVC\14.29.30133\include\unordered_map(126): note: see declaration of 'std::unordered_map'
P:\Development\personal\games\NextGenGameEngine\tests\unit\test_descriptor_pool_analyzer.cpp(106): error C2780: 'std::unordered_map<_Kty,_Ty,_Hasher,_Keyeq,_Alloc> std::unordered_map(_Hash<std::_Umap_traits<_Kty,_Ty,std::_Uhash_compare<_Kty,_Hasher,_Keyeq>,_Alloc,false>>::size_type,const _Hasher &)': expects 2 arguments - 3 provided
C:\Program Files (x86)\Microsoft Visual Studio\2019\BuildTools\VC\Tools\MSVC\14.29.30133\include\unordered_map(122): note: see declaration of 'std::unordered_map'
P:\Development\personal\games\NextGenGameEngine\tests\unit\test_descriptor_pool_analyzer.cpp(106): error C2780: 'std::unordered_map<_Kty,_Ty,_Hasher,_Keyeq,_Alloc> std::unordered_map(_Hash<std::_Umap_traits<_Kty,_Ty,std::_Uhash_compare<_Kty,_Hasher,_Keyeq>,_Alloc,false>>::size_type,const _Hash<std::_Umap_traits<_Kty,_Ty,std::_Uhash_compare<_Kty,_Hasher,_Keyeq>,_Alloc,false>>::allocator_type &)': expects 2 arguments - 3 provided
C:\Program Files (x86)\Microsoft Visual Studio\2019\BuildTools\VC\Tools\MSVC\14.29.30133\include\unordered_map(118): note: see declaration of 'std::unordered_map'
P:\Development\personal\games\NextGenGameEngine\tests\unit\test_descriptor_pool_analyzer.cpp(106): error C2780: 'std::unordered_map<_Kty,_Ty,_Hasher,_Keyeq,_Alloc> std::unordered_map(_Hash<std::_Umap_traits<_Kty,_Ty,std::_Uhash_compare<_Kty,_Hasher,_Keyeq>,_Alloc,false>>::size_type)': expects 1 arguments - 3 provided
C:\Program Files (x86)\Microsoft Visual Studio\2019\BuildTools\VC\Tools\MSVC\14.29.30133\include\unordered_map(114): note: see declaration of 'std::unordered_map'
P:\Development\personal\games\NextGenGameEngine\tests\unit\test_descriptor_pool_analyzer.cpp(106): error C2780: 'std::unordered_map<_Kty,_Ty,_Hasher,_Keyeq,_Alloc> std::unordered_map(const std::unordered_map<_Kty,_Ty,_Hasher,_Keyeq,_Alloc> &,const _Hash<std::_Umap_traits<_Kty,_Ty,std::_Uhash_compare<_Kty,_Hasher,_Keyeq>,_Alloc,false>>::allocator_type &)': expects 2 arguments - 3 provided
C:\Program Files (x86)\Microsoft Visual Studio\2019\BuildTools\VC\Tools\MSVC\14.29.30133\include\unordered_map(112): note: see declaration of 'std::unordered_map'
P:\Development\personal\games\NextGenGameEngine\tests\unit\test_descriptor_pool_analyzer.cpp(106): error C2780: 'std::unordered_map<_Kty,_Ty,_Hasher,_Keyeq,_Alloc> std::unordered_map(const std::unordered_map<_Kty,_Ty,_Hasher,_Keyeq,_Alloc> &)': expects 1 arguments - 3 provided
C:\Program Files (x86)\Microsoft Visual Studio\2019\BuildTools\VC\Tools\MSVC\14.29.30133\include\unordered_map(109): note: see declaration of 'std::unordered_map'
P:\Development\personal\games\NextGenGameEngine\tests\unit\test_descriptor_pool_analyzer.cpp(106): error C2780: 'std::unordered_map<_Kty,_Ty,_Hasher,_Keyeq,_Alloc> std::unordered_map(const _Hash<std::_Umap_traits<_Kty,_Ty,std::_Uhash_compare<_Kty,_Hasher,_Keyeq>,_Alloc,false>>::allocator_type &)': expects 1 arguments - 3 provided
C:\Program Files (x86)\Microsoft Visual Studio\2019\BuildTools\VC\Tools\MSVC\14.29.30133\include\unordered_map(107): note: see declaration of 'std::unordered_map'
P:\Development\personal\games\NextGenGameEngine\tests\unit\test_descriptor_pool_analyzer.cpp(106): error C2780: 'std::unordered_map<_Kty,_Ty,_Hasher,_Keyeq,_Alloc> std::unordered_map(void)': expects 0 arguments - 3 provided
C:\Program Files (x86)\Microsoft Visual Studio\2019\BuildTools\VC\Tools\MSVC\14.29.30133\include\unordered_map(105): note: see declaration of 'std::unordered_map'
P:\Development\personal\games\NextGenGameEngine\tests\unit\test_descriptor_pool_analyzer.cpp(106): error C2780: 'std::unordered_map<_Kty,_Ty,_Hasher,_Keyeq,_Alloc> std::unordered_map(std::unordered_map<_Kty,_Ty,_Hasher,_Keyeq,_Alloc>)': expects 1 arguments - 3 provided
C:\Program Files (x86)\Microsoft Visual Studio\2019\BuildTools\VC\Tools\MSVC\14.29.30133\include\unordered_map(67): note: see declaration of 'std::unordered_map'
P:\Development\personal\games\NextGenGameEngine\tests\unit\test_descriptor_pool_analyzer.cpp(111): error C2065: 'u32': undeclared identifier
P:\Development\personal\games\NextGenGameEngine\tests\unit\test_descriptor_pool_analyzer.cpp(111): error C2923: 'std::unordered_map': 'u32' is not a valid template type argument for parameter '_Ty'
P:\Development\personal\games\NextGenGameEngine\tests\unit\test_descriptor_pool_analyzer.cpp(111): note: see declaration of 'u32'
P:\Development\personal\games\NextGenGameEngine\tests\unit\test_descriptor_pool_analyzer.cpp(111): error C2976: 'std::unordered_map': too few template arguments
C:\Program Files (x86)\Microsoft Visual Studio\2019\BuildTools\VC\Tools\MSVC\14.29.30133\include\unordered_map(67): note: see declaration of 'std::unordered_map'
P:\Development\personal\games\NextGenGameEngine\tests\unit\test_descriptor_pool_analyzer.cpp(111): error C2641: cannot deduce template arguments for 'std::unordered_map'
P:\Development\personal\games\NextGenGameEngine\tests\unit\test_descriptor_pool_analyzer.cpp(111): error C2783: 'std::unordered_map<_Kty,_Ty,_Hasher,_Keyeq,_Alloc> std::unordered_map(_Hash<std::_Umap_traits<_Kty,_Ty,std::_Uhash_compare<_Kty,_Hasher,_Keyeq>,_Alloc,false>>::size_type,const _Hasher &,const _Hash<std::_Umap_traits<_Kty,_Ty,std::_Uhash_compare<_Kty,_Hasher,_Keyeq>,_Alloc,false>>::allocator_type &)': could not deduce template argument for '_Kty'
C:\Program Files (x86)\Microsoft Visual Studio\2019\BuildTools\VC\Tools\MSVC\14.29.30133\include\unordered_map(126): note: see declaration of 'std::unordered_map'
P:\Development\personal\games\NextGenGameEngine\tests\unit\test_descriptor_pool_analyzer.cpp(111): error C2783: 'std::unordered_map<_Kty,_Ty,_Hasher,_Keyeq,_Alloc> std::unordered_map(_Hash<std::_Umap_traits<_Kty,_Ty,std::_Uhash_compare<_Kty,_Hasher,_Keyeq>,_Alloc,false>>::size_type,const _Hasher &,const _Hash<std::_Umap_traits<_Kty,_Ty,std::_Uhash_compare<_Kty,_Hasher,_Keyeq>,_Alloc,false>>::allocator_type &)': could not deduce template argument for '_Ty'
C:\Program Files (x86)\Microsoft Visual Studio\2019\BuildTools\VC\Tools\MSVC\14.29.30133\include\unordered_map(126): note: see declaration of 'std::unordered_map'
P:\Development\personal\games\NextGenGameEngine\tests\unit\test_descriptor_pool_analyzer.cpp(115): error C2780: 'std::unordered_map<_Kty,_Ty,_Hasher,_Keyeq,_Alloc> std::unordered_map(_Hash<std::_Umap_traits<_Kty,_Ty,std::_Uhash_compare<_Kty,_Hasher,_Keyeq>,_Alloc,false>>::size_type,const _Hasher &)': expects 2 arguments - 3 provided
C:\Program Files (x86)\Microsoft Visual Studio\2019\BuildTools\VC\Tools\MSVC\14.29.30133\include\unordered_map(122): note: see declaration of 'std::unordered_map'
P:\Development\personal\games\NextGenGameEngine\tests\unit\test_descriptor_pool_analyzer.cpp(115): error C2780: 'std::unordered_map<_Kty,_Ty,_Hasher,_Keyeq,_Alloc> std::unordered_map(_Hash<std::_Umap_traits<_Kty,_Ty,std::_Uhash_compare<_Kty,_Hasher,_Keyeq>,_Alloc,false>>::size_type,const _Hash<std::_Umap_traits<_Kty,_Ty,std::_Uhash_compare<_Kty,_Hasher,_Keyeq>,_Alloc,false>>::allocator_type &)': expects 2 arguments - 3 provided
C:\Program Files (x86)\Microsoft Visual Studio\2019\BuildTools\VC\Tools\MSVC\14.29.30133\include\unordered_map(118): note: see declaration of 'std::unordered_map'
P:\Development\personal\games\NextGenGameEngine\tests\unit\test_descriptor_pool_analyzer.cpp(115): error C2780: 'std::unordered_map<_Kty,_Ty,_Hasher,_Keyeq,_Alloc> std::unordered_map(_Hash<std::_Umap_traits<_Kty,_Ty,std::_Uhash_compare<_Kty,_Hasher,_Keyeq>,_Alloc,false>>::size_type)': expects 1 arguments - 3 provided
C:\Program Files (x86)\Microsoft Visual Studio\2019\BuildTools\VC\Tools\MSVC\14.29.30133\include\unordered_map(114): note: see declaration of 'std::unordered_map'
P:\Development\personal\games\NextGenGameEngine\tests\unit\test_descriptor_pool_analyzer.cpp(115): error C2780: 'std::unordered_map<_Kty,_Ty,_Hasher,_Keyeq,_Alloc> std::unordered_map(const std::unordered_map<_Kty,_Ty,_Hasher,_Keyeq,_Alloc> &,const _Hash<std::_Umap_traits<_Kty,_Ty,std::_Uhash_compare<_Kty,_Hasher,_Keyeq>,_Alloc,false>>::allocator_type &)': expects 2 arguments - 3 provided
C:\Program Files (x86)\Microsoft Visual Studio\2019\BuildTools\VC\Tools\MSVC\14.29.30133\include\unordered_map(112): note: see declaration of 'std::unordered_map'
P:\Development\personal\games\NextGenGameEngine\tests\unit\test_descriptor_pool_analyzer.cpp(115): error C2780: 'std::unordered_map<_Kty,_Ty,_Hasher,_Keyeq,_Alloc> std::unordered_map(const std::unordered_map<_Kty,_Ty,_Hasher,_Keyeq,_Alloc> &)': expects 1 arguments - 3 provided
C:\Program Files (x86)\Microsoft Visual Studio\2019\BuildTools\VC\Tools\MSVC\14.29.30133\include\unordered_map(109): note: see declaration of 'std::unordered_map'
P:\Development\personal\games\NextGenGameEngine\tests\unit\test_descriptor_pool_analyzer.cpp(115): error C2780: 'std::unordered_map<_Kty,_Ty,_Hasher,_Keyeq,_Alloc> std::unordered_map(const _Hash<std::_Umap_traits<_Kty,_Ty,std::_Uhash_compare<_Kty,_Hasher,_Keyeq>,_Alloc,false>>::allocator_type &)': expects 1 arguments - 3 provided
C:\Program Files (x86)\Microsoft Visual Studio\2019\BuildTools\VC\Tools\MSVC\14.29.30133\include\unordered_map(107): note: see declaration of 'std::unordered_map'
P:\Development\personal\games\NextGenGameEngine\tests\unit\test_descriptor_pool_analyzer.cpp(115): error C2780: 'std::unordered_map<_Kty,_Ty,_Hasher,_Keyeq,_Alloc> std::unordered_map(void)': expects 0 arguments - 3 provided
C:\Program Files (x86)\Microsoft Visual Studio\2019\BuildTools\VC\Tools\MSVC\14.29.30133\include\unordered_map(105): note: see declaration of 'std::unordered_map'
P:\Development\personal\games\NextGenGameEngine\tests\unit\test_descriptor_pool_analyzer.cpp(115): error C2780: 'std::unordered_map<_Kty,_Ty,_Hasher,_Keyeq,_Alloc> std::unordered_map(std::unordered_map<_Kty,_Ty,_Hasher,_Keyeq,_Alloc>)': expects 1 arguments - 3 provided
C:\Program Files (x86)\Microsoft Visual Studio\2019\BuildTools\VC\Tools\MSVC\14.29.30133\include\unordered_map(67): note: see declaration of 'std::unordered_map'
P:\Development\personal\games\NextGenGameEngine\tests\unit\test_descriptor_pool_analyzer.cpp(129): error C2065: 'u32': undeclared identifier
P:\Development\personal\games\NextGenGameEngine\tests\unit\test_descriptor_pool_analyzer.cpp(129): error C2923: 'std::unordered_map': 'u32' is not a valid template type argument for parameter '_Ty'
P:\Development\personal\games\NextGenGameEngine\tests\unit\test_descriptor_pool_analyzer.cpp(129): note: see declaration of 'u32'
P:\Development\personal\games\NextGenGameEngine\tests\unit\test_descriptor_pool_analyzer.cpp(129): error C2976: 'std::unordered_map': too few template arguments
C:\Program Files (x86)\Microsoft Visual Studio\2019\BuildTools\VC\Tools\MSVC\14.29.30133\include\unordered_map(67): note: see declaration of 'std::unordered_map'
P:\Development\personal\games\NextGenGameEngine\tests\unit\test_descriptor_pool_analyzer.cpp(129): error C2641: cannot deduce template arguments for 'std::unordered_map'
P:\Development\personal\games\NextGenGameEngine\tests\unit\test_descriptor_pool_analyzer.cpp(129): error C2783: 'std::unordered_map<_Kty,_Ty,_Hasher,_Keyeq,_Alloc> std::unordered_map(std::unordered_map<_Kty,_Ty,_Hasher,_Keyeq,_Alloc>)': could not deduce template argument for '_Kty'
C:\Program Files (x86)\Microsoft Visual Studio\2019\BuildTools\VC\Tools\MSVC\14.29.30133\include\unordered_map(67): note: see declaration of 'std::unordered_map'
P:\Development\personal\games\NextGenGameEngine\tests\unit\test_descriptor_pool_analyzer.cpp(129): error C2783: 'std::unordered_map<_Kty,_Ty,_Hasher,_Keyeq,_Alloc> std::unordered_map(std::unordered_map<_Kty,_Ty,_Hasher,_Keyeq,_Alloc>)': could not deduce template argument for '_Ty'
C:\Program Files (x86)\Microsoft Visual Studio\2019\BuildTools\VC\Tools\MSVC\14.29.30133\include\unordered_map(67): note: see declaration of 'std::unordered_map'
P:\Development\personal\games\NextGenGameEngine\tests\unit\test_descriptor_pool_analyzer.cpp(146): error C2065: 'u32': undeclared identifier
P:\Development\personal\games\NextGenGameEngine\tests\unit\test_descriptor_pool_analyzer.cpp(146): error C2923: 'std::unordered_map': 'u32' is not a valid template type argument for parameter '_Ty'
P:\Development\personal\games\NextGenGameEngine\tests\unit\test_descriptor_pool_analyzer.cpp(146): note: see declaration of 'u32'
P:\Development\personal\games\NextGenGameEngine\tests\unit\test_descriptor_pool_analyzer.cpp(146): error C2976: 'std::unordered_map': too few template arguments
C:\Program Files (x86)\Microsoft Visual Studio\2019\BuildTools\VC\Tools\MSVC\14.29.30133\include\unordered_map(67): note: see declaration of 'std::unordered_map'
P:\Development\personal\games\NextGenGameEngine\tests\unit\test_descriptor_pool_analyzer.cpp(146): error C2641: cannot deduce template arguments for 'std::unordered_map'
P:\Development\personal\games\NextGenGameEngine\tests\unit\test_descriptor_pool_analyzer.cpp(146): error C2783: 'std::unordered_map<_Kty,_Ty,_Hasher,_Keyeq,_Alloc> std::unordered_map(std::unordered_map<_Kty,_Ty,_Hasher,_Keyeq,_Alloc>)': could not deduce template argument for '_Kty'
C:\Program Files (x86)\Microsoft Visual Studio\2019\BuildTools\VC\Tools\MSVC\14.29.30133\include\unordered_map(67): note: see declaration of 'std::unordered_map'
P:\Development\personal\games\NextGenGameEngine\tests\unit\test_descriptor_pool_analyzer.cpp(146): error C2783: 'std::unordered_map<_Kty,_Ty,_Hasher,_Keyeq,_Alloc> std::unordered_map(std::unordered_map<_Kty,_Ty,_Hasher,_Keyeq,_Alloc>)': could not deduce template argument for '_Ty'
C:\Program Files (x86)\Microsoft Visual Studio\2019\BuildTools\VC\Tools\MSVC\14.29.30133\include\unordered_map(67): note: see declaration of 'std::unordered_map'
P:\Development\personal\games\NextGenGameEngine\tests\unit\test_descriptor_pool_analyzer.cpp(154): error C2065: 'u32': undeclared identifier
P:\Development\personal\games\NextGenGameEngine\tests\unit\test_descriptor_pool_analyzer.cpp(154): error C2923: 'std::unordered_map': 'u32' is not a valid template type argument for parameter '_Ty'
P:\Development\personal\games\NextGenGameEngine\tests\unit\test_descriptor_pool_analyzer.cpp(154): note: see declaration of 'u32'
P:\Development\personal\games\NextGenGameEngine\tests\unit\test_descriptor_pool_analyzer.cpp(154): error C2976: 'std::unordered_map': too few template arguments
C:\Program Files (x86)\Microsoft Visual Studio\2019\BuildTools\VC\Tools\MSVC\14.29.30133\include\unordered_map(67): note: see declaration of 'std::unordered_map'
P:\Development\personal\games\NextGenGameEngine\tests\unit\test_descriptor_pool_analyzer.cpp(154): error C2641: cannot deduce template arguments for 'std::unordered_map'
P:\Development\personal\games\NextGenGameEngine\tests\unit\test_descriptor_pool_analyzer.cpp(154): error C2783: 'std::unordered_map<_Kty,_Ty,_Hasher,_Keyeq,_Alloc> std::unordered_map(std::unordered_map<_Kty,_Ty,_Hasher,_Keyeq,_Alloc>)': could not deduce template argument for '_Kty'
C:\Program Files (x86)\Microsoft Visual Studio\2019\BuildTools\VC\Tools\MSVC\14.29.30133\include\unordered_map(67): note: see declaration of 'std::unordered_map'
P:\Development\personal\games\NextGenGameEngine\tests\unit\test_descriptor_pool_analyzer.cpp(154): error C2783: 'std::unordered_map<_Kty,_Ty,_Hasher,_Keyeq,_Alloc> std::unordered_map(std::unordered_map<_Kty,_Ty,_Hasher,_Keyeq,_Alloc>)': could not deduce template argument for '_Ty'
C:\Program Files (x86)\Microsoft Visual Studio\2019\BuildTools\VC\Tools\MSVC\14.29.30133\include\unordered_map(67): note: see declaration of 'std::unordered_map'
P:\Development\personal\games\NextGenGameEngine\tests\unit\test_descriptor_pool_analyzer.cpp(155): error C2065: 'u32': undeclared identifier
P:\Development\personal\games\NextGenGameEngine\tests\unit\test_descriptor_pool_analyzer.cpp(155): error C2923: 'std::unordered_map': 'u32' is not a valid template type argument for parameter '_Ty'
P:\Development\personal\games\NextGenGameEngine\tests\unit\test_descriptor_pool_analyzer.cpp(155): note: see declaration of 'u32'
P:\Development\personal\games\NextGenGameEngine\tests\unit\test_descriptor_pool_analyzer.cpp(155): error C2976: 'std::unordered_map': too few template arguments
C:\Program Files (x86)\Microsoft Visual Studio\2019\BuildTools\VC\Tools\MSVC\14.29.30133\include\unordered_map(67): note: see declaration of 'std::unordered_map'
P:\Development\personal\games\NextGenGameEngine\tests\unit\test_descriptor_pool_analyzer.cpp(155): fatal error C1003: error count exceeds 100; stopping compilation
[237/297] Building CXX object tests\CMakeFiles\EngineTests.dir\Debug\unit\test_descriptor_pool_allocator.cpp.obj
FAILED: [code=2] tests/CMakeFiles/EngineTests.dir/Debug/unit/test_descriptor_pool_allocator.cpp.obj 
C:\PROGRA~2\MICROS~2\2019\BUILDT~1\VC\Tools\MSVC\1429~1.301\bin\Hostx64\x64\cl.exe  /nologo /TP -DFMT_SHARED -DGTEST_LINKED_AS_SHARED_LIBRARY=1 -DNGE_DEBUG=1 -DNGE_ENABLE_ASSERTS=1 -DNGE_ENABLE_MEMORY_TRACKING=1 -DNGE_ENABLE_VULKAN=1 -DNGE_PLATFORM_WINDOWS=1 -DNOMINMAX -DSPDLOG_COMPILED_LIB -DSPDLOG_FMT_EXTERNAL -DSPDLOG_SHARED_LIB -DWIN32_LEAN_AND_MEAN -D_CRT_SECURE_NO_WARNINGS -DCMAKE_INTDIR=\"Debug\" -IP:\Development\personal\games\NextGenGameEngine\engine -IP:\Development\personal\games\NextGenGameEngine\engine\.. -external:IP:\Development\personal\games\NextGenGameEngine\build\vcpkg_installed\x64-windows\include -external:IC:\VulkanSDK\1.4.341.1\include -external:W0 /DWIN32 /D_WINDOWS /EHsc /Zi /Ob0 /Od /RTC1 -std:c++20 -MDd /W4 /permissive- /Zc:__cplusplus /MP /fp:fast /arch:AVX2 /wd4251 /wd4275 /utf-8 /showIncludes /Fotests\CMakeFiles\EngineTests.dir\Debug\unit\test_descriptor_pool_allocator.cpp.obj /Fdtests\CMakeFiles\EngineTests.dir\Debug\ /FS -c P:\Development\personal\games\NextGenGameEngine\tests\unit\test_descriptor_pool_allocator.cpp
P:\Development\personal\games\NextGenGameEngine\tests\unit\test_descriptor_pool_allocator.cpp(6): error C2061: syntax error: identifier 'u32'
P:\Development\personal\games\NextGenGameEngine\tests\unit\test_descriptor_pool_allocator.cpp(7): error C2065: 'count': undeclared identifier
P:\Development\personal\games\NextGenGameEngine\tests\unit\test_descriptor_pool_allocator.cpp(22): error C2065: 'u32': undeclared identifier
P:\Development\personal\games\NextGenGameEngine\tests\unit\test_descriptor_pool_allocator.cpp(22): error C2146: syntax error: missing ';' before identifier 'id'
P:\Development\personal\games\NextGenGameEngine\tests\unit\test_descriptor_pool_allocator.cpp(22): error C2065: 'id': undeclared identifier
P:\Development\personal\games\NextGenGameEngine\tests\unit\test_descriptor_pool_allocator.cpp(23): error C2065: 'id': undeclared identifier
P:\Development\personal\games\NextGenGameEngine\tests\unit\test_descriptor_pool_allocator.cpp(23): error C2737: 'gtest_ar': const object must be initialized
P:\Development\personal\games\NextGenGameEngine\tests\unit\test_descriptor_pool_allocator.cpp(34): error C2065: 'u32': undeclared identifier
P:\Development\personal\games\NextGenGameEngine\tests\unit\test_descriptor_pool_allocator.cpp(34): error C2146: syntax error: missing ';' before identifier 'id0'
P:\Development\personal\games\NextGenGameEngine\tests\unit\test_descriptor_pool_allocator.cpp(34): error C2065: 'id0': undeclared identifier
P:\Development\personal\games\NextGenGameEngine\tests\unit\test_descriptor_pool_allocator.cpp(35): error C2065: 'u32': undeclared identifier
P:\Development\personal\games\NextGenGameEngine\tests\unit\test_descriptor_pool_allocator.cpp(35): error C2146: syntax error: missing ';' before identifier 'id1'
P:\Development\personal\games\NextGenGameEngine\tests\unit\test_descriptor_pool_allocator.cpp(35): error C2065: 'id1': undeclared identifier
P:\Development\personal\games\NextGenGameEngine\tests\unit\test_descriptor_pool_allocator.cpp(36): error C2065: 'u32': undeclared identifier
P:\Development\personal\games\NextGenGameEngine\tests\unit\test_descriptor_pool_allocator.cpp(36): error C2146: syntax error: missing ';' before identifier 'id2'
P:\Development\personal\games\NextGenGameEngine\tests\unit\test_descriptor_pool_allocator.cpp(36): error C2065: 'id2': undeclared identifier
P:\Development\personal\games\NextGenGameEngine\tests\unit\test_descriptor_pool_allocator.cpp(38): error C2065: 'id0': undeclared identifier
P:\Development\personal\games\NextGenGameEngine\tests\unit\test_descriptor_pool_allocator.cpp(38): error C2737: 'gtest_ar': const object must be initialized
P:\Development\personal\games\NextGenGameEngine\tests\unit\test_descriptor_pool_allocator.cpp(39): error C2065: 'id1': undeclared identifier
P:\Development\personal\games\NextGenGameEngine\tests\unit\test_descriptor_pool_allocator.cpp(39): error C2737: 'gtest_ar': const object must be initialized
P:\Development\personal\games\NextGenGameEngine\tests\unit\test_descriptor_pool_allocator.cpp(40): error C2065: 'id2': undeclared identifier
P:\Development\personal\games\NextGenGameEngine\tests\unit\test_descriptor_pool_allocator.cpp(40): error C2737: 'gtest_ar': const object must be initialized
P:\Development\personal\games\NextGenGameEngine\tests\unit\test_descriptor_pool_allocator.cpp(41): error C2065: 'id0': undeclared identifier
P:\Development\personal\games\NextGenGameEngine\tests\unit\test_descriptor_pool_allocator.cpp(41): error C2065: 'id1': undeclared identifier
P:\Development\personal\games\NextGenGameEngine\tests\unit\test_descriptor_pool_allocator.cpp(41): error C2737: 'gtest_ar': const object must be initialized
P:\Development\personal\games\NextGenGameEngine\tests\unit\test_descriptor_pool_allocator.cpp(42): error C2065: 'id1': undeclared identifier
P:\Development\personal\games\NextGenGameEngine\tests\unit\test_descriptor_pool_allocator.cpp(42): error C2065: 'id2': undeclared identifier
P:\Development\personal\games\NextGenGameEngine\tests\unit\test_descriptor_pool_allocator.cpp(42): error C2737: 'gtest_ar': const object must be initialized
P:\Development\personal\games\NextGenGameEngine\tests\unit\test_descriptor_pool_allocator.cpp(52): error C2065: 'u32': undeclared identifier
P:\Development\personal\games\NextGenGameEngine\tests\unit\test_descriptor_pool_allocator.cpp(52): error C2146: syntax error: missing ';' before identifier 'id'
P:\Development\personal\games\NextGenGameEngine\tests\unit\test_descriptor_pool_allocator.cpp(52): error C2065: 'id': undeclared identifier
P:\Development\personal\games\NextGenGameEngine\tests\unit\test_descriptor_pool_allocator.cpp(55): error C2065: 'id': undeclared identifier
P:\Development\personal\games\NextGenGameEngine\tests\unit\test_descriptor_pool_allocator.cpp(98): error C2065: 'u32': undeclared identifier
P:\Development\personal\games\NextGenGameEngine\tests\unit\test_descriptor_pool_allocator.cpp(98): error C2146: syntax error: missing ';' before identifier 'id'
P:\Development\personal\games\NextGenGameEngine\tests\unit\test_descriptor_pool_allocator.cpp(98): error C2065: 'id': undeclared identifier
P:\Development\personal\games\NextGenGameEngine\tests\unit\test_descriptor_pool_allocator.cpp(99): error C2065: 'id': undeclared identifier
P:\Development\personal\games\NextGenGameEngine\tests\unit\test_descriptor_pool_allocator.cpp(99): error C2737: 'gtest_ar': const object must be initialized
P:\Development\personal\games\NextGenGameEngine\tests\unit\test_descriptor_pool_allocator.cpp(111): error C2065: 'u32': undeclared identifier
P:\Development\personal\games\NextGenGameEngine\tests\unit\test_descriptor_pool_allocator.cpp(111): error C2146: syntax error: missing ';' before identifier 'id'
P:\Development\personal\games\NextGenGameEngine\tests\unit\test_descriptor_pool_allocator.cpp(111): error C2065: 'id': undeclared identifier
P:\Development\personal\games\NextGenGameEngine\tests\unit\test_descriptor_pool_allocator.cpp(112): error C2065: 'id': undeclared identifier
P:\Development\personal\games\NextGenGameEngine\tests\unit\test_descriptor_pool_allocator.cpp(112): error C2737: 'gtest_ar': const object must be initialized
P:\Development\personal\games\NextGenGameEngine\tests\unit\test_descriptor_pool_allocator.cpp(190): error C2065: 'u32': undeclared identifier
P:\Development\personal\games\NextGenGameEngine\tests\unit\test_descriptor_pool_allocator.cpp(190): error C2146: syntax error: missing ';' before identifier 'ids'
P:\Development\personal\games\NextGenGameEngine\tests\unit\test_descriptor_pool_allocator.cpp(190): error C2065: 'ids': undeclared identifier
P:\Development\personal\games\NextGenGameEngine\tests\unit\test_descriptor_pool_allocator.cpp(192): error C2065: 'ids': undeclared identifier
P:\Development\personal\games\NextGenGameEngine\tests\unit\test_descriptor_pool_allocator.cpp(197): error C2065: 'ids': undeclared identifier
P:\Development\personal\games\NextGenGameEngine\tests\unit\test_descriptor_pool_allocator.cpp(213): error C2065: 'u32': undeclared identifier
P:\Development\personal\games\NextGenGameEngine\tests\unit\test_descriptor_pool_allocator.cpp(213): error C2146: syntax error: missing ';' before identifier 'id0'
P:\Development\personal\games\NextGenGameEngine\tests\unit\test_descriptor_pool_allocator.cpp(213): error C2065: 'id0': undeclared identifier
P:\Development\personal\games\NextGenGameEngine\tests\unit\test_descriptor_pool_allocator.cpp(220): error C2065: 'id0': undeclared identifier
P:\Development\personal\games\NextGenGameEngine\tests\unit\test_descriptor_pool_allocator.cpp(225): error C2065: 'u32': undeclared identifier
P:\Development\personal\games\NextGenGameEngine\tests\unit\test_descriptor_pool_allocator.cpp(225): error C2146: syntax error: missing ';' before identifier 'pid'
P:\Development\personal\games\NextGenGameEngine\tests\unit\test_descriptor_pool_allocator.cpp(225): error C2143: syntax error: missing ';' before ':'
P:\Development\personal\games\NextGenGameEngine\tests\unit\test_descriptor_pool_allocator.cpp(225): error C2143: syntax error: missing ')' before ':'
P:\Development\personal\games\NextGenGameEngine\tests\unit\test_descriptor_pool_allocator.cpp(225): error C2059: syntax error: ':'
P:\Development\personal\games\NextGenGameEngine\tests\unit\test_descriptor_pool_allocator.cpp(225): error C2059: syntax error: ')'
P:\Development\personal\games\NextGenGameEngine\tests\unit\test_descriptor_pool_allocator.cpp(225): error C2143: syntax error: missing ';' before '{'
P:\Development\personal\games\NextGenGameEngine\tests\unit\test_descriptor_pool_allocator.cpp(226): error C2065: 'pid': undeclared identifier
P:\Development\personal\games\NextGenGameEngine\tests\unit\test_descriptor_pool_allocator.cpp(243): error C2065: 'u32': undeclared identifier
P:\Development\personal\games\NextGenGameEngine\tests\unit\test_descriptor_pool_allocator.cpp(243): error C2146: syntax error: missing ';' before identifier 'id'
P:\Development\personal\games\NextGenGameEngine\tests\unit\test_descriptor_pool_allocator.cpp(243): error C2065: 'id': undeclared identifier
P:\Development\personal\games\NextGenGameEngine\tests\unit\test_descriptor_pool_allocator.cpp(244): error C2065: 'id': undeclared identifier
P:\Development\personal\games\NextGenGameEngine\tests\unit\test_descriptor_pool_allocator.cpp(244): error C2737: 'gtest_ar': const object must be initialized
P:\Development\personal\games\NextGenGameEngine\tests\unit\test_descriptor_pool_allocator.cpp(311): error C2065: 'u32': undeclared identifier
P:\Development\personal\games\NextGenGameEngine\tests\unit\test_descriptor_pool_allocator.cpp(311): error C2146: syntax error: missing ';' before identifier 'id0'
P:\Development\personal\games\NextGenGameEngine\tests\unit\test_descriptor_pool_allocator.cpp(311): error C2065: 'id0': undeclared identifier
P:\Development\personal\games\NextGenGameEngine\tests\unit\test_descriptor_pool_allocator.cpp(312): error C2065: 'u32': undeclared identifier
P:\Development\personal\games\NextGenGameEngine\tests\unit\test_descriptor_pool_allocator.cpp(312): error C2146: syntax error: missing ';' before identifier 'id1'
P:\Development\personal\games\NextGenGameEngine\tests\unit\test_descriptor_pool_allocator.cpp(312): error C2065: 'id1': undeclared identifier
P:\Development\personal\games\NextGenGameEngine\tests\unit\test_descriptor_pool_allocator.cpp(315): error C2065: 'id0': undeclared identifier
P:\Development\personal\games\NextGenGameEngine\tests\unit\test_descriptor_pool_allocator.cpp(318): error C2065: 'u32': undeclared identifier
P:\Development\personal\games\NextGenGameEngine\tests\unit\test_descriptor_pool_allocator.cpp(318): error C2146: syntax error: missing ';' before identifier 'id2'
P:\Development\personal\games\NextGenGameEngine\tests\unit\test_descriptor_pool_allocator.cpp(318): error C2065: 'id2': undeclared identifier
P:\Development\personal\games\NextGenGameEngine\tests\unit\test_descriptor_pool_allocator.cpp(319): error C2065: 'id2': undeclared identifier
P:\Development\personal\games\NextGenGameEngine\tests\unit\test_descriptor_pool_allocator.cpp(319): error C2737: 'gtest_ar': const object must be initialized
[238/297] Building CXX object tests\CMakeFiles\EngineTests.dir\Debug\unit\test_descriptor_pool_bindless.cpp.obj
FAILED: [code=2] tests/CMakeFiles/EngineTests.dir/Debug/unit/test_descriptor_pool_bindless.cpp.obj 
C:\PROGRA~2\MICROS~2\2019\BUILDT~1\VC\Tools\MSVC\1429~1.301\bin\Hostx64\x64\cl.exe  /nologo /TP -DFMT_SHARED -DGTEST_LINKED_AS_SHARED_LIBRARY=1 -DNGE_DEBUG=1 -DNGE_ENABLE_ASSERTS=1 -DNGE_ENABLE_MEMORY_TRACKING=1 -DNGE_ENABLE_VULKAN=1 -DNGE_PLATFORM_WINDOWS=1 -DNOMINMAX -DSPDLOG_COMPILED_LIB -DSPDLOG_FMT_EXTERNAL -DSPDLOG_SHARED_LIB -DWIN32_LEAN_AND_MEAN -D_CRT_SECURE_NO_WARNINGS -DCMAKE_INTDIR=\"Debug\" -IP:\Development\personal\games\NextGenGameEngine\engine -IP:\Development\personal\games\NextGenGameEngine\engine\.. -external:IP:\Development\personal\games\NextGenGameEngine\build\vcpkg_installed\x64-windows\include -external:IC:\VulkanSDK\1.4.341.1\include -external:W0 /DWIN32 /D_WINDOWS /EHsc /Zi /Ob0 /Od /RTC1 -std:c++20 -MDd /W4 /permissive- /Zc:__cplusplus /MP /fp:fast /arch:AVX2 /wd4251 /wd4275 /utf-8 /showIncludes /Fotests\CMakeFiles\EngineTests.dir\Debug\unit\test_descriptor_pool_bindless.cpp.obj /Fdtests\CMakeFiles\EngineTests.dir\Debug\ /FS -c P:\Development\personal\games\NextGenGameEngine\tests\unit\test_descriptor_pool_bindless.cpp
P:\Development\personal\games\NextGenGameEngine\tests\unit\test_descriptor_pool_bindless.cpp(37): error C2061: syntax error: identifier 'u8'
P:\Development\personal\games\NextGenGameEngine\tests\unit\test_descriptor_pool_bindless.cpp(37): error C2181: illegal else without matching if
P:\Development\personal\games\NextGenGameEngine\tests\unit\test_descriptor_pool_bindless.cpp(37): error C2065: 'gtest_ar': undeclared identifier
P:\Development\personal\games\NextGenGameEngine\tests\unit\test_descriptor_pool_bindless.cpp(37): error C2440: '<function-style-cast>': cannot convert from 'initializer list' to 'testing::internal::AssertHelper'
P:\Development\personal\games\NextGenGameEngine\tests\unit\test_descriptor_pool_bindless.cpp(37): note: No constructor could take the source type, or constructor overload resolution was ambiguous
P:\Development\personal\games\NextGenGameEngine\tests\unit\test_descriptor_pool_bindless.cpp(38): error C2061: syntax error: identifier 'u8'
P:\Development\personal\games\NextGenGameEngine\tests\unit\test_descriptor_pool_bindless.cpp(38): error C2181: illegal else without matching if
P:\Development\personal\games\NextGenGameEngine\tests\unit\test_descriptor_pool_bindless.cpp(38): error C2065: 'gtest_ar': undeclared identifier
P:\Development\personal\games\NextGenGameEngine\tests\unit\test_descriptor_pool_bindless.cpp(38): error C2440: '<function-style-cast>': cannot convert from 'initializer list' to 'testing::internal::AssertHelper'
P:\Development\personal\games\NextGenGameEngine\tests\unit\test_descriptor_pool_bindless.cpp(38): note: No constructor could take the source type, or constructor overload resolution was ambiguous
P:\Development\personal\games\NextGenGameEngine\tests\unit\test_descriptor_pool_bindless.cpp(148): error C2065: 'u32': undeclared identifier
P:\Development\personal\games\NextGenGameEngine\tests\unit\test_descriptor_pool_bindless.cpp(148): error C2146: syntax error: missing ';' before identifier 'slot1'
P:\Development\personal\games\NextGenGameEngine\tests\unit\test_descriptor_pool_bindless.cpp(148): error C2065: 'slot1': undeclared identifier
P:\Development\personal\games\NextGenGameEngine\tests\unit\test_descriptor_pool_bindless.cpp(149): error C2065: 'u32': undeclared identifier
P:\Development\personal\games\NextGenGameEngine\tests\unit\test_descriptor_pool_bindless.cpp(149): error C2146: syntax error: missing ';' before identifier 'slot2'
P:\Development\personal\games\NextGenGameEngine\tests\unit\test_descriptor_pool_bindless.cpp(149): error C2065: 'slot2': undeclared identifier
P:\Development\personal\games\NextGenGameEngine\tests\unit\test_descriptor_pool_bindless.cpp(151): error C2065: 'slot1': undeclared identifier
P:\Development\personal\games\NextGenGameEngine\tests\unit\test_descriptor_pool_bindless.cpp(151): error C2737: 'gtest_ar': const object must be initialized
P:\Development\personal\games\NextGenGameEngine\tests\unit\test_descriptor_pool_bindless.cpp(152): error C2065: 'slot2': undeclared identifier
P:\Development\personal\games\NextGenGameEngine\tests\unit\test_descriptor_pool_bindless.cpp(152): error C2737: 'gtest_ar': const object must be initialized
P:\Development\personal\games\NextGenGameEngine\tests\unit\test_descriptor_pool_bindless.cpp(153): error C2065: 'slot1': undeclared identifier
P:\Development\personal\games\NextGenGameEngine\tests\unit\test_descriptor_pool_bindless.cpp(153): error C2065: 'slot2': undeclared identifier
P:\Development\personal\games\NextGenGameEngine\tests\unit\test_descriptor_pool_bindless.cpp(153): error C2737: 'gtest_ar': const object must be initialized
P:\Development\personal\games\NextGenGameEngine\tests\unit\test_descriptor_pool_bindless.cpp(165): error C2065: 'u32': undeclared identifier
P:\Development\personal\games\NextGenGameEngine\tests\unit\test_descriptor_pool_bindless.cpp(165): error C2146: syntax error: missing ';' before identifier 'slot1'
P:\Development\personal\games\NextGenGameEngine\tests\unit\test_descriptor_pool_bindless.cpp(165): error C2065: 'slot1': undeclared identifier
P:\Development\personal\games\NextGenGameEngine\tests\unit\test_descriptor_pool_bindless.cpp(166): error C2065: 'slot1': undeclared identifier
P:\Development\personal\games\NextGenGameEngine\tests\unit\test_descriptor_pool_bindless.cpp(169): error C2065: 'u32': undeclared identifier
P:\Development\personal\games\NextGenGameEngine\tests\unit\test_descriptor_pool_bindless.cpp(169): error C2146: syntax error: missing ';' before identifier 'slot2'
P:\Development\personal\games\NextGenGameEngine\tests\unit\test_descriptor_pool_bindless.cpp(169): error C2065: 'slot2': undeclared identifier
P:\Development\personal\games\NextGenGameEngine\tests\unit\test_descriptor_pool_bindless.cpp(170): error C2065: 'slot1': undeclared identifier
P:\Development\personal\games\NextGenGameEngine\tests\unit\test_descriptor_pool_bindless.cpp(170): error C2065: 'slot2': undeclared identifier
P:\Development\personal\games\NextGenGameEngine\tests\unit\test_descriptor_pool_bindless.cpp(170): error C2737: 'gtest_ar': const object must be initialized
P:\Development\personal\games\NextGenGameEngine\tests\unit\test_descriptor_pool_bindless.cpp(186): error C2065: 'u32': undeclared identifier
P:\Development\personal\games\NextGenGameEngine\tests\unit\test_descriptor_pool_bindless.cpp(186): error C2146: syntax error: missing ';' before identifier 'overflow'
P:\Development\personal\games\NextGenGameEngine\tests\unit\test_descriptor_pool_bindless.cpp(186): error C2065: 'overflow': undeclared identifier
P:\Development\personal\games\NextGenGameEngine\tests\unit\test_descriptor_pool_bindless.cpp(187): error C2065: 'overflow': undeclared identifier
P:\Development\personal\games\NextGenGameEngine\tests\unit\test_descriptor_pool_bindless.cpp(187): error C2737: 'gtest_ar': const object must be initialized
P:\Development\personal\games\NextGenGameEngine\tests\unit\test_descriptor_pool_bindless.cpp(199): error C2065: 'u32': undeclared identifier
P:\Development\personal\games\NextGenGameEngine\tests\unit\test_descriptor_pool_bindless.cpp(199): error C2146: syntax error: missing ';' before identifier 'slot'
P:\Development\personal\games\NextGenGameEngine\tests\unit\test_descriptor_pool_bindless.cpp(199): error C2065: 'slot': undeclared identifier
P:\Development\personal\games\NextGenGameEngine\tests\unit\test_descriptor_pool_bindless.cpp(200): error C2065: 'slot': undeclared identifier
P:\Development\personal\games\NextGenGameEngine\tests\unit\test_descriptor_pool_bindless.cpp(200): error C2512: 'testing::AssertionResult': no appropriate default constructor available
P:\Development\personal\games\NextGenGameEngine\tests\unit\test_descriptor_pool_bindless.cpp(200): note: No constructor could take the source type, or constructor overload resolution was ambiguous
P:\Development\personal\games\NextGenGameEngine\tests\unit\test_descriptor_pool_bindless.cpp(200): error C2737: 'gtest_ar_': const object must be initialized
P:\Development\personal\games\NextGenGameEngine\tests\unit\test_descriptor_pool_bindless.cpp(202): error C2065: 'slot': undeclared identifier
P:\Development\personal\games\NextGenGameEngine\tests\unit\test_descriptor_pool_bindless.cpp(203): error C2065: 'slot': undeclared identifier
P:\Development\personal\games\NextGenGameEngine\tests\unit\test_descriptor_pool_bindless.cpp(203): error C2512: 'testing::AssertionResult': no appropriate default constructor available
P:\Development\personal\games\NextGenGameEngine\tests\unit\test_descriptor_pool_bindless.cpp(203): note: No constructor could take the source type, or constructor overload resolution was ambiguous
P:\Development\personal\games\NextGenGameEngine\tests\unit\test_descriptor_pool_bindless.cpp(203): error C2737: 'gtest_ar_': const object must be initialized
P:\Development\personal\games\NextGenGameEngine\tests\unit\test_descriptor_pool_bindless.cpp(205): error C2065: 'slot': undeclared identifier
P:\Development\personal\games\NextGenGameEngine\tests\unit\test_descriptor_pool_bindless.cpp(206): error C2065: 'slot': undeclared identifier
P:\Development\personal\games\NextGenGameEngine\tests\unit\test_descriptor_pool_bindless.cpp(206): error C2512: 'testing::AssertionResult': no appropriate default constructor available
P:\Development\personal\games\NextGenGameEngine\tests\unit\test_descriptor_pool_bindless.cpp(206): note: No constructor could take the source type, or constructor overload resolution was ambiguous
P:\Development\personal\games\NextGenGameEngine\tests\unit\test_descriptor_pool_bindless.cpp(206): error C2737: 'gtest_ar_': const object must be initialized
[239/297] Building CXX object tests\CMakeFiles\EngineTests.dir\Debug\unit\test_descriptor_update_batcher.cpp.obj
FAILED: [code=2] tests/CMakeFiles/EngineTests.dir/Debug/unit/test_descriptor_update_batcher.cpp.obj 
C:\PROGRA~2\MICROS~2\2019\BUILDT~1\VC\Tools\MSVC\1429~1.301\bin\Hostx64\x64\cl.exe  /nologo /TP -DFMT_SHARED -DGTEST_LINKED_AS_SHARED_LIBRARY=1 -DNGE_DEBUG=1 -DNGE_ENABLE_ASSERTS=1 -DNGE_ENABLE_MEMORY_TRACKING=1 -DNGE_ENABLE_VULKAN=1 -DNGE_PLATFORM_WINDOWS=1 -DNOMINMAX -DSPDLOG_COMPILED_LIB -DSPDLOG_FMT_EXTERNAL -DSPDLOG_SHARED_LIB -DWIN32_LEAN_AND_MEAN -D_CRT_SECURE_NO_WARNINGS -DCMAKE_INTDIR=\"Debug\" -IP:\Development\personal\games\NextGenGameEngine\engine -IP:\Development\personal\games\NextGenGameEngine\engine\.. -external:IP:\Development\personal\games\NextGenGameEngine\build\vcpkg_installed\x64-windows\include -external:IC:\VulkanSDK\1.4.341.1\include -external:W0 /DWIN32 /D_WINDOWS /EHsc /Zi /Ob0 /Od /RTC1 -std:c++20 -MDd /W4 /permissive- /Zc:__cplusplus /MP /fp:fast /arch:AVX2 /wd4251 /wd4275 /utf-8 /showIncludes /Fotests\CMakeFiles\EngineTests.dir\Debug\unit\test_descriptor_update_batcher.cpp.obj /Fdtests\CMakeFiles\EngineTests.dir\Debug\ /FS -c P:\Development\personal\games\NextGenGameEngine\tests\unit\test_descriptor_update_batcher.cpp
P:\Development\personal\games\NextGenGameEngine\tests\unit\test_descriptor_update_batcher.cpp(56): error C2065: 'u32': undeclared identifier
P:\Development\personal\games\NextGenGameEngine\tests\unit\test_descriptor_update_batcher.cpp(56): error C2146: syntax error: missing ';' before identifier 'flushed'
P:\Development\personal\games\NextGenGameEngine\tests\unit\test_descriptor_update_batcher.cpp(56): error C2065: 'flushed': undeclared identifier
P:\Development\personal\games\NextGenGameEngine\tests\unit\test_descriptor_update_batcher.cpp(57): error C2065: 'flushed': undeclared identifier
P:\Development\personal\games\NextGenGameEngine\tests\unit\test_descriptor_update_batcher.cpp(57): error C2737: 'gtest_ar': const object must be initialized
P:\Development\personal\games\NextGenGameEngine\tests\unit\test_descriptor_update_batcher.cpp(86): error C2065: 'u32': undeclared identifier
P:\Development\personal\games\NextGenGameEngine\tests\unit\test_descriptor_update_batcher.cpp(86): error C2146: syntax error: missing ';' before identifier 'flushed'
P:\Development\personal\games\NextGenGameEngine\tests\unit\test_descriptor_update_batcher.cpp(86): error C2065: 'flushed': undeclared identifier
P:\Development\personal\games\NextGenGameEngine\tests\unit\test_descriptor_update_batcher.cpp(87): error C2065: 'flushed': undeclared identifier
P:\Development\personal\games\NextGenGameEngine\tests\unit\test_descriptor_update_batcher.cpp(87): error C2737: 'gtest_ar': const object must be initialized
P:\Development\personal\games\NextGenGameEngine\tests\unit\test_descriptor_update_batcher.cpp(158): error C2065: 'u32': undeclared identifier
P:\Development\personal\games\NextGenGameEngine\tests\unit\test_descriptor_update_batcher.cpp(158): error C2146: syntax error: missing ';' before identifier 'flushed'
P:\Development\personal\games\NextGenGameEngine\tests\unit\test_descriptor_update_batcher.cpp(158): error C2065: 'flushed': undeclared identifier
P:\Development\personal\games\NextGenGameEngine\tests\unit\test_descriptor_update_batcher.cpp(159): error C2065: 'flushed': undeclared identifier
P:\Development\personal\games\NextGenGameEngine\tests\unit\test_descriptor_update_batcher.cpp(159): error C2737: 'gtest_ar': const object must be initialized
P:\Development\personal\games\NextGenGameEngine\tests\unit\test_descriptor_update_batcher.cpp(272): error C2065: 'u32': undeclared identifier
P:\Development\personal\games\NextGenGameEngine\tests\unit\test_descriptor_update_batcher.cpp(272): error C2146: syntax error: missing ';' before identifier 'flushed'
P:\Development\personal\games\NextGenGameEngine\tests\unit\test_descriptor_update_batcher.cpp(272): error C2065: 'flushed': undeclared identifier
P:\Development\personal\games\NextGenGameEngine\tests\unit\test_descriptor_update_batcher.cpp(273): error C2065: 'flushed': undeclared identifier
P:\Development\personal\games\NextGenGameEngine\tests\unit\test_descriptor_update_batcher.cpp(273): error C2737: 'gtest_ar': const object must be initialized
[240/297] Building CXX object tests\CMakeFiles\EngineTests.dir\Debug\unit\test_draw_call_compactor.cpp.obj
FAILED: [code=2] tests/CMakeFiles/EngineTests.dir/Debug/unit/test_draw_call_compactor.cpp.obj 
C:\PROGRA~2\MICROS~2\2019\BUILDT~1\VC\Tools\MSVC\1429~1.301\bin\Hostx64\x64\cl.exe  /nologo /TP -DFMT_SHARED -DGTEST_LINKED_AS_SHARED_LIBRARY=1 -DNGE_DEBUG=1 -DNGE_ENABLE_ASSERTS=1 -DNGE_ENABLE_MEMORY_TRACKING=1 -DNGE_ENABLE_VULKAN=1 -DNGE_PLATFORM_WINDOWS=1 -DNOMINMAX -DSPDLOG_COMPILED_LIB -DSPDLOG_FMT_EXTERNAL -DSPDLOG_SHARED_LIB -DWIN32_LEAN_AND_MEAN -D_CRT_SECURE_NO_WARNINGS -DCMAKE_INTDIR=\"Debug\" -IP:\Development\personal\games\NextGenGameEngine\engine -IP:\Development\personal\games\NextGenGameEngine\engine\.. -external:IP:\Development\personal\games\NextGenGameEngine\build\vcpkg_installed\x64-windows\include -external:IC:\VulkanSDK\1.4.341.1\include -external:W0 /DWIN32 /D_WINDOWS /EHsc /Zi /Ob0 /Od /RTC1 -std:c++20 -MDd /W4 /permissive- /Zc:__cplusplus /MP /fp:fast /arch:AVX2 /wd4251 /wd4275 /utf-8 /showIncludes /Fotests\CMakeFiles\EngineTests.dir\Debug\unit\test_draw_call_compactor.cpp.obj /Fdtests\CMakeFiles\EngineTests.dir\Debug\ /FS -c P:\Development\personal\games\NextGenGameEngine\tests\unit\test_draw_call_compactor.cpp
P:\Development\personal\games\NextGenGameEngine\tests\unit\test_draw_call_compactor.cpp(6): error C2065: 'u32': undeclared identifier
P:\Development\personal\games\NextGenGameEngine\tests\unit\test_draw_call_compactor.cpp(6): error C2146: syntax error: missing ')' before identifier 'indexCount'
P:\Development\personal\games\NextGenGameEngine\tests\unit\test_draw_call_compactor.cpp(8): error C2143: syntax error: missing ';' before '{'
P:\Development\personal\games\NextGenGameEngine\tests\unit\test_draw_call_compactor.cpp(8): error C2447: '{': missing function header (old-style formal list?)
P:\Development\personal\games\NextGenGameEngine\tests\unit\test_draw_call_compactor.cpp(33): error C2064: term does not evaluate to a function taking 2 arguments
P:\Development\personal\games\NextGenGameEngine\tests\unit\test_draw_call_compactor.cpp(33): error C2512: 'testing::AssertionResult': no appropriate default constructor available
P:\Development\personal\games\NextGenGameEngine\tests\unit\test_draw_call_compactor.cpp(33): note: No constructor could take the source type, or constructor overload resolution was ambiguous
P:\Development\personal\games\NextGenGameEngine\tests\unit\test_draw_call_compactor.cpp(33): error C2737: 'gtest_ar_': const object must be initialized
P:\Development\personal\games\NextGenGameEngine\tests\unit\test_draw_call_compactor.cpp(44): error C2064: term does not evaluate to a function taking 2 arguments
P:\Development\personal\games\NextGenGameEngine\tests\unit\test_draw_call_compactor.cpp(44): error C2064: term does not evaluate to a function taking 2 arguments
P:\Development\personal\games\NextGenGameEngine\tests\unit\test_draw_call_compactor.cpp(44): error C2064: term does not evaluate to a function taking 2 arguments
P:\Development\personal\games\NextGenGameEngine\tests\unit\test_draw_call_compactor.cpp(56): error C2064: term does not evaluate to a function taking 2 arguments
P:\Development\personal\games\NextGenGameEngine\tests\unit\test_draw_call_compactor.cpp(57): error C2064: term does not evaluate to a function taking 2 arguments
P:\Development\personal\games\NextGenGameEngine\tests\unit\test_draw_call_compactor.cpp(58): error C2064: term does not evaluate to a function taking 2 arguments
P:\Development\personal\games\NextGenGameEngine\tests\unit\test_draw_call_compactor.cpp(74): error C2064: term does not evaluate to a function taking 2 arguments
P:\Development\personal\games\NextGenGameEngine\tests\unit\test_draw_call_compactor.cpp(75): error C2064: term does not evaluate to a function taking 2 arguments
P:\Development\personal\games\NextGenGameEngine\tests\unit\test_draw_call_compactor.cpp(76): error C2064: term does not evaluate to a function taking 2 arguments
P:\Development\personal\games\NextGenGameEngine\tests\unit\test_draw_call_compactor.cpp(92): error C2064: term does not evaluate to a function taking 2 arguments
P:\Development\personal\games\NextGenGameEngine\tests\unit\test_draw_call_compactor.cpp(93): error C2064: term does not evaluate to a function taking 2 arguments
P:\Development\personal\games\NextGenGameEngine\tests\unit\test_draw_call_compactor.cpp(94): error C2064: term does not evaluate to a function taking 2 arguments
P:\Development\personal\games\NextGenGameEngine\tests\unit\test_draw_call_compactor.cpp(95): error C2064: term does not evaluate to a function taking 2 arguments
P:\Development\personal\games\NextGenGameEngine\tests\unit\test_draw_call_compactor.cpp(113): error C2064: term does not evaluate to a function taking 2 arguments
P:\Development\personal\games\NextGenGameEngine\tests\unit\test_draw_call_compactor.cpp(114): error C2064: term does not evaluate to a function taking 2 arguments
P:\Development\personal\games\NextGenGameEngine\tests\unit\test_draw_call_compactor.cpp(130): error C2064: term does not evaluate to a function taking 8 arguments
P:\Development\personal\games\NextGenGameEngine\tests\unit\test_draw_call_compactor.cpp(131): error C2064: term does not evaluate to a function taking 8 arguments
P:\Development\personal\games\NextGenGameEngine\tests\unit\test_draw_call_compactor.cpp(132): error C2064: term does not evaluate to a function taking 8 arguments
P:\Development\personal\games\NextGenGameEngine\tests\unit\test_draw_call_compactor.cpp(151): error C2064: term does not evaluate to a function taking 8 arguments
P:\Development\personal\games\NextGenGameEngine\tests\unit\test_draw_call_compactor.cpp(152): error C2064: term does not evaluate to a function taking 8 arguments
P:\Development\personal\games\NextGenGameEngine\tests\unit\test_draw_call_compactor.cpp(167): error C2064: term does not evaluate to a function taking 8 arguments
P:\Development\personal\games\NextGenGameEngine\tests\unit\test_draw_call_compactor.cpp(168): error C2064: term does not evaluate to a function taking 8 arguments
P:\Development\personal\games\NextGenGameEngine\tests\unit\test_draw_call_compactor.cpp(184): error C2064: term does not evaluate to a function taking 8 arguments
P:\Development\personal\games\NextGenGameEngine\tests\unit\test_draw_call_compactor.cpp(185): error C2064: term does not evaluate to a function taking 8 arguments
P:\Development\personal\games\NextGenGameEngine\tests\unit\test_draw_call_compactor.cpp(186): error C2064: term does not evaluate to a function taking 8 arguments
P:\Development\personal\games\NextGenGameEngine\tests\unit\test_draw_call_compactor.cpp(206): error C2064: term does not evaluate to a function taking 8 arguments
P:\Development\personal\games\NextGenGameEngine\tests\unit\test_draw_call_compactor.cpp(207): error C2064: term does not evaluate to a function taking 8 arguments
P:\Development\personal\games\NextGenGameEngine\tests\unit\test_draw_call_compactor.cpp(208): error C2064: term does not evaluate to a function taking 8 arguments
P:\Development\personal\games\NextGenGameEngine\tests\unit\test_draw_call_compactor.cpp(224): error C2064: term does not evaluate to a function taking 2 arguments
P:\Development\personal\games\NextGenGameEngine\tests\unit\test_draw_call_compactor.cpp(225): error C2064: term does not evaluate to a function taking 2 arguments
P:\Development\personal\games\NextGenGameEngine\tests\unit\test_draw_call_compactor.cpp(226): error C2064: term does not evaluate to a function taking 2 arguments
P:\Development\personal\games\NextGenGameEngine\tests\unit\test_draw_call_compactor.cpp(227): error C2064: term does not evaluate to a function taking 2 arguments
P:\Development\personal\games\NextGenGameEngine\tests\unit\test_draw_call_compactor.cpp(243): error C2064: term does not evaluate to a function taking 2 arguments
P:\Development\personal\games\NextGenGameEngine\tests\unit\test_draw_call_compactor.cpp(244): error C2064: term does not evaluate to a function taking 2 arguments
P:\Development\personal\games\NextGenGameEngine\tests\unit\test_draw_call_compactor.cpp(245): error C2064: term does not evaluate to a function taking 2 arguments
P:\Development\personal\games\NextGenGameEngine\tests\unit\test_draw_call_compactor.cpp(262): error C2064: term does not evaluate to a function taking 2 arguments
P:\Development\personal\games\NextGenGameEngine\tests\unit\test_draw_call_compactor.cpp(262): error C2512: 'testing::AssertionResult': no appropriate default constructor available
P:\Development\personal\games\NextGenGameEngine\tests\unit\test_draw_call_compactor.cpp(262): note: No constructor could take the source type, or constructor overload resolution was ambiguous
P:\Development\personal\games\NextGenGameEngine\tests\unit\test_draw_call_compactor.cpp(262): error C2737: 'gtest_ar_': const object must be initialized
P:\Development\personal\games\NextGenGameEngine\tests\unit\test_draw_call_compactor.cpp(263): error C2064: term does not evaluate to a function taking 2 arguments
P:\Development\personal\games\NextGenGameEngine\tests\unit\test_draw_call_compactor.cpp(263): error C2512: 'testing::AssertionResult': no appropriate default constructor available
P:\Development\personal\games\NextGenGameEngine\tests\unit\test_draw_call_compactor.cpp(263): note: No constructor could take the source type, or constructor overload resolution was ambiguous
P:\Development\personal\games\NextGenGameEngine\tests\unit\test_draw_call_compactor.cpp(263): error C2737: 'gtest_ar_': const object must be initialized
P:\Development\personal\games\NextGenGameEngine\tests\unit\test_draw_call_compactor.cpp(264): error C2064: term does not evaluate to a function taking 2 arguments
P:\Development\personal\games\NextGenGameEngine\tests\unit\test_draw_call_compactor.cpp(264): error C2512: 'testing::AssertionResult': no appropriate default constructor available
P:\Development\personal\games\NextGenGameEngine\tests\unit\test_draw_call_compactor.cpp(264): note: No constructor could take the source type, or constructor overload resolution was ambiguous
P:\Development\personal\games\NextGenGameEngine\tests\unit\test_draw_call_compactor.cpp(264): error C2737: 'gtest_ar_': const object must be initialized
P:\Development\personal\games\NextGenGameEngine\tests\unit\test_draw_call_compactor.cpp(265): error C2064: term does not evaluate to a function taking 2 arguments
P:\Development\personal\games\NextGenGameEngine\tests\unit\test_draw_call_compactor.cpp(265): error C2512: 'testing::AssertionResult': no appropriate default constructor available
P:\Development\personal\games\NextGenGameEngine\tests\unit\test_draw_call_compactor.cpp(265): note: No constructor could take the source type, or constructor overload resolution was ambiguous
P:\Development\personal\games\NextGenGameEngine\tests\unit\test_draw_call_compactor.cpp(265): error C2737: 'gtest_ar_': const object must be initialized
P:\Development\personal\games\NextGenGameEngine\tests\unit\test_draw_call_compactor.cpp(274): error C2064: term does not evaluate to a function taking 2 arguments
P:\Development\personal\games\NextGenGameEngine\tests\unit\test_draw_call_compactor.cpp(280): error C2064: term does not evaluate to a function taking 2 arguments
P:\Development\personal\games\NextGenGameEngine\tests\unit\test_draw_call_compactor.cpp(290): error C2064: term does not evaluate to a function taking 2 arguments
P:\Development\personal\games\NextGenGameEngine\tests\unit\test_draw_call_compactor.cpp(306): error C2064: term does not evaluate to a function taking 2 arguments
P:\Development\personal\games\NextGenGameEngine\tests\unit\test_draw_call_compactor.cpp(307): error C2064: term does not evaluate to a function taking 2 arguments
P:\Development\personal\games\NextGenGameEngine\tests\unit\test_draw_call_compactor.cpp(336): error C2064: term does not evaluate to a function taking 2 arguments
P:\Development\personal\games\NextGenGameEngine\tests\unit\test_draw_call_compactor.cpp(337): error C2064: term does not evaluate to a function taking 2 arguments
P:\Development\personal\games\NextGenGameEngine\tests\unit\test_draw_call_compactor.cpp(338): error C2064: term does not evaluate to a function taking 2 arguments
[241/297] Building CXX object tests\CMakeFiles\EngineTests.dir\Debug\unit\test_draw_indirect_validator.cpp.obj
FAILED: [code=2] tests/CMakeFiles/EngineTests.dir/Debug/unit/test_draw_indirect_validator.cpp.obj 
C:\PROGRA~2\MICROS~2\2019\BUILDT~1\VC\Tools\MSVC\1429~1.301\bin\Hostx64\x64\cl.exe  /nologo /TP -DFMT_SHARED -DGTEST_LINKED_AS_SHARED_LIBRARY=1 -DNGE_DEBUG=1 -DNGE_ENABLE_ASSERTS=1 -DNGE_ENABLE_MEMORY_TRACKING=1 -DNGE_ENABLE_VULKAN=1 -DNGE_PLATFORM_WINDOWS=1 -DNOMINMAX -DSPDLOG_COMPILED_LIB -DSPDLOG_FMT_EXTERNAL -DSPDLOG_SHARED_LIB -DWIN32_LEAN_AND_MEAN -D_CRT_SECURE_NO_WARNINGS -DCMAKE_INTDIR=\"Debug\" -IP:\Development\personal\games\NextGenGameEngine\engine -IP:\Development\personal\games\NextGenGameEngine\engine\.. -external:IP:\Development\personal\games\NextGenGameEngine\build\vcpkg_installed\x64-windows\include -external:IC:\VulkanSDK\1.4.341.1\include -external:W0 /DWIN32 /D_WINDOWS /EHsc /Zi /Ob0 /Od /RTC1 -std:c++20 -MDd /W4 /permissive- /Zc:__cplusplus /MP /fp:fast /arch:AVX2 /wd4251 /wd4275 /utf-8 /showIncludes /Fotests\CMakeFiles\EngineTests.dir\Debug\unit\test_draw_indirect_validator.cpp.obj /Fdtests\CMakeFiles\EngineTests.dir\Debug\ /FS -c P:\Development\personal\games\NextGenGameEngine\tests\unit\test_draw_indirect_validator.cpp
P:\Development\personal\games\NextGenGameEngine\engine/rhi/common/rhi_draw_indirect_validator.h(69): warning C4307: '*': signed integral constant overflow
P:\Development\personal\games\NextGenGameEngine\engine/rhi/common/rhi_draw_indirect_validator.h(69): warning C4245: 'initializing': conversion from 'int' to 'nge::u32', signed/unsigned mismatch
P:\Development\personal\games\NextGenGameEngine\engine/rhi/common/rhi_draw_indirect_validator.h(69): error C2397: conversion from 'int' to 'nge::u32' requires a narrowing conversion
P:\Development\personal\games\NextGenGameEngine\engine/rhi/common/rhi_draw_indirect_validator.h(89): warning C4245: 'initializing': conversion from 'int' to 'nge::u32', signed/unsigned mismatch
P:\Development\personal\games\NextGenGameEngine\tests\unit\test_draw_indirect_validator.cpp(227): error C2065: 'u32': undeclared identifier
P:\Development\personal\games\NextGenGameEngine\tests\unit\test_draw_indirect_validator.cpp(227): error C2146: syntax error: missing ';' before identifier 'invalidCount'
P:\Development\personal\games\NextGenGameEngine\tests\unit\test_draw_indirect_validator.cpp(227): error C2065: 'invalidCount': undeclared identifier
P:\Development\personal\games\NextGenGameEngine\tests\unit\test_draw_indirect_validator.cpp(228): error C2065: 'invalidCount': undeclared identifier
P:\Development\personal\games\NextGenGameEngine\tests\unit\test_draw_indirect_validator.cpp(228): error C2737: 'gtest_ar': const object must be initialized
P:\Development\personal\games\NextGenGameEngine\tests\unit\test_draw_indirect_validator.cpp(243): error C2065: 'u32': undeclared identifier
P:\Development\personal\games\NextGenGameEngine\tests\unit\test_draw_indirect_validator.cpp(243): error C2146: syntax error: missing ';' before identifier 'invalidCount'
P:\Development\personal\games\NextGenGameEngine\tests\unit\test_draw_indirect_validator.cpp(243): error C2065: 'invalidCount': undeclared identifier
P:\Development\personal\games\NextGenGameEngine\tests\unit\test_draw_indirect_validator.cpp(244): error C2065: 'invalidCount': undeclared identifier
P:\Development\personal\games\NextGenGameEngine\tests\unit\test_draw_indirect_validator.cpp(244): error C2737: 'gtest_ar': const object must be initialized
[242/297] Building CXX object tests\CMakeFiles\EngineTests.dir\Debug\unit\test_dynamic_buffer_indirect.cpp.obj
FAILED: [code=2] tests/CMakeFiles/EngineTests.dir/Debug/unit/test_dynamic_buffer_indirect.cpp.obj 
C:\PROGRA~2\MICROS~2\2019\BUILDT~1\VC\Tools\MSVC\1429~1.301\bin\Hostx64\x64\cl.exe  /nologo /TP -DFMT_SHARED -DGTEST_LINKED_AS_SHARED_LIBRARY=1 -DNGE_DEBUG=1 -DNGE_ENABLE_ASSERTS=1 -DNGE_ENABLE_MEMORY_TRACKING=1 -DNGE_ENABLE_VULKAN=1 -DNGE_PLATFORM_WINDOWS=1 -DNOMINMAX -DSPDLOG_COMPILED_LIB -DSPDLOG_FMT_EXTERNAL -DSPDLOG_SHARED_LIB -DWIN32_LEAN_AND_MEAN -D_CRT_SECURE_NO_WARNINGS -DCMAKE_INTDIR=\"Debug\" -IP:\Development\personal\games\NextGenGameEngine\engine -IP:\Development\personal\games\NextGenGameEngine\engine\.. -external:IP:\Development\personal\games\NextGenGameEngine\build\vcpkg_installed\x64-windows\include -external:IC:\VulkanSDK\1.4.341.1\include -external:W0 /DWIN32 /D_WINDOWS /EHsc /Zi /Ob0 /Od /RTC1 -std:c++20 -MDd /W4 /permissive- /Zc:__cplusplus /MP /fp:fast /arch:AVX2 /wd4251 /wd4275 /utf-8 /showIncludes /Fotests\CMakeFiles\EngineTests.dir\Debug\unit\test_dynamic_buffer_indirect.cpp.obj /Fdtests\CMakeFiles\EngineTests.dir\Debug\ /FS -c P:\Development\personal\games\NextGenGameEngine\tests\unit\test_dynamic_buffer_indirect.cpp
P:\Development\personal\games\NextGenGameEngine\tests\unit\test_dynamic_buffer_indirect.cpp(64): error C2065: 'u64': undeclared identifier
P:\Development\personal\games\NextGenGameEngine\tests\unit\test_dynamic_buffer_indirect.cpp(64): error C2146: syntax error: missing ';' before identifier 'firstOffset'
P:\Development\personal\games\NextGenGameEngine\tests\unit\test_dynamic_buffer_indirect.cpp(64): error C2065: 'firstOffset': undeclared identifier
P:\Development\personal\games\NextGenGameEngine\tests\unit\test_dynamic_buffer_indirect.cpp(69): error C2065: 'firstOffset': undeclared identifier
P:\Development\personal\games\NextGenGameEngine\tests\unit\test_dynamic_buffer_indirect.cpp(69): error C2737: 'gtest_ar': const object must be initialized
P:\Development\personal\games\NextGenGameEngine\tests\unit\test_dynamic_buffer_indirect.cpp(142): error C2065: 'u32': undeclared identifier
P:\Development\personal\games\NextGenGameEngine\tests\unit\test_dynamic_buffer_indirect.cpp(142): error C2146: syntax error: missing ';' before identifier 'id'
P:\Development\personal\games\NextGenGameEngine\tests\unit\test_dynamic_buffer_indirect.cpp(142): error C2065: 'id': undeclared identifier
P:\Development\personal\games\NextGenGameEngine\tests\unit\test_dynamic_buffer_indirect.cpp(143): error C2065: 'id': undeclared identifier
P:\Development\personal\games\NextGenGameEngine\tests\unit\test_dynamic_buffer_indirect.cpp(143): error C2737: 'gtest_ar': const object must be initialized
P:\Development\personal\games\NextGenGameEngine\tests\unit\test_dynamic_buffer_indirect.cpp(144): error C2065: 'id': undeclared identifier
P:\Development\personal\games\NextGenGameEngine\tests\unit\test_dynamic_buffer_indirect.cpp(144): error C2660: 'testing::internal::EqHelper::Compare': function does not take 3 arguments
P:\Development\personal\games\NextGenGameEngine\build\vcpkg_installed\x64-windows\include\gtest/gtest.h(1422): note: see declaration of 'testing::internal::EqHelper::Compare'
P:\Development\personal\games\NextGenGameEngine\tests\unit\test_dynamic_buffer_indirect.cpp(144): error C2737: 'gtest_ar': const object must be initialized
P:\Development\personal\games\NextGenGameEngine\tests\unit\test_dynamic_buffer_indirect.cpp(146): error C2065: 'id': undeclared identifier
P:\Development\personal\games\NextGenGameEngine\tests\unit\test_dynamic_buffer_indirect.cpp(169): error C2065: 'u32': undeclared identifier
P:\Development\personal\games\NextGenGameEngine\tests\unit\test_dynamic_buffer_indirect.cpp(169): error C2146: syntax error: missing ';' before identifier 'id0'
P:\Development\personal\games\NextGenGameEngine\tests\unit\test_dynamic_buffer_indirect.cpp(169): error C2065: 'id0': undeclared identifier
P:\Development\personal\games\NextGenGameEngine\tests\unit\test_dynamic_buffer_indirect.cpp(170): error C2065: 'u32': undeclared identifier
P:\Development\personal\games\NextGenGameEngine\tests\unit\test_dynamic_buffer_indirect.cpp(170): error C2146: syntax error: missing ';' before identifier 'id1'
P:\Development\personal\games\NextGenGameEngine\tests\unit\test_dynamic_buffer_indirect.cpp(170): error C2065: 'id1': undeclared identifier
P:\Development\personal\games\NextGenGameEngine\tests\unit\test_dynamic_buffer_indirect.cpp(171): error C2065: 'u32': undeclared identifier
P:\Development\personal\games\NextGenGameEngine\tests\unit\test_dynamic_buffer_indirect.cpp(171): error C2146: syntax error: missing ';' before identifier 'id2'
P:\Development\personal\games\NextGenGameEngine\tests\unit\test_dynamic_buffer_indirect.cpp(171): error C2065: 'id2': undeclared identifier
P:\Development\personal\games\NextGenGameEngine\tests\unit\test_dynamic_buffer_indirect.cpp(173): error C2065: 'id0': undeclared identifier
P:\Development\personal\games\NextGenGameEngine\tests\unit\test_dynamic_buffer_indirect.cpp(173): error C2065: 'id1': undeclared identifier
P:\Development\personal\games\NextGenGameEngine\tests\unit\test_dynamic_buffer_indirect.cpp(173): error C2737: 'gtest_ar': const object must be initialized
P:\Development\personal\games\NextGenGameEngine\tests\unit\test_dynamic_buffer_indirect.cpp(174): error C2065: 'id1': undeclared identifier
P:\Development\personal\games\NextGenGameEngine\tests\unit\test_dynamic_buffer_indirect.cpp(174): error C2065: 'id2': undeclared identifier
P:\Development\personal\games\NextGenGameEngine\tests\unit\test_dynamic_buffer_indirect.cpp(174): error C2737: 'gtest_ar': const object must be initialized
P:\Development\personal\games\NextGenGameEngine\tests\unit\test_dynamic_buffer_indirect.cpp(175): error C2065: 'id0': undeclared identifier
P:\Development\personal\games\NextGenGameEngine\tests\unit\test_dynamic_buffer_indirect.cpp(175): error C2660: 'testing::internal::EqHelper::Compare': function does not take 3 arguments
P:\Development\personal\games\NextGenGameEngine\build\vcpkg_installed\x64-windows\include\gtest/gtest.h(1422): note: see declaration of 'testing::internal::EqHelper::Compare'
P:\Development\personal\games\NextGenGameEngine\tests\unit\test_dynamic_buffer_indirect.cpp(175): error C2737: 'gtest_ar': const object must be initialized
P:\Development\personal\games\NextGenGameEngine\tests\unit\test_dynamic_buffer_indirect.cpp(176): error C2065: 'id1': undeclared identifier
P:\Development\personal\games\NextGenGameEngine\tests\unit\test_dynamic_buffer_indirect.cpp(176): error C2660: 'testing::internal::EqHelper::Compare': function does not take 3 arguments
P:\Development\personal\games\NextGenGameEngine\build\vcpkg_installed\x64-windows\include\gtest/gtest.h(1422): note: see declaration of 'testing::internal::EqHelper::Compare'
P:\Development\personal\games\NextGenGameEngine\tests\unit\test_dynamic_buffer_indirect.cpp(176): error C2737: 'gtest_ar': const object must be initialized
P:\Development\personal\games\NextGenGameEngine\tests\unit\test_dynamic_buffer_indirect.cpp(177): error C2065: 'id2': undeclared identifier
P:\Development\personal\games\NextGenGameEngine\tests\unit\test_dynamic_buffer_indirect.cpp(177): error C2660: 'testing::internal::EqHelper::Compare': function does not take 3 arguments
P:\Development\personal\games\NextGenGameEngine\build\vcpkg_installed\x64-windows\include\gtest/gtest.h(1422): note: see declaration of 'testing::internal::EqHelper::Compare'
P:\Development\personal\games\NextGenGameEngine\tests\unit\test_dynamic_buffer_indirect.cpp(177): error C2737: 'gtest_ar': const object must be initialized
P:\Development\personal\games\NextGenGameEngine\tests\unit\test_dynamic_buffer_indirect.cpp(196): error C2065: 'u32': undeclared identifier
P:\Development\personal\games\NextGenGameEngine\tests\unit\test_dynamic_buffer_indirect.cpp(196): error C2146: syntax error: missing ';' before identifier 'id0'
P:\Development\personal\games\NextGenGameEngine\tests\unit\test_dynamic_buffer_indirect.cpp(196): error C2065: 'id0': undeclared identifier
P:\Development\personal\games\NextGenGameEngine\tests\unit\test_dynamic_buffer_indirect.cpp(197): error C2065: 'u32': undeclared identifier
P:\Development\personal\games\NextGenGameEngine\tests\unit\test_dynamic_buffer_indirect.cpp(197): error C2146: syntax error: missing ';' before identifier 'id1'
P:\Development\personal\games\NextGenGameEngine\tests\unit\test_dynamic_buffer_indirect.cpp(197): error C2065: 'id1': undeclared identifier
P:\Development\personal\games\NextGenGameEngine\tests\unit\test_dynamic_buffer_indirect.cpp(201): error C2065: 'id0': undeclared identifier
[243/297] Building CXX object tests\CMakeFiles\EngineTests.dir\Debug\unit\test_dynamic_state_tracker.cpp.obj
FAILED: [code=2] tests/CMakeFiles/EngineTests.dir/Debug/unit/test_dynamic_state_tracker.cpp.obj 
C:\PROGRA~2\MICROS~2\2019\BUILDT~1\VC\Tools\MSVC\1429~1.301\bin\Hostx64\x64\cl.exe  /nologo /TP -DFMT_SHARED -DGTEST_LINKED_AS_SHARED_LIBRARY=1 -DNGE_DEBUG=1 -DNGE_ENABLE_ASSERTS=1 -DNGE_ENABLE_MEMORY_TRACKING=1 -DNGE_ENABLE_VULKAN=1 -DNGE_PLATFORM_WINDOWS=1 -DNOMINMAX -DSPDLOG_COMPILED_LIB -DSPDLOG_FMT_EXTERNAL -DSPDLOG_SHARED_LIB -DWIN32_LEAN_AND_MEAN -D_CRT_SECURE_NO_WARNINGS -DCMAKE_INTDIR=\"Debug\" -IP:\Development\personal\games\NextGenGameEngine\engine -IP:\Development\personal\games\NextGenGameEngine\engine\.. -external:IP:\Development\personal\games\NextGenGameEngine\build\vcpkg_installed\x64-windows\include -external:IC:\VulkanSDK\1.4.341.1\include -external:W0 /DWIN32 /D_WINDOWS /EHsc /Zi /Ob0 /Od /RTC1 -std:c++20 -MDd /W4 /permissive- /Zc:__cplusplus /MP /fp:fast /arch:AVX2 /wd4251 /wd4275 /utf-8 /showIncludes /Fotests\CMakeFiles\EngineTests.dir\Debug\unit\test_dynamic_state_tracker.cpp.obj /Fdtests\CMakeFiles\EngineTests.dir\Debug\ /FS -c P:\Development\personal\games\NextGenGameEngine\tests\unit\test_dynamic_state_tracker.cpp
P:\Development\personal\games\NextGenGameEngine\tests\unit\test_dynamic_state_tracker.cpp(251): error C2065: 'u32': undeclared identifier
P:\Development\personal\games\NextGenGameEngine\tests\unit\test_dynamic_state_tracker.cpp(251): error C2146: syntax error: missing ';' before identifier 'i'
P:\Development\personal\games\NextGenGameEngine\tests\unit\test_dynamic_state_tracker.cpp(251): error C2143: syntax error: missing ';' before '='
P:\Development\personal\games\NextGenGameEngine\tests\unit\test_dynamic_state_tracker.cpp(251): error C2143: syntax error: missing ')' before '='
P:\Development\personal\games\NextGenGameEngine\tests\unit\test_dynamic_state_tracker.cpp(251): error C2059: syntax error: '='
P:\Development\personal\games\NextGenGameEngine\tests\unit\test_dynamic_state_tracker.cpp(251): error C2061: syntax error: identifier 'u32'
P:\Development\personal\games\NextGenGameEngine\tests\unit\test_dynamic_state_tracker.cpp(251): error C2761: 'nge::rhi::DynamicState Count': redeclaration of member is not allowed
P:\Development\personal\games\NextGenGameEngine\tests\unit\test_dynamic_state_tracker.cpp(251): error C2065: 'i': undeclared identifier
P:\Development\personal\games\NextGenGameEngine\tests\unit\test_dynamic_state_tracker.cpp(251): error C2059: syntax error: ')'
P:\Development\personal\games\NextGenGameEngine\tests\unit\test_dynamic_state_tracker.cpp(252): error C2065: 'i': undeclared identifier
P:\Development\personal\games\NextGenGameEngine\tests\unit\test_dynamic_state_tracker.cpp(252): error C2065: 'i': undeclared identifier
P:\Development\personal\games\NextGenGameEngine\tests\unit\test_dynamic_state_tracker.cpp(252): error C2059: syntax error: ';'
P:\Development\personal\games\NextGenGameEngine\tests\unit\test_dynamic_state_tracker.cpp(255): error C2065: 'tracker': undeclared identifier
P:\Development\personal\games\NextGenGameEngine\tests\unit\test_dynamic_state_tracker.cpp(256): error C2059: syntax error: 'switch'
P:\Development\personal\games\NextGenGameEngine\tests\unit\test_dynamic_state_tracker.cpp(256): error C2321: 'default' is a keyword, and cannot be used in this context
P:\Development\personal\games\NextGenGameEngine\tests\unit\test_dynamic_state_tracker.cpp(256): error C4430: missing type specifier - int assumed. Note: C++ does not support default-int
P:\Development\personal\games\NextGenGameEngine\tests\unit\test_dynamic_state_tracker.cpp(256): error C2059: syntax error: ':'
P:\Development\personal\games\NextGenGameEngine\tests\unit\test_dynamic_state_tracker.cpp(256): error C2059: syntax error: 'if'
P:\Development\personal\games\NextGenGameEngine\tests\unit\test_dynamic_state_tracker.cpp(256): error C2059: syntax error: 'else'
P:\Development\personal\games\NextGenGameEngine\tests\unit\test_dynamic_state_tracker.cpp(258): error C3927: '->': trailing return type is not allowed after a non-function declarator
P:\Development\personal\games\NextGenGameEngine\tests\unit\test_dynamic_state_tracker.cpp(258): error C3484: syntax error: expected '->' before the return type
P:\Development\personal\games\NextGenGameEngine\tests\unit\test_dynamic_state_tracker.cpp(258): error C3613: missing return type after '->' ('int' assumed)
P:\Development\personal\games\NextGenGameEngine\tests\unit\test_dynamic_state_tracker.cpp(258): error C4430: missing type specifier - int assumed. Note: C++ does not support default-int
P:\Development\personal\games\NextGenGameEngine\tests\unit\test_dynamic_state_tracker.cpp(258): error C2146: syntax error: missing ';' before identifier 'Shutdown'
P:\Development\personal\games\NextGenGameEngine\tests\unit\test_dynamic_state_tracker.cpp(259): error C2059: syntax error: '}'
P:\Development\personal\games\NextGenGameEngine\tests\unit\test_dynamic_state_tracker.cpp(259): error C2143: syntax error: missing ';' before '}'
P:\Development\personal\games\NextGenGameEngine\tests\unit\test_dynamic_state_tracker.cpp(262): warning C4459: declaration of 'tracker' hides global declaration
P:\Development\personal\games\NextGenGameEngine\tests\unit\test_dynamic_state_tracker.cpp(258): note: see declaration of 'tracker'
[244/297] Building CXX object tests\CMakeFiles\EngineTests.dir\Debug\unit\test_format_utils.cpp.obj
FAILED: [code=2] tests/CMakeFiles/EngineTests.dir/Debug/unit/test_format_utils.cpp.obj 
C:\PROGRA~2\MICROS~2\2019\BUILDT~1\VC\Tools\MSVC\1429~1.301\bin\Hostx64\x64\cl.exe  /nologo /TP -DFMT_SHARED -DGTEST_LINKED_AS_SHARED_LIBRARY=1 -DNGE_DEBUG=1 -DNGE_ENABLE_ASSERTS=1 -DNGE_ENABLE_MEMORY_TRACKING=1 -DNGE_ENABLE_VULKAN=1 -DNGE_PLATFORM_WINDOWS=1 -DNOMINMAX -DSPDLOG_COMPILED_LIB -DSPDLOG_FMT_EXTERNAL -DSPDLOG_SHARED_LIB -DWIN32_LEAN_AND_MEAN -D_CRT_SECURE_NO_WARNINGS -DCMAKE_INTDIR=\"Debug\" -IP:\Development\personal\games\NextGenGameEngine\engine -IP:\Development\personal\games\NextGenGameEngine\engine\.. -external:IP:\Development\personal\games\NextGenGameEngine\build\vcpkg_installed\x64-windows\include -external:IC:\VulkanSDK\1.4.341.1\include -external:W0 /DWIN32 /D_WINDOWS /EHsc /Zi /Ob0 /Od /RTC1 -std:c++20 -MDd /W4 /permissive- /Zc:__cplusplus /MP /fp:fast /arch:AVX2 /wd4251 /wd4275 /utf-8 /showIncludes /Fotests\CMakeFiles\EngineTests.dir\Debug\unit\test_format_utils.cpp.obj /Fdtests\CMakeFiles\EngineTests.dir\Debug\ /FS -c P:\Development\personal\games\NextGenGameEngine\tests\unit\test_format_utils.cpp
P:\Development\personal\games\NextGenGameEngine\tests\unit\test_format_utils.cpp(16): error C2838: 'R11G11B10_FLOAT': illegal qualified name in member declaration
P:\Development\personal\games\NextGenGameEngine\tests\unit\test_format_utils.cpp(16): error C2065: 'R11G11B10_FLOAT': undeclared identifier
P:\Development\personal\games\NextGenGameEngine\tests\unit\test_format_utils.cpp(16): error C2660: 'testing::internal::EqHelper::Compare': function does not take 3 arguments
P:\Development\personal\games\NextGenGameEngine\build\vcpkg_installed\x64-windows\include\gtest/gtest.h(1422): note: see declaration of 'testing::internal::EqHelper::Compare'
P:\Development\personal\games\NextGenGameEngine\tests\unit\test_format_utils.cpp(16): error C2737: 'gtest_ar': const object must be initialized
P:\Development\personal\games\NextGenGameEngine\tests\unit\test_format_utils.cpp(31): error C2838: 'R11G11B10_FLOAT': illegal qualified name in member declaration
P:\Development\personal\games\NextGenGameEngine\tests\unit\test_format_utils.cpp(31): error C2065: 'R11G11B10_FLOAT': undeclared identifier
P:\Development\personal\games\NextGenGameEngine\tests\unit\test_format_utils.cpp(31): error C2660: 'testing::internal::EqHelper::Compare': function does not take 3 arguments
P:\Development\personal\games\NextGenGameEngine\build\vcpkg_installed\x64-windows\include\gtest/gtest.h(1422): note: see declaration of 'testing::internal::EqHelper::Compare'
P:\Development\personal\games\NextGenGameEngine\tests\unit\test_format_utils.cpp(31): error C2737: 'gtest_ar': const object must be initialized
P:\Development\personal\games\NextGenGameEngine\tests\unit\test_format_utils.cpp(83): error C2838: 'R11G11B10_FLOAT': illegal qualified name in member declaration
P:\Development\personal\games\NextGenGameEngine\tests\unit\test_format_utils.cpp(83): error C2065: 'R11G11B10_FLOAT': undeclared identifier
P:\Development\personal\games\NextGenGameEngine\tests\unit\test_format_utils.cpp(83): error C2512: 'testing::AssertionResult': no appropriate default constructor available
P:\Development\personal\games\NextGenGameEngine\tests\unit\test_format_utils.cpp(83): note: No constructor could take the source type, or constructor overload resolution was ambiguous
P:\Development\personal\games\NextGenGameEngine\tests\unit\test_format_utils.cpp(83): error C2737: 'gtest_ar_': const object must be initialized
[245/297] Building CXX object tests\CMakeFiles\EngineTests.dir\Debug\unit\test_format_neg_occlusion.cpp.obj
FAILED: [code=2] tests/CMakeFiles/EngineTests.dir/Debug/unit/test_format_neg_occlusion.cpp.obj 
C:\PROGRA~2\MICROS~2\2019\BUILDT~1\VC\Tools\MSVC\1429~1.301\bin\Hostx64\x64\cl.exe  /nologo /TP -DFMT_SHARED -DGTEST_LINKED_AS_SHARED_LIBRARY=1 -DNGE_DEBUG=1 -DNGE_ENABLE_ASSERTS=1 -DNGE_ENABLE_MEMORY_TRACKING=1 -DNGE_ENABLE_VULKAN=1 -DNGE_PLATFORM_WINDOWS=1 -DNOMINMAX -DSPDLOG_COMPILED_LIB -DSPDLOG_FMT_EXTERNAL -DSPDLOG_SHARED_LIB -DWIN32_LEAN_AND_MEAN -D_CRT_SECURE_NO_WARNINGS -DCMAKE_INTDIR=\"Debug\" -IP:\Development\personal\games\NextGenGameEngine\engine -IP:\Development\personal\games\NextGenGameEngine\engine\.. -external:IP:\Development\personal\games\NextGenGameEngine\build\vcpkg_installed\x64-windows\include -external:IC:\VulkanSDK\1.4.341.1\include -external:W0 /DWIN32 /D_WINDOWS /EHsc /Zi /Ob0 /Od /RTC1 -std:c++20 -MDd /W4 /permissive- /Zc:__cplusplus /MP /fp:fast /arch:AVX2 /wd4251 /wd4275 /utf-8 /showIncludes /Fotests\CMakeFiles\EngineTests.dir\Debug\unit\test_format_neg_occlusion.cpp.obj /Fdtests\CMakeFiles\EngineTests.dir\Debug\ /FS -c P:\Development\personal\games\NextGenGameEngine\tests\unit\test_format_neg_occlusion.cpp
P:\Development\personal\games\NextGenGameEngine\tests\unit\test_format_neg_occlusion.cpp(89): error C2065: 'u32': undeclared identifier
P:\Development\personal\games\NextGenGameEngine\tests\unit\test_format_neg_occlusion.cpp(89): error C2146: syntax error: missing ';' before identifier 'originalFormat'
P:\Development\personal\games\NextGenGameEngine\tests\unit\test_format_neg_occlusion.cpp(89): error C2065: 'originalFormat': undeclared identifier
P:\Development\personal\games\NextGenGameEngine\tests\unit\test_format_neg_occlusion.cpp(94): error C2065: 'originalFormat': undeclared identifier
P:\Development\personal\games\NextGenGameEngine\tests\unit\test_format_neg_occlusion.cpp(94): error C2737: 'gtest_ar': const object must be initialized
[246/297] Building CXX object tests\CMakeFiles\EngineTests.dir\Debug\unit\test_frame_graph_aliaser.cpp.obj
FAILED: [code=2] tests/CMakeFiles/EngineTests.dir/Debug/unit/test_frame_graph_aliaser.cpp.obj 
C:\PROGRA~2\MICROS~2\2019\BUILDT~1\VC\Tools\MSVC\1429~1.301\bin\Hostx64\x64\cl.exe  /nologo /TP -DFMT_SHARED -DGTEST_LINKED_AS_SHARED_LIBRARY=1 -DNGE_DEBUG=1 -DNGE_ENABLE_ASSERTS=1 -DNGE_ENABLE_MEMORY_TRACKING=1 -DNGE_ENABLE_VULKAN=1 -DNGE_PLATFORM_WINDOWS=1 -DNOMINMAX -DSPDLOG_COMPILED_LIB -DSPDLOG_FMT_EXTERNAL -DSPDLOG_SHARED_LIB -DWIN32_LEAN_AND_MEAN -D_CRT_SECURE_NO_WARNINGS -DCMAKE_INTDIR=\"Debug\" -IP:\Development\personal\games\NextGenGameEngine\engine -IP:\Development\personal\games\NextGenGameEngine\engine\.. -external:IP:\Development\personal\games\NextGenGameEngine\build\vcpkg_installed\x64-windows\include -external:IC:\VulkanSDK\1.4.341.1\include -external:W0 /DWIN32 /D_WINDOWS /EHsc /Zi /Ob0 /Od /RTC1 -std:c++20 -MDd /W4 /permissive- /Zc:__cplusplus /MP /fp:fast /arch:AVX2 /wd4251 /wd4275 /utf-8 /showIncludes /Fotests\CMakeFiles\EngineTests.dir\Debug\unit\test_frame_graph_aliaser.cpp.obj /Fdtests\CMakeFiles\EngineTests.dir\Debug\ /FS -c P:\Development\personal\games\NextGenGameEngine\tests\unit\test_frame_graph_aliaser.cpp
P:\Development\personal\games\NextGenGameEngine\tests\unit\test_frame_graph_aliaser.cpp(19): error C2065: 'u32': undeclared identifier
P:\Development\personal\games\NextGenGameEngine\tests\unit\test_frame_graph_aliaser.cpp(19): error C2146: syntax error: missing ';' before identifier 'id'
P:\Development\personal\games\NextGenGameEngine\tests\unit\test_frame_graph_aliaser.cpp(19): error C2065: 'id': undeclared identifier
P:\Development\personal\games\NextGenGameEngine\tests\unit\test_frame_graph_aliaser.cpp(20): error C2065: 'id': undeclared identifier
P:\Development\personal\games\NextGenGameEngine\tests\unit\test_frame_graph_aliaser.cpp(20): error C2737: 'gtest_ar': const object must be initialized
P:\Development\personal\games\NextGenGameEngine\tests\unit\test_frame_graph_aliaser.cpp(23): error C2065: 'id': undeclared identifier
P:\Development\personal\games\NextGenGameEngine\tests\unit\test_frame_graph_aliaser.cpp(24): error C3536: 'res': cannot be used before it is initialized
P:\Development\personal\games\NextGenGameEngine\tests\unit\test_frame_graph_aliaser.cpp(25): error C2660: 'testing::internal::EqHelper::Compare': function does not take 3 arguments
P:\Development\personal\games\NextGenGameEngine\build\vcpkg_installed\x64-windows\include\gtest/gtest.h(1422): note: see declaration of 'testing::internal::EqHelper::Compare'
P:\Development\personal\games\NextGenGameEngine\tests\unit\test_frame_graph_aliaser.cpp(25): error C2737: 'gtest_ar': const object must be initialized
P:\Development\personal\games\NextGenGameEngine\tests\unit\test_frame_graph_aliaser.cpp(26): error C2660: 'testing::internal::EqHelper::Compare': function does not take 3 arguments
P:\Development\personal\games\NextGenGameEngine\build\vcpkg_installed\x64-windows\include\gtest/gtest.h(1422): note: see declaration of 'testing::internal::EqHelper::Compare'
P:\Development\personal\games\NextGenGameEngine\tests\unit\test_frame_graph_aliaser.cpp(26): error C2737: 'gtest_ar': const object must be initialized
P:\Development\personal\games\NextGenGameEngine\tests\unit\test_frame_graph_aliaser.cpp(27): error C2660: 'testing::internal::EqHelper::Compare': function does not take 3 arguments
P:\Development\personal\games\NextGenGameEngine\build\vcpkg_installed\x64-windows\include\gtest/gtest.h(1422): note: see declaration of 'testing::internal::EqHelper::Compare'
P:\Development\personal\games\NextGenGameEngine\tests\unit\test_frame_graph_aliaser.cpp(27): error C2737: 'gtest_ar': const object must be initialized
P:\Development\personal\games\NextGenGameEngine\tests\unit\test_frame_graph_aliaser.cpp(28): error C2660: 'testing::internal::EqHelper::Compare': function does not take 3 arguments
P:\Development\personal\games\NextGenGameEngine\build\vcpkg_installed\x64-windows\include\gtest/gtest.h(1422): note: see declaration of 'testing::internal::EqHelper::Compare'
P:\Development\personal\games\NextGenGameEngine\tests\unit\test_frame_graph_aliaser.cpp(28): error C2737: 'gtest_ar': const object must be initialized
P:\Development\personal\games\NextGenGameEngine\tests\unit\test_frame_graph_aliaser.cpp(29): error C2660: 'testing::internal::EqHelper::Compare': function does not take 3 arguments
P:\Development\personal\games\NextGenGameEngine\build\vcpkg_installed\x64-windows\include\gtest/gtest.h(1422): note: see declaration of 'testing::internal::EqHelper::Compare'
P:\Development\personal\games\NextGenGameEngine\tests\unit\test_frame_graph_aliaser.cpp(29): error C2737: 'gtest_ar': const object must be initialized
P:\Development\personal\games\NextGenGameEngine\tests\unit\test_frame_graph_aliaser.cpp(38): error C2065: 'u32': undeclared identifier
P:\Development\personal\games\NextGenGameEngine\tests\unit\test_frame_graph_aliaser.cpp(38): error C2146: syntax error: missing ';' before identifier 'id'
P:\Development\personal\games\NextGenGameEngine\tests\unit\test_frame_graph_aliaser.cpp(38): error C2065: 'id': undeclared identifier
P:\Development\personal\games\NextGenGameEngine\tests\unit\test_frame_graph_aliaser.cpp(39): error C2065: 'id': undeclared identifier
P:\Development\personal\games\NextGenGameEngine\tests\unit\test_frame_graph_aliaser.cpp(39): error C2737: 'gtest_ar': const object must be initialized
P:\Development\personal\games\NextGenGameEngine\tests\unit\test_frame_graph_aliaser.cpp(41): error C2065: 'id': undeclared identifier
P:\Development\personal\games\NextGenGameEngine\tests\unit\test_frame_graph_aliaser.cpp(42): error C3536: 'res': cannot be used before it is initialized
P:\Development\personal\games\NextGenGameEngine\tests\unit\test_frame_graph_aliaser.cpp(42): error C2660: 'testing::internal::EqHelper::Compare': function does not take 3 arguments
P:\Development\personal\games\NextGenGameEngine\build\vcpkg_installed\x64-windows\include\gtest/gtest.h(1422): note: see declaration of 'testing::internal::EqHelper::Compare'
P:\Development\personal\games\NextGenGameEngine\tests\unit\test_frame_graph_aliaser.cpp(42): error C2737: 'gtest_ar': const object must be initialized
P:\Development\personal\games\NextGenGameEngine\tests\unit\test_frame_graph_aliaser.cpp(43): error C2660: 'testing::internal::EqHelper::Compare': function does not take 3 arguments
P:\Development\personal\games\NextGenGameEngine\build\vcpkg_installed\x64-windows\include\gtest/gtest.h(1422): note: see declaration of 'testing::internal::EqHelper::Compare'
P:\Development\personal\games\NextGenGameEngine\tests\unit\test_frame_graph_aliaser.cpp(43): error C2737: 'gtest_ar': const object must be initialized
P:\Development\personal\games\NextGenGameEngine\tests\unit\test_frame_graph_aliaser.cpp(44): error C2660: 'testing::internal::EqHelper::Compare': function does not take 3 arguments
P:\Development\personal\games\NextGenGameEngine\build\vcpkg_installed\x64-windows\include\gtest/gtest.h(1422): note: see declaration of 'testing::internal::EqHelper::Compare'
P:\Development\personal\games\NextGenGameEngine\tests\unit\test_frame_graph_aliaser.cpp(44): error C2737: 'gtest_ar': const object must be initialized
P:\Development\personal\games\NextGenGameEngine\tests\unit\test_frame_graph_aliaser.cpp(45): error C2660: 'testing::internal::EqHelper::Compare': function does not take 3 arguments
P:\Development\personal\games\NextGenGameEngine\build\vcpkg_installed\x64-windows\include\gtest/gtest.h(1422): note: see declaration of 'testing::internal::EqHelper::Compare'
P:\Development\personal\games\NextGenGameEngine\tests\unit\test_frame_graph_aliaser.cpp(45): error C2737: 'gtest_ar': const object must be initialized
P:\Development\personal\games\NextGenGameEngine\tests\unit\test_frame_graph_aliaser.cpp(46): error C2672: 'testing::internal::CmpHelperGT': no matching overloaded function found
P:\Development\personal\games\NextGenGameEngine\tests\unit\test_frame_graph_aliaser.cpp(46): error C2780: 'testing::AssertionResult testing::internal::CmpHelperGT(const char *,const char *,const T1 &,const T2 &)': expects 4 arguments - 3 provided
P:\Development\personal\games\NextGenGameEngine\build\vcpkg_installed\x64-windows\include\gtest/gtest.h(1480): note: see declaration of 'testing::internal::CmpHelperGT'
P:\Development\personal\games\NextGenGameEngine\tests\unit\test_frame_graph_aliaser.cpp(46): error C2737: 'gtest_ar': const object must be initialized
P:\Development\personal\games\NextGenGameEngine\tests\unit\test_frame_graph_aliaser.cpp(55): error C2065: 'u32': undeclared identifier
P:\Development\personal\games\NextGenGameEngine\tests\unit\test_frame_graph_aliaser.cpp(55): error C2146: syntax error: missing ';' before identifier 'a'
P:\Development\personal\games\NextGenGameEngine\tests\unit\test_frame_graph_aliaser.cpp(55): error C2065: 'a': undeclared identifier
P:\Development\personal\games\NextGenGameEngine\tests\unit\test_frame_graph_aliaser.cpp(56): error C2065: 'u32': undeclared identifier
P:\Development\personal\games\NextGenGameEngine\tests\unit\test_frame_graph_aliaser.cpp(56): error C2146: syntax error: missing ';' before identifier 'b'
P:\Development\personal\games\NextGenGameEngine\tests\unit\test_frame_graph_aliaser.cpp(56): error C2065: 'b': undeclared identifier
P:\Development\personal\games\NextGenGameEngine\tests\unit\test_frame_graph_aliaser.cpp(57): error C2065: 'u32': undeclared identifier
P:\Development\personal\games\NextGenGameEngine\tests\unit\test_frame_graph_aliaser.cpp(57): error C2146: syntax error: missing ';' before identifier 'c'
P:\Development\personal\games\NextGenGameEngine\tests\unit\test_frame_graph_aliaser.cpp(57): error C2065: 'c': undeclared identifier
P:\Development\personal\games\NextGenGameEngine\tests\unit\test_frame_graph_aliaser.cpp(59): error C2065: 'a': undeclared identifier
P:\Development\personal\games\NextGenGameEngine\tests\unit\test_frame_graph_aliaser.cpp(59): error C2065: 'b': undeclared identifier
P:\Development\personal\games\NextGenGameEngine\tests\unit\test_frame_graph_aliaser.cpp(59): error C2512: 'testing::AssertionResult': no appropriate default constructor available
P:\Development\personal\games\NextGenGameEngine\tests\unit\test_frame_graph_aliaser.cpp(59): note: No constructor could take the source type, or constructor overload resolution was ambiguous
P:\Development\personal\games\NextGenGameEngine\tests\unit\test_frame_graph_aliaser.cpp(59): error C2737: 'gtest_ar_': const object must be initialized
P:\Development\personal\games\NextGenGameEngine\tests\unit\test_frame_graph_aliaser.cpp(60): error C2065: 'a': undeclared identifier
P:\Development\personal\games\NextGenGameEngine\tests\unit\test_frame_graph_aliaser.cpp(60): error C2065: 'c': undeclared identifier
P:\Development\personal\games\NextGenGameEngine\tests\unit\test_frame_graph_aliaser.cpp(60): error C2512: 'testing::AssertionResult': no appropriate default constructor available
P:\Development\personal\games\NextGenGameEngine\tests\unit\test_frame_graph_aliaser.cpp(60): note: No constructor could take the source type, or constructor overload resolution was ambiguous
P:\Development\personal\games\NextGenGameEngine\tests\unit\test_frame_graph_aliaser.cpp(60): error C2737: 'gtest_ar_': const object must be initialized
P:\Development\personal\games\NextGenGameEngine\tests\unit\test_frame_graph_aliaser.cpp(61): error C2065: 'b': undeclared identifier
P:\Development\personal\games\NextGenGameEngine\tests\unit\test_frame_graph_aliaser.cpp(61): error C2065: 'c': undeclared identifier
P:\Development\personal\games\NextGenGameEngine\tests\unit\test_frame_graph_aliaser.cpp(61): error C2512: 'testing::AssertionResult': no appropriate default constructor available
P:\Development\personal\games\NextGenGameEngine\tests\unit\test_frame_graph_aliaser.cpp(61): note: No constructor could take the source type, or constructor overload resolution was ambiguous
P:\Development\personal\games\NextGenGameEngine\tests\unit\test_frame_graph_aliaser.cpp(61): error C2737: 'gtest_ar_': const object must be initialized
P:\Development\personal\games\NextGenGameEngine\tests\unit\test_frame_graph_aliaser.cpp(74): error C2065: 'u32': undeclared identifier
P:\Development\personal\games\NextGenGameEngine\tests\unit\test_frame_graph_aliaser.cpp(74): error C2146: syntax error: missing ';' before identifier 'a'
P:\Development\personal\games\NextGenGameEngine\tests\unit\test_frame_graph_aliaser.cpp(74): error C2065: 'a': undeclared identifier
P:\Development\personal\games\NextGenGameEngine\tests\unit\test_frame_graph_aliaser.cpp(75): error C2065: 'u32': undeclared identifier
P:\Development\personal\games\NextGenGameEngine\tests\unit\test_frame_graph_aliaser.cpp(75): error C2146: syntax error: missing ';' before identifier 'b'
P:\Development\personal\games\NextGenGameEngine\tests\unit\test_frame_graph_aliaser.cpp(75): error C2065: 'b': undeclared identifier
P:\Development\personal\games\NextGenGameEngine\tests\unit\test_frame_graph_aliaser.cpp(80): error C2065: 'a': undeclared identifier
P:\Development\personal\games\NextGenGameEngine\tests\unit\test_frame_graph_aliaser.cpp(80): error C2065: 'b': undeclared identifier
P:\Development\personal\games\NextGenGameEngine\tests\unit\test_frame_graph_aliaser.cpp(80): error C2660: 'testing::internal::EqHelper::Compare': function does not take 2 arguments
P:\Development\personal\games\NextGenGameEngine\build\vcpkg_installed\x64-windows\include\gtest/gtest.h(1422): note: see declaration of 'testing::internal::EqHelper::Compare'
P:\Development\personal\games\NextGenGameEngine\tests\unit\test_frame_graph_aliaser.cpp(80): error C2737: 'gtest_ar': const object must be initialized
P:\Development\personal\games\NextGenGameEngine\tests\unit\test_frame_graph_aliaser.cpp(93): error C2065: 'u32': undeclared identifier
P:\Development\personal\games\NextGenGameEngine\tests\unit\test_frame_graph_aliaser.cpp(93): error C2146: syntax error: missing ';' before identifier 'a'
P:\Development\personal\games\NextGenGameEngine\tests\unit\test_frame_graph_aliaser.cpp(93): error C2065: 'a': undeclared identifier
P:\Development\personal\games\NextGenGameEngine\tests\unit\test_frame_graph_aliaser.cpp(94): error C2065: 'u32': undeclared identifier
P:\Development\personal\games\NextGenGameEngine\tests\unit\test_frame_graph_aliaser.cpp(94): error C2146: syntax error: missing ';' before identifier 'b'
P:\Development\personal\games\NextGenGameEngine\tests\unit\test_frame_graph_aliaser.cpp(94): error C2065: 'b': undeclared identifier
P:\Development\personal\games\NextGenGameEngine\tests\unit\test_frame_graph_aliaser.cpp(98): error C2065: 'a': undeclared identifier
P:\Development\personal\games\NextGenGameEngine\tests\unit\test_frame_graph_aliaser.cpp(98): error C2065: 'b': undeclared identifier
P:\Development\personal\games\NextGenGameEngine\tests\unit\test_frame_graph_aliaser.cpp(98): error C2672: 'testing::internal::CmpHelperNE': no matching overloaded function found
P:\Development\personal\games\NextGenGameEngine\tests\unit\test_frame_graph_aliaser.cpp(98): error C2780: 'testing::AssertionResult testing::internal::CmpHelperNE(const char *,const char *,const T1 &,const T2 &)': expects 4 arguments - 2 provided
P:\Development\personal\games\NextGenGameEngine\build\vcpkg_installed\x64-windows\include\gtest/gtest.h(1472): note: see declaration of 'testing::internal::CmpHelperNE'
P:\Development\personal\games\NextGenGameEngine\tests\unit\test_frame_graph_aliaser.cpp(98): error C2737: 'gtest_ar': const object must be initialized
P:\Development\personal\games\NextGenGameEngine\tests\unit\test_frame_graph_aliaser.cpp(129): error C2065: 'u32': undeclared identifier
P:\Development\personal\games\NextGenGameEngine\tests\unit\test_frame_graph_aliaser.cpp(129): error C2146: syntax error: missing ';' before identifier 'a'
P:\Development\personal\games\NextGenGameEngine\tests\unit\test_frame_graph_aliaser.cpp(129): error C2065: 'a': undeclared identifier
P:\Development\personal\games\NextGenGameEngine\tests\unit\test_frame_graph_aliaser.cpp(130): error C2065: 'u32': undeclared identifier
P:\Development\personal\games\NextGenGameEngine\tests\unit\test_frame_graph_aliaser.cpp(130): error C2146: syntax error: missing ';' before identifier 'b'
P:\Development\personal\games\NextGenGameEngine\tests\unit\test_frame_graph_aliaser.cpp(130): error C2065: 'b': undeclared identifier
P:\Development\personal\games\NextGenGameEngine\tests\unit\test_frame_graph_aliaser.cpp(135): error C2065: 'a': undeclared identifier
P:\Development\personal\games\NextGenGameEngine\tests\unit\test_frame_graph_aliaser.cpp(135): error C2065: 'b': undeclared identifier
P:\Development\personal\games\NextGenGameEngine\tests\unit\test_frame_graph_aliaser.cpp(135): error C2672: 'testing::internal::CmpHelperNE': no matching overloaded function found
P:\Development\personal\games\NextGenGameEngine\tests\unit\test_frame_graph_aliaser.cpp(135): error C2780: 'testing::AssertionResult testing::internal::CmpHelperNE(const char *,const char *,const T1 &,const T2 &)': expects 4 arguments - 2 provided
P:\Development\personal\games\NextGenGameEngine\build\vcpkg_installed\x64-windows\include\gtest/gtest.h(1472): note: see declaration of 'testing::internal::CmpHelperNE'
P:\Development\personal\games\NextGenGameEngine\tests\unit\test_frame_graph_aliaser.cpp(135): error C2737: 'gtest_ar': const object must be initialized
P:\Development\personal\games\NextGenGameEngine\tests\unit\test_frame_graph_aliaser.cpp(169): error C2065: 'u32': undeclared identifier
P:\Development\personal\games\NextGenGameEngine\tests\unit\test_frame_graph_aliaser.cpp(169): error C2146: syntax error: missing ';' before identifier 'albedo'
P:\Development\personal\games\NextGenGameEngine\tests\unit\test_frame_graph_aliaser.cpp(169): error C2065: 'albedo': undeclared identifier
P:\Development\personal\games\NextGenGameEngine\tests\unit\test_frame_graph_aliaser.cpp(170): error C2065: 'u32': undeclared identifier
P:\Development\personal\games\NextGenGameEngine\tests\unit\test_frame_graph_aliaser.cpp(170): error C2146: syntax error: missing ';' before identifier 'normal'
P:\Development\personal\games\NextGenGameEngine\tests\unit\test_frame_graph_aliaser.cpp(170): error C2065: 'normal': undeclared identifier
P:\Development\personal\games\NextGenGameEngine\tests\unit\test_frame_graph_aliaser.cpp(171): error C2065: 'u32': undeclared identifier
P:\Development\personal\games\NextGenGameEngine\tests\unit\test_frame_graph_aliaser.cpp(171): error C2146: syntax error: missing ';' before identifier 'lighting'
P:\Development\personal\games\NextGenGameEngine\tests\unit\test_frame_graph_aliaser.cpp(171): error C2065: 'lighting': undeclared identifier
P:\Development\personal\games\NextGenGameEngine\tests\unit\test_frame_graph_aliaser.cpp(172): error C2065: 'u32': undeclared identifier
P:\Development\personal\games\NextGenGameEngine\tests\unit\test_frame_graph_aliaser.cpp(172): error C2146: syntax error: missing ';' before identifier 'postTemp'
P:\Development\personal\games\NextGenGameEngine\tests\unit\test_frame_graph_aliaser.cpp(172): error C2065: 'postTemp': undeclared identifier
P:\Development\personal\games\NextGenGameEngine\tests\unit\test_frame_graph_aliaser.cpp(173): error C2065: 'u32': undeclared identifier
P:\Development\personal\games\NextGenGameEngine\tests\unit\test_frame_graph_aliaser.cpp(173): fatal error C1003: error count exceeds 100; stopping compilation
[247/297] Building CXX object tests\CMakeFiles\EngineTests.dir\Debug\unit\test_frame_resource_gc.cpp.obj
FAILED: [code=2] tests/CMakeFiles/EngineTests.dir/Debug/unit/test_frame_resource_gc.cpp.obj 
C:\PROGRA~2\MICROS~2\2019\BUILDT~1\VC\Tools\MSVC\1429~1.301\bin\Hostx64\x64\cl.exe  /nologo /TP -DFMT_SHARED -DGTEST_LINKED_AS_SHARED_LIBRARY=1 -DNGE_DEBUG=1 -DNGE_ENABLE_ASSERTS=1 -DNGE_ENABLE_MEMORY_TRACKING=1 -DNGE_ENABLE_VULKAN=1 -DNGE_PLATFORM_WINDOWS=1 -DNOMINMAX -DSPDLOG_COMPILED_LIB -DSPDLOG_FMT_EXTERNAL -DSPDLOG_SHARED_LIB -DWIN32_LEAN_AND_MEAN -D_CRT_SECURE_NO_WARNINGS -DCMAKE_INTDIR=\"Debug\" -IP:\Development\personal\games\NextGenGameEngine\engine -IP:\Development\personal\games\NextGenGameEngine\engine\.. -external:IP:\Development\personal\games\NextGenGameEngine\build\vcpkg_installed\x64-windows\include -external:IC:\VulkanSDK\1.4.341.1\include -external:W0 /DWIN32 /D_WINDOWS /EHsc /Zi /Ob0 /Od /RTC1 -std:c++20 -MDd /W4 /permissive- /Zc:__cplusplus /MP /fp:fast /arch:AVX2 /wd4251 /wd4275 /utf-8 /showIncludes /Fotests\CMakeFiles\EngineTests.dir\Debug\unit\test_frame_resource_gc.cpp.obj /Fdtests\CMakeFiles\EngineTests.dir\Debug\ /FS -c P:\Development\personal\games\NextGenGameEngine\tests\unit\test_frame_resource_gc.cpp
P:\Development\personal\games\NextGenGameEngine\tests\unit\test_frame_resource_gc.cpp(18): error C2760: syntax error: unexpected token 'identifier', expected 'type specifier'
P:\Development\personal\games\NextGenGameEngine\tests\unit\test_frame_resource_gc.cpp(18): error C2065: 'h': undeclared identifier
P:\Development\personal\games\NextGenGameEngine\tests\unit\test_frame_resource_gc.cpp(18): error C2059: syntax error: ')'
P:\Development\personal\games\NextGenGameEngine\tests\unit\test_frame_resource_gc.cpp(19): error C2143: syntax error: missing ';' before '{'
P:\Development\personal\games\NextGenGameEngine\tests\unit\test_frame_resource_gc.cpp(19): error C2143: syntax error: missing ')' before ';'
P:\Development\personal\games\NextGenGameEngine\tests\unit\test_frame_resource_gc.cpp(18): error C2059: syntax error: ','
P:\Development\personal\games\NextGenGameEngine\tests\unit\test_frame_resource_gc.cpp(19): error C2059: syntax error: ')'
P:\Development\personal\games\NextGenGameEngine\tests\unit\test_frame_resource_gc.cpp(19): error C2181: illegal else without matching if
P:\Development\personal\games\NextGenGameEngine\tests\unit\test_frame_resource_gc.cpp(18): error C2065: 'gtest_ar_': undeclared identifier
P:\Development\personal\games\NextGenGameEngine\tests\unit\test_frame_resource_gc.cpp(18): error C2440: '<function-style-cast>': cannot convert from 'initializer list' to 'testing::internal::AssertHelper'
P:\Development\personal\games\NextGenGameEngine\tests\unit\test_frame_resource_gc.cpp(19): note: No constructor could take the source type, or constructor overload resolution was ambiguous
P:\Development\personal\games\NextGenGameEngine\tests\unit\test_frame_resource_gc.cpp(35): error C2065: 'u32': undeclared identifier
P:\Development\personal\games\NextGenGameEngine\tests\unit\test_frame_resource_gc.cpp(35): error C2146: syntax error: missing ';' before identifier 'destroyCount'
P:\Development\personal\games\NextGenGameEngine\tests\unit\test_frame_resource_gc.cpp(35): error C2065: 'destroyCount': undeclared identifier
P:\Development\personal\games\NextGenGameEngine\tests\unit\test_frame_resource_gc.cpp(36): error C2760: syntax error: unexpected token 'identifier', expected 'type specifier'
P:\Development\personal\games\NextGenGameEngine\tests\unit\test_frame_resource_gc.cpp(36): error C2059: syntax error: ')'
P:\Development\personal\games\NextGenGameEngine\tests\unit\test_frame_resource_gc.cpp(36): error C2143: syntax error: missing ';' before '{'
P:\Development\personal\games\NextGenGameEngine\tests\unit\test_frame_resource_gc.cpp(36): error C2065: 'destroyCount': undeclared identifier
P:\Development\personal\games\NextGenGameEngine\tests\unit\test_frame_resource_gc.cpp(36): error C2059: syntax error: ')'
P:\Development\personal\games\NextGenGameEngine\tests\unit\test_frame_resource_gc.cpp(37): error C2760: syntax error: unexpected token 'identifier', expected 'type specifier'
P:\Development\personal\games\NextGenGameEngine\tests\unit\test_frame_resource_gc.cpp(37): error C2059: syntax error: ')'
P:\Development\personal\games\NextGenGameEngine\tests\unit\test_frame_resource_gc.cpp(37): error C2143: syntax error: missing ';' before '{'
P:\Development\personal\games\NextGenGameEngine\tests\unit\test_frame_resource_gc.cpp(37): error C2065: 'destroyCount': undeclared identifier
P:\Development\personal\games\NextGenGameEngine\tests\unit\test_frame_resource_gc.cpp(37): error C2059: syntax error: ')'
P:\Development\personal\games\NextGenGameEngine\tests\unit\test_frame_resource_gc.cpp(46): error C2065: 'destroyCount': undeclared identifier
P:\Development\personal\games\NextGenGameEngine\tests\unit\test_frame_resource_gc.cpp(46): error C2737: 'gtest_ar': const object must be initialized
P:\Development\personal\games\NextGenGameEngine\tests\unit\test_frame_resource_gc.cpp(50): error C2065: 'destroyCount': undeclared identifier
P:\Development\personal\games\NextGenGameEngine\tests\unit\test_frame_resource_gc.cpp(50): error C2737: 'gtest_ar': const object must be initialized
P:\Development\personal\games\NextGenGameEngine\tests\unit\test_frame_resource_gc.cpp(72): error C2065: 'u32': undeclared identifier
P:\Development\personal\games\NextGenGameEngine\tests\unit\test_frame_resource_gc.cpp(72): error C2146: syntax error: missing ';' before identifier 'destroyCount'
P:\Development\personal\games\NextGenGameEngine\tests\unit\test_frame_resource_gc.cpp(72): error C2065: 'destroyCount': undeclared identifier
P:\Development\personal\games\NextGenGameEngine\tests\unit\test_frame_resource_gc.cpp(73): error C2760: syntax error: unexpected token 'identifier', expected 'type specifier'
P:\Development\personal\games\NextGenGameEngine\tests\unit\test_frame_resource_gc.cpp(73): error C2059: syntax error: ')'
P:\Development\personal\games\NextGenGameEngine\tests\unit\test_frame_resource_gc.cpp(73): error C2143: syntax error: missing ';' before '{'
P:\Development\personal\games\NextGenGameEngine\tests\unit\test_frame_resource_gc.cpp(73): error C2065: 'destroyCount': undeclared identifier
P:\Development\personal\games\NextGenGameEngine\tests\unit\test_frame_resource_gc.cpp(73): error C2059: syntax error: ')'
P:\Development\personal\games\NextGenGameEngine\tests\unit\test_frame_resource_gc.cpp(74): error C2760: syntax error: unexpected token 'identifier', expected 'type specifier'
P:\Development\personal\games\NextGenGameEngine\tests\unit\test_frame_resource_gc.cpp(74): error C2059: syntax error: ')'
P:\Development\personal\games\NextGenGameEngine\tests\unit\test_frame_resource_gc.cpp(74): error C2143: syntax error: missing ';' before '{'
P:\Development\personal\games\NextGenGameEngine\tests\unit\test_frame_resource_gc.cpp(74): error C2065: 'destroyCount': undeclared identifier
P:\Development\personal\games\NextGenGameEngine\tests\unit\test_frame_resource_gc.cpp(74): error C2059: syntax error: ')'
P:\Development\personal\games\NextGenGameEngine\tests\unit\test_frame_resource_gc.cpp(75): error C2760: syntax error: unexpected token 'identifier', expected 'type specifier'
P:\Development\personal\games\NextGenGameEngine\tests\unit\test_frame_resource_gc.cpp(75): error C2059: syntax error: ')'
P:\Development\personal\games\NextGenGameEngine\tests\unit\test_frame_resource_gc.cpp(75): error C2143: syntax error: missing ';' before '{'
P:\Development\personal\games\NextGenGameEngine\tests\unit\test_frame_resource_gc.cpp(75): error C2065: 'destroyCount': undeclared identifier
P:\Development\personal\games\NextGenGameEngine\tests\unit\test_frame_resource_gc.cpp(75): error C2059: syntax error: ')'
P:\Development\personal\games\NextGenGameEngine\tests\unit\test_frame_resource_gc.cpp(77): error C2065: 'u32': undeclared identifier
P:\Development\personal\games\NextGenGameEngine\tests\unit\test_frame_resource_gc.cpp(77): error C2146: syntax error: missing ';' before identifier 'flushed'
P:\Development\personal\games\NextGenGameEngine\tests\unit\test_frame_resource_gc.cpp(77): error C2065: 'flushed': undeclared identifier
P:\Development\personal\games\NextGenGameEngine\tests\unit\test_frame_resource_gc.cpp(78): error C2065: 'flushed': undeclared identifier
P:\Development\personal\games\NextGenGameEngine\tests\unit\test_frame_resource_gc.cpp(78): error C2737: 'gtest_ar': const object must be initialized
P:\Development\personal\games\NextGenGameEngine\tests\unit\test_frame_resource_gc.cpp(79): error C2065: 'destroyCount': undeclared identifier
P:\Development\personal\games\NextGenGameEngine\tests\unit\test_frame_resource_gc.cpp(79): error C2737: 'gtest_ar': const object must be initialized
P:\Development\personal\games\NextGenGameEngine\tests\unit\test_frame_resource_gc.cpp(91): error C2065: 'u64': undeclared identifier
P:\Development\personal\games\NextGenGameEngine\tests\unit\test_frame_resource_gc.cpp(91): error C2146: syntax error: missing ';' before identifier 'receivedHandle'
P:\Development\personal\games\NextGenGameEngine\tests\unit\test_frame_resource_gc.cpp(91): error C2065: 'receivedHandle': undeclared identifier
P:\Development\personal\games\NextGenGameEngine\tests\unit\test_frame_resource_gc.cpp(92): error C2760: syntax error: unexpected token 'identifier', expected 'type specifier'
P:\Development\personal\games\NextGenGameEngine\tests\unit\test_frame_resource_gc.cpp(92): error C2065: 'h': undeclared identifier
P:\Development\personal\games\NextGenGameEngine\tests\unit\test_frame_resource_gc.cpp(92): error C2059: syntax error: ')'
P:\Development\personal\games\NextGenGameEngine\tests\unit\test_frame_resource_gc.cpp(92): error C2143: syntax error: missing ';' before '{'
P:\Development\personal\games\NextGenGameEngine\tests\unit\test_frame_resource_gc.cpp(92): error C2065: 'receivedHandle': undeclared identifier
P:\Development\personal\games\NextGenGameEngine\tests\unit\test_frame_resource_gc.cpp(92): error C2065: 'h': undeclared identifier
P:\Development\personal\games\NextGenGameEngine\tests\unit\test_frame_resource_gc.cpp(92): error C2059: syntax error: ')'
P:\Development\personal\games\NextGenGameEngine\tests\unit\test_frame_resource_gc.cpp(95): error C2065: 'receivedHandle': undeclared identifier
P:\Development\personal\games\NextGenGameEngine\tests\unit\test_frame_resource_gc.cpp(95): error C2737: 'gtest_ar': const object must be initialized
P:\Development\personal\games\NextGenGameEngine\tests\unit\test_frame_resource_gc.cpp(104): error C2760: syntax error: unexpected token 'identifier', expected 'type specifier'
P:\Development\personal\games\NextGenGameEngine\tests\unit\test_frame_resource_gc.cpp(104): error C2059: syntax error: ')'
P:\Development\personal\games\NextGenGameEngine\tests\unit\test_frame_resource_gc.cpp(104): error C2143: syntax error: missing ';' before '{'
P:\Development\personal\games\NextGenGameEngine\tests\unit\test_frame_resource_gc.cpp(104): error C2059: syntax error: ')'
P:\Development\personal\games\NextGenGameEngine\tests\unit\test_frame_resource_gc.cpp(105): error C2760: syntax error: unexpected token 'identifier', expected 'type specifier'
P:\Development\personal\games\NextGenGameEngine\tests\unit\test_frame_resource_gc.cpp(105): error C2059: syntax error: ')'
P:\Development\personal\games\NextGenGameEngine\tests\unit\test_frame_resource_gc.cpp(105): error C2143: syntax error: missing ';' before '{'
P:\Development\personal\games\NextGenGameEngine\tests\unit\test_frame_resource_gc.cpp(105): error C2059: syntax error: ')'
P:\Development\personal\games\NextGenGameEngine\tests\unit\test_frame_resource_gc.cpp(118): error C2760: syntax error: unexpected token 'identifier', expected 'type specifier'
P:\Development\personal\games\NextGenGameEngine\tests\unit\test_frame_resource_gc.cpp(118): error C2059: syntax error: ')'
P:\Development\personal\games\NextGenGameEngine\tests\unit\test_frame_resource_gc.cpp(118): error C2143: syntax error: missing ';' before '{'
P:\Development\personal\games\NextGenGameEngine\tests\unit\test_frame_resource_gc.cpp(118): error C2059: syntax error: ')'
P:\Development\personal\games\NextGenGameEngine\tests\unit\test_frame_resource_gc.cpp(119): error C2760: syntax error: unexpected token 'identifier', expected 'type specifier'
P:\Development\personal\games\NextGenGameEngine\tests\unit\test_frame_resource_gc.cpp(119): error C2059: syntax error: ')'
P:\Development\personal\games\NextGenGameEngine\tests\unit\test_frame_resource_gc.cpp(119): error C2143: syntax error: missing ';' before '{'
P:\Development\personal\games\NextGenGameEngine\tests\unit\test_frame_resource_gc.cpp(119): error C2059: syntax error: ')'
P:\Development\personal\games\NextGenGameEngine\tests\unit\test_frame_resource_gc.cpp(120): error C2760: syntax error: unexpected token 'identifier', expected 'type specifier'
P:\Development\personal\games\NextGenGameEngine\tests\unit\test_frame_resource_gc.cpp(120): error C2059: syntax error: ')'
P:\Development\personal\games\NextGenGameEngine\tests\unit\test_frame_resource_gc.cpp(120): error C2143: syntax error: missing ';' before '{'
P:\Development\personal\games\NextGenGameEngine\tests\unit\test_frame_resource_gc.cpp(120): error C2059: syntax error: ')'
P:\Development\personal\games\NextGenGameEngine\tests\unit\test_frame_resource_gc.cpp(121): error C2760: syntax error: unexpected token 'identifier', expected 'type specifier'
P:\Development\personal\games\NextGenGameEngine\tests\unit\test_frame_resource_gc.cpp(121): error C2059: syntax error: ')'
P:\Development\personal\games\NextGenGameEngine\tests\unit\test_frame_resource_gc.cpp(121): error C2143: syntax error: missing ';' before '{'
P:\Development\personal\games\NextGenGameEngine\tests\unit\test_frame_resource_gc.cpp(121): error C2059: syntax error: ')'
P:\Development\personal\games\NextGenGameEngine\tests\unit\test_frame_resource_gc.cpp(137): error C2760: syntax error: unexpected token 'identifier', expected 'type specifier'
P:\Development\personal\games\NextGenGameEngine\tests\unit\test_frame_resource_gc.cpp(137): error C2059: syntax error: ')'
P:\Development\personal\games\NextGenGameEngine\tests\unit\test_frame_resource_gc.cpp(137): error C2143: syntax error: missing ';' before '{'
P:\Development\personal\games\NextGenGameEngine\tests\unit\test_frame_resource_gc.cpp(137): error C2143: syntax error: missing ')' before ';'
P:\Development\personal\games\NextGenGameEngine\tests\unit\test_frame_resource_gc.cpp(137): error C2059: syntax error: ')'
P:\Development\personal\games\NextGenGameEngine\tests\unit\test_frame_resource_gc.cpp(137): error C2181: illegal else without matching if
P:\Development\personal\games\NextGenGameEngine\tests\unit\test_frame_resource_gc.cpp(137): error C2065: 'gtest_ar_': undeclared identifier
P:\Development\personal\games\NextGenGameEngine\tests\unit\test_frame_resource_gc.cpp(137): error C2440: '<function-style-cast>': cannot convert from 'initializer list' to 'testing::internal::AssertHelper'
P:\Development\personal\games\NextGenGameEngine\tests\unit\test_frame_resource_gc.cpp(137): note: No constructor could take the source type, or constructor overload resolution was ambiguous
P:\Development\personal\games\NextGenGameEngine\tests\unit\test_frame_resource_gc.cpp(138): error C2760: syntax error: unexpected token 'identifier', expected 'type specifier'
P:\Development\personal\games\NextGenGameEngine\tests\unit\test_frame_resource_gc.cpp(138): error C2059: syntax error: ')'
P:\Development\personal\games\NextGenGameEngine\tests\unit\test_frame_resource_gc.cpp(138): error C2143: syntax error: missing ';' before '{'
P:\Development\personal\games\NextGenGameEngine\tests\unit\test_frame_resource_gc.cpp(138): error C2143: syntax error: missing ')' before ';'
P:\Development\personal\games\NextGenGameEngine\tests\unit\test_frame_resource_gc.cpp(138): error C2059: syntax error: ')'
P:\Development\personal\games\NextGenGameEngine\tests\unit\test_frame_resource_gc.cpp(138): fatal error C1003: error count exceeds 100; stopping compilation
[248/297] Building CXX object tests\CMakeFiles\EngineTests.dir\Debug\unit\test_gpu_memory_heap.cpp.obj
FAILED: [code=2] tests/CMakeFiles/EngineTests.dir/Debug/unit/test_gpu_memory_heap.cpp.obj 
C:\PROGRA~2\MICROS~2\2019\BUILDT~1\VC\Tools\MSVC\1429~1.301\bin\Hostx64\x64\cl.exe  /nologo /TP -DFMT_SHARED -DGTEST_LINKED_AS_SHARED_LIBRARY=1 -DNGE_DEBUG=1 -DNGE_ENABLE_ASSERTS=1 -DNGE_ENABLE_MEMORY_TRACKING=1 -DNGE_ENABLE_VULKAN=1 -DNGE_PLATFORM_WINDOWS=1 -DNOMINMAX -DSPDLOG_COMPILED_LIB -DSPDLOG_FMT_EXTERNAL -DSPDLOG_SHARED_LIB -DWIN32_LEAN_AND_MEAN -D_CRT_SECURE_NO_WARNINGS -DCMAKE_INTDIR=\"Debug\" -IP:\Development\personal\games\NextGenGameEngine\engine -IP:\Development\personal\games\NextGenGameEngine\engine\.. -external:IP:\Development\personal\games\NextGenGameEngine\build\vcpkg_installed\x64-windows\include -external:IC:\VulkanSDK\1.4.341.1\include -external:W0 /DWIN32 /D_WINDOWS /EHsc /Zi /Ob0 /Od /RTC1 -std:c++20 -MDd /W4 /permissive- /Zc:__cplusplus /MP /fp:fast /arch:AVX2 /wd4251 /wd4275 /utf-8 /showIncludes /Fotests\CMakeFiles\EngineTests.dir\Debug\unit\test_gpu_memory_heap.cpp.obj /Fdtests\CMakeFiles\EngineTests.dir\Debug\ /FS -c P:\Development\personal\games\NextGenGameEngine\tests\unit\test_gpu_memory_heap.cpp
P:\Development\personal\games\NextGenGameEngine\tests\unit\test_gpu_memory_heap.cpp(20): error C2065: 'u32': undeclared identifier
P:\Development\personal\games\NextGenGameEngine\tests\unit\test_gpu_memory_heap.cpp(20): error C2146: syntax error: missing ';' before identifier 'idx'
P:\Development\personal\games\NextGenGameEngine\tests\unit\test_gpu_memory_heap.cpp(20): error C2065: 'idx': undeclared identifier
P:\Development\personal\games\NextGenGameEngine\tests\unit\test_gpu_memory_heap.cpp(21): error C2065: 'idx': undeclared identifier
P:\Development\personal\games\NextGenGameEngine\tests\unit\test_gpu_memory_heap.cpp(21): error C2737: 'gtest_ar': const object must be initialized
P:\Development\personal\games\NextGenGameEngine\tests\unit\test_gpu_memory_heap.cpp(38): error C2065: 'u32': undeclared identifier
P:\Development\personal\games\NextGenGameEngine\tests\unit\test_gpu_memory_heap.cpp(38): error C2146: syntax error: missing ';' before identifier 'h0'
P:\Development\personal\games\NextGenGameEngine\tests\unit\test_gpu_memory_heap.cpp(38): error C2065: 'h0': undeclared identifier
P:\Development\personal\games\NextGenGameEngine\tests\unit\test_gpu_memory_heap.cpp(39): error C2065: 'u32': undeclared identifier
P:\Development\personal\games\NextGenGameEngine\tests\unit\test_gpu_memory_heap.cpp(39): error C2146: syntax error: missing ';' before identifier 'h1'
P:\Development\personal\games\NextGenGameEngine\tests\unit\test_gpu_memory_heap.cpp(39): error C2065: 'h1': undeclared identifier
P:\Development\personal\games\NextGenGameEngine\tests\unit\test_gpu_memory_heap.cpp(40): error C2065: 'u32': undeclared identifier
P:\Development\personal\games\NextGenGameEngine\tests\unit\test_gpu_memory_heap.cpp(40): error C2146: syntax error: missing ';' before identifier 'h2'
P:\Development\personal\games\NextGenGameEngine\tests\unit\test_gpu_memory_heap.cpp(40): error C2065: 'h2': undeclared identifier
P:\Development\personal\games\NextGenGameEngine\tests\unit\test_gpu_memory_heap.cpp(42): error C2065: 'h0': undeclared identifier
P:\Development\personal\games\NextGenGameEngine\tests\unit\test_gpu_memory_heap.cpp(42): error C2737: 'gtest_ar': const object must be initialized
P:\Development\personal\games\NextGenGameEngine\tests\unit\test_gpu_memory_heap.cpp(43): error C2065: 'h1': undeclared identifier
P:\Development\personal\games\NextGenGameEngine\tests\unit\test_gpu_memory_heap.cpp(43): error C2737: 'gtest_ar': const object must be initialized
P:\Development\personal\games\NextGenGameEngine\tests\unit\test_gpu_memory_heap.cpp(44): error C2065: 'h2': undeclared identifier
P:\Development\personal\games\NextGenGameEngine\tests\unit\test_gpu_memory_heap.cpp(44): error C2737: 'gtest_ar': const object must be initialized
P:\Development\personal\games\NextGenGameEngine\tests\unit\test_gpu_memory_heap.cpp(69): error C2065: 'u64': undeclared identifier
P:\Development\personal\games\NextGenGameEngine\tests\unit\test_gpu_memory_heap.cpp(69): error C2146: syntax error: missing ';' before identifier 'allocId'
P:\Development\personal\games\NextGenGameEngine\tests\unit\test_gpu_memory_heap.cpp(69): error C2065: 'allocId': undeclared identifier
P:\Development\personal\games\NextGenGameEngine\tests\unit\test_gpu_memory_heap.cpp(70): error C2065: 'allocId': undeclared identifier
P:\Development\personal\games\NextGenGameEngine\tests\unit\test_gpu_memory_heap.cpp(70): error C2737: 'gtest_ar': const object must be initialized
P:\Development\personal\games\NextGenGameEngine\tests\unit\test_gpu_memory_heap.cpp(73): error C2065: 'allocId': undeclared identifier
P:\Development\personal\games\NextGenGameEngine\tests\unit\test_gpu_memory_heap.cpp(74): error C3536: 'alloc': cannot be used before it is initialized
P:\Development\personal\games\NextGenGameEngine\tests\unit\test_gpu_memory_heap.cpp(75): error C2660: 'testing::internal::EqHelper::Compare': function does not take 3 arguments
P:\Development\personal\games\NextGenGameEngine\build\vcpkg_installed\x64-windows\include\gtest/gtest.h(1422): note: see declaration of 'testing::internal::EqHelper::Compare'
P:\Development\personal\games\NextGenGameEngine\tests\unit\test_gpu_memory_heap.cpp(75): error C2737: 'gtest_ar': const object must be initialized
P:\Development\personal\games\NextGenGameEngine\tests\unit\test_gpu_memory_heap.cpp(76): error C2660: 'testing::internal::EqHelper::Compare': function does not take 3 arguments
P:\Development\personal\games\NextGenGameEngine\build\vcpkg_installed\x64-windows\include\gtest/gtest.h(1422): note: see declaration of 'testing::internal::EqHelper::Compare'
P:\Development\personal\games\NextGenGameEngine\tests\unit\test_gpu_memory_heap.cpp(76): error C2737: 'gtest_ar': const object must be initialized
P:\Development\personal\games\NextGenGameEngine\tests\unit\test_gpu_memory_heap.cpp(77): error C2660: 'testing::internal::EqHelper::Compare': function does not take 3 arguments
P:\Development\personal\games\NextGenGameEngine\build\vcpkg_installed\x64-windows\include\gtest/gtest.h(1422): note: see declaration of 'testing::internal::EqHelper::Compare'
P:\Development\personal\games\NextGenGameEngine\tests\unit\test_gpu_memory_heap.cpp(77): error C2737: 'gtest_ar': const object must be initialized
P:\Development\personal\games\NextGenGameEngine\tests\unit\test_gpu_memory_heap.cpp(78): error C2660: 'testing::internal::EqHelper::Compare': function does not take 3 arguments
P:\Development\personal\games\NextGenGameEngine\build\vcpkg_installed\x64-windows\include\gtest/gtest.h(1422): note: see declaration of 'testing::internal::EqHelper::Compare'
P:\Development\personal\games\NextGenGameEngine\tests\unit\test_gpu_memory_heap.cpp(78): error C2737: 'gtest_ar': const object must be initialized
P:\Development\personal\games\NextGenGameEngine\tests\unit\test_gpu_memory_heap.cpp(79): error C2660: 'testing::internal::EqHelper::Compare': function does not take 3 arguments
P:\Development\personal\games\NextGenGameEngine\build\vcpkg_installed\x64-windows\include\gtest/gtest.h(1422): note: see declaration of 'testing::internal::EqHelper::Compare'
P:\Development\personal\games\NextGenGameEngine\tests\unit\test_gpu_memory_heap.cpp(79): error C2737: 'gtest_ar': const object must be initialized
P:\Development\personal\games\NextGenGameEngine\tests\unit\test_gpu_memory_heap.cpp(94): error C2065: 'u64': undeclared identifier
P:\Development\personal\games\NextGenGameEngine\tests\unit\test_gpu_memory_heap.cpp(94): error C2146: syntax error: missing ';' before identifier 'id1'
P:\Development\personal\games\NextGenGameEngine\tests\unit\test_gpu_memory_heap.cpp(94): error C2065: 'id1': undeclared identifier
P:\Development\personal\games\NextGenGameEngine\tests\unit\test_gpu_memory_heap.cpp(95): error C2065: 'u64': undeclared identifier
P:\Development\personal\games\NextGenGameEngine\tests\unit\test_gpu_memory_heap.cpp(95): error C2146: syntax error: missing ';' before identifier 'id2'
P:\Development\personal\games\NextGenGameEngine\tests\unit\test_gpu_memory_heap.cpp(95): error C2065: 'id2': undeclared identifier
P:\Development\personal\games\NextGenGameEngine\tests\unit\test_gpu_memory_heap.cpp(100): error C2065: 'id1': undeclared identifier
P:\Development\personal\games\NextGenGameEngine\tests\unit\test_gpu_memory_heap.cpp(104): error C2065: 'id1': undeclared identifier
P:\Development\personal\games\NextGenGameEngine\tests\unit\test_gpu_memory_heap.cpp(104): error C2660: 'testing::internal::EqHelper::Compare': function does not take 3 arguments
P:\Development\personal\games\NextGenGameEngine\build\vcpkg_installed\x64-windows\include\gtest/gtest.h(1422): note: see declaration of 'testing::internal::EqHelper::Compare'
P:\Development\personal\games\NextGenGameEngine\tests\unit\test_gpu_memory_heap.cpp(104): error C2737: 'gtest_ar': const object must be initialized
P:\Development\personal\games\NextGenGameEngine\tests\unit\test_gpu_memory_heap.cpp(105): error C2065: 'id2': undeclared identifier
P:\Development\personal\games\NextGenGameEngine\tests\unit\test_gpu_memory_heap.cpp(105): error C2672: 'testing::internal::CmpHelperNE': no matching overloaded function found
P:\Development\personal\games\NextGenGameEngine\tests\unit\test_gpu_memory_heap.cpp(105): error C2780: 'testing::AssertionResult testing::internal::CmpHelperNE(const char *,const char *,const T1 &,const T2 &)': expects 4 arguments - 3 provided
P:\Development\personal\games\NextGenGameEngine\build\vcpkg_installed\x64-windows\include\gtest/gtest.h(1472): note: see declaration of 'testing::internal::CmpHelperNE'
P:\Development\personal\games\NextGenGameEngine\tests\unit\test_gpu_memory_heap.cpp(105): error C2737: 'gtest_ar': const object must be initialized
P:\Development\personal\games\NextGenGameEngine\tests\unit\test_gpu_memory_heap.cpp(116): error C2065: 'u64': undeclared identifier
P:\Development\personal\games\NextGenGameEngine\tests\unit\test_gpu_memory_heap.cpp(116): error C2146: syntax error: missing ';' before identifier 'id1'
P:\Development\personal\games\NextGenGameEngine\tests\unit\test_gpu_memory_heap.cpp(116): error C2065: 'id1': undeclared identifier
P:\Development\personal\games\NextGenGameEngine\tests\unit\test_gpu_memory_heap.cpp(117): error C2065: 'u64': undeclared identifier
P:\Development\personal\games\NextGenGameEngine\tests\unit\test_gpu_memory_heap.cpp(117): error C2146: syntax error: missing ';' before identifier 'id2'
P:\Development\personal\games\NextGenGameEngine\tests\unit\test_gpu_memory_heap.cpp(117): error C2065: 'id2': undeclared identifier
P:\Development\personal\games\NextGenGameEngine\tests\unit\test_gpu_memory_heap.cpp(121): error C2065: 'id1': undeclared identifier
P:\Development\personal\games\NextGenGameEngine\tests\unit\test_gpu_memory_heap.cpp(122): error C2065: 'id2': undeclared identifier
P:\Development\personal\games\NextGenGameEngine\tests\unit\test_gpu_memory_heap.cpp(137): error C2065: 'u32': undeclared identifier
P:\Development\personal\games\NextGenGameEngine\tests\unit\test_gpu_memory_heap.cpp(137): error C2146: syntax error: missing ';' before identifier 'best'
P:\Development\personal\games\NextGenGameEngine\tests\unit\test_gpu_memory_heap.cpp(137): error C2065: 'best': undeclared identifier
P:\Development\personal\games\NextGenGameEngine\tests\unit\test_gpu_memory_heap.cpp(138): error C2065: 'best': undeclared identifier
P:\Development\personal\games\NextGenGameEngine\tests\unit\test_gpu_memory_heap.cpp(138): error C2737: 'gtest_ar': const object must be initialized
P:\Development\personal\games\NextGenGameEngine\tests\unit\test_gpu_memory_heap.cpp(140): error C2065: 'best': undeclared identifier
P:\Development\personal\games\NextGenGameEngine\tests\unit\test_gpu_memory_heap.cpp(141): error C2065: 'best': undeclared identifier
P:\Development\personal\games\NextGenGameEngine\tests\unit\test_gpu_memory_heap.cpp(141): error C2737: 'gtest_ar': const object must be initialized
P:\Development\personal\games\NextGenGameEngine\tests\unit\test_gpu_memory_heap.cpp(153): error C2065: 'u32': undeclared identifier
P:\Development\personal\games\NextGenGameEngine\tests\unit\test_gpu_memory_heap.cpp(153): error C2146: syntax error: missing ';' before identifier 'best'
P:\Development\personal\games\NextGenGameEngine\tests\unit\test_gpu_memory_heap.cpp(153): error C2065: 'best': undeclared identifier
P:\Development\personal\games\NextGenGameEngine\tests\unit\test_gpu_memory_heap.cpp(154): error C2065: 'best': undeclared identifier
P:\Development\personal\games\NextGenGameEngine\tests\unit\test_gpu_memory_heap.cpp(154): error C2737: 'gtest_ar': const object must be initialized
P:\Development\personal\games\NextGenGameEngine\tests\unit\test_gpu_memory_heap.cpp(167): error C2065: 'u32': undeclared identifier
P:\Development\personal\games\NextGenGameEngine\tests\unit\test_gpu_memory_heap.cpp(167): error C2146: syntax error: missing ';' before identifier 'best'
P:\Development\personal\games\NextGenGameEngine\tests\unit\test_gpu_memory_heap.cpp(167): error C2065: 'best': undeclared identifier
P:\Development\personal\games\NextGenGameEngine\tests\unit\test_gpu_memory_heap.cpp(168): error C2065: 'best': undeclared identifier
P:\Development\personal\games\NextGenGameEngine\tests\unit\test_gpu_memory_heap.cpp(168): error C2737: 'gtest_ar': const object must be initialized
P:\Development\personal\games\NextGenGameEngine\tests\unit\test_gpu_memory_heap.cpp(211): error C2065: 'u64': undeclared identifier
P:\Development\personal\games\NextGenGameEngine\tests\unit\test_gpu_memory_heap.cpp(211): error C2923: 'std::vector': 'u64' is not a valid template type argument for parameter '_Ty'
P:\Development\personal\games\NextGenGameEngine\tests\unit\test_gpu_memory_heap.cpp(211): note: see declaration of 'u64'
P:\Development\personal\games\NextGenGameEngine\tests\unit\test_gpu_memory_heap.cpp(211): error C2976: 'std::vector': too few template arguments
C:\Program Files (x86)\Microsoft Visual Studio\2019\BuildTools\VC\Tools\MSVC\14.29.30133\include\vector(430): note: see declaration of 'std::vector'
P:\Development\personal\games\NextGenGameEngine\tests\unit\test_gpu_memory_heap.cpp(211): error C2641: cannot deduce template arguments for 'std::vector'
P:\Development\personal\games\NextGenGameEngine\tests\unit\test_gpu_memory_heap.cpp(211): error C2783: 'std::vector<_Ty,_Alloc> std::vector(void) noexcept(<expr>)': could not deduce template argument for '_Ty'
C:\Program Files (x86)\Microsoft Visual Studio\2019\BuildTools\VC\Tools\MSVC\14.29.30133\include\vector(462): note: see declaration of 'std::vector'
P:\Development\personal\games\NextGenGameEngine\tests\unit\test_gpu_memory_heap.cpp(211): error C2780: 'std::vector<_Ty,_Alloc> std::vector(std::vector<_Ty,_Alloc>)': expects 1 arguments - 0 provided
C:\Program Files (x86)\Microsoft Visual Studio\2019\BuildTools\VC\Tools\MSVC\14.29.30133\include\vector(430): note: see declaration of 'std::vector'
P:\Development\personal\games\NextGenGameEngine\tests\unit\test_gpu_memory_heap.cpp(212): error C2065: 'u32': undeclared identifier
P:\Development\personal\games\NextGenGameEngine\tests\unit\test_gpu_memory_heap.cpp(212): error C2146: syntax error: missing ';' before identifier 'i'
P:\Development\personal\games\NextGenGameEngine\tests\unit\test_gpu_memory_heap.cpp(212): error C2143: syntax error: missing ';' before '='
P:\Development\personal\games\NextGenGameEngine\tests\unit\test_gpu_memory_heap.cpp(212): error C2143: syntax error: missing ')' before '='
P:\Development\personal\games\NextGenGameEngine\tests\unit\test_gpu_memory_heap.cpp(212): error C2059: syntax error: '='
P:\Development\personal\games\NextGenGameEngine\tests\unit\test_gpu_memory_heap.cpp(212): error C2059: syntax error: ';'
P:\Development\personal\games\NextGenGameEngine\tests\unit\test_gpu_memory_heap.cpp(212): error C2143: syntax error: missing ';' before '{'
P:\Development\personal\games\NextGenGameEngine\tests\unit\test_gpu_memory_heap.cpp(213): error C2059: syntax error: ')'
P:\Development\personal\games\NextGenGameEngine\tests\unit\test_gpu_memory_heap.cpp(214): error C2143: syntax error: missing ';' before '}'
P:\Development\personal\games\NextGenGameEngine\tests\unit\test_gpu_memory_heap.cpp(217): error C2059: syntax error: ';'
P:\Development\personal\games\NextGenGameEngine\tests\unit\test_gpu_memory_heap.cpp(217): error C2947: expecting '>' to terminate template-argument-list, found '+='
P:\Development\personal\games\NextGenGameEngine\tests\unit\test_gpu_memory_heap.cpp(217): error C2143: syntax error: missing ';' before '{'
P:\Development\personal\games\NextGenGameEngine\tests\unit\test_gpu_memory_heap.cpp(219): error C2143: syntax error: missing ';' before '}'
P:\Development\personal\games\NextGenGameEngine\tests\unit\test_gpu_memory_heap.cpp(227): error C2143: syntax error: missing ';' before '}'
P:\Development\personal\games\NextGenGameEngine\tests\unit\test_gpu_memory_heap.cpp(229): error C2947: expecting '>' to terminate template-argument-list, found '>'
P:\Development\personal\games\NextGenGameEngine\tests\unit\test_gpu_memory_heap.cpp(229): error C2059: syntax error: 'constant'
P:\Development\personal\games\NextGenGameEngine\tests\unit\test_gpu_memory_heap.cpp(229): error C2059: syntax error: ')'
P:\Development\personal\games\NextGenGameEngine\tests\unit\test_gpu_memory_heap.cpp(229): error C2246: 'GPUMemoryHeap_GetDefragCandidates_Test::TestBody::GPUMemoryHeap_GetHeapAllocations_Test::test_info_': illegal static data member in locally defined class
P:\Development\personal\games\NextGenGameEngine\tests\unit\test_gpu_memory_heap.cpp(229): fatal error C1003: error count exceeds 100; stopping compilation
[249/297] Building CXX object tests\CMakeFiles\EngineTests.dir\Debug\unit\test_frame_allocator.cpp.obj
[250/297] Building CXX object tests\CMakeFiles\EngineTests.dir\Debug\unit\test_heap_inspector_query.cpp.obj
FAILED: [code=2] tests/CMakeFiles/EngineTests.dir/Debug/unit/test_heap_inspector_query.cpp.obj 
C:\PROGRA~2\MICROS~2\2019\BUILDT~1\VC\Tools\MSVC\1429~1.301\bin\Hostx64\x64\cl.exe  /nologo /TP -DFMT_SHARED -DGTEST_LINKED_AS_SHARED_LIBRARY=1 -DNGE_DEBUG=1 -DNGE_ENABLE_ASSERTS=1 -DNGE_ENABLE_MEMORY_TRACKING=1 -DNGE_ENABLE_VULKAN=1 -DNGE_PLATFORM_WINDOWS=1 -DNOMINMAX -DSPDLOG_COMPILED_LIB -DSPDLOG_FMT_EXTERNAL -DSPDLOG_SHARED_LIB -DWIN32_LEAN_AND_MEAN -D_CRT_SECURE_NO_WARNINGS -DCMAKE_INTDIR=\"Debug\" -IP:\Development\personal\games\NextGenGameEngine\engine -IP:\Development\personal\games\NextGenGameEngine\engine\.. -external:IP:\Development\personal\games\NextGenGameEngine\build\vcpkg_installed\x64-windows\include -external:IC:\VulkanSDK\1.4.341.1\include -external:W0 /DWIN32 /D_WINDOWS /EHsc /Zi /Ob0 /Od /RTC1 -std:c++20 -MDd /W4 /permissive- /Zc:__cplusplus /MP /fp:fast /arch:AVX2 /wd4251 /wd4275 /utf-8 /showIncludes /Fotests\CMakeFiles\EngineTests.dir\Debug\unit\test_heap_inspector_query.cpp.obj /Fdtests\CMakeFiles\EngineTests.dir\Debug\ /FS -c P:\Development\personal\games\NextGenGameEngine\tests\unit\test_heap_inspector_query.cpp
P:\Development\personal\games\NextGenGameEngine\tests\unit\test_heap_inspector_query.cpp(31): error C2061: syntax error: identifier 'u8'
P:\Development\personal\games\NextGenGameEngine\tests\unit\test_heap_inspector_query.cpp(31): error C2181: illegal else without matching if
P:\Development\personal\games\NextGenGameEngine\tests\unit\test_heap_inspector_query.cpp(31): error C2065: 'gtest_ar': undeclared identifier
P:\Development\personal\games\NextGenGameEngine\tests\unit\test_heap_inspector_query.cpp(31): error C2440: '<function-style-cast>': cannot convert from 'initializer list' to 'testing::internal::AssertHelper'
P:\Development\personal\games\NextGenGameEngine\tests\unit\test_heap_inspector_query.cpp(31): note: No constructor could take the source type, or constructor overload resolution was ambiguous
P:\Development\personal\games\NextGenGameEngine\tests\unit\test_heap_inspector_query.cpp(151): error C2065: 'u32': undeclared identifier
P:\Development\personal\games\NextGenGameEngine\tests\unit\test_heap_inspector_query.cpp(151): error C2146: syntax error: missing ';' before identifier 'id'
P:\Development\personal\games\NextGenGameEngine\tests\unit\test_heap_inspector_query.cpp(151): error C2065: 'id': undeclared identifier
P:\Development\personal\games\NextGenGameEngine\tests\unit\test_heap_inspector_query.cpp(152): error C2065: 'id': undeclared identifier
P:\Development\personal\games\NextGenGameEngine\tests\unit\test_heap_inspector_query.cpp(152): error C2737: 'gtest_ar': const object must be initialized
P:\Development\personal\games\NextGenGameEngine\tests\unit\test_heap_inspector_query.cpp(175): error C2065: 'u32': undeclared identifier
P:\Development\personal\games\NextGenGameEngine\tests\unit\test_heap_inspector_query.cpp(175): error C2146: syntax error: missing ';' before identifier 'id0'
P:\Development\personal\games\NextGenGameEngine\tests\unit\test_heap_inspector_query.cpp(175): error C2065: 'id0': undeclared identifier
P:\Development\personal\games\NextGenGameEngine\tests\unit\test_heap_inspector_query.cpp(176): error C2065: 'u32': undeclared identifier
P:\Development\personal\games\NextGenGameEngine\tests\unit\test_heap_inspector_query.cpp(176): error C2146: syntax error: missing ';' before identifier 'id1'
P:\Development\personal\games\NextGenGameEngine\tests\unit\test_heap_inspector_query.cpp(176): error C2065: 'id1': undeclared identifier
P:\Development\personal\games\NextGenGameEngine\tests\unit\test_heap_inspector_query.cpp(177): error C2065: 'id0': undeclared identifier
P:\Development\personal\games\NextGenGameEngine\tests\unit\test_heap_inspector_query.cpp(177): error C2065: 'id1': undeclared identifier
P:\Development\personal\games\NextGenGameEngine\tests\unit\test_heap_inspector_query.cpp(177): error C2737: 'gtest_ar': const object must be initialized
P:\Development\personal\games\NextGenGameEngine\tests\unit\test_heap_inspector_query.cpp(194): error C2065: 'u32': undeclared identifier
P:\Development\personal\games\NextGenGameEngine\tests\unit\test_heap_inspector_query.cpp(194): error C2146: syntax error: missing ';' before identifier 'id'
P:\Development\personal\games\NextGenGameEngine\tests\unit\test_heap_inspector_query.cpp(194): error C2065: 'id': undeclared identifier
P:\Development\personal\games\NextGenGameEngine\tests\unit\test_heap_inspector_query.cpp(196): error C2065: 'id': undeclared identifier
P:\Development\personal\games\NextGenGameEngine\tests\unit\test_heap_inspector_query.cpp(197): error C3536: 'agg': cannot be used before it is initialized
P:\Development\personal\games\NextGenGameEngine\tests\unit\test_heap_inspector_query.cpp(197): error C2660: 'testing::internal::EqHelper::Compare': function does not take 3 arguments
P:\Development\personal\games\NextGenGameEngine\build\vcpkg_installed\x64-windows\include\gtest/gtest.h(1422): note: see declaration of 'testing::internal::EqHelper::Compare'
P:\Development\personal\games\NextGenGameEngine\tests\unit\test_heap_inspector_query.cpp(197): error C2737: 'gtest_ar': const object must be initialized
P:\Development\personal\games\NextGenGameEngine\tests\unit\test_heap_inspector_query.cpp(198): error C2660: 'testing::internal::EqHelper::Compare': function does not take 3 arguments
P:\Development\personal\games\NextGenGameEngine\build\vcpkg_installed\x64-windows\include\gtest/gtest.h(1422): note: see declaration of 'testing::internal::EqHelper::Compare'
P:\Development\personal\games\NextGenGameEngine\tests\unit\test_heap_inspector_query.cpp(198): error C2737: 'gtest_ar': const object must be initialized
P:\Development\personal\games\NextGenGameEngine\tests\unit\test_heap_inspector_query.cpp(221): error C2760: syntax error: unexpected token 'identifier', expected 'type specifier'
P:\Development\personal\games\NextGenGameEngine\tests\unit\test_heap_inspector_query.cpp(221): error C2059: syntax error: ','
P:\Development\personal\games\NextGenGameEngine\tests\unit\test_heap_inspector_query.cpp(221): error C2143: syntax error: missing ';' before '{'
P:\Development\personal\games\NextGenGameEngine\tests\unit\test_heap_inspector_query.cpp(221): error C2059: syntax error: ')'
[251/297] Building CXX object tests\CMakeFiles\EngineTests.dir\Debug\unit\test_indirect_dispatch.cpp.obj
FAILED: [code=2] tests/CMakeFiles/EngineTests.dir/Debug/unit/test_indirect_dispatch.cpp.obj 
C:\PROGRA~2\MICROS~2\2019\BUILDT~1\VC\Tools\MSVC\1429~1.301\bin\Hostx64\x64\cl.exe  /nologo /TP -DFMT_SHARED -DGTEST_LINKED_AS_SHARED_LIBRARY=1 -DNGE_DEBUG=1 -DNGE_ENABLE_ASSERTS=1 -DNGE_ENABLE_MEMORY_TRACKING=1 -DNGE_ENABLE_VULKAN=1 -DNGE_PLATFORM_WINDOWS=1 -DNOMINMAX -DSPDLOG_COMPILED_LIB -DSPDLOG_FMT_EXTERNAL -DSPDLOG_SHARED_LIB -DWIN32_LEAN_AND_MEAN -D_CRT_SECURE_NO_WARNINGS -DCMAKE_INTDIR=\"Debug\" -IP:\Development\personal\games\NextGenGameEngine\engine -IP:\Development\personal\games\NextGenGameEngine\engine\.. -external:IP:\Development\personal\games\NextGenGameEngine\build\vcpkg_installed\x64-windows\include -external:IC:\VulkanSDK\1.4.341.1\include -external:W0 /DWIN32 /D_WINDOWS /EHsc /Zi /Ob0 /Od /RTC1 -std:c++20 -MDd /W4 /permissive- /Zc:__cplusplus /MP /fp:fast /arch:AVX2 /wd4251 /wd4275 /utf-8 /showIncludes /Fotests\CMakeFiles\EngineTests.dir\Debug\unit\test_indirect_dispatch.cpp.obj /Fdtests\CMakeFiles\EngineTests.dir\Debug\ /FS -c P:\Development\personal\games\NextGenGameEngine\tests\unit\test_indirect_dispatch.cpp
P:\Development\personal\games\NextGenGameEngine\tests\unit\test_indirect_dispatch.cpp(29): error C2065: 'u32': undeclared identifier
P:\Development\personal\games\NextGenGameEngine\tests\unit\test_indirect_dispatch.cpp(29): error C2146: syntax error: missing ';' before identifier 'id'
P:\Development\personal\games\NextGenGameEngine\tests\unit\test_indirect_dispatch.cpp(29): error C2065: 'id': undeclared identifier
P:\Development\personal\games\NextGenGameEngine\tests\unit\test_indirect_dispatch.cpp(30): error C2065: 'id': undeclared identifier
P:\Development\personal\games\NextGenGameEngine\tests\unit\test_indirect_dispatch.cpp(30): error C2737: 'gtest_ar': const object must be initialized
P:\Development\personal\games\NextGenGameEngine\tests\unit\test_indirect_dispatch.cpp(33): error C2065: 'id': undeclared identifier
P:\Development\personal\games\NextGenGameEngine\tests\unit\test_indirect_dispatch.cpp(34): error C3536: 'slot': cannot be used before it is initialized
P:\Development\personal\games\NextGenGameEngine\tests\unit\test_indirect_dispatch.cpp(35): error C2660: 'testing::internal::EqHelper::Compare': function does not take 3 arguments
P:\Development\personal\games\NextGenGameEngine\build\vcpkg_installed\x64-windows\include\gtest/gtest.h(1422): note: see declaration of 'testing::internal::EqHelper::Compare'
P:\Development\personal\games\NextGenGameEngine\tests\unit\test_indirect_dispatch.cpp(35): error C2737: 'gtest_ar': const object must be initialized
P:\Development\personal\games\NextGenGameEngine\tests\unit\test_indirect_dispatch.cpp(36): error C2660: 'testing::internal::EqHelper::Compare': function does not take 3 arguments
P:\Development\personal\games\NextGenGameEngine\build\vcpkg_installed\x64-windows\include\gtest/gtest.h(1422): note: see declaration of 'testing::internal::EqHelper::Compare'
P:\Development\personal\games\NextGenGameEngine\tests\unit\test_indirect_dispatch.cpp(36): error C2737: 'gtest_ar': const object must be initialized
P:\Development\personal\games\NextGenGameEngine\tests\unit\test_indirect_dispatch.cpp(113): error C2065: 'u32': undeclared identifier
P:\Development\personal\games\NextGenGameEngine\tests\unit\test_indirect_dispatch.cpp(113): error C2146: syntax error: missing ';' before identifier 'id'
P:\Development\personal\games\NextGenGameEngine\tests\unit\test_indirect_dispatch.cpp(113): error C2065: 'id': undeclared identifier
P:\Development\personal\games\NextGenGameEngine\tests\unit\test_indirect_dispatch.cpp(116): error C2065: 'id': undeclared identifier
P:\Development\personal\games\NextGenGameEngine\tests\unit\test_indirect_dispatch.cpp(118): error C2065: 'id': undeclared identifier
P:\Development\personal\games\NextGenGameEngine\tests\unit\test_indirect_dispatch.cpp(118): error C2660: 'testing::internal::EqHelper::Compare': function does not take 3 arguments
P:\Development\personal\games\NextGenGameEngine\build\vcpkg_installed\x64-windows\include\gtest/gtest.h(1422): note: see declaration of 'testing::internal::EqHelper::Compare'
P:\Development\personal\games\NextGenGameEngine\tests\unit\test_indirect_dispatch.cpp(118): error C2737: 'gtest_ar': const object must be initialized
P:\Development\personal\games\NextGenGameEngine\tests\unit\test_indirect_dispatch.cpp(153): error C2065: 'u32': undeclared identifier
P:\Development\personal\games\NextGenGameEngine\tests\unit\test_indirect_dispatch.cpp(153): error C2146: syntax error: missing ';' before identifier 'id1'
P:\Development\personal\games\NextGenGameEngine\tests\unit\test_indirect_dispatch.cpp(153): error C2065: 'id1': undeclared identifier
P:\Development\personal\games\NextGenGameEngine\tests\unit\test_indirect_dispatch.cpp(154): error C2065: 'u32': undeclared identifier
P:\Development\personal\games\NextGenGameEngine\tests\unit\test_indirect_dispatch.cpp(154): error C2146: syntax error: missing ';' before identifier 'id2'
P:\Development\personal\games\NextGenGameEngine\tests\unit\test_indirect_dispatch.cpp(154): error C2065: 'id2': undeclared identifier
P:\Development\personal\games\NextGenGameEngine\tests\unit\test_indirect_dispatch.cpp(156): error C2065: 'u64': undeclared identifier
P:\Development\personal\games\NextGenGameEngine\tests\unit\test_indirect_dispatch.cpp(156): error C2146: syntax error: missing ';' before identifier 'off1'
P:\Development\personal\games\NextGenGameEngine\tests\unit\test_indirect_dispatch.cpp(156): error C2065: 'off1': undeclared identifier
P:\Development\personal\games\NextGenGameEngine\tests\unit\test_indirect_dispatch.cpp(156): error C2065: 'id1': undeclared identifier
P:\Development\personal\games\NextGenGameEngine\tests\unit\test_indirect_dispatch.cpp(157): error C2065: 'u64': undeclared identifier
P:\Development\personal\games\NextGenGameEngine\tests\unit\test_indirect_dispatch.cpp(157): error C2146: syntax error: missing ';' before identifier 'off2'
P:\Development\personal\games\NextGenGameEngine\tests\unit\test_indirect_dispatch.cpp(157): error C2065: 'off2': undeclared identifier
P:\Development\personal\games\NextGenGameEngine\tests\unit\test_indirect_dispatch.cpp(157): error C2065: 'id2': undeclared identifier
P:\Development\personal\games\NextGenGameEngine\tests\unit\test_indirect_dispatch.cpp(159): error C2065: 'off1': undeclared identifier
P:\Development\personal\games\NextGenGameEngine\tests\unit\test_indirect_dispatch.cpp(159): error C2737: 'gtest_ar': const object must be initialized
P:\Development\personal\games\NextGenGameEngine\tests\unit\test_indirect_dispatch.cpp(160): error C2065: 'off2': undeclared identifier
P:\Development\personal\games\NextGenGameEngine\tests\unit\test_indirect_dispatch.cpp(160): error C2737: 'gtest_ar': const object must be initialized
P:\Development\personal\games\NextGenGameEngine\tests\unit\test_indirect_dispatch.cpp(175): error C2065: 'u32': undeclared identifier
P:\Development\personal\games\NextGenGameEngine\tests\unit\test_indirect_dispatch.cpp(175): error C2146: syntax error: missing ';' before identifier 'id1'
P:\Development\personal\games\NextGenGameEngine\tests\unit\test_indirect_dispatch.cpp(175): error C2065: 'id1': undeclared identifier
P:\Development\personal\games\NextGenGameEngine\tests\unit\test_indirect_dispatch.cpp(176): error C2065: 'u32': undeclared identifier
P:\Development\personal\games\NextGenGameEngine\tests\unit\test_indirect_dispatch.cpp(176): error C2146: syntax error: missing ';' before identifier 'id2'
P:\Development\personal\games\NextGenGameEngine\tests\unit\test_indirect_dispatch.cpp(176): error C2065: 'id2': undeclared identifier
P:\Development\personal\games\NextGenGameEngine\tests\unit\test_indirect_dispatch.cpp(181): error C2065: 'id1': undeclared identifier
P:\Development\personal\games\NextGenGameEngine\tests\unit\test_indirect_dispatch.cpp(184): error C2065: 'id2': undeclared identifier
P:\Development\personal\games\NextGenGameEngine\tests\unit\test_indirect_dispatch.cpp(184): error C2737: 'gtest_ar': const object must be initialized
P:\Development\personal\games\NextGenGameEngine\tests\unit\test_indirect_dispatch.cpp(198): error C2065: 'u32': undeclared identifier
P:\Development\personal\games\NextGenGameEngine\tests\unit\test_indirect_dispatch.cpp(198): error C2146: syntax error: missing ';' before identifier 'id'
P:\Development\personal\games\NextGenGameEngine\tests\unit\test_indirect_dispatch.cpp(198): error C2065: 'id': undeclared identifier
P:\Development\personal\games\NextGenGameEngine\tests\unit\test_indirect_dispatch.cpp(200): error C2065: 'id': undeclared identifier
P:\Development\personal\games\NextGenGameEngine\tests\unit\test_indirect_dispatch.cpp(201): error C2065: 'id': undeclared identifier
P:\Development\personal\games\NextGenGameEngine\tests\unit\test_indirect_dispatch.cpp(228): error C2065: 'u32': undeclared identifier
P:\Development\personal\games\NextGenGameEngine\tests\unit\test_indirect_dispatch.cpp(228): error C2146: syntax error: missing ';' before identifier 'id'
P:\Development\personal\games\NextGenGameEngine\tests\unit\test_indirect_dispatch.cpp(228): error C2065: 'id': undeclared identifier
P:\Development\personal\games\NextGenGameEngine\tests\unit\test_indirect_dispatch.cpp(229): error C2065: 'id': undeclared identifier
P:\Development\personal\games\NextGenGameEngine\tests\unit\test_indirect_dispatch.cpp(229): error C2660: 'testing::internal::EqHelper::Compare': function does not take 3 arguments
P:\Development\personal\games\NextGenGameEngine\build\vcpkg_installed\x64-windows\include\gtest/gtest.h(1422): note: see declaration of 'testing::internal::EqHelper::Compare'
P:\Development\personal\games\NextGenGameEngine\tests\unit\test_indirect_dispatch.cpp(229): error C2737: 'gtest_ar': const object must be initialized
[252/297] Building CXX object tests\CMakeFiles\EngineTests.dir\Debug\unit\test_indirect_draw_count.cpp.obj
FAILED: [code=2] tests/CMakeFiles/EngineTests.dir/Debug/unit/test_indirect_draw_count.cpp.obj 
C:\PROGRA~2\MICROS~2\2019\BUILDT~1\VC\Tools\MSVC\1429~1.301\bin\Hostx64\x64\cl.exe  /nologo /TP -DFMT_SHARED -DGTEST_LINKED_AS_SHARED_LIBRARY=1 -DNGE_DEBUG=1 -DNGE_ENABLE_ASSERTS=1 -DNGE_ENABLE_MEMORY_TRACKING=1 -DNGE_ENABLE_VULKAN=1 -DNGE_PLATFORM_WINDOWS=1 -DNOMINMAX -DSPDLOG_COMPILED_LIB -DSPDLOG_FMT_EXTERNAL -DSPDLOG_SHARED_LIB -DWIN32_LEAN_AND_MEAN -D_CRT_SECURE_NO_WARNINGS -DCMAKE_INTDIR=\"Debug\" -IP:\Development\personal\games\NextGenGameEngine\engine -IP:\Development\personal\games\NextGenGameEngine\engine\.. -external:IP:\Development\personal\games\NextGenGameEngine\build\vcpkg_installed\x64-windows\include -external:IC:\VulkanSDK\1.4.341.1\include -external:W0 /DWIN32 /D_WINDOWS /EHsc /Zi /Ob0 /Od /RTC1 -std:c++20 -MDd /W4 /permissive- /Zc:__cplusplus /MP /fp:fast /arch:AVX2 /wd4251 /wd4275 /utf-8 /showIncludes /Fotests\CMakeFiles\EngineTests.dir\Debug\unit\test_indirect_draw_count.cpp.obj /Fdtests\CMakeFiles\EngineTests.dir\Debug\ /FS -c P:\Development\personal\games\NextGenGameEngine\tests\unit\test_indirect_draw_count.cpp
P:\Development\personal\games\NextGenGameEngine\tests\unit\test_indirect_draw_count.cpp(22): error C2065: 'u32': undeclared identifier
P:\Development\personal\games\NextGenGameEngine\tests\unit\test_indirect_draw_count.cpp(22): error C2146: syntax error: missing ';' before identifier 'id'
P:\Development\personal\games\NextGenGameEngine\tests\unit\test_indirect_draw_count.cpp(22): error C2065: 'id': undeclared identifier
P:\Development\personal\games\NextGenGameEngine\tests\unit\test_indirect_draw_count.cpp(23): error C2065: 'id': undeclared identifier
P:\Development\personal\games\NextGenGameEngine\tests\unit\test_indirect_draw_count.cpp(23): error C2737: 'gtest_ar': const object must be initialized
P:\Development\personal\games\NextGenGameEngine\tests\unit\test_indirect_draw_count.cpp(26): error C2065: 'id': undeclared identifier
P:\Development\personal\games\NextGenGameEngine\tests\unit\test_indirect_draw_count.cpp(27): error C3536: 'batch': cannot be used before it is initialized
P:\Development\personal\games\NextGenGameEngine\tests\unit\test_indirect_draw_count.cpp(28): error C2660: 'testing::internal::EqHelper::Compare': function does not take 3 arguments
P:\Development\personal\games\NextGenGameEngine\build\vcpkg_installed\x64-windows\include\gtest/gtest.h(1422): note: see declaration of 'testing::internal::EqHelper::Compare'
P:\Development\personal\games\NextGenGameEngine\tests\unit\test_indirect_draw_count.cpp(28): error C2737: 'gtest_ar': const object must be initialized
P:\Development\personal\games\NextGenGameEngine\tests\unit\test_indirect_draw_count.cpp(29): error C2660: 'testing::internal::EqHelper::Compare': function does not take 3 arguments
P:\Development\personal\games\NextGenGameEngine\build\vcpkg_installed\x64-windows\include\gtest/gtest.h(1422): note: see declaration of 'testing::internal::EqHelper::Compare'
P:\Development\personal\games\NextGenGameEngine\tests\unit\test_indirect_draw_count.cpp(29): error C2737: 'gtest_ar': const object must be initialized
P:\Development\personal\games\NextGenGameEngine\tests\unit\test_indirect_draw_count.cpp(30): error C2660: 'testing::internal::EqHelper::Compare': function does not take 3 arguments
P:\Development\personal\games\NextGenGameEngine\build\vcpkg_installed\x64-windows\include\gtest/gtest.h(1422): note: see declaration of 'testing::internal::EqHelper::Compare'
P:\Development\personal\games\NextGenGameEngine\tests\unit\test_indirect_draw_count.cpp(30): error C2737: 'gtest_ar': const object must be initialized
P:\Development\personal\games\NextGenGameEngine\tests\unit\test_indirect_draw_count.cpp(31): error C2660: 'testing::internal::EqHelper::Compare': function does not take 3 arguments
P:\Development\personal\games\NextGenGameEngine\build\vcpkg_installed\x64-windows\include\gtest/gtest.h(1422): note: see declaration of 'testing::internal::EqHelper::Compare'
P:\Development\personal\games\NextGenGameEngine\tests\unit\test_indirect_draw_count.cpp(31): error C2737: 'gtest_ar': const object must be initialized
P:\Development\personal\games\NextGenGameEngine\tests\unit\test_indirect_draw_count.cpp(32): error C2660: 'testing::internal::EqHelper::Compare': function does not take 3 arguments
P:\Development\personal\games\NextGenGameEngine\build\vcpkg_installed\x64-windows\include\gtest/gtest.h(1422): note: see declaration of 'testing::internal::EqHelper::Compare'
P:\Development\personal\games\NextGenGameEngine\tests\unit\test_indirect_draw_count.cpp(32): error C2737: 'gtest_ar': const object must be initialized
P:\Development\personal\games\NextGenGameEngine\tests\unit\test_indirect_draw_count.cpp(33): error C2660: 'testing::internal::EqHelper::Compare': function does not take 3 arguments
P:\Development\personal\games\NextGenGameEngine\build\vcpkg_installed\x64-windows\include\gtest/gtest.h(1422): note: see declaration of 'testing::internal::EqHelper::Compare'
P:\Development\personal\games\NextGenGameEngine\tests\unit\test_indirect_draw_count.cpp(33): error C2737: 'gtest_ar': const object must be initialized
P:\Development\personal\games\NextGenGameEngine\tests\unit\test_indirect_draw_count.cpp(42): error C2065: 'u32': undeclared identifier
P:\Development\personal\games\NextGenGameEngine\tests\unit\test_indirect_draw_count.cpp(42): error C2146: syntax error: missing ';' before identifier 'id'
P:\Development\personal\games\NextGenGameEngine\tests\unit\test_indirect_draw_count.cpp(42): error C2065: 'id': undeclared identifier
P:\Development\personal\games\NextGenGameEngine\tests\unit\test_indirect_draw_count.cpp(44): error C2065: 'id': undeclared identifier
P:\Development\personal\games\NextGenGameEngine\tests\unit\test_indirect_draw_count.cpp(45): error C3536: 'batch': cannot be used before it is initialized
P:\Development\personal\games\NextGenGameEngine\tests\unit\test_indirect_draw_count.cpp(45): error C2660: 'testing::internal::EqHelper::Compare': function does not take 3 arguments
P:\Development\personal\games\NextGenGameEngine\build\vcpkg_installed\x64-windows\include\gtest/gtest.h(1422): note: see declaration of 'testing::internal::EqHelper::Compare'
P:\Development\personal\games\NextGenGameEngine\tests\unit\test_indirect_draw_count.cpp(45): error C2737: 'gtest_ar': const object must be initialized
P:\Development\personal\games\NextGenGameEngine\tests\unit\test_indirect_draw_count.cpp(46): error C2660: 'testing::internal::EqHelper::Compare': function does not take 3 arguments
P:\Development\personal\games\NextGenGameEngine\build\vcpkg_installed\x64-windows\include\gtest/gtest.h(1422): note: see declaration of 'testing::internal::EqHelper::Compare'
P:\Development\personal\games\NextGenGameEngine\tests\unit\test_indirect_draw_count.cpp(46): error C2737: 'gtest_ar': const object must be initialized
P:\Development\personal\games\NextGenGameEngine\tests\unit\test_indirect_draw_count.cpp(47): error C2660: 'testing::internal::EqHelper::Compare': function does not take 3 arguments
P:\Development\personal\games\NextGenGameEngine\build\vcpkg_installed\x64-windows\include\gtest/gtest.h(1422): note: see declaration of 'testing::internal::EqHelper::Compare'
P:\Development\personal\games\NextGenGameEngine\tests\unit\test_indirect_draw_count.cpp(47): error C2737: 'gtest_ar': const object must be initialized
P:\Development\personal\games\NextGenGameEngine\tests\unit\test_indirect_draw_count.cpp(56): error C2065: 'u32': undeclared identifier
P:\Development\personal\games\NextGenGameEngine\tests\unit\test_indirect_draw_count.cpp(56): error C2146: syntax error: missing ';' before identifier 'id0'
P:\Development\personal\games\NextGenGameEngine\tests\unit\test_indirect_draw_count.cpp(56): error C2065: 'id0': undeclared identifier
P:\Development\personal\games\NextGenGameEngine\tests\unit\test_indirect_draw_count.cpp(57): error C2065: 'u32': undeclared identifier
P:\Development\personal\games\NextGenGameEngine\tests\unit\test_indirect_draw_count.cpp(57): error C2146: syntax error: missing ';' before identifier 'id1'
P:\Development\personal\games\NextGenGameEngine\tests\unit\test_indirect_draw_count.cpp(57): error C2065: 'id1': undeclared identifier
P:\Development\personal\games\NextGenGameEngine\tests\unit\test_indirect_draw_count.cpp(58): error C2065: 'u32': undeclared identifier
P:\Development\personal\games\NextGenGameEngine\tests\unit\test_indirect_draw_count.cpp(58): error C2146: syntax error: missing ';' before identifier 'id2'
P:\Development\personal\games\NextGenGameEngine\tests\unit\test_indirect_draw_count.cpp(58): error C2065: 'id2': undeclared identifier
P:\Development\personal\games\NextGenGameEngine\tests\unit\test_indirect_draw_count.cpp(61): error C2065: 'id0': undeclared identifier
P:\Development\personal\games\NextGenGameEngine\tests\unit\test_indirect_draw_count.cpp(61): error C2065: 'id1': undeclared identifier
P:\Development\personal\games\NextGenGameEngine\tests\unit\test_indirect_draw_count.cpp(61): error C2737: 'gtest_ar': const object must be initialized
P:\Development\personal\games\NextGenGameEngine\tests\unit\test_indirect_draw_count.cpp(62): error C2065: 'id1': undeclared identifier
P:\Development\personal\games\NextGenGameEngine\tests\unit\test_indirect_draw_count.cpp(62): error C2065: 'id2': undeclared identifier
P:\Development\personal\games\NextGenGameEngine\tests\unit\test_indirect_draw_count.cpp(62): error C2737: 'gtest_ar': const object must be initialized
P:\Development\personal\games\NextGenGameEngine\tests\unit\test_indirect_draw_count.cpp(84): error C2065: 'u32': undeclared identifier
P:\Development\personal\games\NextGenGameEngine\tests\unit\test_indirect_draw_count.cpp(84): error C2146: syntax error: missing ';' before identifier 'id'
P:\Development\personal\games\NextGenGameEngine\tests\unit\test_indirect_draw_count.cpp(84): error C2065: 'id': undeclared identifier
P:\Development\personal\games\NextGenGameEngine\tests\unit\test_indirect_draw_count.cpp(86): error C2065: 'id': undeclared identifier
P:\Development\personal\games\NextGenGameEngine\tests\unit\test_indirect_draw_count.cpp(88): error C2065: 'id': undeclared identifier
P:\Development\personal\games\NextGenGameEngine\tests\unit\test_indirect_draw_count.cpp(89): error C3536: 'batch': cannot be used before it is initialized
P:\Development\personal\games\NextGenGameEngine\tests\unit\test_indirect_draw_count.cpp(89): error C2660: 'testing::internal::EqHelper::Compare': function does not take 3 arguments
P:\Development\personal\games\NextGenGameEngine\build\vcpkg_installed\x64-windows\include\gtest/gtest.h(1422): note: see declaration of 'testing::internal::EqHelper::Compare'
P:\Development\personal\games\NextGenGameEngine\tests\unit\test_indirect_draw_count.cpp(89): error C2737: 'gtest_ar': const object must be initialized
P:\Development\personal\games\NextGenGameEngine\tests\unit\test_indirect_draw_count.cpp(90): error C2660: 'testing::internal::EqHelper::Compare': function does not take 3 arguments
P:\Development\personal\games\NextGenGameEngine\build\vcpkg_installed\x64-windows\include\gtest/gtest.h(1422): note: see declaration of 'testing::internal::EqHelper::Compare'
P:\Development\personal\games\NextGenGameEngine\tests\unit\test_indirect_draw_count.cpp(90): error C2737: 'gtest_ar': const object must be initialized
P:\Development\personal\games\NextGenGameEngine\tests\unit\test_indirect_draw_count.cpp(91): error C2660: 'testing::internal::EqHelper::Compare': function does not take 3 arguments
P:\Development\personal\games\NextGenGameEngine\build\vcpkg_installed\x64-windows\include\gtest/gtest.h(1422): note: see declaration of 'testing::internal::EqHelper::Compare'
P:\Development\personal\games\NextGenGameEngine\tests\unit\test_indirect_draw_count.cpp(91): error C2737: 'gtest_ar': const object must be initialized
P:\Development\personal\games\NextGenGameEngine\tests\unit\test_indirect_draw_count.cpp(92): error C2660: 'testing::internal::EqHelper::Compare': function does not take 3 arguments
P:\Development\personal\games\NextGenGameEngine\build\vcpkg_installed\x64-windows\include\gtest/gtest.h(1422): note: see declaration of 'testing::internal::EqHelper::Compare'
P:\Development\personal\games\NextGenGameEngine\tests\unit\test_indirect_draw_count.cpp(92): error C2737: 'gtest_ar': const object must be initialized
P:\Development\personal\games\NextGenGameEngine\tests\unit\test_indirect_draw_count.cpp(101): error C2065: 'u32': undeclared identifier
P:\Development\personal\games\NextGenGameEngine\tests\unit\test_indirect_draw_count.cpp(101): error C2146: syntax error: missing ';' before identifier 'id'
P:\Development\personal\games\NextGenGameEngine\tests\unit\test_indirect_draw_count.cpp(101): error C2065: 'id': undeclared identifier
P:\Development\personal\games\NextGenGameEngine\tests\unit\test_indirect_draw_count.cpp(102): error C2065: 'id': undeclared identifier
P:\Development\personal\games\NextGenGameEngine\tests\unit\test_indirect_draw_count.cpp(102): error C2660: 'testing::internal::EqHelper::Compare': function does not take 3 arguments
P:\Development\personal\games\NextGenGameEngine\build\vcpkg_installed\x64-windows\include\gtest/gtest.h(1422): note: see declaration of 'testing::internal::EqHelper::Compare'
P:\Development\personal\games\NextGenGameEngine\tests\unit\test_indirect_draw_count.cpp(102): error C2737: 'gtest_ar': const object must be initialized
P:\Development\personal\games\NextGenGameEngine\tests\unit\test_indirect_draw_count.cpp(104): error C2065: 'id': undeclared identifier
P:\Development\personal\games\NextGenGameEngine\tests\unit\test_indirect_draw_count.cpp(105): error C2065: 'id': undeclared identifier
P:\Development\personal\games\NextGenGameEngine\tests\unit\test_indirect_draw_count.cpp(105): error C2660: 'testing::internal::EqHelper::Compare': function does not take 3 arguments
P:\Development\personal\games\NextGenGameEngine\build\vcpkg_installed\x64-windows\include\gtest/gtest.h(1422): note: see declaration of 'testing::internal::EqHelper::Compare'
P:\Development\personal\games\NextGenGameEngine\tests\unit\test_indirect_draw_count.cpp(105): error C2737: 'gtest_ar': const object must be initialized
P:\Development\personal\games\NextGenGameEngine\tests\unit\test_indirect_draw_count.cpp(114): error C2065: 'u32': undeclared identifier
P:\Development\personal\games\NextGenGameEngine\tests\unit\test_indirect_draw_count.cpp(114): error C2146: syntax error: missing ';' before identifier 'id'
P:\Development\personal\games\NextGenGameEngine\tests\unit\test_indirect_draw_count.cpp(114): error C2065: 'id': undeclared identifier
P:\Development\personal\games\NextGenGameEngine\tests\unit\test_indirect_draw_count.cpp(117): error C2065: 'id': undeclared identifier
P:\Development\personal\games\NextGenGameEngine\tests\unit\test_indirect_draw_count.cpp(119): error C2065: 'id': undeclared identifier
P:\Development\personal\games\NextGenGameEngine\tests\unit\test_indirect_draw_count.cpp(119): error C2660: 'testing::internal::EqHelper::Compare': function does not take 3 arguments
P:\Development\personal\games\NextGenGameEngine\build\vcpkg_installed\x64-windows\include\gtest/gtest.h(1422): note: see declaration of 'testing::internal::EqHelper::Compare'
P:\Development\personal\games\NextGenGameEngine\tests\unit\test_indirect_draw_count.cpp(119): error C2737: 'gtest_ar': const object must be initialized
P:\Development\personal\games\NextGenGameEngine\tests\unit\test_indirect_draw_count.cpp(128): error C2065: 'u32': undeclared identifier
P:\Development\personal\games\NextGenGameEngine\tests\unit\test_indirect_draw_count.cpp(128): error C2146: syntax error: missing ';' before identifier 'id0'
P:\Development\personal\games\NextGenGameEngine\tests\unit\test_indirect_draw_count.cpp(128): error C2065: 'id0': undeclared identifier
P:\Development\personal\games\NextGenGameEngine\tests\unit\test_indirect_draw_count.cpp(129): error C2065: 'u32': undeclared identifier
P:\Development\personal\games\NextGenGameEngine\tests\unit\test_indirect_draw_count.cpp(129): error C2146: syntax error: missing ';' before identifier 'id1'
P:\Development\personal\games\NextGenGameEngine\tests\unit\test_indirect_draw_count.cpp(129): error C2065: 'id1': undeclared identifier
P:\Development\personal\games\NextGenGameEngine\tests\unit\test_indirect_draw_count.cpp(131): error C2065: 'id0': undeclared identifier
P:\Development\personal\games\NextGenGameEngine\tests\unit\test_indirect_draw_count.cpp(134): error C2065: 'u32': undeclared identifier
P:\Development\personal\games\NextGenGameEngine\tests\unit\test_indirect_draw_count.cpp(134): error C2146: syntax error: missing ';' before identifier 'id2'
P:\Development\personal\games\NextGenGameEngine\tests\unit\test_indirect_draw_count.cpp(134): error C2065: 'id2': undeclared identifier
P:\Development\personal\games\NextGenGameEngine\tests\unit\test_indirect_draw_count.cpp(135): error C2065: 'id2': undeclared identifier
P:\Development\personal\games\NextGenGameEngine\tests\unit\test_indirect_draw_count.cpp(135): error C2065: 'id0': undeclared identifier
P:\Development\personal\games\NextGenGameEngine\tests\unit\test_indirect_draw_count.cpp(135): error C2737: 'gtest_ar': const object must be initialized
P:\Development\personal\games\NextGenGameEngine\tests\unit\test_indirect_draw_count.cpp(137): error C2065: 'id2': undeclared identifier
P:\Development\personal\games\NextGenGameEngine\tests\unit\test_indirect_draw_count.cpp(137): error C2660: 'testing::internal::EqHelper::Compare': function does not take 3 arguments
P:\Development\personal\games\NextGenGameEngine\build\vcpkg_installed\x64-windows\include\gtest/gtest.h(1422): note: see declaration of 'testing::internal::EqHelper::Compare'
P:\Development\personal\games\NextGenGameEngine\tests\unit\test_indirect_draw_count.cpp(137): error C2737: 'gtest_ar': const object must be initialized
P:\Development\personal\games\NextGenGameEngine\tests\unit\test_indirect_draw_count.cpp(147): error C2065: 'u32': undeclared identifier
P:\Development\personal\games\NextGenGameEngine\tests\unit\test_indirect_draw_count.cpp(147): error C2146: syntax error: missing ';' before identifier 'id0'
P:\Development\personal\games\NextGenGameEngine\tests\unit\test_indirect_draw_count.cpp(147): error C2065: 'id0': undeclared identifier
P:\Development\personal\games\NextGenGameEngine\tests\unit\test_indirect_draw_count.cpp(148): error C2065: 'u32': undeclared identifier
P:\Development\personal\games\NextGenGameEngine\tests\unit\test_indirect_draw_count.cpp(148): error C2146: syntax error: missing ';' before identifier 'id1'
P:\Development\personal\games\NextGenGameEngine\tests\unit\test_indirect_draw_count.cpp(148): error C2065: 'id1': undeclared identifier
P:\Development\personal\games\NextGenGameEngine\tests\unit\test_indirect_draw_count.cpp(149): error C2065: 'u32': undeclared identifier
P:\Development\personal\games\NextGenGameEngine\tests\unit\test_indirect_draw_count.cpp(149): error C2146: syntax error: missing ';' before identifier 'id2'
P:\Development\personal\games\NextGenGameEngine\tests\unit\test_indirect_draw_count.cpp(149): error C2065: 'id2': undeclared identifier
P:\Development\personal\games\NextGenGameEngine\tests\unit\test_indirect_draw_count.cpp(149): fatal error C1003: error count exceeds 100; stopping compilation
[253/297] Building CXX object tests\CMakeFiles\EngineTests.dir\Debug\unit\test_frame_resource_tracker.cpp.obj
[254/297] Building CXX object tests\CMakeFiles\EngineTests.dir\Debug\unit\test_indirect_arg_builder.cpp.obj
FAILED: [code=2] tests/CMakeFiles/EngineTests.dir/Debug/unit/test_indirect_arg_builder.cpp.obj 
C:\PROGRA~2\MICROS~2\2019\BUILDT~1\VC\Tools\MSVC\1429~1.301\bin\Hostx64\x64\cl.exe  /nologo /TP -DFMT_SHARED -DGTEST_LINKED_AS_SHARED_LIBRARY=1 -DNGE_DEBUG=1 -DNGE_ENABLE_ASSERTS=1 -DNGE_ENABLE_MEMORY_TRACKING=1 -DNGE_ENABLE_VULKAN=1 -DNGE_PLATFORM_WINDOWS=1 -DNOMINMAX -DSPDLOG_COMPILED_LIB -DSPDLOG_FMT_EXTERNAL -DSPDLOG_SHARED_LIB -DWIN32_LEAN_AND_MEAN -D_CRT_SECURE_NO_WARNINGS -DCMAKE_INTDIR=\"Debug\" -IP:\Development\personal\games\NextGenGameEngine\engine -IP:\Development\personal\games\NextGenGameEngine\engine\.. -external:IP:\Development\personal\games\NextGenGameEngine\build\vcpkg_installed\x64-windows\include -external:IC:\VulkanSDK\1.4.341.1\include -external:W0 /DWIN32 /D_WINDOWS /EHsc /Zi /Ob0 /Od /RTC1 -std:c++20 -MDd /W4 /permissive- /Zc:__cplusplus /MP /fp:fast /arch:AVX2 /wd4251 /wd4275 /utf-8 /showIncludes /Fotests\CMakeFiles\EngineTests.dir\Debug\unit\test_indirect_arg_builder.cpp.obj /Fdtests\CMakeFiles\EngineTests.dir\Debug\ /FS -c P:\Development\personal\games\NextGenGameEngine\tests\unit\test_indirect_arg_builder.cpp
P:\Development\personal\games\NextGenGameEngine\tests\unit\test_indirect_arg_builder.cpp(236): error C2065: 'u32': undeclared identifier
P:\Development\personal\games\NextGenGameEngine\tests\unit\test_indirect_arg_builder.cpp(236): error C2146: syntax error: missing ';' before identifier 'merged'
P:\Development\personal\games\NextGenGameEngine\tests\unit\test_indirect_arg_builder.cpp(236): error C2065: 'merged': undeclared identifier
P:\Development\personal\games\NextGenGameEngine\tests\unit\test_indirect_arg_builder.cpp(237): error C2065: 'merged': undeclared identifier
P:\Development\personal\games\NextGenGameEngine\tests\unit\test_indirect_arg_builder.cpp(237): error C2737: 'gtest_ar': const object must be initialized
P:\Development\personal\games\NextGenGameEngine\tests\unit\test_indirect_arg_builder.cpp(304): error C2065: 'u32': undeclared identifier
P:\Development\personal\games\NextGenGameEngine\tests\unit\test_indirect_arg_builder.cpp(304): error C2146: syntax error: missing ';' before identifier 'i'
P:\Development\personal\games\NextGenGameEngine\tests\unit\test_indirect_arg_builder.cpp(304): error C2143: syntax error: missing ';' before '='
P:\Development\personal\games\NextGenGameEngine\tests\unit\test_indirect_arg_builder.cpp(304): error C2143: syntax error: missing ')' before '='
P:\Development\personal\games\NextGenGameEngine\tests\unit\test_indirect_arg_builder.cpp(304): error C2059: syntax error: '='
P:\Development\personal\games\NextGenGameEngine\tests\unit\test_indirect_arg_builder.cpp(304): error C2059: syntax error: ';'
P:\Development\personal\games\NextGenGameEngine\tests\unit\test_indirect_arg_builder.cpp(304): error C2143: syntax error: missing ';' before '{'
P:\Development\personal\games\NextGenGameEngine\tests\unit\test_indirect_arg_builder.cpp(305): error C2065: 'i': undeclared identifier
P:\Development\personal\games\NextGenGameEngine\tests\unit\test_indirect_arg_builder.cpp(305): error C2059: syntax error: ')'
P:\Development\personal\games\NextGenGameEngine\tests\unit\test_indirect_arg_builder.cpp(306): error C2143: syntax error: missing ';' before '}'
P:\Development\personal\games\NextGenGameEngine\tests\unit\test_indirect_arg_builder.cpp(307): error C2059: syntax error: ';'
P:\Development\personal\games\NextGenGameEngine\tests\unit\test_indirect_arg_builder.cpp(307): error C2143: syntax error: missing ';' before '{'
P:\Development\personal\games\NextGenGameEngine\tests\unit\test_indirect_arg_builder.cpp(308): error C2065: 'i': undeclared identifier
P:\Development\personal\games\NextGenGameEngine\tests\unit\test_indirect_arg_builder.cpp(308): error C2059: syntax error: ')'
P:\Development\personal\games\NextGenGameEngine\tests\unit\test_indirect_arg_builder.cpp(309): error C2143: syntax error: missing ';' before '}'
P:\Development\personal\games\NextGenGameEngine\tests\unit\test_indirect_arg_builder.cpp(310): error C2059: syntax error: ';'
P:\Development\personal\games\NextGenGameEngine\tests\unit\test_indirect_arg_builder.cpp(310): error C2143: syntax error: missing ';' before '{'
P:\Development\personal\games\NextGenGameEngine\tests\unit\test_indirect_arg_builder.cpp(311): error C2059: syntax error: ')'
P:\Development\personal\games\NextGenGameEngine\tests\unit\test_indirect_arg_builder.cpp(312): error C2143: syntax error: missing ';' before '}'
P:\Development\personal\games\NextGenGameEngine\tests\unit\test_indirect_arg_builder.cpp(314): error C2059: syntax error: ')'
P:\Development\personal\games\NextGenGameEngine\tests\unit\test_indirect_arg_builder.cpp(314): error C2065: 'gtest_ar': undeclared identifier
P:\Development\personal\games\NextGenGameEngine\tests\unit\test_indirect_arg_builder.cpp(315): error C2059: syntax error: ')'
P:\Development\personal\games\NextGenGameEngine\tests\unit\test_indirect_arg_builder.cpp(315): error C2065: 'gtest_ar': undeclared identifier
P:\Development\personal\games\NextGenGameEngine\tests\unit\test_indirect_arg_builder.cpp(316): error C2059: syntax error: ')'
P:\Development\personal\games\NextGenGameEngine\tests\unit\test_indirect_arg_builder.cpp(316): error C2065: 'gtest_ar': undeclared identifier
P:\Development\personal\games\NextGenGameEngine\tests\unit\test_indirect_arg_builder.cpp(317): error C2059: syntax error: ')'
P:\Development\personal\games\NextGenGameEngine\tests\unit\test_indirect_arg_builder.cpp(317): error C2065: 'gtest_ar': undeclared identifier
P:\Development\personal\games\NextGenGameEngine\tests\unit\test_indirect_arg_builder.cpp(320): error C2143: syntax error: missing ';' before '}'
P:\Development\personal\games\NextGenGameEngine\tests\unit\test_indirect_arg_builder.cpp(321): error C2143: syntax error: missing ';' before '}'
P:\Development\personal\games\NextGenGameEngine\tests\unit\test_indirect_arg_builder.cpp(321): fatal error C1004: unexpected end-of-file found
[255/297] Building CXX object tests\CMakeFiles\EngineTests.dir\Debug\unit\test_mesh_lod_selector.cpp.obj
FAILED: [code=2] tests/CMakeFiles/EngineTests.dir/Debug/unit/test_mesh_lod_selector.cpp.obj 
C:\PROGRA~2\MICROS~2\2019\BUILDT~1\VC\Tools\MSVC\1429~1.301\bin\Hostx64\x64\cl.exe  /nologo /TP -DFMT_SHARED -DGTEST_LINKED_AS_SHARED_LIBRARY=1 -DNGE_DEBUG=1 -DNGE_ENABLE_ASSERTS=1 -DNGE_ENABLE_MEMORY_TRACKING=1 -DNGE_ENABLE_VULKAN=1 -DNGE_PLATFORM_WINDOWS=1 -DNOMINMAX -DSPDLOG_COMPILED_LIB -DSPDLOG_FMT_EXTERNAL -DSPDLOG_SHARED_LIB -DWIN32_LEAN_AND_MEAN -D_CRT_SECURE_NO_WARNINGS -DCMAKE_INTDIR=\"Debug\" -IP:\Development\personal\games\NextGenGameEngine\engine -IP:\Development\personal\games\NextGenGameEngine\engine\.. -external:IP:\Development\personal\games\NextGenGameEngine\build\vcpkg_installed\x64-windows\include -external:IC:\VulkanSDK\1.4.341.1\include -external:W0 /DWIN32 /D_WINDOWS /EHsc /Zi /Ob0 /Od /RTC1 -std:c++20 -MDd /W4 /permissive- /Zc:__cplusplus /MP /fp:fast /arch:AVX2 /wd4251 /wd4275 /utf-8 /showIncludes /Fotests\CMakeFiles\EngineTests.dir\Debug\unit\test_mesh_lod_selector.cpp.obj /Fdtests\CMakeFiles\EngineTests.dir\Debug\ /FS -c P:\Development\personal\games\NextGenGameEngine\tests\unit\test_mesh_lod_selector.cpp
P:\Development\personal\games\NextGenGameEngine\tests\unit\test_mesh_lod_selector.cpp(6): error C4430: missing type specifier - int assumed. Note: C++ does not support default-int
P:\Development\personal\games\NextGenGameEngine\tests\unit\test_mesh_lod_selector.cpp(6): error C2146: syntax error: missing ';' before identifier 'SetupMeshWith3LODs'
P:\Development\personal\games\NextGenGameEngine\tests\unit\test_mesh_lod_selector.cpp(6): error C4430: missing type specifier - int assumed. Note: C++ does not support default-int
P:\Development\personal\games\NextGenGameEngine\tests\unit\test_mesh_lod_selector.cpp(7): error C2146: syntax error: missing ';' before identifier 'id'
P:\Development\personal\games\NextGenGameEngine\tests\unit\test_mesh_lod_selector.cpp(7): error C2065: 'id': undeclared identifier
P:\Development\personal\games\NextGenGameEngine\tests\unit\test_mesh_lod_selector.cpp(8): error C2065: 'id': undeclared identifier
P:\Development\personal\games\NextGenGameEngine\tests\unit\test_mesh_lod_selector.cpp(9): error C2065: 'id': undeclared identifier
P:\Development\personal\games\NextGenGameEngine\tests\unit\test_mesh_lod_selector.cpp(10): error C2065: 'id': undeclared identifier
P:\Development\personal\games\NextGenGameEngine\tests\unit\test_mesh_lod_selector.cpp(11): error C2065: 'id': undeclared identifier
P:\Development\personal\games\NextGenGameEngine\tests\unit\test_mesh_lod_selector.cpp(25): error C2146: syntax error: missing ';' before identifier 'id'
P:\Development\personal\games\NextGenGameEngine\tests\unit\test_mesh_lod_selector.cpp(25): error C2065: 'id': undeclared identifier
P:\Development\personal\games\NextGenGameEngine\tests\unit\test_mesh_lod_selector.cpp(26): error C2065: 'id': undeclared identifier
P:\Development\personal\games\NextGenGameEngine\tests\unit\test_mesh_lod_selector.cpp(26): error C2737: 'gtest_ar': const object must be initialized
P:\Development\personal\games\NextGenGameEngine\tests\unit\test_mesh_lod_selector.cpp(29): error C2065: 'id': undeclared identifier
P:\Development\personal\games\NextGenGameEngine\tests\unit\test_mesh_lod_selector.cpp(30): error C3536: 'info': cannot be used before it is initialized
P:\Development\personal\games\NextGenGameEngine\tests\unit\test_mesh_lod_selector.cpp(31): error C2672: 'testing::internal::CmpHelperFloatingPointEQ': no matching overloaded function found
P:\Development\personal\games\NextGenGameEngine\tests\unit\test_mesh_lod_selector.cpp(31): error C2780: 'testing::AssertionResult testing::internal::CmpHelperFloatingPointEQ(const char *,const char *,RawType,RawType)': expects 4 arguments - 3 provided
P:\Development\personal\games\NextGenGameEngine\build\vcpkg_installed\x64-windows\include\gtest/gtest.h(1582): note: see declaration of 'testing::internal::CmpHelperFloatingPointEQ'
P:\Development\personal\games\NextGenGameEngine\tests\unit\test_mesh_lod_selector.cpp(31): error C2737: 'gtest_ar': const object must be initialized
P:\Development\personal\games\NextGenGameEngine\tests\unit\test_mesh_lod_selector.cpp(32): error C2672: 'testing::internal::CmpHelperFloatingPointEQ': no matching overloaded function found
P:\Development\personal\games\NextGenGameEngine\tests\unit\test_mesh_lod_selector.cpp(32): error C2780: 'testing::AssertionResult testing::internal::CmpHelperFloatingPointEQ(const char *,const char *,RawType,RawType)': expects 4 arguments - 3 provided
P:\Development\personal\games\NextGenGameEngine\build\vcpkg_installed\x64-windows\include\gtest/gtest.h(1582): note: see declaration of 'testing::internal::CmpHelperFloatingPointEQ'
P:\Development\personal\games\NextGenGameEngine\tests\unit\test_mesh_lod_selector.cpp(32): error C2737: 'gtest_ar': const object must be initialized
P:\Development\personal\games\NextGenGameEngine\tests\unit\test_mesh_lod_selector.cpp(33): error C2660: 'testing::internal::EqHelper::Compare': function does not take 3 arguments
P:\Development\personal\games\NextGenGameEngine\build\vcpkg_installed\x64-windows\include\gtest/gtest.h(1422): note: see declaration of 'testing::internal::EqHelper::Compare'
P:\Development\personal\games\NextGenGameEngine\tests\unit\test_mesh_lod_selector.cpp(33): error C2737: 'gtest_ar': const object must be initialized
P:\Development\personal\games\NextGenGameEngine\tests\unit\test_mesh_lod_selector.cpp(42): error C2146: syntax error: missing ';' before identifier 'id'
P:\Development\personal\games\NextGenGameEngine\tests\unit\test_mesh_lod_selector.cpp(42): error C2065: 'id': undeclared identifier
P:\Development\personal\games\NextGenGameEngine\tests\unit\test_mesh_lod_selector.cpp(44): error C2065: 'id': undeclared identifier
P:\Development\personal\games\NextGenGameEngine\tests\unit\test_mesh_lod_selector.cpp(44): error C2660: 'testing::internal::EqHelper::Compare': function does not take 3 arguments
P:\Development\personal\games\NextGenGameEngine\build\vcpkg_installed\x64-windows\include\gtest/gtest.h(1422): note: see declaration of 'testing::internal::EqHelper::Compare'
P:\Development\personal\games\NextGenGameEngine\tests\unit\test_mesh_lod_selector.cpp(44): error C2737: 'gtest_ar': const object must be initialized
P:\Development\personal\games\NextGenGameEngine\tests\unit\test_mesh_lod_selector.cpp(45): error C2065: 'id': undeclared identifier
P:\Development\personal\games\NextGenGameEngine\tests\unit\test_mesh_lod_selector.cpp(45): error C2660: 'testing::internal::EqHelper::Compare': function does not take 3 arguments
P:\Development\personal\games\NextGenGameEngine\build\vcpkg_installed\x64-windows\include\gtest/gtest.h(1422): note: see declaration of 'testing::internal::EqHelper::Compare'
P:\Development\personal\games\NextGenGameEngine\tests\unit\test_mesh_lod_selector.cpp(45): error C2737: 'gtest_ar': const object must be initialized
P:\Development\personal\games\NextGenGameEngine\tests\unit\test_mesh_lod_selector.cpp(46): error C2065: 'id': undeclared identifier
P:\Development\personal\games\NextGenGameEngine\tests\unit\test_mesh_lod_selector.cpp(46): error C2660: 'testing::internal::EqHelper::Compare': function does not take 3 arguments
P:\Development\personal\games\NextGenGameEngine\build\vcpkg_installed\x64-windows\include\gtest/gtest.h(1422): note: see declaration of 'testing::internal::EqHelper::Compare'
P:\Development\personal\games\NextGenGameEngine\tests\unit\test_mesh_lod_selector.cpp(46): error C2737: 'gtest_ar': const object must be initialized
P:\Development\personal\games\NextGenGameEngine\tests\unit\test_mesh_lod_selector.cpp(47): error C2065: 'id': undeclared identifier
P:\Development\personal\games\NextGenGameEngine\tests\unit\test_mesh_lod_selector.cpp(47): error C2660: 'testing::internal::EqHelper::Compare': function does not take 3 arguments
P:\Development\personal\games\NextGenGameEngine\build\vcpkg_installed\x64-windows\include\gtest/gtest.h(1422): note: see declaration of 'testing::internal::EqHelper::Compare'
P:\Development\personal\games\NextGenGameEngine\tests\unit\test_mesh_lod_selector.cpp(47): error C2737: 'gtest_ar': const object must be initialized
P:\Development\personal\games\NextGenGameEngine\tests\unit\test_mesh_lod_selector.cpp(58): error C2146: syntax error: missing ';' before identifier 'id'
P:\Development\personal\games\NextGenGameEngine\tests\unit\test_mesh_lod_selector.cpp(58): error C2065: 'id': undeclared identifier
P:\Development\personal\games\NextGenGameEngine\tests\unit\test_mesh_lod_selector.cpp(61): error C2146: syntax error: missing ';' before identifier 'lod'
P:\Development\personal\games\NextGenGameEngine\tests\unit\test_mesh_lod_selector.cpp(61): error C2065: 'lod': undeclared identifier
P:\Development\personal\games\NextGenGameEngine\tests\unit\test_mesh_lod_selector.cpp(61): error C2065: 'id': undeclared identifier
P:\Development\personal\games\NextGenGameEngine\tests\unit\test_mesh_lod_selector.cpp(62): error C2065: 'lod': undeclared identifier
P:\Development\personal\games\NextGenGameEngine\tests\unit\test_mesh_lod_selector.cpp(62): error C2737: 'gtest_ar': const object must be initialized
P:\Development\personal\games\NextGenGameEngine\tests\unit\test_mesh_lod_selector.cpp(73): error C2146: syntax error: missing ';' before identifier 'id'
P:\Development\personal\games\NextGenGameEngine\tests\unit\test_mesh_lod_selector.cpp(73): error C2065: 'id': undeclared identifier
P:\Development\personal\games\NextGenGameEngine\tests\unit\test_mesh_lod_selector.cpp(76): error C2146: syntax error: missing ';' before identifier 'lod'
P:\Development\personal\games\NextGenGameEngine\tests\unit\test_mesh_lod_selector.cpp(76): error C2065: 'lod': undeclared identifier
P:\Development\personal\games\NextGenGameEngine\tests\unit\test_mesh_lod_selector.cpp(76): error C2065: 'id': undeclared identifier
P:\Development\personal\games\NextGenGameEngine\tests\unit\test_mesh_lod_selector.cpp(77): error C2065: 'lod': undeclared identifier
P:\Development\personal\games\NextGenGameEngine\tests\unit\test_mesh_lod_selector.cpp(77): error C2737: 'gtest_ar': const object must be initialized
P:\Development\personal\games\NextGenGameEngine\tests\unit\test_mesh_lod_selector.cpp(88): error C2146: syntax error: missing ';' before identifier 'id'
P:\Development\personal\games\NextGenGameEngine\tests\unit\test_mesh_lod_selector.cpp(88): error C2065: 'id': undeclared identifier
P:\Development\personal\games\NextGenGameEngine\tests\unit\test_mesh_lod_selector.cpp(91): error C2146: syntax error: missing ';' before identifier 'lod'
P:\Development\personal\games\NextGenGameEngine\tests\unit\test_mesh_lod_selector.cpp(91): error C2065: 'lod': undeclared identifier
P:\Development\personal\games\NextGenGameEngine\tests\unit\test_mesh_lod_selector.cpp(91): error C2065: 'id': undeclared identifier
P:\Development\personal\games\NextGenGameEngine\tests\unit\test_mesh_lod_selector.cpp(92): error C2065: 'lod': undeclared identifier
P:\Development\personal\games\NextGenGameEngine\tests\unit\test_mesh_lod_selector.cpp(92): error C2737: 'gtest_ar': const object must be initialized
P:\Development\personal\games\NextGenGameEngine\tests\unit\test_mesh_lod_selector.cpp(93): error C2065: 'lod': undeclared identifier
P:\Development\personal\games\NextGenGameEngine\tests\unit\test_mesh_lod_selector.cpp(93): error C2737: 'gtest_ar': const object must be initialized
P:\Development\personal\games\NextGenGameEngine\tests\unit\test_mesh_lod_selector.cpp(102): error C2146: syntax error: missing ';' before identifier 'id'
P:\Development\personal\games\NextGenGameEngine\tests\unit\test_mesh_lod_selector.cpp(102): error C2065: 'id': undeclared identifier
P:\Development\personal\games\NextGenGameEngine\tests\unit\test_mesh_lod_selector.cpp(105): error C2065: 'id': undeclared identifier
P:\Development\personal\games\NextGenGameEngine\tests\unit\test_mesh_lod_selector.cpp(105): error C2660: 'testing::internal::EqHelper::Compare': function does not take 3 arguments
P:\Development\personal\games\NextGenGameEngine\build\vcpkg_installed\x64-windows\include\gtest/gtest.h(1422): note: see declaration of 'testing::internal::EqHelper::Compare'
P:\Development\personal\games\NextGenGameEngine\tests\unit\test_mesh_lod_selector.cpp(105): error C2737: 'gtest_ar': const object must be initialized
P:\Development\personal\games\NextGenGameEngine\tests\unit\test_mesh_lod_selector.cpp(108): error C2146: syntax error: missing ';' before identifier 'lod'
P:\Development\personal\games\NextGenGameEngine\tests\unit\test_mesh_lod_selector.cpp(108): error C2065: 'lod': undeclared identifier
P:\Development\personal\games\NextGenGameEngine\tests\unit\test_mesh_lod_selector.cpp(108): error C2065: 'id': undeclared identifier
P:\Development\personal\games\NextGenGameEngine\tests\unit\test_mesh_lod_selector.cpp(109): error C2065: 'lod': undeclared identifier
P:\Development\personal\games\NextGenGameEngine\tests\unit\test_mesh_lod_selector.cpp(109): error C2737: 'gtest_ar': const object must be initialized
P:\Development\personal\games\NextGenGameEngine\tests\unit\test_mesh_lod_selector.cpp(122): error C2146: syntax error: missing ';' before identifier 'id'
P:\Development\personal\games\NextGenGameEngine\tests\unit\test_mesh_lod_selector.cpp(122): error C2065: 'id': undeclared identifier
P:\Development\personal\games\NextGenGameEngine\tests\unit\test_mesh_lod_selector.cpp(125): error C2146: syntax error: missing ';' before identifier 'lod'
P:\Development\personal\games\NextGenGameEngine\tests\unit\test_mesh_lod_selector.cpp(125): error C2065: 'lod': undeclared identifier
P:\Development\personal\games\NextGenGameEngine\tests\unit\test_mesh_lod_selector.cpp(125): error C2065: 'id': undeclared identifier
P:\Development\personal\games\NextGenGameEngine\tests\unit\test_mesh_lod_selector.cpp(128): error C2065: 'lod': undeclared identifier
P:\Development\personal\games\NextGenGameEngine\tests\unit\test_mesh_lod_selector.cpp(128): error C2737: 'gtest_ar': const object must be initialized
P:\Development\personal\games\NextGenGameEngine\tests\unit\test_mesh_lod_selector.cpp(139): error C2146: syntax error: missing ';' before identifier 'id'
P:\Development\personal\games\NextGenGameEngine\tests\unit\test_mesh_lod_selector.cpp(139): error C2065: 'id': undeclared identifier
P:\Development\personal\games\NextGenGameEngine\tests\unit\test_mesh_lod_selector.cpp(142): error C2146: syntax error: missing ';' before identifier 'lod'
P:\Development\personal\games\NextGenGameEngine\tests\unit\test_mesh_lod_selector.cpp(142): error C2065: 'lod': undeclared identifier
P:\Development\personal\games\NextGenGameEngine\tests\unit\test_mesh_lod_selector.cpp(142): error C2065: 'id': undeclared identifier
P:\Development\personal\games\NextGenGameEngine\tests\unit\test_mesh_lod_selector.cpp(144): error C2065: 'lod': undeclared identifier
P:\Development\personal\games\NextGenGameEngine\tests\unit\test_mesh_lod_selector.cpp(144): error C2737: 'gtest_ar': const object must be initialized
P:\Development\personal\games\NextGenGameEngine\tests\unit\test_mesh_lod_selector.cpp(153): error C2146: syntax error: missing ';' before identifier 'id'
P:\Development\personal\games\NextGenGameEngine\tests\unit\test_mesh_lod_selector.cpp(153): error C2065: 'id': undeclared identifier
P:\Development\personal\games\NextGenGameEngine\tests\unit\test_mesh_lod_selector.cpp(156): error C2065: 'id': undeclared identifier
P:\Development\personal\games\NextGenGameEngine\tests\unit\test_mesh_lod_selector.cpp(157): error C2065: 'id': undeclared identifier
P:\Development\personal\games\NextGenGameEngine\tests\unit\test_mesh_lod_selector.cpp(158): error C2065: 'id': undeclared identifier
P:\Development\personal\games\NextGenGameEngine\tests\unit\test_mesh_lod_selector.cpp(172): error C2146: syntax error: missing ';' before identifier 'id'
P:\Development\personal\games\NextGenGameEngine\tests\unit\test_mesh_lod_selector.cpp(172): error C2065: 'id': undeclared identifier
P:\Development\personal\games\NextGenGameEngine\tests\unit\test_mesh_lod_selector.cpp(173): error C2065: 'id': undeclared identifier
P:\Development\personal\games\NextGenGameEngine\tests\unit\test_mesh_lod_selector.cpp(173): error C2660: 'testing::internal::EqHelper::Compare': function does not take 3 arguments
P:\Development\personal\games\NextGenGameEngine\build\vcpkg_installed\x64-windows\include\gtest/gtest.h(1422): note: see declaration of 'testing::internal::EqHelper::Compare'
P:\Development\personal\games\NextGenGameEngine\tests\unit\test_mesh_lod_selector.cpp(173): error C2737: 'gtest_ar': const object must be initialized
P:\Development\personal\games\NextGenGameEngine\tests\unit\test_mesh_lod_selector.cpp(185): error C2146: syntax error: missing ';' before identifier 'id'
P:\Development\personal\games\NextGenGameEngine\tests\unit\test_mesh_lod_selector.cpp(185): error C2065: 'id': undeclared identifier
P:\Development\personal\games\NextGenGameEngine\tests\unit\test_mesh_lod_selector.cpp(187): error C2065: 'id': undeclared identifier
P:\Development\personal\games\NextGenGameEngine\tests\unit\test_mesh_lod_selector.cpp(187): error C2660: 'testing::internal::EqHelper::Compare': function does not take 3 arguments
P:\Development\personal\games\NextGenGameEngine\build\vcpkg_installed\x64-windows\include\gtest/gtest.h(1422): note: see declaration of 'testing::internal::EqHelper::Compare'
P:\Development\personal\games\NextGenGameEngine\tests\unit\test_mesh_lod_selector.cpp(187): error C2737: 'gtest_ar': const object must be initialized
P:\Development\personal\games\NextGenGameEngine\tests\unit\test_mesh_lod_selector.cpp(199): error C2146: syntax error: missing ';' before identifier 'i'
P:\Development\personal\games\NextGenGameEngine\tests\unit\test_mesh_lod_selector.cpp(199): error C2143: syntax error: missing ';' before '='
P:\Development\personal\games\NextGenGameEngine\tests\unit\test_mesh_lod_selector.cpp(199): error C2143: syntax error: missing ')' before '='
P:\Development\personal\games\NextGenGameEngine\tests\unit\test_mesh_lod_selector.cpp(199): error C2059: syntax error: '='
P:\Development\personal\games\NextGenGameEngine\tests\unit\test_mesh_lod_selector.cpp(199): fatal error C1003: error count exceeds 100; stopping compilation
[256/297] Building CXX object tests\CMakeFiles\EngineTests.dir\Debug\unit\test_mipbias_drawmerger.cpp.obj
FAILED: [code=2] tests/CMakeFiles/EngineTests.dir/Debug/unit/test_mipbias_drawmerger.cpp.obj 
C:\PROGRA~2\MICROS~2\2019\BUILDT~1\VC\Tools\MSVC\1429~1.301\bin\Hostx64\x64\cl.exe  /nologo /TP -DFMT_SHARED -DGTEST_LINKED_AS_SHARED_LIBRARY=1 -DNGE_DEBUG=1 -DNGE_ENABLE_ASSERTS=1 -DNGE_ENABLE_MEMORY_TRACKING=1 -DNGE_ENABLE_VULKAN=1 -DNGE_PLATFORM_WINDOWS=1 -DNOMINMAX -DSPDLOG_COMPILED_LIB -DSPDLOG_FMT_EXTERNAL -DSPDLOG_SHARED_LIB -DWIN32_LEAN_AND_MEAN -D_CRT_SECURE_NO_WARNINGS -DCMAKE_INTDIR=\"Debug\" -IP:\Development\personal\games\NextGenGameEngine\engine -IP:\Development\personal\games\NextGenGameEngine\engine\.. -external:IP:\Development\personal\games\NextGenGameEngine\build\vcpkg_installed\x64-windows\include -external:IC:\VulkanSDK\1.4.341.1\include -external:W0 /DWIN32 /D_WINDOWS /EHsc /Zi /Ob0 /Od /RTC1 -std:c++20 -MDd /W4 /permissive- /Zc:__cplusplus /MP /fp:fast /arch:AVX2 /wd4251 /wd4275 /utf-8 /showIncludes /Fotests\CMakeFiles\EngineTests.dir\Debug\unit\test_mipbias_drawmerger.cpp.obj /Fdtests\CMakeFiles\EngineTests.dir\Debug\ /FS -c P:\Development\personal\games\NextGenGameEngine\tests\unit\test_mipbias_drawmerger.cpp
P:\Development\personal\games\NextGenGameEngine\tests\unit\test_mipbias_drawmerger.cpp(89): error C2065: 'f32': undeclared identifier
P:\Development\personal\games\NextGenGameEngine\tests\unit\test_mipbias_drawmerger.cpp(89): error C2146: syntax error: missing ';' before identifier 'bias'
P:\Development\personal\games\NextGenGameEngine\tests\unit\test_mipbias_drawmerger.cpp(89): error C2065: 'bias': undeclared identifier
P:\Development\personal\games\NextGenGameEngine\tests\unit\test_mipbias_drawmerger.cpp(90): error C2065: 'bias': undeclared identifier
P:\Development\personal\games\NextGenGameEngine\tests\unit\test_mipbias_drawmerger.cpp(90): error C2737: 'gtest_ar': const object must be initialized
P:\Development\personal\games\NextGenGameEngine\tests\unit\test_mipbias_drawmerger.cpp(97): error C2065: 'bias': undeclared identifier
P:\Development\personal\games\NextGenGameEngine\tests\unit\test_mipbias_drawmerger.cpp(98): error C2065: 'bias': undeclared identifier
P:\Development\personal\games\NextGenGameEngine\tests\unit\test_mipbias_drawmerger.cpp(98): error C2737: 'gtest_ar': const object must be initialized
P:\Development\personal\games\NextGenGameEngine\tests\unit\test_mipbias_drawmerger.cpp(121): error C2065: 'f32': undeclared identifier
P:\Development\personal\games\NextGenGameEngine\tests\unit\test_mipbias_drawmerger.cpp(121): error C2146: syntax error: missing ';' before identifier 'bias'
P:\Development\personal\games\NextGenGameEngine\tests\unit\test_mipbias_drawmerger.cpp(121): error C2065: 'bias': undeclared identifier
P:\Development\personal\games\NextGenGameEngine\tests\unit\test_mipbias_drawmerger.cpp(122): error C2065: 'bias': undeclared identifier
P:\Development\personal\games\NextGenGameEngine\tests\unit\test_mipbias_drawmerger.cpp(122): error C2737: 'gtest_ar': const object must be initialized
P:\Development\personal\games\NextGenGameEngine\tests\unit\test_mipbias_drawmerger.cpp(214): error C2065: 'u32': undeclared identifier
P:\Development\personal\games\NextGenGameEngine\tests\unit\test_mipbias_drawmerger.cpp(214): error C2146: syntax error: missing ';' before identifier 'i'
P:\Development\personal\games\NextGenGameEngine\tests\unit\test_mipbias_drawmerger.cpp(214): error C2143: syntax error: missing ';' before '='
P:\Development\personal\games\NextGenGameEngine\tests\unit\test_mipbias_drawmerger.cpp(214): error C2143: syntax error: missing ')' before '='
P:\Development\personal\games\NextGenGameEngine\tests\unit\test_mipbias_drawmerger.cpp(214): error C2059: syntax error: '='
P:\Development\personal\games\NextGenGameEngine\tests\unit\test_mipbias_drawmerger.cpp(214): error C2059: syntax error: ';'
P:\Development\personal\games\NextGenGameEngine\tests\unit\test_mipbias_drawmerger.cpp(214): error C2143: syntax error: missing ';' before '{'
P:\Development\personal\games\NextGenGameEngine\tests\unit\test_mipbias_drawmerger.cpp(226): error C2143: syntax error: missing ';' before '}'
P:\Development\personal\games\NextGenGameEngine\tests\unit\test_mipbias_drawmerger.cpp(230): error C2059: syntax error: ')'
P:\Development\personal\games\NextGenGameEngine\tests\unit\test_mipbias_drawmerger.cpp(230): error C2065: 'gtest_ar': undeclared identifier
P:\Development\personal\games\NextGenGameEngine\tests\unit\test_mipbias_drawmerger.cpp(231): error C2059: syntax error: ')'
P:\Development\personal\games\NextGenGameEngine\tests\unit\test_mipbias_drawmerger.cpp(231): error C2065: 'gtest_ar': undeclared identifier
P:\Development\personal\games\NextGenGameEngine\tests\unit\test_mipbias_drawmerger.cpp(234): error C2065: 'stats': undeclared identifier
P:\Development\personal\games\NextGenGameEngine\tests\unit\test_mipbias_drawmerger.cpp(234): error C2059: syntax error: ')'
P:\Development\personal\games\NextGenGameEngine\tests\unit\test_mipbias_drawmerger.cpp(234): error C2065: 'gtest_ar': undeclared identifier
P:\Development\personal\games\NextGenGameEngine\tests\unit\test_mipbias_drawmerger.cpp(235): error C2065: 'stats': undeclared identifier
P:\Development\personal\games\NextGenGameEngine\tests\unit\test_mipbias_drawmerger.cpp(235): error C2059: syntax error: ')'
P:\Development\personal\games\NextGenGameEngine\tests\unit\test_mipbias_drawmerger.cpp(235): error C2065: 'gtest_ar': undeclared identifier
P:\Development\personal\games\NextGenGameEngine\tests\unit\test_mipbias_drawmerger.cpp(236): error C2065: 'stats': undeclared identifier
P:\Development\personal\games\NextGenGameEngine\tests\unit\test_mipbias_drawmerger.cpp(236): error C2059: syntax error: ')'
P:\Development\personal\games\NextGenGameEngine\tests\unit\test_mipbias_drawmerger.cpp(236): error C2065: 'gtest_ar': undeclared identifier
P:\Development\personal\games\NextGenGameEngine\tests\unit\test_mipbias_drawmerger.cpp(237): error C2065: 'stats': undeclared identifier
P:\Development\personal\games\NextGenGameEngine\tests\unit\test_mipbias_drawmerger.cpp(237): error C2059: syntax error: ')'
P:\Development\personal\games\NextGenGameEngine\tests\unit\test_mipbias_drawmerger.cpp(237): error C2065: 'gtest_ar': undeclared identifier
P:\Development\personal\games\NextGenGameEngine\tests\unit\test_mipbias_drawmerger.cpp(240): error C2143: syntax error: missing ';' before '}'
P:\Development\personal\games\NextGenGameEngine\tests\unit\test_mipbias_drawmerger.cpp(242): error C2947: expecting '>' to terminate template-argument-list, found '>'
P:\Development\personal\games\NextGenGameEngine\tests\unit\test_mipbias_drawmerger.cpp(242): error C2059: syntax error: 'constant'
P:\Development\personal\games\NextGenGameEngine\tests\unit\test_mipbias_drawmerger.cpp(242): error C2059: syntax error: ')'
P:\Development\personal\games\NextGenGameEngine\tests\unit\test_mipbias_drawmerger.cpp(242): error C2246: 'DrawCallMerger_MergeCompatibleDraws_Test::TestBody::DrawCallMerger_DifferentPSOSeparateBatches_Test::test_info_': illegal static data member in locally defined class
P:\Development\personal\games\NextGenGameEngine\tests\unit\test_mipbias_drawmerger.cpp(242): error C3640: 'DrawCallMerger_MergeCompatibleDraws_Test::TestBody::DrawCallMerger_DifferentPSOSeparateBatches_Test::TestBody': a referenced or virtual member function of a local class must be defined
P:\Development\personal\games\NextGenGameEngine\tests\unit\test_mipbias_drawmerger.cpp(242): error C2655: 'DrawCallMerger_MergeCompatibleDraws_Test::TestBody::DrawCallMerger_DifferentPSOSeparateBatches_Test::test_info_': definition or redeclaration illegal in current scope
P:\Development\personal\games\NextGenGameEngine\tests\unit\test_mipbias_drawmerger.cpp(242): note: see declaration of 'DrawCallMerger_MergeCompatibleDraws_Test::TestBody::DrawCallMerger_DifferentPSOSeparateBatches_Test::test_info_'
P:\Development\personal\games\NextGenGameEngine\tests\unit\test_mipbias_drawmerger.cpp(242): error C2601: 'DrawCallMerger_MergeCompatibleDraws_Test::TestBody::DrawCallMerger_DifferentPSOSeparateBatches_Test::TestBody': local function definitions are illegal
P:\Development\personal\games\NextGenGameEngine\tests\unit\test_mipbias_drawmerger.cpp(269): error C2246: 'DrawCallMerger_MergeCompatibleDraws_Test::TestBody::DrawCallMerger_DifferentMaterialSeparateBatches_Test::test_info_': illegal static data member in locally defined class
P:\Development\personal\games\NextGenGameEngine\tests\unit\test_mipbias_drawmerger.cpp(269): error C3640: 'DrawCallMerger_MergeCompatibleDraws_Test::TestBody::DrawCallMerger_DifferentMaterialSeparateBatches_Test::TestBody': a referenced or virtual member function of a local class must be defined
P:\Development\personal\games\NextGenGameEngine\tests\unit\test_mipbias_drawmerger.cpp(269): error C2655: 'DrawCallMerger_MergeCompatibleDraws_Test::TestBody::DrawCallMerger_DifferentMaterialSeparateBatches_Test::test_info_': definition or redeclaration illegal in current scope
P:\Development\personal\games\NextGenGameEngine\tests\unit\test_mipbias_drawmerger.cpp(269): note: see declaration of 'DrawCallMerger_MergeCompatibleDraws_Test::TestBody::DrawCallMerger_DifferentMaterialSeparateBatches_Test::test_info_'
P:\Development\personal\games\NextGenGameEngine\tests\unit\test_mipbias_drawmerger.cpp(269): error C2601: 'DrawCallMerger_MergeCompatibleDraws_Test::TestBody::DrawCallMerger_DifferentMaterialSeparateBatches_Test::TestBody': local function definitions are illegal
P:\Development\personal\games\NextGenGameEngine\tests\unit\test_mipbias_drawmerger.cpp(296): error C2246: 'DrawCallMerger_MergeCompatibleDraws_Test::TestBody::DrawCallMerger_MergingDisabled_Test::test_info_': illegal static data member in locally defined class
P:\Development\personal\games\NextGenGameEngine\tests\unit\test_mipbias_drawmerger.cpp(296): error C3640: 'DrawCallMerger_MergeCompatibleDraws_Test::TestBody::DrawCallMerger_MergingDisabled_Test::TestBody': a referenced or virtual member function of a local class must be defined
P:\Development\personal\games\NextGenGameEngine\tests\unit\test_mipbias_drawmerger.cpp(296): error C2655: 'DrawCallMerger_MergeCompatibleDraws_Test::TestBody::DrawCallMerger_MergingDisabled_Test::test_info_': definition or redeclaration illegal in current scope
P:\Development\personal\games\NextGenGameEngine\tests\unit\test_mipbias_drawmerger.cpp(296): note: see declaration of 'DrawCallMerger_MergeCompatibleDraws_Test::TestBody::DrawCallMerger_MergingDisabled_Test::test_info_'
P:\Development\personal\games\NextGenGameEngine\tests\unit\test_mipbias_drawmerger.cpp(296): error C2601: 'DrawCallMerger_MergeCompatibleDraws_Test::TestBody::DrawCallMerger_MergingDisabled_Test::TestBody': local function definitions are illegal
P:\Development\personal\games\NextGenGameEngine\tests\unit\test_mipbias_drawmerger.cpp(320): error C2246: 'DrawCallMerger_MergeCompatibleDraws_Test::TestBody::DrawCallMerger_GetIndirectBuffer_Test::test_info_': illegal static data member in locally defined class
P:\Development\personal\games\NextGenGameEngine\tests\unit\test_mipbias_drawmerger.cpp(320): error C3640: 'DrawCallMerger_MergeCompatibleDraws_Test::TestBody::DrawCallMerger_GetIndirectBuffer_Test::TestBody': a referenced or virtual member function of a local class must be defined
P:\Development\personal\games\NextGenGameEngine\tests\unit\test_mipbias_drawmerger.cpp(302): error C2065: 'u32': undeclared identifier
P:\Development\personal\games\NextGenGameEngine\tests\unit\test_mipbias_drawmerger.cpp(302): error C2146: syntax error: missing ';' before identifier 'i'
P:\Development\personal\games\NextGenGameEngine\tests\unit\test_mipbias_drawmerger.cpp(302): error C2143: syntax error: missing ';' before '='
P:\Development\personal\games\NextGenGameEngine\tests\unit\test_mipbias_drawmerger.cpp(302): error C2143: syntax error: missing ')' before '='
P:\Development\personal\games\NextGenGameEngine\tests\unit\test_mipbias_drawmerger.cpp(302): error C2059: syntax error: '='
P:\Development\personal\games\NextGenGameEngine\tests\unit\test_mipbias_drawmerger.cpp(302): error C2059: syntax error: ';'
P:\Development\personal\games\NextGenGameEngine\tests\unit\test_mipbias_drawmerger.cpp(302): error C2143: syntax error: missing ';' before '{'
P:\Development\personal\games\NextGenGameEngine\tests\unit\test_mipbias_drawmerger.cpp(310): error C2143: syntax error: missing ';' before '}'
P:\Development\personal\games\NextGenGameEngine\tests\unit\test_mipbias_drawmerger.cpp(315): error C2059: syntax error: ')'
P:\Development\personal\games\NextGenGameEngine\tests\unit\test_mipbias_drawmerger.cpp(315): error C2065: 'gtest_ar': undeclared identifier
P:\Development\personal\games\NextGenGameEngine\tests\unit\test_mipbias_drawmerger.cpp(318): error C2143: syntax error: missing ';' before '}'
P:\Development\personal\games\NextGenGameEngine\tests\unit\test_mipbias_drawmerger.cpp(320): error C2143: syntax error: missing ';' before '}'
P:\Development\personal\games\NextGenGameEngine\tests\unit\test_mipbias_drawmerger.cpp(320): fatal error C1004: unexpected end-of-file found
[257/297] Building CXX object tests\CMakeFiles\EngineTests.dir\Debug\unit\test_mipmap_scheduler.cpp.obj
FAILED: [code=2] tests/CMakeFiles/EngineTests.dir/Debug/unit/test_mipmap_scheduler.cpp.obj 
C:\PROGRA~2\MICROS~2\2019\BUILDT~1\VC\Tools\MSVC\1429~1.301\bin\Hostx64\x64\cl.exe  /nologo /TP -DFMT_SHARED -DGTEST_LINKED_AS_SHARED_LIBRARY=1 -DNGE_DEBUG=1 -DNGE_ENABLE_ASSERTS=1 -DNGE_ENABLE_MEMORY_TRACKING=1 -DNGE_ENABLE_VULKAN=1 -DNGE_PLATFORM_WINDOWS=1 -DNOMINMAX -DSPDLOG_COMPILED_LIB -DSPDLOG_FMT_EXTERNAL -DSPDLOG_SHARED_LIB -DWIN32_LEAN_AND_MEAN -D_CRT_SECURE_NO_WARNINGS -DCMAKE_INTDIR=\"Debug\" -IP:\Development\personal\games\NextGenGameEngine\engine -IP:\Development\personal\games\NextGenGameEngine\engine\.. -external:IP:\Development\personal\games\NextGenGameEngine\build\vcpkg_installed\x64-windows\include -external:IC:\VulkanSDK\1.4.341.1\include -external:W0 /DWIN32 /D_WINDOWS /EHsc /Zi /Ob0 /Od /RTC1 -std:c++20 -MDd /W4 /permissive- /Zc:__cplusplus /MP /fp:fast /arch:AVX2 /wd4251 /wd4275 /utf-8 /showIncludes /Fotests\CMakeFiles\EngineTests.dir\Debug\unit\test_mipmap_scheduler.cpp.obj /Fdtests\CMakeFiles\EngineTests.dir\Debug\ /FS -c P:\Development\personal\games\NextGenGameEngine\tests\unit\test_mipmap_scheduler.cpp
P:\Development\personal\games\NextGenGameEngine\tests\unit\test_mipmap_scheduler.cpp(6): error C2065: 'u64': undeclared identifier
P:\Development\personal\games\NextGenGameEngine\tests\unit\test_mipmap_scheduler.cpp(6): error C2146: syntax error: missing ')' before identifier 'handle'
P:\Development\personal\games\NextGenGameEngine\tests\unit\test_mipmap_scheduler.cpp(7): error C2143: syntax error: missing ';' before '{'
P:\Development\personal\games\NextGenGameEngine\tests\unit\test_mipmap_scheduler.cpp(7): error C2447: '{': missing function header (old-style formal list?)
P:\Development\personal\games\NextGenGameEngine\tests\unit\test_mipmap_scheduler.cpp(44): error C2065: 'u32': undeclared identifier
P:\Development\personal\games\NextGenGameEngine\tests\unit\test_mipmap_scheduler.cpp(44): error C2146: syntax error: missing ';' before identifier 'gx'
P:\Development\personal\games\NextGenGameEngine\tests\unit\test_mipmap_scheduler.cpp(44): error C2065: 'gx': undeclared identifier
P:\Development\personal\games\NextGenGameEngine\tests\unit\test_mipmap_scheduler.cpp(44): error C2065: 'gy': undeclared identifier
P:\Development\personal\games\NextGenGameEngine\tests\unit\test_mipmap_scheduler.cpp(46): error C2065: 'gx': undeclared identifier
P:\Development\personal\games\NextGenGameEngine\tests\unit\test_mipmap_scheduler.cpp(46): error C2065: 'gy': undeclared identifier
P:\Development\personal\games\NextGenGameEngine\tests\unit\test_mipmap_scheduler.cpp(47): error C2065: 'gx': undeclared identifier
P:\Development\personal\games\NextGenGameEngine\tests\unit\test_mipmap_scheduler.cpp(47): error C2737: 'gtest_ar': const object must be initialized
P:\Development\personal\games\NextGenGameEngine\tests\unit\test_mipmap_scheduler.cpp(48): error C2065: 'gy': undeclared identifier
P:\Development\personal\games\NextGenGameEngine\tests\unit\test_mipmap_scheduler.cpp(48): error C2737: 'gtest_ar': const object must be initialized
P:\Development\personal\games\NextGenGameEngine\tests\unit\test_mipmap_scheduler.cpp(50): error C2065: 'gx': undeclared identifier
P:\Development\personal\games\NextGenGameEngine\tests\unit\test_mipmap_scheduler.cpp(50): error C2065: 'gy': undeclared identifier
P:\Development\personal\games\NextGenGameEngine\tests\unit\test_mipmap_scheduler.cpp(51): error C2065: 'gx': undeclared identifier
P:\Development\personal\games\NextGenGameEngine\tests\unit\test_mipmap_scheduler.cpp(51): error C2737: 'gtest_ar': const object must be initialized
P:\Development\personal\games\NextGenGameEngine\tests\unit\test_mipmap_scheduler.cpp(52): error C2065: 'gy': undeclared identifier
P:\Development\personal\games\NextGenGameEngine\tests\unit\test_mipmap_scheduler.cpp(52): error C2737: 'gtest_ar': const object must be initialized
P:\Development\personal\games\NextGenGameEngine\tests\unit\test_mipmap_scheduler.cpp(54): error C2065: 'gx': undeclared identifier
P:\Development\personal\games\NextGenGameEngine\tests\unit\test_mipmap_scheduler.cpp(54): error C2065: 'gy': undeclared identifier
P:\Development\personal\games\NextGenGameEngine\tests\unit\test_mipmap_scheduler.cpp(55): error C2065: 'gx': undeclared identifier
P:\Development\personal\games\NextGenGameEngine\tests\unit\test_mipmap_scheduler.cpp(55): error C2737: 'gtest_ar': const object must be initialized
P:\Development\personal\games\NextGenGameEngine\tests\unit\test_mipmap_scheduler.cpp(56): error C2065: 'gy': undeclared identifier
P:\Development\personal\games\NextGenGameEngine\tests\unit\test_mipmap_scheduler.cpp(56): error C2737: 'gtest_ar': const object must be initialized
P:\Development\personal\games\NextGenGameEngine\tests\unit\test_mipmap_scheduler.cpp(59): error C2065: 'gx': undeclared identifier
P:\Development\personal\games\NextGenGameEngine\tests\unit\test_mipmap_scheduler.cpp(59): error C2065: 'gy': undeclared identifier
P:\Development\personal\games\NextGenGameEngine\tests\unit\test_mipmap_scheduler.cpp(60): error C2065: 'gx': undeclared identifier
P:\Development\personal\games\NextGenGameEngine\tests\unit\test_mipmap_scheduler.cpp(60): error C2737: 'gtest_ar': const object must be initialized
P:\Development\personal\games\NextGenGameEngine\tests\unit\test_mipmap_scheduler.cpp(61): error C2065: 'gy': undeclared identifier
P:\Development\personal\games\NextGenGameEngine\tests\unit\test_mipmap_scheduler.cpp(61): error C2737: 'gtest_ar': const object must be initialized
P:\Development\personal\games\NextGenGameEngine\tests\unit\test_mipmap_scheduler.cpp(68): error C2065: 'u64': undeclared identifier
P:\Development\personal\games\NextGenGameEngine\tests\unit\test_mipmap_scheduler.cpp(68): error C2146: syntax error: missing ';' before identifier 'id'
P:\Development\personal\games\NextGenGameEngine\tests\unit\test_mipmap_scheduler.cpp(68): error C2065: 'id': undeclared identifier
P:\Development\personal\games\NextGenGameEngine\tests\unit\test_mipmap_scheduler.cpp(68): error C2064: term does not evaluate to a function taking 3 arguments
P:\Development\personal\games\NextGenGameEngine\tests\unit\test_mipmap_scheduler.cpp(69): error C2065: 'id': undeclared identifier
P:\Development\personal\games\NextGenGameEngine\tests\unit\test_mipmap_scheduler.cpp(69): error C2737: 'gtest_ar': const object must be initialized
P:\Development\personal\games\NextGenGameEngine\tests\unit\test_mipmap_scheduler.cpp(72): error C2064: term does not evaluate to a function taking 3 arguments
P:\Development\personal\games\NextGenGameEngine\tests\unit\test_mipmap_scheduler.cpp(85): error C2064: term does not evaluate to a function taking 3 arguments
P:\Development\personal\games\NextGenGameEngine\tests\unit\test_mipmap_scheduler.cpp(86): error C2064: term does not evaluate to a function taking 3 arguments
P:\Development\personal\games\NextGenGameEngine\tests\unit\test_mipmap_scheduler.cpp(98): error C2064: term does not evaluate to a function taking 3 arguments
P:\Development\personal\games\NextGenGameEngine\tests\unit\test_mipmap_scheduler.cpp(116): error C2064: term does not evaluate to a function taking 3 arguments
P:\Development\personal\games\NextGenGameEngine\tests\unit\test_mipmap_scheduler.cpp(118): error C2065: 'u32': undeclared identifier
P:\Development\personal\games\NextGenGameEngine\tests\unit\test_mipmap_scheduler.cpp(118): error C2146: syntax error: missing ';' before identifier 'generated'
P:\Development\personal\games\NextGenGameEngine\tests\unit\test_mipmap_scheduler.cpp(118): error C2065: 'generated': undeclared identifier
P:\Development\personal\games\NextGenGameEngine\tests\unit\test_mipmap_scheduler.cpp(119): error C2065: 'generated': undeclared identifier
P:\Development\personal\games\NextGenGameEngine\tests\unit\test_mipmap_scheduler.cpp(119): error C2737: 'gtest_ar': const object must be initialized
P:\Development\personal\games\NextGenGameEngine\tests\unit\test_mipmap_scheduler.cpp(132): error C2064: term does not evaluate to a function taking 3 arguments
P:\Development\personal\games\NextGenGameEngine\tests\unit\test_mipmap_scheduler.cpp(150): error C2064: term does not evaluate to a function taking 3 arguments
P:\Development\personal\games\NextGenGameEngine\tests\unit\test_mipmap_scheduler.cpp(166): error C2064: term does not evaluate to a function taking 3 arguments
P:\Development\personal\games\NextGenGameEngine\tests\unit\test_mipmap_scheduler.cpp(167): error C2064: term does not evaluate to a function taking 3 arguments
P:\Development\personal\games\NextGenGameEngine\tests\unit\test_mipmap_scheduler.cpp(168): error C2064: term does not evaluate to a function taking 3 arguments
P:\Development\personal\games\NextGenGameEngine\tests\unit\test_mipmap_scheduler.cpp(169): error C2065: 'u64': undeclared identifier
P:\Development\personal\games\NextGenGameEngine\tests\unit\test_mipmap_scheduler.cpp(169): error C2146: syntax error: missing ';' before identifier 'overflow'
P:\Development\personal\games\NextGenGameEngine\tests\unit\test_mipmap_scheduler.cpp(169): error C2065: 'overflow': undeclared identifier
P:\Development\personal\games\NextGenGameEngine\tests\unit\test_mipmap_scheduler.cpp(169): error C2064: term does not evaluate to a function taking 3 arguments
P:\Development\personal\games\NextGenGameEngine\tests\unit\test_mipmap_scheduler.cpp(171): error C2065: 'overflow': undeclared identifier
P:\Development\personal\games\NextGenGameEngine\tests\unit\test_mipmap_scheduler.cpp(171): error C2737: 'gtest_ar': const object must be initialized
P:\Development\personal\games\NextGenGameEngine\tests\unit\test_mipmap_scheduler.cpp(185): error C2064: term does not evaluate to a function taking 3 arguments
P:\Development\personal\games\NextGenGameEngine\tests\unit\test_mipmap_scheduler.cpp(186): error C2064: term does not evaluate to a function taking 3 arguments
P:\Development\personal\games\NextGenGameEngine\tests\unit\test_mipmap_scheduler.cpp(188): error C2065: 'u32': undeclared identifier
P:\Development\personal\games\NextGenGameEngine\tests\unit\test_mipmap_scheduler.cpp(188): error C2146: syntax error: missing ';' before identifier 'generated'
P:\Development\personal\games\NextGenGameEngine\tests\unit\test_mipmap_scheduler.cpp(188): error C2065: 'generated': undeclared identifier
P:\Development\personal\games\NextGenGameEngine\tests\unit\test_mipmap_scheduler.cpp(189): error C2065: 'generated': undeclared identifier
P:\Development\personal\games\NextGenGameEngine\tests\unit\test_mipmap_scheduler.cpp(189): error C2737: 'gtest_ar': const object must be initialized
P:\Development\personal\games\NextGenGameEngine\tests\unit\test_mipmap_scheduler.cpp(192): error C2065: 'generated': undeclared identifier
P:\Development\personal\games\NextGenGameEngine\tests\unit\test_mipmap_scheduler.cpp(192): error C2737: 'gtest_ar': const object must be initialized
P:\Development\personal\games\NextGenGameEngine\tests\unit\test_mipmap_scheduler.cpp(202): error C2064: term does not evaluate to a function taking 3 arguments
P:\Development\personal\games\NextGenGameEngine\tests\unit\test_mipmap_scheduler.cpp(203): error C3536: 'req': cannot be used before it is initialized
P:\Development\personal\games\NextGenGameEngine\tests\unit\test_mipmap_scheduler.cpp(204): error C2664: 'nge::u64 nge::rhi::MipmapScheduler::Submit(const nge::rhi::MipGenRequest &)': cannot convert argument 1 from 'int' to 'const nge::rhi::MipGenRequest &'
P:\Development\personal\games\NextGenGameEngine\tests\unit\test_mipmap_scheduler.cpp(204): note: Reason: cannot convert from 'int' to 'const nge::rhi::MipGenRequest'
P:\Development\personal\games\NextGenGameEngine\tests\unit\test_mipmap_scheduler.cpp(204): note: No constructor could take the source type, or constructor overload resolution was ambiguous
P:\Development\personal\games\NextGenGameEngine\engine/rhi/common/rhi_mipmap_scheduler.h(102): note: see declaration of 'nge::rhi::MipmapScheduler::Submit'
P:\Development\personal\games\NextGenGameEngine\tests\unit\test_mipmap_scheduler.cpp(219): error C2064: term does not evaluate to a function taking 4 arguments
P:\Development\personal\games\NextGenGameEngine\tests\unit\test_mipmap_scheduler.cpp(220): error C2064: term does not evaluate to a function taking 4 arguments
P:\Development\personal\games\NextGenGameEngine\tests\unit\test_mipmap_scheduler.cpp(221): error C2064: term does not evaluate to a function taking 5 arguments
P:\Development\personal\games\NextGenGameEngine\tests\unit\test_mipmap_scheduler.cpp(236): error C2064: term does not evaluate to a function taking 3 arguments
P:\Development\personal\games\NextGenGameEngine\tests\unit\test_mipmap_scheduler.cpp(257): error C2064: term does not evaluate to a function taking 3 arguments
P:\Development\personal\games\NextGenGameEngine\tests\unit\test_mipmap_scheduler.cpp(269): error C2064: term does not evaluate to a function taking 3 arguments
[258/297] Building CXX object tests\CMakeFiles\EngineTests.dir\Debug\unit\test_mipmap_gen.cpp.obj
FAILED: [code=2] tests/CMakeFiles/EngineTests.dir/Debug/unit/test_mipmap_gen.cpp.obj 
C:\PROGRA~2\MICROS~2\2019\BUILDT~1\VC\Tools\MSVC\1429~1.301\bin\Hostx64\x64\cl.exe  /nologo /TP -DFMT_SHARED -DGTEST_LINKED_AS_SHARED_LIBRARY=1 -DNGE_DEBUG=1 -DNGE_ENABLE_ASSERTS=1 -DNGE_ENABLE_MEMORY_TRACKING=1 -DNGE_ENABLE_VULKAN=1 -DNGE_PLATFORM_WINDOWS=1 -DNOMINMAX -DSPDLOG_COMPILED_LIB -DSPDLOG_FMT_EXTERNAL -DSPDLOG_SHARED_LIB -DWIN32_LEAN_AND_MEAN -D_CRT_SECURE_NO_WARNINGS -DCMAKE_INTDIR=\"Debug\" -IP:\Development\personal\games\NextGenGameEngine\engine -IP:\Development\personal\games\NextGenGameEngine\engine\.. -external:IP:\Development\personal\games\NextGenGameEngine\build\vcpkg_installed\x64-windows\include -external:IC:\VulkanSDK\1.4.341.1\include -external:W0 /DWIN32 /D_WINDOWS /EHsc /Zi /Ob0 /Od /RTC1 -std:c++20 -MDd /W4 /permissive- /Zc:__cplusplus /MP /fp:fast /arch:AVX2 /wd4251 /wd4275 /utf-8 /showIncludes /Fotests\CMakeFiles\EngineTests.dir\Debug\unit\test_mipmap_gen.cpp.obj /Fdtests\CMakeFiles\EngineTests.dir\Debug\ /FS -c P:\Development\personal\games\NextGenGameEngine\tests\unit\test_mipmap_gen.cpp
P:\Development\personal\games\NextGenGameEngine\tests\unit\test_mipmap_gen.cpp(17): error C2065: 'u32': undeclared identifier
P:\Development\personal\games\NextGenGameEngine\tests\unit\test_mipmap_gen.cpp(17): error C2146: syntax error: missing ';' before identifier 'id'
P:\Development\personal\games\NextGenGameEngine\tests\unit\test_mipmap_gen.cpp(17): error C2065: 'id': undeclared identifier
P:\Development\personal\games\NextGenGameEngine\tests\unit\test_mipmap_gen.cpp(18): error C2065: 'id': undeclared identifier
P:\Development\personal\games\NextGenGameEngine\tests\unit\test_mipmap_gen.cpp(18): error C2737: 'gtest_ar': const object must be initialized
P:\Development\personal\games\NextGenGameEngine\tests\unit\test_mipmap_gen.cpp(21): error C2065: 'id': undeclared identifier
P:\Development\personal\games\NextGenGameEngine\tests\unit\test_mipmap_gen.cpp(22): error C3536: 'info': cannot be used before it is initialized
P:\Development\personal\games\NextGenGameEngine\tests\unit\test_mipmap_gen.cpp(23): error C2660: 'testing::internal::EqHelper::Compare': function does not take 3 arguments
P:\Development\personal\games\NextGenGameEngine\build\vcpkg_installed\x64-windows\include\gtest/gtest.h(1422): note: see declaration of 'testing::internal::EqHelper::Compare'
P:\Development\personal\games\NextGenGameEngine\tests\unit\test_mipmap_gen.cpp(23): error C2737: 'gtest_ar': const object must be initialized
P:\Development\personal\games\NextGenGameEngine\tests\unit\test_mipmap_gen.cpp(24): error C2660: 'testing::internal::EqHelper::Compare': function does not take 3 arguments
P:\Development\personal\games\NextGenGameEngine\build\vcpkg_installed\x64-windows\include\gtest/gtest.h(1422): note: see declaration of 'testing::internal::EqHelper::Compare'
P:\Development\personal\games\NextGenGameEngine\tests\unit\test_mipmap_gen.cpp(24): error C2737: 'gtest_ar': const object must be initialized
P:\Development\personal\games\NextGenGameEngine\tests\unit\test_mipmap_gen.cpp(25): error C2660: 'testing::internal::EqHelper::Compare': function does not take 3 arguments
P:\Development\personal\games\NextGenGameEngine\build\vcpkg_installed\x64-windows\include\gtest/gtest.h(1422): note: see declaration of 'testing::internal::EqHelper::Compare'
P:\Development\personal\games\NextGenGameEngine\tests\unit\test_mipmap_gen.cpp(25): error C2737: 'gtest_ar': const object must be initialized
P:\Development\personal\games\NextGenGameEngine\tests\unit\test_mipmap_gen.cpp(26): error C2660: 'testing::internal::EqHelper::Compare': function does not take 3 arguments
P:\Development\personal\games\NextGenGameEngine\build\vcpkg_installed\x64-windows\include\gtest/gtest.h(1422): note: see declaration of 'testing::internal::EqHelper::Compare'
P:\Development\personal\games\NextGenGameEngine\tests\unit\test_mipmap_gen.cpp(26): error C2737: 'gtest_ar': const object must be initialized
P:\Development\personal\games\NextGenGameEngine\tests\unit\test_mipmap_gen.cpp(27): error C2512: 'testing::AssertionResult': no appropriate default constructor available
P:\Development\personal\games\NextGenGameEngine\tests\unit\test_mipmap_gen.cpp(27): note: No constructor could take the source type, or constructor overload resolution was ambiguous
P:\Development\personal\games\NextGenGameEngine\tests\unit\test_mipmap_gen.cpp(27): error C2737: 'gtest_ar_': const object must be initialized
P:\Development\personal\games\NextGenGameEngine\tests\unit\test_mipmap_gen.cpp(28): error C2660: 'testing::internal::EqHelper::Compare': function does not take 3 arguments
P:\Development\personal\games\NextGenGameEngine\build\vcpkg_installed\x64-windows\include\gtest/gtest.h(1422): note: see declaration of 'testing::internal::EqHelper::Compare'
P:\Development\personal\games\NextGenGameEngine\tests\unit\test_mipmap_gen.cpp(28): error C2737: 'gtest_ar': const object must be initialized
P:\Development\personal\games\NextGenGameEngine\tests\unit\test_mipmap_gen.cpp(45): error C2065: 'u32': undeclared identifier
P:\Development\personal\games\NextGenGameEngine\tests\unit\test_mipmap_gen.cpp(45): error C2146: syntax error: missing ';' before identifier 'id'
P:\Development\personal\games\NextGenGameEngine\tests\unit\test_mipmap_gen.cpp(45): error C2065: 'id': undeclared identifier
P:\Development\personal\games\NextGenGameEngine\tests\unit\test_mipmap_gen.cpp(47): error C2065: 'id': undeclared identifier
P:\Development\personal\games\NextGenGameEngine\tests\unit\test_mipmap_gen.cpp(47): error C2512: 'testing::AssertionResult': no appropriate default constructor available
P:\Development\personal\games\NextGenGameEngine\tests\unit\test_mipmap_gen.cpp(47): note: No constructor could take the source type, or constructor overload resolution was ambiguous
P:\Development\personal\games\NextGenGameEngine\tests\unit\test_mipmap_gen.cpp(47): error C2737: 'gtest_ar_': const object must be initialized
P:\Development\personal\games\NextGenGameEngine\tests\unit\test_mipmap_gen.cpp(48): error C2065: 'id': undeclared identifier
P:\Development\personal\games\NextGenGameEngine\tests\unit\test_mipmap_gen.cpp(48): error C2512: 'testing::AssertionResult': no appropriate default constructor available
P:\Development\personal\games\NextGenGameEngine\tests\unit\test_mipmap_gen.cpp(48): note: No constructor could take the source type, or constructor overload resolution was ambiguous
P:\Development\personal\games\NextGenGameEngine\tests\unit\test_mipmap_gen.cpp(48): error C2737: 'gtest_ar_': const object must be initialized
P:\Development\personal\games\NextGenGameEngine\tests\unit\test_mipmap_gen.cpp(60): error C2065: 'u32': undeclared identifier
P:\Development\personal\games\NextGenGameEngine\tests\unit\test_mipmap_gen.cpp(60): error C2146: syntax error: missing ';' before identifier 'id1'
P:\Development\personal\games\NextGenGameEngine\tests\unit\test_mipmap_gen.cpp(60): error C2065: 'id1': undeclared identifier
P:\Development\personal\games\NextGenGameEngine\tests\unit\test_mipmap_gen.cpp(61): error C2065: 'u32': undeclared identifier
P:\Development\personal\games\NextGenGameEngine\tests\unit\test_mipmap_gen.cpp(61): error C2146: syntax error: missing ';' before identifier 'id2'
P:\Development\personal\games\NextGenGameEngine\tests\unit\test_mipmap_gen.cpp(61): error C2065: 'id2': undeclared identifier
P:\Development\personal\games\NextGenGameEngine\tests\unit\test_mipmap_gen.cpp(63): error C2065: 'id1': undeclared identifier
P:\Development\personal\games\NextGenGameEngine\tests\unit\test_mipmap_gen.cpp(64): error C2065: 'id2': undeclared identifier
P:\Development\personal\games\NextGenGameEngine\tests\unit\test_mipmap_gen.cpp(81): error C2065: 'u32': undeclared identifier
P:\Development\personal\games\NextGenGameEngine\tests\unit\test_mipmap_gen.cpp(81): error C2146: syntax error: missing ';' before identifier 'id'
P:\Development\personal\games\NextGenGameEngine\tests\unit\test_mipmap_gen.cpp(81): error C2065: 'id': undeclared identifier
P:\Development\personal\games\NextGenGameEngine\tests\unit\test_mipmap_gen.cpp(82): error C2065: 'id': undeclared identifier
P:\Development\personal\games\NextGenGameEngine\tests\unit\test_mipmap_gen.cpp(85): error C2065: 'id': undeclared identifier
P:\Development\personal\games\NextGenGameEngine\tests\unit\test_mipmap_gen.cpp(87): error C2065: 'id': undeclared identifier
P:\Development\personal\games\NextGenGameEngine\tests\unit\test_mipmap_gen.cpp(88): error C3536: 'info': cannot be used before it is initialized
P:\Development\personal\games\NextGenGameEngine\tests\unit\test_mipmap_gen.cpp(88): error C2660: 'testing::internal::EqHelper::Compare': function does not take 3 arguments
P:\Development\personal\games\NextGenGameEngine\build\vcpkg_installed\x64-windows\include\gtest/gtest.h(1422): note: see declaration of 'testing::internal::EqHelper::Compare'
P:\Development\personal\games\NextGenGameEngine\tests\unit\test_mipmap_gen.cpp(88): error C2737: 'gtest_ar': const object must be initialized
P:\Development\personal\games\NextGenGameEngine\tests\unit\test_mipmap_gen.cpp(97): error C2065: 'u32': undeclared identifier
P:\Development\personal\games\NextGenGameEngine\tests\unit\test_mipmap_gen.cpp(97): error C2146: syntax error: missing ';' before identifier 'id'
P:\Development\personal\games\NextGenGameEngine\tests\unit\test_mipmap_gen.cpp(97): error C2065: 'id': undeclared identifier
P:\Development\personal\games\NextGenGameEngine\tests\unit\test_mipmap_gen.cpp(98): error C2065: 'id': undeclared identifier
P:\Development\personal\games\NextGenGameEngine\tests\unit\test_mipmap_gen.cpp(101): error C2065: 'id': undeclared identifier
P:\Development\personal\games\NextGenGameEngine\tests\unit\test_mipmap_gen.cpp(103): error C2065: 'id': undeclared identifier
P:\Development\personal\games\NextGenGameEngine\tests\unit\test_mipmap_gen.cpp(104): error C3536: 'info': cannot be used before it is initialized
P:\Development\personal\games\NextGenGameEngine\tests\unit\test_mipmap_gen.cpp(104): error C2660: 'testing::internal::EqHelper::Compare': function does not take 3 arguments
P:\Development\personal\games\NextGenGameEngine\build\vcpkg_installed\x64-windows\include\gtest/gtest.h(1422): note: see declaration of 'testing::internal::EqHelper::Compare'
P:\Development\personal\games\NextGenGameEngine\tests\unit\test_mipmap_gen.cpp(104): error C2737: 'gtest_ar': const object must be initialized
P:\Development\personal\games\NextGenGameEngine\tests\unit\test_mipmap_gen.cpp(116): error C2065: 'u32': undeclared identifier
P:\Development\personal\games\NextGenGameEngine\tests\unit\test_mipmap_gen.cpp(116): error C2146: syntax error: missing ';' before identifier 'id'
P:\Development\personal\games\NextGenGameEngine\tests\unit\test_mipmap_gen.cpp(116): error C2065: 'id': undeclared identifier
P:\Development\personal\games\NextGenGameEngine\tests\unit\test_mipmap_gen.cpp(117): error C2065: 'id': undeclared identifier
P:\Development\personal\games\NextGenGameEngine\tests\unit\test_mipmap_gen.cpp(119): error C2065: 'id': undeclared identifier
P:\Development\personal\games\NextGenGameEngine\tests\unit\test_mipmap_gen.cpp(121): error C2065: 'id': undeclared identifier
P:\Development\personal\games\NextGenGameEngine\tests\unit\test_mipmap_gen.cpp(121): error C2660: 'testing::internal::EqHelper::Compare': function does not take 3 arguments
P:\Development\personal\games\NextGenGameEngine\build\vcpkg_installed\x64-windows\include\gtest/gtest.h(1422): note: see declaration of 'testing::internal::EqHelper::Compare'
P:\Development\personal\games\NextGenGameEngine\tests\unit\test_mipmap_gen.cpp(121): error C2737: 'gtest_ar': const object must be initialized
P:\Development\personal\games\NextGenGameEngine\tests\unit\test_mipmap_gen.cpp(123): error C2065: 'id': undeclared identifier
P:\Development\personal\games\NextGenGameEngine\tests\unit\test_mipmap_gen.cpp(124): error C2065: 'id': undeclared identifier
P:\Development\personal\games\NextGenGameEngine\tests\unit\test_mipmap_gen.cpp(124): error C2660: 'testing::internal::EqHelper::Compare': function does not take 3 arguments
P:\Development\personal\games\NextGenGameEngine\build\vcpkg_installed\x64-windows\include\gtest/gtest.h(1422): note: see declaration of 'testing::internal::EqHelper::Compare'
P:\Development\personal\games\NextGenGameEngine\tests\unit\test_mipmap_gen.cpp(124): error C2737: 'gtest_ar': const object must be initialized
P:\Development\personal\games\NextGenGameEngine\tests\unit\test_mipmap_gen.cpp(133): error C2065: 'u32': undeclared identifier
P:\Development\personal\games\NextGenGameEngine\tests\unit\test_mipmap_gen.cpp(133): error C2146: syntax error: missing ';' before identifier 'id'
P:\Development\personal\games\NextGenGameEngine\tests\unit\test_mipmap_gen.cpp(133): error C2065: 'id': undeclared identifier
P:\Development\personal\games\NextGenGameEngine\tests\unit\test_mipmap_gen.cpp(136): error C2065: 'id': undeclared identifier
P:\Development\personal\games\NextGenGameEngine\tests\unit\test_mipmap_gen.cpp(140): error C2065: 'id': undeclared identifier
P:\Development\personal\games\NextGenGameEngine\tests\unit\test_mipmap_gen.cpp(153): error C2065: 'u32': undeclared identifier
P:\Development\personal\games\NextGenGameEngine\tests\unit\test_mipmap_gen.cpp(153): error C2146: syntax error: missing ';' before identifier 'id'
P:\Development\personal\games\NextGenGameEngine\tests\unit\test_mipmap_gen.cpp(153): error C2065: 'id': undeclared identifier
P:\Development\personal\games\NextGenGameEngine\tests\unit\test_mipmap_gen.cpp(154): error C2065: 'id': undeclared identifier
P:\Development\personal\games\NextGenGameEngine\tests\unit\test_mipmap_gen.cpp(154): error C2660: 'testing::internal::EqHelper::Compare': function does not take 3 arguments
P:\Development\personal\games\NextGenGameEngine\build\vcpkg_installed\x64-windows\include\gtest/gtest.h(1422): note: see declaration of 'testing::internal::EqHelper::Compare'
P:\Development\personal\games\NextGenGameEngine\tests\unit\test_mipmap_gen.cpp(154): error C2737: 'gtest_ar': const object must be initialized
P:\Development\personal\games\NextGenGameEngine\tests\unit\test_mipmap_gen.cpp(164): error C2065: 'u32': undeclared identifier
P:\Development\personal\games\NextGenGameEngine\tests\unit\test_mipmap_gen.cpp(164): error C2146: syntax error: missing ';' before identifier 'id1'
P:\Development\personal\games\NextGenGameEngine\tests\unit\test_mipmap_gen.cpp(164): error C2065: 'id1': undeclared identifier
P:\Development\personal\games\NextGenGameEngine\tests\unit\test_mipmap_gen.cpp(165): error C2065: 'u32': undeclared identifier
P:\Development\personal\games\NextGenGameEngine\tests\unit\test_mipmap_gen.cpp(165): error C2146: syntax error: missing ';' before identifier 'id2'
P:\Development\personal\games\NextGenGameEngine\tests\unit\test_mipmap_gen.cpp(165): error C2065: 'id2': undeclared identifier
P:\Development\personal\games\NextGenGameEngine\tests\unit\test_mipmap_gen.cpp(170): error C2065: 'id1': undeclared identifier
P:\Development\personal\games\NextGenGameEngine\tests\unit\test_mipmap_gen.cpp(172): error C2065: 'id1': undeclared identifier
P:\Development\personal\games\NextGenGameEngine\tests\unit\test_mipmap_gen.cpp(184): error C2065: 'u32': undeclared identifier
P:\Development\personal\games\NextGenGameEngine\tests\unit\test_mipmap_gen.cpp(184): error C2146: syntax error: missing ';' before identifier 'id'
P:\Development\personal\games\NextGenGameEngine\tests\unit\test_mipmap_gen.cpp(184): error C2065: 'id': undeclared identifier
P:\Development\personal\games\NextGenGameEngine\tests\unit\test_mipmap_gen.cpp(185): error C2065: 'id': undeclared identifier
P:\Development\personal\games\NextGenGameEngine\tests\unit\test_mipmap_gen.cpp(185): error C2660: 'testing::internal::EqHelper::Compare': function does not take 3 arguments
P:\Development\personal\games\NextGenGameEngine\build\vcpkg_installed\x64-windows\include\gtest/gtest.h(1422): note: see declaration of 'testing::internal::EqHelper::Compare'
P:\Development\personal\games\NextGenGameEngine\tests\unit\test_mipmap_gen.cpp(185): error C2737: 'gtest_ar': const object must be initialized
P:\Development\personal\games\NextGenGameEngine\tests\unit\test_mipmap_gen.cpp(187): error C2065: 'id': undeclared identifier
P:\Development\personal\games\NextGenGameEngine\tests\unit\test_mipmap_gen.cpp(188): error C2065: 'id': undeclared identifier
P:\Development\personal\games\NextGenGameEngine\tests\unit\test_mipmap_gen.cpp(188): error C2660: 'testing::internal::EqHelper::Compare': function does not take 3 arguments
P:\Development\personal\games\NextGenGameEngine\build\vcpkg_installed\x64-windows\include\gtest/gtest.h(1422): note: see declaration of 'testing::internal::EqHelper::Compare'
P:\Development\personal\games\NextGenGameEngine\tests\unit\test_mipmap_gen.cpp(188): error C2737: 'gtest_ar': const object must be initialized
P:\Development\personal\games\NextGenGameEngine\tests\unit\test_mipmap_gen.cpp(197): error C2065: 'u32': undeclared identifier
P:\Development\personal\games\NextGenGameEngine\tests\unit\test_mipmap_gen.cpp(197): error C2146: syntax error: missing ';' before identifier 'id'
P:\Development\personal\games\NextGenGameEngine\tests\unit\test_mipmap_gen.cpp(197): error C2065: 'id': undeclared identifier
P:\Development\personal\games\NextGenGameEngine\tests\unit\test_mipmap_gen.cpp(200): error C2065: 'id': undeclared identifier
P:\Development\personal\games\NextGenGameEngine\tests\unit\test_mipmap_gen.cpp(202): error C2065: 'id': undeclared identifier
P:\Development\personal\games\NextGenGameEngine\tests\unit\test_mipmap_gen.cpp(202): error C2660: 'testing::internal::EqHelper::Compare': function does not take 3 arguments
P:\Development\personal\games\NextGenGameEngine\tests\unit\test_mipmap_gen.cpp(202): fatal error C1003: error count exceeds 100; stopping compilation
[259/297] Building CXX object tests\CMakeFiles\EngineTests.dir\Debug\unit\test_pass_dependency_analyzer.cpp.obj
FAILED: [code=2] tests/CMakeFiles/EngineTests.dir/Debug/unit/test_pass_dependency_analyzer.cpp.obj 
C:\PROGRA~2\MICROS~2\2019\BUILDT~1\VC\Tools\MSVC\1429~1.301\bin\Hostx64\x64\cl.exe  /nologo /TP -DFMT_SHARED -DGTEST_LINKED_AS_SHARED_LIBRARY=1 -DNGE_DEBUG=1 -DNGE_ENABLE_ASSERTS=1 -DNGE_ENABLE_MEMORY_TRACKING=1 -DNGE_ENABLE_VULKAN=1 -DNGE_PLATFORM_WINDOWS=1 -DNOMINMAX -DSPDLOG_COMPILED_LIB -DSPDLOG_FMT_EXTERNAL -DSPDLOG_SHARED_LIB -DWIN32_LEAN_AND_MEAN -D_CRT_SECURE_NO_WARNINGS -DCMAKE_INTDIR=\"Debug\" -IP:\Development\personal\games\NextGenGameEngine\engine -IP:\Development\personal\games\NextGenGameEngine\engine\.. -external:IP:\Development\personal\games\NextGenGameEngine\build\vcpkg_installed\x64-windows\include -external:IC:\VulkanSDK\1.4.341.1\include -external:W0 /DWIN32 /D_WINDOWS /EHsc /Zi /Ob0 /Od /RTC1 -std:c++20 -MDd /W4 /permissive- /Zc:__cplusplus /MP /fp:fast /arch:AVX2 /wd4251 /wd4275 /utf-8 /showIncludes /Fotests\CMakeFiles\EngineTests.dir\Debug\unit\test_pass_dependency_analyzer.cpp.obj /Fdtests\CMakeFiles\EngineTests.dir\Debug\ /FS -c P:\Development\personal\games\NextGenGameEngine\tests\unit\test_pass_dependency_analyzer.cpp
P:\Development\personal\games\NextGenGameEngine\tests\unit\test_pass_dependency_analyzer.cpp(215): error C2760: syntax error: unexpected token 'identifier', expected 'type specifier'
P:\Development\personal\games\NextGenGameEngine\tests\unit\test_pass_dependency_analyzer.cpp(215): error C2065: 'pass': undeclared identifier
P:\Development\personal\games\NextGenGameEngine\tests\unit\test_pass_dependency_analyzer.cpp(215): error C2059: syntax error: ')'
P:\Development\personal\games\NextGenGameEngine\tests\unit\test_pass_dependency_analyzer.cpp(216): error C2059: syntax error: 'for'
P:\Development\personal\games\NextGenGameEngine\tests\unit\test_pass_dependency_analyzer.cpp(216): error C2143: syntax error: missing ')' before ';'
P:\Development\personal\games\NextGenGameEngine\tests\unit\test_pass_dependency_analyzer.cpp(216): error C2059: syntax error: ';'
P:\Development\personal\games\NextGenGameEngine\tests\unit\test_pass_dependency_analyzer.cpp(216): error C2143: syntax error: missing ';' before '{'
P:\Development\personal\games\NextGenGameEngine\tests\unit\test_pass_dependency_analyzer.cpp(218): error C2143: syntax error: missing ';' before '}'
P:\Development\personal\games\NextGenGameEngine\tests\unit\test_pass_dependency_analyzer.cpp(220): error C2143: syntax error: missing ';' before '}'
P:\Development\personal\games\NextGenGameEngine\tests\unit\test_pass_dependency_analyzer.cpp(222): error C3536: 'indexOf': cannot be used before it is initialized
P:\Development\personal\games\NextGenGameEngine\tests\unit\test_pass_dependency_analyzer.cpp(222): error C2064: term does not evaluate to a function taking 1 arguments
P:\Development\personal\games\NextGenGameEngine\tests\unit\test_pass_dependency_analyzer.cpp(222): error C2059: syntax error: ')'
P:\Development\personal\games\NextGenGameEngine\tests\unit\test_pass_dependency_analyzer.cpp(222): error C2065: 'gtest_ar': undeclared identifier
P:\Development\personal\games\NextGenGameEngine\tests\unit\test_pass_dependency_analyzer.cpp(223): error C2064: term does not evaluate to a function taking 1 arguments
P:\Development\personal\games\NextGenGameEngine\tests\unit\test_pass_dependency_analyzer.cpp(223): error C2059: syntax error: ')'
P:\Development\personal\games\NextGenGameEngine\tests\unit\test_pass_dependency_analyzer.cpp(223): error C2065: 'gtest_ar': undeclared identifier
P:\Development\personal\games\NextGenGameEngine\tests\unit\test_pass_dependency_analyzer.cpp(226): error C2143: syntax error: missing ';' before '}'
P:\Development\personal\games\NextGenGameEngine\tests\unit\test_pass_dependency_analyzer.cpp(228): error C2947: expecting '>' to terminate template-argument-list, found '>'
P:\Development\personal\games\NextGenGameEngine\tests\unit\test_pass_dependency_analyzer.cpp(228): error C2059: syntax error: 'constant'
P:\Development\personal\games\NextGenGameEngine\tests\unit\test_pass_dependency_analyzer.cpp(228): error C2059: syntax error: ')'
P:\Development\personal\games\NextGenGameEngine\tests\unit\test_pass_dependency_analyzer.cpp(228): error C2246: 'PassDependencyAnalyzer_TopologicalOrder_Test::TestBody::PassDependencyAnalyzer_CycleDetection_Test::test_info_': illegal static data member in locally defined class
P:\Development\personal\games\NextGenGameEngine\tests\unit\test_pass_dependency_analyzer.cpp(228): error C3640: 'PassDependencyAnalyzer_TopologicalOrder_Test::TestBody::PassDependencyAnalyzer_CycleDetection_Test::TestBody': a referenced or virtual member function of a local class must be defined
P:\Development\personal\games\NextGenGameEngine\tests\unit\test_pass_dependency_analyzer.cpp(228): error C2655: 'PassDependencyAnalyzer_TopologicalOrder_Test::TestBody::PassDependencyAnalyzer_CycleDetection_Test::test_info_': definition or redeclaration illegal in current scope
P:\Development\personal\games\NextGenGameEngine\tests\unit\test_pass_dependency_analyzer.cpp(228): note: see declaration of 'PassDependencyAnalyzer_TopologicalOrder_Test::TestBody::PassDependencyAnalyzer_CycleDetection_Test::test_info_'
P:\Development\personal\games\NextGenGameEngine\tests\unit\test_pass_dependency_analyzer.cpp(228): error C2601: 'PassDependencyAnalyzer_TopologicalOrder_Test::TestBody::PassDependencyAnalyzer_CycleDetection_Test::TestBody': local function definitions are illegal
P:\Development\personal\games\NextGenGameEngine\tests\unit\test_pass_dependency_analyzer.cpp(251): error C2246: 'PassDependencyAnalyzer_TopologicalOrder_Test::TestBody::PassDependencyAnalyzer_GetDependenciesForPass_Test::test_info_': illegal static data member in locally defined class
P:\Development\personal\games\NextGenGameEngine\tests\unit\test_pass_dependency_analyzer.cpp(251): error C3640: 'PassDependencyAnalyzer_TopologicalOrder_Test::TestBody::PassDependencyAnalyzer_GetDependenciesForPass_Test::TestBody': a referenced or virtual member function of a local class must be defined
P:\Development\personal\games\NextGenGameEngine\tests\unit\test_pass_dependency_analyzer.cpp(251): error C2655: 'PassDependencyAnalyzer_TopologicalOrder_Test::TestBody::PassDependencyAnalyzer_GetDependenciesForPass_Test::test_info_': definition or redeclaration illegal in current scope
P:\Development\personal\games\NextGenGameEngine\tests\unit\test_pass_dependency_analyzer.cpp(251): note: see declaration of 'PassDependencyAnalyzer_TopologicalOrder_Test::TestBody::PassDependencyAnalyzer_GetDependenciesForPass_Test::test_info_'
P:\Development\personal\games\NextGenGameEngine\tests\unit\test_pass_dependency_analyzer.cpp(251): error C2601: 'PassDependencyAnalyzer_TopologicalOrder_Test::TestBody::PassDependencyAnalyzer_GetDependenciesForPass_Test::TestBody': local function definitions are illegal
P:\Development\personal\games\NextGenGameEngine\tests\unit\test_pass_dependency_analyzer.cpp(279): error C2246: 'PassDependencyAnalyzer_TopologicalOrder_Test::TestBody::PassDependencyAnalyzer_RedundantDepsRemoved_Test::test_info_': illegal static data member in locally defined class
P:\Development\personal\games\NextGenGameEngine\tests\unit\test_pass_dependency_analyzer.cpp(279): error C3640: 'PassDependencyAnalyzer_TopologicalOrder_Test::TestBody::PassDependencyAnalyzer_RedundantDepsRemoved_Test::TestBody': a referenced or virtual member function of a local class must be defined
P:\Development\personal\games\NextGenGameEngine\tests\unit\test_pass_dependency_analyzer.cpp(279): error C2655: 'PassDependencyAnalyzer_TopologicalOrder_Test::TestBody::PassDependencyAnalyzer_RedundantDepsRemoved_Test::test_info_': definition or redeclaration illegal in current scope
P:\Development\personal\games\NextGenGameEngine\tests\unit\test_pass_dependency_analyzer.cpp(279): note: see declaration of 'PassDependencyAnalyzer_TopologicalOrder_Test::TestBody::PassDependencyAnalyzer_RedundantDepsRemoved_Test::test_info_'
P:\Development\personal\games\NextGenGameEngine\tests\unit\test_pass_dependency_analyzer.cpp(279): error C2601: 'PassDependencyAnalyzer_TopologicalOrder_Test::TestBody::PassDependencyAnalyzer_RedundantDepsRemoved_Test::TestBody': local function definitions are illegal
P:\Development\personal\games\NextGenGameEngine\tests\unit\test_pass_dependency_analyzer.cpp(314): error C2246: 'PassDependencyAnalyzer_TopologicalOrder_Test::TestBody::PassDependencyAnalyzer_ClearResetsState_Test::test_info_': illegal static data member in locally defined class
P:\Development\personal\games\NextGenGameEngine\tests\unit\test_pass_dependency_analyzer.cpp(314): error C3640: 'PassDependencyAnalyzer_TopologicalOrder_Test::TestBody::PassDependencyAnalyzer_ClearResetsState_Test::TestBody': a referenced or virtual member function of a local class must be defined
P:\Development\personal\games\NextGenGameEngine\tests\unit\test_pass_dependency_analyzer.cpp(314): error C2655: 'PassDependencyAnalyzer_TopologicalOrder_Test::TestBody::PassDependencyAnalyzer_ClearResetsState_Test::test_info_': definition or redeclaration illegal in current scope
P:\Development\personal\games\NextGenGameEngine\tests\unit\test_pass_dependency_analyzer.cpp(314): note: see declaration of 'PassDependencyAnalyzer_TopologicalOrder_Test::TestBody::PassDependencyAnalyzer_ClearResetsState_Test::test_info_'
P:\Development\personal\games\NextGenGameEngine\tests\unit\test_pass_dependency_analyzer.cpp(314): error C2601: 'PassDependencyAnalyzer_TopologicalOrder_Test::TestBody::PassDependencyAnalyzer_ClearResetsState_Test::TestBody': local function definitions are illegal
P:\Development\personal\games\NextGenGameEngine\tests\unit\test_pass_dependency_analyzer.cpp(334): error C2246: 'PassDependencyAnalyzer_TopologicalOrder_Test::TestBody::PassDependencyAnalyzer_MultipleResourceDeps_Test::test_info_': illegal static data member in locally defined class
P:\Development\personal\games\NextGenGameEngine\tests\unit\test_pass_dependency_analyzer.cpp(334): error C3640: 'PassDependencyAnalyzer_TopologicalOrder_Test::TestBody::PassDependencyAnalyzer_MultipleResourceDeps_Test::TestBody': a referenced or virtual member function of a local class must be defined
P:\Development\personal\games\NextGenGameEngine\tests\unit\test_pass_dependency_analyzer.cpp(334): error C2655: 'PassDependencyAnalyzer_TopologicalOrder_Test::TestBody::PassDependencyAnalyzer_MultipleResourceDeps_Test::test_info_': definition or redeclaration illegal in current scope
P:\Development\personal\games\NextGenGameEngine\tests\unit\test_pass_dependency_analyzer.cpp(334): note: see declaration of 'PassDependencyAnalyzer_TopologicalOrder_Test::TestBody::PassDependencyAnalyzer_MultipleResourceDeps_Test::test_info_'
P:\Development\personal\games\NextGenGameEngine\tests\unit\test_pass_dependency_analyzer.cpp(334): error C2601: 'PassDependencyAnalyzer_TopologicalOrder_Test::TestBody::PassDependencyAnalyzer_MultipleResourceDeps_Test::TestBody': local function definitions are illegal
P:\Development\personal\games\NextGenGameEngine\tests\unit\test_pass_dependency_analyzer.cpp(370): fatal error C1004: unexpected end-of-file found
[260/297] Building CXX object tests\CMakeFiles\EngineTests.dir\Debug\unit\test_occlusion_query_batch.cpp.obj
FAILED: [code=2] tests/CMakeFiles/EngineTests.dir/Debug/unit/test_occlusion_query_batch.cpp.obj 
C:\PROGRA~2\MICROS~2\2019\BUILDT~1\VC\Tools\MSVC\1429~1.301\bin\Hostx64\x64\cl.exe  /nologo /TP -DFMT_SHARED -DGTEST_LINKED_AS_SHARED_LIBRARY=1 -DNGE_DEBUG=1 -DNGE_ENABLE_ASSERTS=1 -DNGE_ENABLE_MEMORY_TRACKING=1 -DNGE_ENABLE_VULKAN=1 -DNGE_PLATFORM_WINDOWS=1 -DNOMINMAX -DSPDLOG_COMPILED_LIB -DSPDLOG_FMT_EXTERNAL -DSPDLOG_SHARED_LIB -DWIN32_LEAN_AND_MEAN -D_CRT_SECURE_NO_WARNINGS -DCMAKE_INTDIR=\"Debug\" -IP:\Development\personal\games\NextGenGameEngine\engine -IP:\Development\personal\games\NextGenGameEngine\engine\.. -external:IP:\Development\personal\games\NextGenGameEngine\build\vcpkg_installed\x64-windows\include -external:IC:\VulkanSDK\1.4.341.1\include -external:W0 /DWIN32 /D_WINDOWS /EHsc /Zi /Ob0 /Od /RTC1 -std:c++20 -MDd /W4 /permissive- /Zc:__cplusplus /MP /fp:fast /arch:AVX2 /wd4251 /wd4275 /utf-8 /showIncludes /Fotests\CMakeFiles\EngineTests.dir\Debug\unit\test_occlusion_query_batch.cpp.obj /Fdtests\CMakeFiles\EngineTests.dir\Debug\ /FS -c P:\Development\personal\games\NextGenGameEngine\tests\unit\test_occlusion_query_batch.cpp
P:\Development\personal\games\NextGenGameEngine\tests\unit\test_occlusion_query_batch.cpp(22): error C2065: 'u32': undeclared identifier
P:\Development\personal\games\NextGenGameEngine\tests\unit\test_occlusion_query_batch.cpp(22): error C2146: syntax error: missing ';' before identifier 'slot'
P:\Development\personal\games\NextGenGameEngine\tests\unit\test_occlusion_query_batch.cpp(22): error C2065: 'slot': undeclared identifier
P:\Development\personal\games\NextGenGameEngine\tests\unit\test_occlusion_query_batch.cpp(23): error C2065: 'slot': undeclared identifier
P:\Development\personal\games\NextGenGameEngine\tests\unit\test_occlusion_query_batch.cpp(23): error C2737: 'gtest_ar': const object must be initialized
P:\Development\personal\games\NextGenGameEngine\tests\unit\test_occlusion_query_batch.cpp(26): error C2065: 'slot': undeclared identifier
P:\Development\personal\games\NextGenGameEngine\tests\unit\test_occlusion_query_batch.cpp(27): error C3536: 'info': cannot be used before it is initialized
P:\Development\personal\games\NextGenGameEngine\tests\unit\test_occlusion_query_batch.cpp(28): error C2660: 'testing::internal::EqHelper::Compare': function does not take 3 arguments
P:\Development\personal\games\NextGenGameEngine\build\vcpkg_installed\x64-windows\include\gtest/gtest.h(1422): note: see declaration of 'testing::internal::EqHelper::Compare'
P:\Development\personal\games\NextGenGameEngine\tests\unit\test_occlusion_query_batch.cpp(28): error C2737: 'gtest_ar': const object must be initialized
P:\Development\personal\games\NextGenGameEngine\tests\unit\test_occlusion_query_batch.cpp(39): error C2065: 'u32': undeclared identifier
P:\Development\personal\games\NextGenGameEngine\tests\unit\test_occlusion_query_batch.cpp(39): error C2146: syntax error: missing ';' before identifier 'slot1'
P:\Development\personal\games\NextGenGameEngine\tests\unit\test_occlusion_query_batch.cpp(39): error C2065: 'slot1': undeclared identifier
P:\Development\personal\games\NextGenGameEngine\tests\unit\test_occlusion_query_batch.cpp(40): error C2065: 'u32': undeclared identifier
P:\Development\personal\games\NextGenGameEngine\tests\unit\test_occlusion_query_batch.cpp(40): error C2146: syntax error: missing ';' before identifier 'slot2'
P:\Development\personal\games\NextGenGameEngine\tests\unit\test_occlusion_query_batch.cpp(40): error C2065: 'slot2': undeclared identifier
P:\Development\personal\games\NextGenGameEngine\tests\unit\test_occlusion_query_batch.cpp(41): error C2065: 'slot1': undeclared identifier
P:\Development\personal\games\NextGenGameEngine\tests\unit\test_occlusion_query_batch.cpp(41): error C2065: 'slot2': undeclared identifier
P:\Development\personal\games\NextGenGameEngine\tests\unit\test_occlusion_query_batch.cpp(41): error C2737: 'gtest_ar': const object must be initialized
P:\Development\personal\games\NextGenGameEngine\tests\unit\test_occlusion_query_batch.cpp(54): error C2065: 'u32': undeclared identifier
P:\Development\personal\games\NextGenGameEngine\tests\unit\test_occlusion_query_batch.cpp(54): error C2146: syntax error: missing ';' before identifier 'slot'
P:\Development\personal\games\NextGenGameEngine\tests\unit\test_occlusion_query_batch.cpp(54): error C2065: 'slot': undeclared identifier
P:\Development\personal\games\NextGenGameEngine\tests\unit\test_occlusion_query_batch.cpp(55): error C2065: 'slot': undeclared identifier
P:\Development\personal\games\NextGenGameEngine\tests\unit\test_occlusion_query_batch.cpp(57): error C2065: 'slot': undeclared identifier
P:\Development\personal\games\NextGenGameEngine\tests\unit\test_occlusion_query_batch.cpp(58): error C3536: 'info': cannot be used before it is initialized
P:\Development\personal\games\NextGenGameEngine\tests\unit\test_occlusion_query_batch.cpp(58): error C2660: 'testing::internal::EqHelper::Compare': function does not take 3 arguments
P:\Development\personal\games\NextGenGameEngine\build\vcpkg_installed\x64-windows\include\gtest/gtest.h(1422): note: see declaration of 'testing::internal::EqHelper::Compare'
P:\Development\personal\games\NextGenGameEngine\tests\unit\test_occlusion_query_batch.cpp(58): error C2737: 'gtest_ar': const object must be initialized
P:\Development\personal\games\NextGenGameEngine\tests\unit\test_occlusion_query_batch.cpp(60): error C2065: 'slot': undeclared identifier
P:\Development\personal\games\NextGenGameEngine\tests\unit\test_occlusion_query_batch.cpp(62): error C2065: 'slot': undeclared identifier
P:\Development\personal\games\NextGenGameEngine\tests\unit\test_occlusion_query_batch.cpp(63): error C2660: 'testing::internal::EqHelper::Compare': function does not take 3 arguments
P:\Development\personal\games\NextGenGameEngine\build\vcpkg_installed\x64-windows\include\gtest/gtest.h(1422): note: see declaration of 'testing::internal::EqHelper::Compare'
P:\Development\personal\games\NextGenGameEngine\tests\unit\test_occlusion_query_batch.cpp(63): error C2737: 'gtest_ar': const object must be initialized
P:\Development\personal\games\NextGenGameEngine\tests\unit\test_occlusion_query_batch.cpp(64): error C2660: 'testing::internal::EqHelper::Compare': function does not take 3 arguments
P:\Development\personal\games\NextGenGameEngine\build\vcpkg_installed\x64-windows\include\gtest/gtest.h(1422): note: see declaration of 'testing::internal::EqHelper::Compare'
P:\Development\personal\games\NextGenGameEngine\tests\unit\test_occlusion_query_batch.cpp(64): error C2737: 'gtest_ar': const object must be initialized
P:\Development\personal\games\NextGenGameEngine\tests\unit\test_occlusion_query_batch.cpp(65): error C2512: 'testing::AssertionResult': no appropriate default constructor available
P:\Development\personal\games\NextGenGameEngine\tests\unit\test_occlusion_query_batch.cpp(65): note: No constructor could take the source type, or constructor overload resolution was ambiguous
P:\Development\personal\games\NextGenGameEngine\tests\unit\test_occlusion_query_batch.cpp(65): error C2737: 'gtest_ar_': const object must be initialized
P:\Development\personal\games\NextGenGameEngine\tests\unit\test_occlusion_query_batch.cpp(77): error C2065: 'u32': undeclared identifier
P:\Development\personal\games\NextGenGameEngine\tests\unit\test_occlusion_query_batch.cpp(77): error C2146: syntax error: missing ';' before identifier 'slot'
P:\Development\personal\games\NextGenGameEngine\tests\unit\test_occlusion_query_batch.cpp(77): error C2065: 'slot': undeclared identifier
P:\Development\personal\games\NextGenGameEngine\tests\unit\test_occlusion_query_batch.cpp(78): error C2065: 'slot': undeclared identifier
P:\Development\personal\games\NextGenGameEngine\tests\unit\test_occlusion_query_batch.cpp(79): error C2065: 'slot': undeclared identifier
P:\Development\personal\games\NextGenGameEngine\tests\unit\test_occlusion_query_batch.cpp(93): error C2065: 'u32': undeclared identifier
P:\Development\personal\games\NextGenGameEngine\tests\unit\test_occlusion_query_batch.cpp(93): error C2146: syntax error: missing ';' before identifier 'slot'
P:\Development\personal\games\NextGenGameEngine\tests\unit\test_occlusion_query_batch.cpp(93): error C2065: 'slot': undeclared identifier
P:\Development\personal\games\NextGenGameEngine\tests\unit\test_occlusion_query_batch.cpp(94): error C2065: 'slot': undeclared identifier
P:\Development\personal\games\NextGenGameEngine\tests\unit\test_occlusion_query_batch.cpp(95): error C2065: 'slot': undeclared identifier
P:\Development\personal\games\NextGenGameEngine\tests\unit\test_occlusion_query_batch.cpp(109): error C2065: 'u32': undeclared identifier
P:\Development\personal\games\NextGenGameEngine\tests\unit\test_occlusion_query_batch.cpp(109): error C2146: syntax error: missing ';' before identifier 'slot'
P:\Development\personal\games\NextGenGameEngine\tests\unit\test_occlusion_query_batch.cpp(109): error C2065: 'slot': undeclared identifier
P:\Development\personal\games\NextGenGameEngine\tests\unit\test_occlusion_query_batch.cpp(110): error C2065: 'slot': undeclared identifier
P:\Development\personal\games\NextGenGameEngine\tests\unit\test_occlusion_query_batch.cpp(111): error C2065: 'slot': undeclared identifier
P:\Development\personal\games\NextGenGameEngine\tests\unit\test_occlusion_query_batch.cpp(116): error C2065: 'slot': undeclared identifier
P:\Development\personal\games\NextGenGameEngine\tests\unit\test_occlusion_query_batch.cpp(133): error C2065: 'u32': undeclared identifier
P:\Development\personal\games\NextGenGameEngine\tests\unit\test_occlusion_query_batch.cpp(133): error C2146: syntax error: missing ';' before identifier 'slot'
P:\Development\personal\games\NextGenGameEngine\tests\unit\test_occlusion_query_batch.cpp(133): error C2065: 'slot': undeclared identifier
P:\Development\personal\games\NextGenGameEngine\tests\unit\test_occlusion_query_batch.cpp(134): error C2065: 'slot': undeclared identifier
P:\Development\personal\games\NextGenGameEngine\tests\unit\test_occlusion_query_batch.cpp(159): error C2065: 'u32': undeclared identifier
P:\Development\personal\games\NextGenGameEngine\tests\unit\test_occlusion_query_batch.cpp(159): error C2146: syntax error: missing ';' before identifier 'slot'
P:\Development\personal\games\NextGenGameEngine\tests\unit\test_occlusion_query_batch.cpp(159): error C2065: 'slot': undeclared identifier
P:\Development\personal\games\NextGenGameEngine\tests\unit\test_occlusion_query_batch.cpp(160): error C2065: 'slot': undeclared identifier
P:\Development\personal\games\NextGenGameEngine\tests\unit\test_occlusion_query_batch.cpp(161): error C2065: 'slot': undeclared identifier
P:\Development\personal\games\NextGenGameEngine\tests\unit\test_occlusion_query_batch.cpp(175): error C2065: 'u32': undeclared identifier
P:\Development\personal\games\NextGenGameEngine\tests\unit\test_occlusion_query_batch.cpp(175): error C2146: syntax error: missing ';' before identifier 'slot'
P:\Development\personal\games\NextGenGameEngine\tests\unit\test_occlusion_query_batch.cpp(175): error C2065: 'slot': undeclared identifier
P:\Development\personal\games\NextGenGameEngine\tests\unit\test_occlusion_query_batch.cpp(178): error C2065: 'slot': undeclared identifier
P:\Development\personal\games\NextGenGameEngine\tests\unit\test_occlusion_query_batch.cpp(209): error C2065: 'u32': undeclared identifier
P:\Development\personal\games\NextGenGameEngine\tests\unit\test_occlusion_query_batch.cpp(209): error C2146: syntax error: missing ';' before identifier 'slot'
P:\Development\personal\games\NextGenGameEngine\tests\unit\test_occlusion_query_batch.cpp(209): error C2065: 'slot': undeclared identifier
P:\Development\personal\games\NextGenGameEngine\tests\unit\test_occlusion_query_batch.cpp(210): error C2065: 'slot': undeclared identifier
P:\Development\personal\games\NextGenGameEngine\tests\unit\test_occlusion_query_batch.cpp(210): error C2737: 'gtest_ar': const object must be initialized
P:\Development\personal\games\NextGenGameEngine\tests\unit\test_occlusion_query_batch.cpp(236): error C2065: 'u32': undeclared identifier
P:\Development\personal\games\NextGenGameEngine\tests\unit\test_occlusion_query_batch.cpp(236): error C2146: syntax error: missing ';' before identifier 's1'
P:\Development\personal\games\NextGenGameEngine\tests\unit\test_occlusion_query_batch.cpp(236): error C2065: 's1': undeclared identifier
P:\Development\personal\games\NextGenGameEngine\tests\unit\test_occlusion_query_batch.cpp(237): error C2065: 'u32': undeclared identifier
P:\Development\personal\games\NextGenGameEngine\tests\unit\test_occlusion_query_batch.cpp(237): error C2146: syntax error: missing ';' before identifier 's2'
P:\Development\personal\games\NextGenGameEngine\tests\unit\test_occlusion_query_batch.cpp(237): error C2065: 's2': undeclared identifier
P:\Development\personal\games\NextGenGameEngine\tests\unit\test_occlusion_query_batch.cpp(240): error C2065: 's1': undeclared identifier
P:\Development\personal\games\NextGenGameEngine\tests\unit\test_occlusion_query_batch.cpp(241): error C2065: 'u32': undeclared identifier
P:\Development\personal\games\NextGenGameEngine\tests\unit\test_occlusion_query_batch.cpp(241): error C2146: syntax error: missing ';' before identifier 's3'
P:\Development\personal\games\NextGenGameEngine\tests\unit\test_occlusion_query_batch.cpp(241): error C2065: 's3': undeclared identifier
P:\Development\personal\games\NextGenGameEngine\tests\unit\test_occlusion_query_batch.cpp(242): error C2065: 's3': undeclared identifier
P:\Development\personal\games\NextGenGameEngine\tests\unit\test_occlusion_query_batch.cpp(242): error C2737: 'gtest_ar': const object must be initialized
P:\Development\personal\games\NextGenGameEngine\tests\unit\test_occlusion_query_batch.cpp(254): error C2065: 'u32': undeclared identifier
P:\Development\personal\games\NextGenGameEngine\tests\unit\test_occlusion_query_batch.cpp(254): error C2146: syntax error: missing ';' before identifier 's1'
P:\Development\personal\games\NextGenGameEngine\tests\unit\test_occlusion_query_batch.cpp(254): error C2065: 's1': undeclared identifier
P:\Development\personal\games\NextGenGameEngine\tests\unit\test_occlusion_query_batch.cpp(255): error C2065: 'u32': undeclared identifier
P:\Development\personal\games\NextGenGameEngine\tests\unit\test_occlusion_query_batch.cpp(255): error C2146: syntax error: missing ';' before identifier 's2'
P:\Development\personal\games\NextGenGameEngine\tests\unit\test_occlusion_query_batch.cpp(255): error C2065: 's2': undeclared identifier
P:\Development\personal\games\NextGenGameEngine\tests\unit\test_occlusion_query_batch.cpp(257): error C2065: 's1': undeclared identifier
P:\Development\personal\games\NextGenGameEngine\tests\unit\test_occlusion_query_batch.cpp(258): error C2065: 's2': undeclared identifier
P:\Development\personal\games\NextGenGameEngine\tests\unit\test_occlusion_query_batch.cpp(260): error C2065: 's1': undeclared identifier
P:\Development\personal\games\NextGenGameEngine\tests\unit\test_occlusion_query_batch.cpp(261): error C2065: 's2': undeclared identifier
[261/297] Building CXX object tests\CMakeFiles\EngineTests.dir\Debug\unit\test_pipeline_layout_checker.cpp.obj
FAILED: [code=2] tests/CMakeFiles/EngineTests.dir/Debug/unit/test_pipeline_layout_checker.cpp.obj 
C:\PROGRA~2\MICROS~2\2019\BUILDT~1\VC\Tools\MSVC\1429~1.301\bin\Hostx64\x64\cl.exe  /nologo /TP -DFMT_SHARED -DGTEST_LINKED_AS_SHARED_LIBRARY=1 -DNGE_DEBUG=1 -DNGE_ENABLE_ASSERTS=1 -DNGE_ENABLE_MEMORY_TRACKING=1 -DNGE_ENABLE_VULKAN=1 -DNGE_PLATFORM_WINDOWS=1 -DNOMINMAX -DSPDLOG_COMPILED_LIB -DSPDLOG_FMT_EXTERNAL -DSPDLOG_SHARED_LIB -DWIN32_LEAN_AND_MEAN -D_CRT_SECURE_NO_WARNINGS -DCMAKE_INTDIR=\"Debug\" -IP:\Development\personal\games\NextGenGameEngine\engine -IP:\Development\personal\games\NextGenGameEngine\engine\.. -external:IP:\Development\personal\games\NextGenGameEngine\build\vcpkg_installed\x64-windows\include -external:IC:\VulkanSDK\1.4.341.1\include -external:W0 /DWIN32 /D_WINDOWS /EHsc /Zi /Ob0 /Od /RTC1 -std:c++20 -MDd /W4 /permissive- /Zc:__cplusplus /MP /fp:fast /arch:AVX2 /wd4251 /wd4275 /utf-8 /showIncludes /Fotests\CMakeFiles\EngineTests.dir\Debug\unit\test_pipeline_layout_checker.cpp.obj /Fdtests\CMakeFiles\EngineTests.dir\Debug\ /FS -c P:\Development\personal\games\NextGenGameEngine\tests\unit\test_pipeline_layout_checker.cpp
P:\Development\personal\games\NextGenGameEngine\tests\unit\test_pipeline_layout_checker.cpp(6): error C2065: 'u64': undeclared identifier
P:\Development\personal\games\NextGenGameEngine\tests\unit\test_pipeline_layout_checker.cpp(6): error C2146: syntax error: missing ')' before identifier 'id'
P:\Development\personal\games\NextGenGameEngine\tests\unit\test_pipeline_layout_checker.cpp(7): error C2143: syntax error: missing ';' before '{'
P:\Development\personal\games\NextGenGameEngine\tests\unit\test_pipeline_layout_checker.cpp(7): error C2143: syntax error: missing ')' before ';'
P:\Development\personal\games\NextGenGameEngine\tests\unit\test_pipeline_layout_checker.cpp(7): error C2447: '{': missing function header (old-style formal list?)
P:\Development\personal\games\NextGenGameEngine\tests\unit\test_pipeline_layout_checker.cpp(7): error C2059: syntax error: ','
P:\Development\personal\games\NextGenGameEngine\tests\unit\test_pipeline_layout_checker.cpp(8): error C2143: syntax error: missing ';' before '{'
P:\Development\personal\games\NextGenGameEngine\tests\unit\test_pipeline_layout_checker.cpp(8): error C2447: '{': missing function header (old-style formal list?)
P:\Development\personal\games\NextGenGameEngine\tests\unit\test_pipeline_layout_checker.cpp(8): error C2059: syntax error: ')'
P:\Development\personal\games\NextGenGameEngine\tests\unit\test_pipeline_layout_checker.cpp(17): error C2065: 'u32': undeclared identifier
P:\Development\personal\games\NextGenGameEngine\tests\unit\test_pipeline_layout_checker.cpp(17): error C2146: syntax error: missing ')' before identifier 'setIndex'
P:\Development\personal\games\NextGenGameEngine\tests\unit\test_pipeline_layout_checker.cpp(17): error C2143: syntax error: missing ';' before '{'
P:\Development\personal\games\NextGenGameEngine\tests\unit\test_pipeline_layout_checker.cpp(17): error C2447: '{': missing function header (old-style formal list?)
P:\Development\personal\games\NextGenGameEngine\tests\unit\test_pipeline_layout_checker.cpp(42): error C2064: term does not evaluate to a function taking 2 arguments
P:\Development\personal\games\NextGenGameEngine\tests\unit\test_pipeline_layout_checker.cpp(42): error C2064: term does not evaluate to a function taking 3 arguments
P:\Development\personal\games\NextGenGameEngine\tests\unit\test_pipeline_layout_checker.cpp(43): error C3536: 'layout': cannot be used before it is initialized
P:\Development\personal\games\NextGenGameEngine\tests\unit\test_pipeline_layout_checker.cpp(43): error C2664: 'void nge::rhi::PipelineLayoutChecker::RegisterLayout(const nge::rhi::PipelineLayoutDesc &)': cannot convert argument 1 from 'int' to 'const nge::rhi::PipelineLayoutDesc &'
P:\Development\personal\games\NextGenGameEngine\tests\unit\test_pipeline_layout_checker.cpp(43): note: Reason: cannot convert from 'int' to 'const nge::rhi::PipelineLayoutDesc'
P:\Development\personal\games\NextGenGameEngine\tests\unit\test_pipeline_layout_checker.cpp(43): note: No constructor could take the source type, or constructor overload resolution was ambiguous
P:\Development\personal\games\NextGenGameEngine\engine/rhi/common/rhi_pipeline_layout_checker.h(111): note: see declaration of 'nge::rhi::PipelineLayoutChecker::RegisterLayout'
P:\Development\personal\games\NextGenGameEngine\tests\unit\test_pipeline_layout_checker.cpp(48): error C2664: 'void nge::rhi::PipelineLayoutChecker::RegisterLayout(const nge::rhi::PipelineLayoutDesc &)': cannot convert argument 1 from 'int' to 'const nge::rhi::PipelineLayoutDesc &'
P:\Development\personal\games\NextGenGameEngine\tests\unit\test_pipeline_layout_checker.cpp(48): note: Reason: cannot convert from 'int' to 'const nge::rhi::PipelineLayoutDesc'
P:\Development\personal\games\NextGenGameEngine\tests\unit\test_pipeline_layout_checker.cpp(48): note: No constructor could take the source type, or constructor overload resolution was ambiguous
P:\Development\personal\games\NextGenGameEngine\engine/rhi/common/rhi_pipeline_layout_checker.h(111): note: see declaration of 'nge::rhi::PipelineLayoutChecker::RegisterLayout'
P:\Development\personal\games\NextGenGameEngine\tests\unit\test_pipeline_layout_checker.cpp(66): error C2064: term does not evaluate to a function taking 2 arguments
P:\Development\personal\games\NextGenGameEngine\tests\unit\test_pipeline_layout_checker.cpp(66): error C2064: term does not evaluate to a function taking 3 arguments
P:\Development\personal\games\NextGenGameEngine\tests\unit\test_pipeline_layout_checker.cpp(67): error C2064: term does not evaluate to a function taking 2 arguments
P:\Development\personal\games\NextGenGameEngine\tests\unit\test_pipeline_layout_checker.cpp(67): error C2064: term does not evaluate to a function taking 3 arguments
P:\Development\personal\games\NextGenGameEngine\tests\unit\test_pipeline_layout_checker.cpp(88): error C2064: term does not evaluate to a function taking 2 arguments
P:\Development\personal\games\NextGenGameEngine\tests\unit\test_pipeline_layout_checker.cpp(88): error C2064: term does not evaluate to a function taking 3 arguments
P:\Development\personal\games\NextGenGameEngine\tests\unit\test_pipeline_layout_checker.cpp(89): error C2064: term does not evaluate to a function taking 2 arguments
P:\Development\personal\games\NextGenGameEngine\tests\unit\test_pipeline_layout_checker.cpp(89): error C2064: term does not evaluate to a function taking 3 arguments
P:\Development\personal\games\NextGenGameEngine\tests\unit\test_pipeline_layout_checker.cpp(108): error C2064: term does not evaluate to a function taking 2 arguments
P:\Development\personal\games\NextGenGameEngine\tests\unit\test_pipeline_layout_checker.cpp(108): error C2064: term does not evaluate to a function taking 3 arguments
P:\Development\personal\games\NextGenGameEngine\tests\unit\test_pipeline_layout_checker.cpp(109): error C2064: term does not evaluate to a function taking 2 arguments
P:\Development\personal\games\NextGenGameEngine\tests\unit\test_pipeline_layout_checker.cpp(109): error C2064: term does not evaluate to a function taking 3 arguments
P:\Development\personal\games\NextGenGameEngine\tests\unit\test_pipeline_layout_checker.cpp(127): error C2064: term does not evaluate to a function taking 2 arguments
P:\Development\personal\games\NextGenGameEngine\tests\unit\test_pipeline_layout_checker.cpp(127): error C2064: term does not evaluate to a function taking 2 arguments
P:\Development\personal\games\NextGenGameEngine\tests\unit\test_pipeline_layout_checker.cpp(127): error C2064: term does not evaluate to a function taking 3 arguments
P:\Development\personal\games\NextGenGameEngine\tests\unit\test_pipeline_layout_checker.cpp(128): error C2064: term does not evaluate to a function taking 2 arguments
P:\Development\personal\games\NextGenGameEngine\tests\unit\test_pipeline_layout_checker.cpp(128): error C2064: term does not evaluate to a function taking 3 arguments
P:\Development\personal\games\NextGenGameEngine\tests\unit\test_pipeline_layout_checker.cpp(147): error C2064: term does not evaluate to a function taking 2 arguments
P:\Development\personal\games\NextGenGameEngine\tests\unit\test_pipeline_layout_checker.cpp(147): error C2064: term does not evaluate to a function taking 3 arguments
P:\Development\personal\games\NextGenGameEngine\tests\unit\test_pipeline_layout_checker.cpp(148): error C2064: term does not evaluate to a function taking 2 arguments
P:\Development\personal\games\NextGenGameEngine\tests\unit\test_pipeline_layout_checker.cpp(148): error C2064: term does not evaluate to a function taking 3 arguments
P:\Development\personal\games\NextGenGameEngine\tests\unit\test_pipeline_layout_checker.cpp(167): error C2064: term does not evaluate to a function taking 4 arguments
P:\Development\personal\games\NextGenGameEngine\tests\unit\test_pipeline_layout_checker.cpp(168): error C2064: term does not evaluate to a function taking 4 arguments
P:\Development\personal\games\NextGenGameEngine\tests\unit\test_pipeline_layout_checker.cpp(189): error C2064: term does not evaluate to a function taking 4 arguments
P:\Development\personal\games\NextGenGameEngine\tests\unit\test_pipeline_layout_checker.cpp(190): error C2064: term does not evaluate to a function taking 4 arguments
P:\Development\personal\games\NextGenGameEngine\tests\unit\test_pipeline_layout_checker.cpp(208): error C2064: term does not evaluate to a function taking 4 arguments
P:\Development\personal\games\NextGenGameEngine\tests\unit\test_pipeline_layout_checker.cpp(209): error C2064: term does not evaluate to a function taking 4 arguments
P:\Development\personal\games\NextGenGameEngine\tests\unit\test_pipeline_layout_checker.cpp(234): error C2064: term does not evaluate to a function taking 2 arguments
P:\Development\personal\games\NextGenGameEngine\tests\unit\test_pipeline_layout_checker.cpp(234): error C2064: term does not evaluate to a function taking 2 arguments
P:\Development\personal\games\NextGenGameEngine\tests\unit\test_pipeline_layout_checker.cpp(234): error C2064: term does not evaluate to a function taking 3 arguments
P:\Development\personal\games\NextGenGameEngine\tests\unit\test_pipeline_layout_checker.cpp(235): error C2064: term does not evaluate to a function taking 2 arguments
P:\Development\personal\games\NextGenGameEngine\tests\unit\test_pipeline_layout_checker.cpp(235): error C2064: term does not evaluate to a function taking 2 arguments
P:\Development\personal\games\NextGenGameEngine\tests\unit\test_pipeline_layout_checker.cpp(235): error C2064: term does not evaluate to a function taking 3 arguments
P:\Development\personal\games\NextGenGameEngine\tests\unit\test_pipeline_layout_checker.cpp(250): error C2064: term does not evaluate to a function taking 2 arguments
P:\Development\personal\games\NextGenGameEngine\tests\unit\test_pipeline_layout_checker.cpp(265): error C2064: term does not evaluate to a function taking 2 arguments
P:\Development\personal\games\NextGenGameEngine\tests\unit\test_pipeline_layout_checker.cpp(266): error C2064: term does not evaluate to a function taking 2 arguments
P:\Development\personal\games\NextGenGameEngine\tests\unit\test_pipeline_layout_checker.cpp(295): error C2064: term does not evaluate to a function taking 2 arguments
P:\Development\personal\games\NextGenGameEngine\tests\unit\test_pipeline_layout_checker.cpp(296): error C2064: term does not evaluate to a function taking 2 arguments
P:\Development\personal\games\NextGenGameEngine\tests\unit\test_pipeline_layout_checker.cpp(297): error C2064: term does not evaluate to a function taking 2 arguments
P:\Development\personal\games\NextGenGameEngine\tests\unit\test_pipeline_layout_checker.cpp(310): error C2064: term does not evaluate to a function taking 2 arguments
P:\Development\personal\games\NextGenGameEngine\tests\unit\test_pipeline_layout_checker.cpp(310): error C2064: term does not evaluate to a function taking 3 arguments
[262/297] Building CXX object tests\CMakeFiles\EngineTests.dir\Debug\unit\test_permutation_key_builder.cpp.obj
FAILED: [code=2] tests/CMakeFiles/EngineTests.dir/Debug/unit/test_permutation_key_builder.cpp.obj 
C:\PROGRA~2\MICROS~2\2019\BUILDT~1\VC\Tools\MSVC\1429~1.301\bin\Hostx64\x64\cl.exe  /nologo /TP -DFMT_SHARED -DGTEST_LINKED_AS_SHARED_LIBRARY=1 -DNGE_DEBUG=1 -DNGE_ENABLE_ASSERTS=1 -DNGE_ENABLE_MEMORY_TRACKING=1 -DNGE_ENABLE_VULKAN=1 -DNGE_PLATFORM_WINDOWS=1 -DNOMINMAX -DSPDLOG_COMPILED_LIB -DSPDLOG_FMT_EXTERNAL -DSPDLOG_SHARED_LIB -DWIN32_LEAN_AND_MEAN -D_CRT_SECURE_NO_WARNINGS -DCMAKE_INTDIR=\"Debug\" -IP:\Development\personal\games\NextGenGameEngine\engine -IP:\Development\personal\games\NextGenGameEngine\engine\.. -external:IP:\Development\personal\games\NextGenGameEngine\build\vcpkg_installed\x64-windows\include -external:IC:\VulkanSDK\1.4.341.1\include -external:W0 /DWIN32 /D_WINDOWS /EHsc /Zi /Ob0 /Od /RTC1 -std:c++20 -MDd /W4 /permissive- /Zc:__cplusplus /MP /fp:fast /arch:AVX2 /wd4251 /wd4275 /utf-8 /showIncludes /Fotests\CMakeFiles\EngineTests.dir\Debug\unit\test_permutation_key_builder.cpp.obj /Fdtests\CMakeFiles\EngineTests.dir\Debug\ /FS -c P:\Development\personal\games\NextGenGameEngine\tests\unit\test_permutation_key_builder.cpp
P:\Development\personal\games\NextGenGameEngine\tests\unit\test_permutation_key_builder.cpp(47): error C2065: 'u64': undeclared identifier
P:\Development\personal\games\NextGenGameEngine\tests\unit\test_permutation_key_builder.cpp(47): error C2146: syntax error: missing ';' before identifier 'key'
P:\Development\personal\games\NextGenGameEngine\tests\unit\test_permutation_key_builder.cpp(47): error C2065: 'key': undeclared identifier
P:\Development\personal\games\NextGenGameEngine\tests\unit\test_permutation_key_builder.cpp(48): error C2065: 'key': undeclared identifier
P:\Development\personal\games\NextGenGameEngine\tests\unit\test_permutation_key_builder.cpp(48): error C2737: 'gtest_ar': const object must be initialized
P:\Development\personal\games\NextGenGameEngine\tests\unit\test_permutation_key_builder.cpp(60): error C2065: 'u64': undeclared identifier
P:\Development\personal\games\NextGenGameEngine\tests\unit\test_permutation_key_builder.cpp(60): error C2146: syntax error: missing ';' before identifier 'key'
P:\Development\personal\games\NextGenGameEngine\tests\unit\test_permutation_key_builder.cpp(60): error C2065: 'key': undeclared identifier
P:\Development\personal\games\NextGenGameEngine\tests\unit\test_permutation_key_builder.cpp(61): error C2065: 'key': undeclared identifier
P:\Development\personal\games\NextGenGameEngine\tests\unit\test_permutation_key_builder.cpp(61): error C2737: 'gtest_ar': const object must be initialized
P:\Development\personal\games\NextGenGameEngine\tests\unit\test_permutation_key_builder.cpp(72): error C2065: 'u64': undeclared identifier
P:\Development\personal\games\NextGenGameEngine\tests\unit\test_permutation_key_builder.cpp(72): error C2146: syntax error: missing ';' before identifier 'key'
P:\Development\personal\games\NextGenGameEngine\tests\unit\test_permutation_key_builder.cpp(72): error C2065: 'key': undeclared identifier
P:\Development\personal\games\NextGenGameEngine\tests\unit\test_permutation_key_builder.cpp(73): error C2065: 'key': undeclared identifier
P:\Development\personal\games\NextGenGameEngine\tests\unit\test_permutation_key_builder.cpp(73): error C2737: 'gtest_ar': const object must be initialized
P:\Development\personal\games\NextGenGameEngine\tests\unit\test_permutation_key_builder.cpp(86): error C2065: 'u64': undeclared identifier
P:\Development\personal\games\NextGenGameEngine\tests\unit\test_permutation_key_builder.cpp(86): error C2146: syntax error: missing ';' before identifier 'key'
P:\Development\personal\games\NextGenGameEngine\tests\unit\test_permutation_key_builder.cpp(86): error C2065: 'key': undeclared identifier
P:\Development\personal\games\NextGenGameEngine\tests\unit\test_permutation_key_builder.cpp(87): error C2065: 'key': undeclared identifier
P:\Development\personal\games\NextGenGameEngine\tests\unit\test_permutation_key_builder.cpp(87): error C2737: 'gtest_ar': const object must be initialized
P:\Development\personal\games\NextGenGameEngine\tests\unit\test_permutation_key_builder.cpp(99): error C2065: 'u64': undeclared identifier
P:\Development\personal\games\NextGenGameEngine\tests\unit\test_permutation_key_builder.cpp(99): error C2146: syntax error: missing ';' before identifier 'key'
P:\Development\personal\games\NextGenGameEngine\tests\unit\test_permutation_key_builder.cpp(99): error C2065: 'key': undeclared identifier
P:\Development\personal\games\NextGenGameEngine\tests\unit\test_permutation_key_builder.cpp(100): error C2065: 'key': undeclared identifier
P:\Development\personal\games\NextGenGameEngine\tests\unit\test_permutation_key_builder.cpp(100): error C2065: 'key': undeclared identifier
P:\Development\personal\games\NextGenGameEngine\tests\unit\test_permutation_key_builder.cpp(101): error C2065: 'key': undeclared identifier
P:\Development\personal\games\NextGenGameEngine\tests\unit\test_permutation_key_builder.cpp(101): error C2737: 'gtest_ar': const object must be initialized
P:\Development\personal\games\NextGenGameEngine\tests\unit\test_permutation_key_builder.cpp(103): error C2065: 'key': undeclared identifier
P:\Development\personal\games\NextGenGameEngine\tests\unit\test_permutation_key_builder.cpp(103): error C2065: 'key': undeclared identifier
P:\Development\personal\games\NextGenGameEngine\tests\unit\test_permutation_key_builder.cpp(104): error C2065: 'key': undeclared identifier
P:\Development\personal\games\NextGenGameEngine\tests\unit\test_permutation_key_builder.cpp(104): error C2737: 'gtest_ar': const object must be initialized
P:\Development\personal\games\NextGenGameEngine\tests\unit\test_permutation_key_builder.cpp(116): error C2065: 'u64': undeclared identifier
P:\Development\personal\games\NextGenGameEngine\tests\unit\test_permutation_key_builder.cpp(116): error C2146: syntax error: missing ';' before identifier 'key'
P:\Development\personal\games\NextGenGameEngine\tests\unit\test_permutation_key_builder.cpp(116): error C2065: 'key': undeclared identifier
P:\Development\personal\games\NextGenGameEngine\tests\unit\test_permutation_key_builder.cpp(117): error C2065: 'key': undeclared identifier
P:\Development\personal\games\NextGenGameEngine\tests\unit\test_permutation_key_builder.cpp(117): error C2065: 'key': undeclared identifier
P:\Development\personal\games\NextGenGameEngine\tests\unit\test_permutation_key_builder.cpp(118): error C2065: 'key': undeclared identifier
P:\Development\personal\games\NextGenGameEngine\tests\unit\test_permutation_key_builder.cpp(118): error C2737: 'gtest_ar': const object must be initialized
P:\Development\personal\games\NextGenGameEngine\tests\unit\test_permutation_key_builder.cpp(130): error C2065: 'u64': undeclared identifier
P:\Development\personal\games\NextGenGameEngine\tests\unit\test_permutation_key_builder.cpp(130): error C2146: syntax error: missing ';' before identifier 'key'
P:\Development\personal\games\NextGenGameEngine\tests\unit\test_permutation_key_builder.cpp(130): error C2065: 'key': undeclared identifier
P:\Development\personal\games\NextGenGameEngine\tests\unit\test_permutation_key_builder.cpp(131): error C2065: 'key': undeclared identifier
P:\Development\personal\games\NextGenGameEngine\tests\unit\test_permutation_key_builder.cpp(131): error C2512: 'testing::AssertionResult': no appropriate default constructor available
P:\Development\personal\games\NextGenGameEngine\tests\unit\test_permutation_key_builder.cpp(131): note: No constructor could take the source type, or constructor overload resolution was ambiguous
P:\Development\personal\games\NextGenGameEngine\tests\unit\test_permutation_key_builder.cpp(131): error C2737: 'gtest_ar_': const object must be initialized
P:\Development\personal\games\NextGenGameEngine\tests\unit\test_permutation_key_builder.cpp(132): error C2065: 'key': undeclared identifier
P:\Development\personal\games\NextGenGameEngine\tests\unit\test_permutation_key_builder.cpp(132): error C2512: 'testing::AssertionResult': no appropriate default constructor available
P:\Development\personal\games\NextGenGameEngine\tests\unit\test_permutation_key_builder.cpp(132): note: No constructor could take the source type, or constructor overload resolution was ambiguous
P:\Development\personal\games\NextGenGameEngine\tests\unit\test_permutation_key_builder.cpp(132): error C2737: 'gtest_ar_': const object must be initialized
P:\Development\personal\games\NextGenGameEngine\tests\unit\test_permutation_key_builder.cpp(133): error C2065: 'key': undeclared identifier
P:\Development\personal\games\NextGenGameEngine\tests\unit\test_permutation_key_builder.cpp(133): error C2512: 'testing::AssertionResult': no appropriate default constructor available
P:\Development\personal\games\NextGenGameEngine\tests\unit\test_permutation_key_builder.cpp(133): note: No constructor could take the source type, or constructor overload resolution was ambiguous
P:\Development\personal\games\NextGenGameEngine\tests\unit\test_permutation_key_builder.cpp(133): error C2737: 'gtest_ar_': const object must be initialized
P:\Development\personal\games\NextGenGameEngine\tests\unit\test_permutation_key_builder.cpp(148): error C2065: 'u64': undeclared identifier
P:\Development\personal\games\NextGenGameEngine\tests\unit\test_permutation_key_builder.cpp(148): error C2146: syntax error: missing ';' before identifier 'validKey'
P:\Development\personal\games\NextGenGameEngine\tests\unit\test_permutation_key_builder.cpp(148): error C2065: 'validKey': undeclared identifier
P:\Development\personal\games\NextGenGameEngine\tests\unit\test_permutation_key_builder.cpp(149): error C2065: 'validKey': undeclared identifier
P:\Development\personal\games\NextGenGameEngine\tests\unit\test_permutation_key_builder.cpp(149): error C2512: 'testing::AssertionResult': no appropriate default constructor available
P:\Development\personal\games\NextGenGameEngine\tests\unit\test_permutation_key_builder.cpp(149): note: No constructor could take the source type, or constructor overload resolution was ambiguous
P:\Development\personal\games\NextGenGameEngine\tests\unit\test_permutation_key_builder.cpp(149): error C2737: 'gtest_ar_': const object must be initialized
P:\Development\personal\games\NextGenGameEngine\tests\unit\test_permutation_key_builder.cpp(151): error C2065: 'u64': undeclared identifier
P:\Development\personal\games\NextGenGameEngine\tests\unit\test_permutation_key_builder.cpp(151): error C2146: syntax error: missing ';' before identifier 'invalidKey'
P:\Development\personal\games\NextGenGameEngine\tests\unit\test_permutation_key_builder.cpp(151): error C2065: 'invalidKey': undeclared identifier
P:\Development\personal\games\NextGenGameEngine\tests\unit\test_permutation_key_builder.cpp(152): error C2065: 'invalidKey': undeclared identifier
P:\Development\personal\games\NextGenGameEngine\tests\unit\test_permutation_key_builder.cpp(152): error C2512: 'testing::AssertionResult': no appropriate default constructor available
P:\Development\personal\games\NextGenGameEngine\tests\unit\test_permutation_key_builder.cpp(152): note: No constructor could take the source type, or constructor overload resolution was ambiguous
P:\Development\personal\games\NextGenGameEngine\tests\unit\test_permutation_key_builder.cpp(152): error C2737: 'gtest_ar_': const object must be initialized
P:\Development\personal\games\NextGenGameEngine\tests\unit\test_permutation_key_builder.cpp(167): error C2065: 'u64': undeclared identifier
P:\Development\personal\games\NextGenGameEngine\tests\unit\test_permutation_key_builder.cpp(167): error C2146: syntax error: missing ';' before identifier 'key'
P:\Development\personal\games\NextGenGameEngine\tests\unit\test_permutation_key_builder.cpp(167): error C2065: 'key': undeclared identifier
P:\Development\personal\games\NextGenGameEngine\tests\unit\test_permutation_key_builder.cpp(168): error C2065: 'key': undeclared identifier
P:\Development\personal\games\NextGenGameEngine\tests\unit\test_permutation_key_builder.cpp(168): error C2512: 'testing::AssertionResult': no appropriate default constructor available
P:\Development\personal\games\NextGenGameEngine\tests\unit\test_permutation_key_builder.cpp(168): note: No constructor could take the source type, or constructor overload resolution was ambiguous
P:\Development\personal\games\NextGenGameEngine\tests\unit\test_permutation_key_builder.cpp(168): error C2737: 'gtest_ar_': const object must be initialized
P:\Development\personal\games\NextGenGameEngine\tests\unit\test_permutation_key_builder.cpp(181): error C2065: 'u64': undeclared identifier
P:\Development\personal\games\NextGenGameEngine\tests\unit\test_permutation_key_builder.cpp(181): error C2146: syntax error: missing ';' before identifier 'key'
P:\Development\personal\games\NextGenGameEngine\tests\unit\test_permutation_key_builder.cpp(181): error C2065: 'key': undeclared identifier
P:\Development\personal\games\NextGenGameEngine\tests\unit\test_permutation_key_builder.cpp(182): error C2065: 'key': undeclared identifier
P:\Development\personal\games\NextGenGameEngine\tests\unit\test_permutation_key_builder.cpp(305): error C2065: 'u64': undeclared identifier
P:\Development\personal\games\NextGenGameEngine\tests\unit\test_permutation_key_builder.cpp(305): error C2146: syntax error: missing ';' before identifier 'key'
P:\Development\personal\games\NextGenGameEngine\tests\unit\test_permutation_key_builder.cpp(305): error C2065: 'key': undeclared identifier
P:\Development\personal\games\NextGenGameEngine\tests\unit\test_permutation_key_builder.cpp(306): error C2065: 'u64': undeclared identifier
P:\Development\personal\games\NextGenGameEngine\tests\unit\test_permutation_key_builder.cpp(306): error C2146: syntax error: missing ';' before identifier 'result'
P:\Development\personal\games\NextGenGameEngine\tests\unit\test_permutation_key_builder.cpp(306): error C2065: 'result': undeclared identifier
P:\Development\personal\games\NextGenGameEngine\tests\unit\test_permutation_key_builder.cpp(306): error C2065: 'key': undeclared identifier
P:\Development\personal\games\NextGenGameEngine\tests\unit\test_permutation_key_builder.cpp(307): error C2065: 'result': undeclared identifier
P:\Development\personal\games\NextGenGameEngine\tests\unit\test_permutation_key_builder.cpp(307): error C2065: 'key': undeclared identifier
P:\Development\personal\games\NextGenGameEngine\tests\unit\test_permutation_key_builder.cpp(307): error C2737: 'gtest_ar': const object must be initialized
P:\Development\personal\games\NextGenGameEngine\tests\unit\test_permutation_key_builder.cpp(321): error C2065: 'u64': undeclared identifier
P:\Development\personal\games\NextGenGameEngine\tests\unit\test_permutation_key_builder.cpp(321): error C2146: syntax error: missing ';' before identifier 'key'
P:\Development\personal\games\NextGenGameEngine\tests\unit\test_permutation_key_builder.cpp(321): error C2065: 'key': undeclared identifier
P:\Development\personal\games\NextGenGameEngine\tests\unit\test_permutation_key_builder.cpp(322): error C2065: 'key': undeclared identifier
P:\Development\personal\games\NextGenGameEngine\tests\unit\test_permutation_key_builder.cpp(322): error C2737: 'gtest_ar': const object must be initialized
P:\Development\personal\games\NextGenGameEngine\tests\unit\test_permutation_key_builder.cpp(324): error C2065: 'key': undeclared identifier
P:\Development\personal\games\NextGenGameEngine\tests\unit\test_permutation_key_builder.cpp(324): error C2512: 'testing::AssertionResult': no appropriate default constructor available
P:\Development\personal\games\NextGenGameEngine\tests\unit\test_permutation_key_builder.cpp(324): note: No constructor could take the source type, or constructor overload resolution was ambiguous
P:\Development\personal\games\NextGenGameEngine\tests\unit\test_permutation_key_builder.cpp(324): error C2737: 'gtest_ar_': const object must be initialized
P:\Development\personal\games\NextGenGameEngine\tests\unit\test_permutation_key_builder.cpp(325): error C2065: 'key': undeclared identifier
P:\Development\personal\games\NextGenGameEngine\tests\unit\test_permutation_key_builder.cpp(325): error C2512: 'testing::AssertionResult': no appropriate default constructor available
P:\Development\personal\games\NextGenGameEngine\tests\unit\test_permutation_key_builder.cpp(325): note: No constructor could take the source type, or constructor overload resolution was ambiguous
P:\Development\personal\games\NextGenGameEngine\tests\unit\test_permutation_key_builder.cpp(325): error C2737: 'gtest_ar_': const object must be initialized
P:\Development\personal\games\NextGenGameEngine\tests\unit\test_permutation_key_builder.cpp(326): error C2065: 'key': undeclared identifier
P:\Development\personal\games\NextGenGameEngine\tests\unit\test_permutation_key_builder.cpp(326): error C2512: 'testing::AssertionResult': no appropriate default constructor available
P:\Development\personal\games\NextGenGameEngine\tests\unit\test_permutation_key_builder.cpp(326): note: No constructor could take the source type, or constructor overload resolution was ambiguous
P:\Development\personal\games\NextGenGameEngine\tests\unit\test_permutation_key_builder.cpp(326): error C2737: 'gtest_ar_': const object must be initialized
P:\Development\personal\games\NextGenGameEngine\tests\unit\test_permutation_key_builder.cpp(327): error C2065: 'key': undeclared identifier
P:\Development\personal\games\NextGenGameEngine\tests\unit\test_permutation_key_builder.cpp(327): error C2512: 'testing::AssertionResult': no appropriate default constructor available
P:\Development\personal\games\NextGenGameEngine\tests\unit\test_permutation_key_builder.cpp(327): note: No constructor could take the source type, or constructor overload resolution was ambiguous
P:\Development\personal\games\NextGenGameEngine\tests\unit\test_permutation_key_builder.cpp(327): error C2737: 'gtest_ar_': const object must be initialized
[263/297] Building CXX object tests\CMakeFiles\EngineTests.dir\Debug\unit\test_pipeline_layout_compat.cpp.obj
FAILED: [code=2] tests/CMakeFiles/EngineTests.dir/Debug/unit/test_pipeline_layout_compat.cpp.obj 
C:\PROGRA~2\MICROS~2\2019\BUILDT~1\VC\Tools\MSVC\1429~1.301\bin\Hostx64\x64\cl.exe  /nologo /TP -DFMT_SHARED -DGTEST_LINKED_AS_SHARED_LIBRARY=1 -DNGE_DEBUG=1 -DNGE_ENABLE_ASSERTS=1 -DNGE_ENABLE_MEMORY_TRACKING=1 -DNGE_ENABLE_VULKAN=1 -DNGE_PLATFORM_WINDOWS=1 -DNOMINMAX -DSPDLOG_COMPILED_LIB -DSPDLOG_FMT_EXTERNAL -DSPDLOG_SHARED_LIB -DWIN32_LEAN_AND_MEAN -D_CRT_SECURE_NO_WARNINGS -DCMAKE_INTDIR=\"Debug\" -IP:\Development\personal\games\NextGenGameEngine\engine -IP:\Development\personal\games\NextGenGameEngine\engine\.. -external:IP:\Development\personal\games\NextGenGameEngine\build\vcpkg_installed\x64-windows\include -external:IC:\VulkanSDK\1.4.341.1\include -external:W0 /DWIN32 /D_WINDOWS /EHsc /Zi /Ob0 /Od /RTC1 -std:c++20 -MDd /W4 /permissive- /Zc:__cplusplus /MP /fp:fast /arch:AVX2 /wd4251 /wd4275 /utf-8 /showIncludes /Fotests\CMakeFiles\EngineTests.dir\Debug\unit\test_pipeline_layout_compat.cpp.obj /Fdtests\CMakeFiles\EngineTests.dir\Debug\ /FS -c P:\Development\personal\games\NextGenGameEngine\tests\unit\test_pipeline_layout_compat.cpp
P:\Development\personal\games\NextGenGameEngine\tests\unit\test_pipeline_layout_compat.cpp(17): error C2065: 'u64': undeclared identifier
P:\Development\personal\games\NextGenGameEngine\tests\unit\test_pipeline_layout_compat.cpp(17): error C2923: 'std::vector': 'u64' is not a valid template type argument for parameter '_Ty'
P:\Development\personal\games\NextGenGameEngine\tests\unit\test_pipeline_layout_compat.cpp(17): note: see declaration of 'u64'
P:\Development\personal\games\NextGenGameEngine\tests\unit\test_pipeline_layout_compat.cpp(17): error C2976: 'std::vector': too few template arguments
C:\Program Files (x86)\Microsoft Visual Studio\2019\BuildTools\VC\Tools\MSVC\14.29.30133\include\vector(430): note: see declaration of 'std::vector'
P:\Development\personal\games\NextGenGameEngine\tests\unit\test_pipeline_layout_compat.cpp(20): error C2065: 'u32': undeclared identifier
P:\Development\personal\games\NextGenGameEngine\tests\unit\test_pipeline_layout_compat.cpp(20): error C2146: syntax error: missing ';' before identifier 'id'
P:\Development\personal\games\NextGenGameEngine\tests\unit\test_pipeline_layout_compat.cpp(20): error C2065: 'id': undeclared identifier
P:\Development\personal\games\NextGenGameEngine\tests\unit\test_pipeline_layout_compat.cpp(20): error C2664: 'nge::u32 nge::rhi::PipelineLayoutCompatChecker::RegisterLayout(const std::vector<size_t,std::allocator<size_t>> &,const std::vector<nge::rhi::PushConstantRange,std::allocator<nge::rhi::PushConstantRange>> &,const std::string &)': cannot convert argument 1 from 'std::vector<int,std::allocator<int>>' to 'const std::vector<size_t,std::allocator<size_t>> &'
P:\Development\personal\games\NextGenGameEngine\tests\unit\test_pipeline_layout_compat.cpp(20): note: Reason: cannot convert from 'std::vector<int,std::allocator<int>>' to 'const std::vector<size_t,std::allocator<size_t>>'
P:\Development\personal\games\NextGenGameEngine\tests\unit\test_pipeline_layout_compat.cpp(20): note: No user-defined-conversion operator available that can perform this conversion, or the operator cannot be called
P:\Development\personal\games\NextGenGameEngine\engine/rhi/common/rhi_pipeline_layout_compat.h(76): note: see declaration of 'nge::rhi::PipelineLayoutCompatChecker::RegisterLayout'
P:\Development\personal\games\NextGenGameEngine\tests\unit\test_pipeline_layout_compat.cpp(21): error C2065: 'id': undeclared identifier
P:\Development\personal\games\NextGenGameEngine\tests\unit\test_pipeline_layout_compat.cpp(21): error C2737: 'gtest_ar': const object must be initialized
P:\Development\personal\games\NextGenGameEngine\tests\unit\test_pipeline_layout_compat.cpp(24): error C2065: 'id': undeclared identifier
P:\Development\personal\games\NextGenGameEngine\tests\unit\test_pipeline_layout_compat.cpp(25): error C3536: 'layout': cannot be used before it is initialized
P:\Development\personal\games\NextGenGameEngine\tests\unit\test_pipeline_layout_compat.cpp(26): error C2660: 'testing::internal::EqHelper::Compare': function does not take 3 arguments
P:\Development\personal\games\NextGenGameEngine\build\vcpkg_installed\x64-windows\include\gtest/gtest.h(1422): note: see declaration of 'testing::internal::EqHelper::Compare'
P:\Development\personal\games\NextGenGameEngine\tests\unit\test_pipeline_layout_compat.cpp(26): error C2737: 'gtest_ar': const object must be initialized
P:\Development\personal\games\NextGenGameEngine\tests\unit\test_pipeline_layout_compat.cpp(27): error C2660: 'testing::internal::EqHelper::Compare': function does not take 3 arguments
P:\Development\personal\games\NextGenGameEngine\build\vcpkg_installed\x64-windows\include\gtest/gtest.h(1422): note: see declaration of 'testing::internal::EqHelper::Compare'
P:\Development\personal\games\NextGenGameEngine\tests\unit\test_pipeline_layout_compat.cpp(27): error C2737: 'gtest_ar': const object must be initialized
P:\Development\personal\games\NextGenGameEngine\tests\unit\test_pipeline_layout_compat.cpp(28): error C2660: 'testing::internal::EqHelper::Compare': function does not take 3 arguments
P:\Development\personal\games\NextGenGameEngine\build\vcpkg_installed\x64-windows\include\gtest/gtest.h(1422): note: see declaration of 'testing::internal::EqHelper::Compare'
P:\Development\personal\games\NextGenGameEngine\tests\unit\test_pipeline_layout_compat.cpp(28): error C2737: 'gtest_ar': const object must be initialized
P:\Development\personal\games\NextGenGameEngine\tests\unit\test_pipeline_layout_compat.cpp(37): error C2065: 'u64': undeclared identifier
P:\Development\personal\games\NextGenGameEngine\tests\unit\test_pipeline_layout_compat.cpp(37): error C2923: 'std::vector': 'u64' is not a valid template type argument for parameter '_Ty'
P:\Development\personal\games\NextGenGameEngine\tests\unit\test_pipeline_layout_compat.cpp(37): note: see declaration of 'u64'
P:\Development\personal\games\NextGenGameEngine\tests\unit\test_pipeline_layout_compat.cpp(37): error C2976: 'std::vector': too few template arguments
C:\Program Files (x86)\Microsoft Visual Studio\2019\BuildTools\VC\Tools\MSVC\14.29.30133\include\vector(430): note: see declaration of 'std::vector'
P:\Development\personal\games\NextGenGameEngine\tests\unit\test_pipeline_layout_compat.cpp(38): error C2065: 'u64': undeclared identifier
P:\Development\personal\games\NextGenGameEngine\tests\unit\test_pipeline_layout_compat.cpp(38): error C2923: 'std::vector': 'u64' is not a valid template type argument for parameter '_Ty'
P:\Development\personal\games\NextGenGameEngine\tests\unit\test_pipeline_layout_compat.cpp(38): note: see declaration of 'u64'
P:\Development\personal\games\NextGenGameEngine\tests\unit\test_pipeline_layout_compat.cpp(38): error C2976: 'std::vector': too few template arguments
C:\Program Files (x86)\Microsoft Visual Studio\2019\BuildTools\VC\Tools\MSVC\14.29.30133\include\vector(430): note: see declaration of 'std::vector'
P:\Development\personal\games\NextGenGameEngine\tests\unit\test_pipeline_layout_compat.cpp(40): error C2065: 'u32': undeclared identifier
P:\Development\personal\games\NextGenGameEngine\tests\unit\test_pipeline_layout_compat.cpp(40): error C2146: syntax error: missing ';' before identifier 'a'
P:\Development\personal\games\NextGenGameEngine\tests\unit\test_pipeline_layout_compat.cpp(40): error C2065: 'a': undeclared identifier
P:\Development\personal\games\NextGenGameEngine\tests\unit\test_pipeline_layout_compat.cpp(40): error C2664: 'nge::u32 nge::rhi::PipelineLayoutCompatChecker::RegisterLayout(const std::vector<size_t,std::allocator<size_t>> &,const std::vector<nge::rhi::PushConstantRange,std::allocator<nge::rhi::PushConstantRange>> &,const std::string &)': cannot convert argument 1 from 'std::vector<int,std::allocator<int>>' to 'const std::vector<size_t,std::allocator<size_t>> &'
P:\Development\personal\games\NextGenGameEngine\tests\unit\test_pipeline_layout_compat.cpp(40): note: Reason: cannot convert from 'std::vector<int,std::allocator<int>>' to 'const std::vector<size_t,std::allocator<size_t>>'
P:\Development\personal\games\NextGenGameEngine\tests\unit\test_pipeline_layout_compat.cpp(40): note: No user-defined-conversion operator available that can perform this conversion, or the operator cannot be called
P:\Development\personal\games\NextGenGameEngine\engine/rhi/common/rhi_pipeline_layout_compat.h(76): note: see declaration of 'nge::rhi::PipelineLayoutCompatChecker::RegisterLayout'
P:\Development\personal\games\NextGenGameEngine\tests\unit\test_pipeline_layout_compat.cpp(41): error C2065: 'u32': undeclared identifier
P:\Development\personal\games\NextGenGameEngine\tests\unit\test_pipeline_layout_compat.cpp(41): error C2146: syntax error: missing ';' before identifier 'b'
P:\Development\personal\games\NextGenGameEngine\tests\unit\test_pipeline_layout_compat.cpp(41): error C2065: 'b': undeclared identifier
P:\Development\personal\games\NextGenGameEngine\tests\unit\test_pipeline_layout_compat.cpp(41): error C2664: 'nge::u32 nge::rhi::PipelineLayoutCompatChecker::RegisterLayout(const std::vector<size_t,std::allocator<size_t>> &,const std::vector<nge::rhi::PushConstantRange,std::allocator<nge::rhi::PushConstantRange>> &,const std::string &)': cannot convert argument 1 from 'std::vector<int,std::allocator<int>>' to 'const std::vector<size_t,std::allocator<size_t>> &'
P:\Development\personal\games\NextGenGameEngine\tests\unit\test_pipeline_layout_compat.cpp(41): note: Reason: cannot convert from 'std::vector<int,std::allocator<int>>' to 'const std::vector<size_t,std::allocator<size_t>>'
P:\Development\personal\games\NextGenGameEngine\tests\unit\test_pipeline_layout_compat.cpp(41): note: No user-defined-conversion operator available that can perform this conversion, or the operator cannot be called
P:\Development\personal\games\NextGenGameEngine\engine/rhi/common/rhi_pipeline_layout_compat.h(76): note: see declaration of 'nge::rhi::PipelineLayoutCompatChecker::RegisterLayout'
P:\Development\personal\games\NextGenGameEngine\tests\unit\test_pipeline_layout_compat.cpp(43): error C2065: 'a': undeclared identifier
P:\Development\personal\games\NextGenGameEngine\tests\unit\test_pipeline_layout_compat.cpp(43): error C2065: 'b': undeclared identifier
P:\Development\personal\games\NextGenGameEngine\tests\unit\test_pipeline_layout_compat.cpp(43): error C2512: 'testing::AssertionResult': no appropriate default constructor available
P:\Development\personal\games\NextGenGameEngine\tests\unit\test_pipeline_layout_compat.cpp(43): note: No constructor could take the source type, or constructor overload resolution was ambiguous
P:\Development\personal\games\NextGenGameEngine\tests\unit\test_pipeline_layout_compat.cpp(43): error C2737: 'gtest_ar_': const object must be initialized
P:\Development\personal\games\NextGenGameEngine\tests\unit\test_pipeline_layout_compat.cpp(52): error C2065: 'u64': undeclared identifier
P:\Development\personal\games\NextGenGameEngine\tests\unit\test_pipeline_layout_compat.cpp(52): error C2923: 'std::vector': 'u64' is not a valid template type argument for parameter '_Ty'
P:\Development\personal\games\NextGenGameEngine\tests\unit\test_pipeline_layout_compat.cpp(52): note: see declaration of 'u64'
P:\Development\personal\games\NextGenGameEngine\tests\unit\test_pipeline_layout_compat.cpp(52): error C2976: 'std::vector': too few template arguments
C:\Program Files (x86)\Microsoft Visual Studio\2019\BuildTools\VC\Tools\MSVC\14.29.30133\include\vector(430): note: see declaration of 'std::vector'
P:\Development\personal\games\NextGenGameEngine\tests\unit\test_pipeline_layout_compat.cpp(53): error C2065: 'u64': undeclared identifier
P:\Development\personal\games\NextGenGameEngine\tests\unit\test_pipeline_layout_compat.cpp(53): error C2923: 'std::vector': 'u64' is not a valid template type argument for parameter '_Ty'
P:\Development\personal\games\NextGenGameEngine\tests\unit\test_pipeline_layout_compat.cpp(53): note: see declaration of 'u64'
P:\Development\personal\games\NextGenGameEngine\tests\unit\test_pipeline_layout_compat.cpp(53): error C2976: 'std::vector': too few template arguments
C:\Program Files (x86)\Microsoft Visual Studio\2019\BuildTools\VC\Tools\MSVC\14.29.30133\include\vector(430): note: see declaration of 'std::vector'
P:\Development\personal\games\NextGenGameEngine\tests\unit\test_pipeline_layout_compat.cpp(55): error C2065: 'u32': undeclared identifier
P:\Development\personal\games\NextGenGameEngine\tests\unit\test_pipeline_layout_compat.cpp(55): error C2146: syntax error: missing ';' before identifier 'a'
P:\Development\personal\games\NextGenGameEngine\tests\unit\test_pipeline_layout_compat.cpp(55): error C2065: 'a': undeclared identifier
P:\Development\personal\games\NextGenGameEngine\tests\unit\test_pipeline_layout_compat.cpp(55): error C2664: 'nge::u32 nge::rhi::PipelineLayoutCompatChecker::RegisterLayout(const std::vector<size_t,std::allocator<size_t>> &,const std::vector<nge::rhi::PushConstantRange,std::allocator<nge::rhi::PushConstantRange>> &,const std::string &)': cannot convert argument 1 from 'std::vector<int,std::allocator<int>>' to 'const std::vector<size_t,std::allocator<size_t>> &'
P:\Development\personal\games\NextGenGameEngine\tests\unit\test_pipeline_layout_compat.cpp(55): note: Reason: cannot convert from 'std::vector<int,std::allocator<int>>' to 'const std::vector<size_t,std::allocator<size_t>>'
P:\Development\personal\games\NextGenGameEngine\tests\unit\test_pipeline_layout_compat.cpp(55): note: No user-defined-conversion operator available that can perform this conversion, or the operator cannot be called
P:\Development\personal\games\NextGenGameEngine\engine/rhi/common/rhi_pipeline_layout_compat.h(76): note: see declaration of 'nge::rhi::PipelineLayoutCompatChecker::RegisterLayout'
P:\Development\personal\games\NextGenGameEngine\tests\unit\test_pipeline_layout_compat.cpp(56): error C2065: 'u32': undeclared identifier
P:\Development\personal\games\NextGenGameEngine\tests\unit\test_pipeline_layout_compat.cpp(56): error C2146: syntax error: missing ';' before identifier 'b'
P:\Development\personal\games\NextGenGameEngine\tests\unit\test_pipeline_layout_compat.cpp(56): error C2065: 'b': undeclared identifier
P:\Development\personal\games\NextGenGameEngine\tests\unit\test_pipeline_layout_compat.cpp(56): error C2664: 'nge::u32 nge::rhi::PipelineLayoutCompatChecker::RegisterLayout(const std::vector<size_t,std::allocator<size_t>> &,const std::vector<nge::rhi::PushConstantRange,std::allocator<nge::rhi::PushConstantRange>> &,const std::string &)': cannot convert argument 1 from 'std::vector<int,std::allocator<int>>' to 'const std::vector<size_t,std::allocator<size_t>> &'
P:\Development\personal\games\NextGenGameEngine\tests\unit\test_pipeline_layout_compat.cpp(56): note: Reason: cannot convert from 'std::vector<int,std::allocator<int>>' to 'const std::vector<size_t,std::allocator<size_t>>'
P:\Development\personal\games\NextGenGameEngine\tests\unit\test_pipeline_layout_compat.cpp(56): note: No user-defined-conversion operator available that can perform this conversion, or the operator cannot be called
P:\Development\personal\games\NextGenGameEngine\engine/rhi/common/rhi_pipeline_layout_compat.h(76): note: see declaration of 'nge::rhi::PipelineLayoutCompatChecker::RegisterLayout'
P:\Development\personal\games\NextGenGameEngine\tests\unit\test_pipeline_layout_compat.cpp(58): error C2065: 'a': undeclared identifier
P:\Development\personal\games\NextGenGameEngine\tests\unit\test_pipeline_layout_compat.cpp(58): error C2065: 'b': undeclared identifier
P:\Development\personal\games\NextGenGameEngine\tests\unit\test_pipeline_layout_compat.cpp(58): error C2512: 'testing::AssertionResult': no appropriate default constructor available
P:\Development\personal\games\NextGenGameEngine\tests\unit\test_pipeline_layout_compat.cpp(58): note: No constructor could take the source type, or constructor overload resolution was ambiguous
P:\Development\personal\games\NextGenGameEngine\tests\unit\test_pipeline_layout_compat.cpp(58): error C2737: 'gtest_ar_': const object must be initialized
P:\Development\personal\games\NextGenGameEngine\tests\unit\test_pipeline_layout_compat.cpp(67): error C2065: 'u64': undeclared identifier
P:\Development\personal\games\NextGenGameEngine\tests\unit\test_pipeline_layout_compat.cpp(67): error C2923: 'std::vector': 'u64' is not a valid template type argument for parameter '_Ty'
P:\Development\personal\games\NextGenGameEngine\tests\unit\test_pipeline_layout_compat.cpp(67): note: see declaration of 'u64'
P:\Development\personal\games\NextGenGameEngine\tests\unit\test_pipeline_layout_compat.cpp(67): error C2976: 'std::vector': too few template arguments
C:\Program Files (x86)\Microsoft Visual Studio\2019\BuildTools\VC\Tools\MSVC\14.29.30133\include\vector(430): note: see declaration of 'std::vector'
P:\Development\personal\games\NextGenGameEngine\tests\unit\test_pipeline_layout_compat.cpp(68): error C2065: 'u64': undeclared identifier
P:\Development\personal\games\NextGenGameEngine\tests\unit\test_pipeline_layout_compat.cpp(68): error C2923: 'std::vector': 'u64' is not a valid template type argument for parameter '_Ty'
P:\Development\personal\games\NextGenGameEngine\tests\unit\test_pipeline_layout_compat.cpp(68): note: see declaration of 'u64'
P:\Development\personal\games\NextGenGameEngine\tests\unit\test_pipeline_layout_compat.cpp(68): error C2976: 'std::vector': too few template arguments
C:\Program Files (x86)\Microsoft Visual Studio\2019\BuildTools\VC\Tools\MSVC\14.29.30133\include\vector(430): note: see declaration of 'std::vector'
P:\Development\personal\games\NextGenGameEngine\tests\unit\test_pipeline_layout_compat.cpp(70): error C2065: 'u32': undeclared identifier
P:\Development\personal\games\NextGenGameEngine\tests\unit\test_pipeline_layout_compat.cpp(70): error C2146: syntax error: missing ';' before identifier 'a'
P:\Development\personal\games\NextGenGameEngine\tests\unit\test_pipeline_layout_compat.cpp(70): error C2065: 'a': undeclared identifier
P:\Development\personal\games\NextGenGameEngine\tests\unit\test_pipeline_layout_compat.cpp(70): error C2664: 'nge::u32 nge::rhi::PipelineLayoutCompatChecker::RegisterLayout(const std::vector<size_t,std::allocator<size_t>> &,const std::vector<nge::rhi::PushConstantRange,std::allocator<nge::rhi::PushConstantRange>> &,const std::string &)': cannot convert argument 1 from 'std::vector<int,std::allocator<int>>' to 'const std::vector<size_t,std::allocator<size_t>> &'
P:\Development\personal\games\NextGenGameEngine\tests\unit\test_pipeline_layout_compat.cpp(70): note: Reason: cannot convert from 'std::vector<int,std::allocator<int>>' to 'const std::vector<size_t,std::allocator<size_t>>'
P:\Development\personal\games\NextGenGameEngine\tests\unit\test_pipeline_layout_compat.cpp(70): note: No user-defined-conversion operator available that can perform this conversion, or the operator cannot be called
P:\Development\personal\games\NextGenGameEngine\engine/rhi/common/rhi_pipeline_layout_compat.h(76): note: see declaration of 'nge::rhi::PipelineLayoutCompatChecker::RegisterLayout'
P:\Development\personal\games\NextGenGameEngine\tests\unit\test_pipeline_layout_compat.cpp(71): error C2065: 'u32': undeclared identifier
P:\Development\personal\games\NextGenGameEngine\tests\unit\test_pipeline_layout_compat.cpp(71): error C2146: syntax error: missing ';' before identifier 'b'
P:\Development\personal\games\NextGenGameEngine\tests\unit\test_pipeline_layout_compat.cpp(71): error C2065: 'b': undeclared identifier
P:\Development\personal\games\NextGenGameEngine\tests\unit\test_pipeline_layout_compat.cpp(71): error C2664: 'nge::u32 nge::rhi::PipelineLayoutCompatChecker::RegisterLayout(const std::vector<size_t,std::allocator<size_t>> &,const std::vector<nge::rhi::PushConstantRange,std::allocator<nge::rhi::PushConstantRange>> &,const std::string &)': cannot convert argument 1 from 'std::vector<int,std::allocator<int>>' to 'const std::vector<size_t,std::allocator<size_t>> &'
P:\Development\personal\games\NextGenGameEngine\tests\unit\test_pipeline_layout_compat.cpp(71): note: Reason: cannot convert from 'std::vector<int,std::allocator<int>>' to 'const std::vector<size_t,std::allocator<size_t>>'
P:\Development\personal\games\NextGenGameEngine\tests\unit\test_pipeline_layout_compat.cpp(71): note: No user-defined-conversion operator available that can perform this conversion, or the operator cannot be called
P:\Development\personal\games\NextGenGameEngine\engine/rhi/common/rhi_pipeline_layout_compat.h(76): note: see declaration of 'nge::rhi::PipelineLayoutCompatChecker::RegisterLayout'
P:\Development\personal\games\NextGenGameEngine\tests\unit\test_pipeline_layout_compat.cpp(74): error C2065: 'a': undeclared identifier
P:\Development\personal\games\NextGenGameEngine\tests\unit\test_pipeline_layout_compat.cpp(74): error C2065: 'b': undeclared identifier
P:\Development\personal\games\NextGenGameEngine\tests\unit\test_pipeline_layout_compat.cpp(74): error C2512: 'testing::AssertionResult': no appropriate default constructor available
P:\Development\personal\games\NextGenGameEngine\tests\unit\test_pipeline_layout_compat.cpp(74): note: No constructor could take the source type, or constructor overload resolution was ambiguous
P:\Development\personal\games\NextGenGameEngine\tests\unit\test_pipeline_layout_compat.cpp(74): error C2737: 'gtest_ar_': const object must be initialized
P:\Development\personal\games\NextGenGameEngine\tests\unit\test_pipeline_layout_compat.cpp(76): error C2065: 'a': undeclared identifier
P:\Development\personal\games\NextGenGameEngine\tests\unit\test_pipeline_layout_compat.cpp(76): error C2065: 'b': undeclared identifier
P:\Development\personal\games\NextGenGameEngine\tests\unit\test_pipeline_layout_compat.cpp(76): error C2512: 'testing::AssertionResult': no appropriate default constructor available
P:\Development\personal\games\NextGenGameEngine\tests\unit\test_pipeline_layout_compat.cpp(76): note: No constructor could take the source type, or constructor overload resolution was ambiguous
P:\Development\personal\games\NextGenGameEngine\tests\unit\test_pipeline_layout_compat.cpp(76): error C2737: 'gtest_ar_': const object must be initialized
P:\Development\personal\games\NextGenGameEngine\tests\unit\test_pipeline_layout_compat.cpp(85): error C2065: 'u64': undeclared identifier
P:\Development\personal\games\NextGenGameEngine\tests\unit\test_pipeline_layout_compat.cpp(85): error C2923: 'std::vector': 'u64' is not a valid template type argument for parameter '_Ty'
P:\Development\personal\games\NextGenGameEngine\tests\unit\test_pipeline_layout_compat.cpp(85): note: see declaration of 'u64'
P:\Development\personal\games\NextGenGameEngine\tests\unit\test_pipeline_layout_compat.cpp(85): error C2976: 'std::vector': too few template arguments
C:\Program Files (x86)\Microsoft Visual Studio\2019\BuildTools\VC\Tools\MSVC\14.29.30133\include\vector(430): note: see declaration of 'std::vector'
P:\Development\personal\games\NextGenGameEngine\tests\unit\test_pipeline_layout_compat.cpp(86): error C2065: 'u64': undeclared identifier
P:\Development\personal\games\NextGenGameEngine\tests\unit\test_pipeline_layout_compat.cpp(86): error C2923: 'std::vector': 'u64' is not a valid template type argument for parameter '_Ty'
P:\Development\personal\games\NextGenGameEngine\tests\unit\test_pipeline_layout_compat.cpp(86): note: see declaration of 'u64'
P:\Development\personal\games\NextGenGameEngine\tests\unit\test_pipeline_layout_compat.cpp(86): error C2976: 'std::vector': too few template arguments
C:\Program Files (x86)\Microsoft Visual Studio\2019\BuildTools\VC\Tools\MSVC\14.29.30133\include\vector(430): note: see declaration of 'std::vector'
P:\Development\personal\games\NextGenGameEngine\tests\unit\test_pipeline_layout_compat.cpp(88): error C2065: 'u32': undeclared identifier
P:\Development\personal\games\NextGenGameEngine\tests\unit\test_pipeline_layout_compat.cpp(88): error C2146: syntax error: missing ';' before identifier 'a'
P:\Development\personal\games\NextGenGameEngine\tests\unit\test_pipeline_layout_compat.cpp(88): error C2065: 'a': undeclared identifier
P:\Development\personal\games\NextGenGameEngine\tests\unit\test_pipeline_layout_compat.cpp(88): error C2664: 'nge::u32 nge::rhi::PipelineLayoutCompatChecker::RegisterLayout(const std::vector<size_t,std::allocator<size_t>> &,const std::vector<nge::rhi::PushConstantRange,std::allocator<nge::rhi::PushConstantRange>> &,const std::string &)': cannot convert argument 1 from 'std::vector<int,std::allocator<int>>' to 'const std::vector<size_t,std::allocator<size_t>> &'
P:\Development\personal\games\NextGenGameEngine\tests\unit\test_pipeline_layout_compat.cpp(88): note: Reason: cannot convert from 'std::vector<int,std::allocator<int>>' to 'const std::vector<size_t,std::allocator<size_t>>'
P:\Development\personal\games\NextGenGameEngine\tests\unit\test_pipeline_layout_compat.cpp(88): note: No user-defined-conversion operator available that can perform this conversion, or the operator cannot be called
P:\Development\personal\games\NextGenGameEngine\engine/rhi/common/rhi_pipeline_layout_compat.h(76): note: see declaration of 'nge::rhi::PipelineLayoutCompatChecker::RegisterLayout'
P:\Development\personal\games\NextGenGameEngine\tests\unit\test_pipeline_layout_compat.cpp(89): error C2065: 'u32': undeclared identifier
P:\Development\personal\games\NextGenGameEngine\tests\unit\test_pipeline_layout_compat.cpp(89): error C2146: syntax error: missing ';' before identifier 'b'
P:\Development\personal\games\NextGenGameEngine\tests\unit\test_pipeline_layout_compat.cpp(89): error C2065: 'b': undeclared identifier
P:\Development\personal\games\NextGenGameEngine\tests\unit\test_pipeline_layout_compat.cpp(89): error C2664: 'nge::u32 nge::rhi::PipelineLayoutCompatChecker::RegisterLayout(const std::vector<size_t,std::allocator<size_t>> &,const std::vector<nge::rhi::PushConstantRange,std::allocator<nge::rhi::PushConstantRange>> &,const std::string &)': cannot convert argument 1 from 'std::vector<int,std::allocator<int>>' to 'const std::vector<size_t,std::allocator<size_t>> &'
P:\Development\personal\games\NextGenGameEngine\tests\unit\test_pipeline_layout_compat.cpp(89): note: Reason: cannot convert from 'std::vector<int,std::allocator<int>>' to 'const std::vector<size_t,std::allocator<size_t>>'
P:\Development\personal\games\NextGenGameEngine\tests\unit\test_pipeline_layout_compat.cpp(89): note: No user-defined-conversion operator available that can perform this conversion, or the operator cannot be called
P:\Development\personal\games\NextGenGameEngine\engine/rhi/common/rhi_pipeline_layout_compat.h(76): note: see declaration of 'nge::rhi::PipelineLayoutCompatChecker::RegisterLayout'
P:\Development\personal\games\NextGenGameEngine\tests\unit\test_pipeline_layout_compat.cpp(92): error C2065: 'a': undeclared identifier
P:\Development\personal\games\NextGenGameEngine\tests\unit\test_pipeline_layout_compat.cpp(92): error C2065: 'b': undeclared identifier
P:\Development\personal\games\NextGenGameEngine\tests\unit\test_pipeline_layout_compat.cpp(92): error C2512: 'testing::AssertionResult': no appropriate default constructor available
P:\Development\personal\games\NextGenGameEngine\tests\unit\test_pipeline_layout_compat.cpp(92): note: No constructor could take the source type, or constructor overload resolution was ambiguous
P:\Development\personal\games\NextGenGameEngine\tests\unit\test_pipeline_layout_compat.cpp(92): error C2737: 'gtest_ar_': const object must be initialized
P:\Development\personal\games\NextGenGameEngine\tests\unit\test_pipeline_layout_compat.cpp(103): error C2065: 'u64': undeclared identifier
P:\Development\personal\games\NextGenGameEngine\tests\unit\test_pipeline_layout_compat.cpp(103): error C2923: 'std::vector': 'u64' is not a valid template type argument for parameter '_Ty'
P:\Development\personal\games\NextGenGameEngine\tests\unit\test_pipeline_layout_compat.cpp(103): note: see declaration of 'u64'
P:\Development\personal\games\NextGenGameEngine\tests\unit\test_pipeline_layout_compat.cpp(103): error C2976: 'std::vector': too few template arguments
C:\Program Files (x86)\Microsoft Visual Studio\2019\BuildTools\VC\Tools\MSVC\14.29.30133\include\vector(430): note: see declaration of 'std::vector'
P:\Development\personal\games\NextGenGameEngine\tests\unit\test_pipeline_layout_compat.cpp(104): error C2065: 'u32': undeclared identifier
P:\Development\personal\games\NextGenGameEngine\tests\unit\test_pipeline_layout_compat.cpp(104): error C2146: syntax error: missing ';' before identifier 'id'
P:\Development\personal\games\NextGenGameEngine\tests\unit\test_pipeline_layout_compat.cpp(104): error C2065: 'id': undeclared identifier
P:\Development\personal\games\NextGenGameEngine\tests\unit\test_pipeline_layout_compat.cpp(104): error C2664: 'nge::u32 nge::rhi::PipelineLayoutCompatChecker::RegisterLayout(const std::vector<size_t,std::allocator<size_t>> &,const std::vector<nge::rhi::PushConstantRange,std::allocator<nge::rhi::PushConstantRange>> &,const std::string &)': cannot convert argument 1 from 'std::vector<int,std::allocator<int>>' to 'const std::vector<size_t,std::allocator<size_t>> &'
P:\Development\personal\games\NextGenGameEngine\tests\unit\test_pipeline_layout_compat.cpp(104): note: Reason: cannot convert from 'std::vector<int,std::allocator<int>>' to 'const std::vector<size_t,std::allocator<size_t>>'
P:\Development\personal\games\NextGenGameEngine\tests\unit\test_pipeline_layout_compat.cpp(104): note: No user-defined-conversion operator available that can perform this conversion, or the operator cannot be called
P:\Development\personal\games\NextGenGameEngine\engine/rhi/common/rhi_pipeline_layout_compat.h(76): note: see declaration of 'nge::rhi::PipelineLayoutCompatChecker::RegisterLayout'
P:\Development\personal\games\NextGenGameEngine\tests\unit\test_pipeline_layout_compat.cpp(106): error C2065: 'id': undeclared identifier
P:\Development\personal\games\NextGenGameEngine\tests\unit\test_pipeline_layout_compat.cpp(106): fatal error C1003: error count exceeds 100; stopping compilation
[264/297] Building CXX object tests\CMakeFiles\EngineTests.dir\Debug\unit\test_pso_dedup_cache.cpp.obj
FAILED: [code=2] tests/CMakeFiles/EngineTests.dir/Debug/unit/test_pso_dedup_cache.cpp.obj 
C:\PROGRA~2\MICROS~2\2019\BUILDT~1\VC\Tools\MSVC\1429~1.301\bin\Hostx64\x64\cl.exe  /nologo /TP -DFMT_SHARED -DGTEST_LINKED_AS_SHARED_LIBRARY=1 -DNGE_DEBUG=1 -DNGE_ENABLE_ASSERTS=1 -DNGE_ENABLE_MEMORY_TRACKING=1 -DNGE_ENABLE_VULKAN=1 -DNGE_PLATFORM_WINDOWS=1 -DNOMINMAX -DSPDLOG_COMPILED_LIB -DSPDLOG_FMT_EXTERNAL -DSPDLOG_SHARED_LIB -DWIN32_LEAN_AND_MEAN -D_CRT_SECURE_NO_WARNINGS -DCMAKE_INTDIR=\"Debug\" -IP:\Development\personal\games\NextGenGameEngine\engine -IP:\Development\personal\games\NextGenGameEngine\engine\.. -external:IP:\Development\personal\games\NextGenGameEngine\build\vcpkg_installed\x64-windows\include -external:IC:\VulkanSDK\1.4.341.1\include -external:W0 /DWIN32 /D_WINDOWS /EHsc /Zi /Ob0 /Od /RTC1 -std:c++20 -MDd /W4 /permissive- /Zc:__cplusplus /MP /fp:fast /arch:AVX2 /wd4251 /wd4275 /utf-8 /showIncludes /Fotests\CMakeFiles\EngineTests.dir\Debug\unit\test_pso_dedup_cache.cpp.obj /Fdtests\CMakeFiles\EngineTests.dir\Debug\ /FS -c P:\Development\personal\games\NextGenGameEngine\tests\unit\test_pso_dedup_cache.cpp
P:\Development\personal\games\NextGenGameEngine\tests\unit\test_pso_dedup_cache.cpp(6): error C2065: 'u64': undeclared identifier
P:\Development\personal\games\NextGenGameEngine\tests\unit\test_pso_dedup_cache.cpp(6): error C2146: syntax error: missing ')' before identifier 'hash'
P:\Development\personal\games\NextGenGameEngine\tests\unit\test_pso_dedup_cache.cpp(6): error C2143: syntax error: missing ';' before '{'
P:\Development\personal\games\NextGenGameEngine\tests\unit\test_pso_dedup_cache.cpp(6): error C2447: '{': missing function header (old-style formal list?)
P:\Development\personal\games\NextGenGameEngine\tests\unit\test_pso_dedup_cache.cpp(26): error C2064: term does not evaluate to a function taking 1 arguments
P:\Development\personal\games\NextGenGameEngine\tests\unit\test_pso_dedup_cache.cpp(27): error C3536: 'key': cannot be used before it is initialized
P:\Development\personal\games\NextGenGameEngine\tests\unit\test_pso_dedup_cache.cpp(27): error C2664: 'void nge::rhi::PSODedupCache::Insert(const nge::rhi::PSOKey &,nge::u64,nge::u64,nge::u64,const std::string &)': cannot convert argument 1 from 'int' to 'const nge::rhi::PSOKey &'
P:\Development\personal\games\NextGenGameEngine\tests\unit\test_pso_dedup_cache.cpp(27): note: Reason: cannot convert from 'int' to 'const nge::rhi::PSOKey'
P:\Development\personal\games\NextGenGameEngine\tests\unit\test_pso_dedup_cache.cpp(27): note: No constructor could take the source type, or constructor overload resolution was ambiguous
P:\Development\personal\games\NextGenGameEngine\engine/rhi/common/rhi_pso_dedup_cache.h(88): note: see declaration of 'nge::rhi::PSODedupCache::Insert'
P:\Development\personal\games\NextGenGameEngine\tests\unit\test_pso_dedup_cache.cpp(31): error C2065: 'u64': undeclared identifier
P:\Development\personal\games\NextGenGameEngine\tests\unit\test_pso_dedup_cache.cpp(31): error C2146: syntax error: missing ';' before identifier 'handle'
P:\Development\personal\games\NextGenGameEngine\tests\unit\test_pso_dedup_cache.cpp(31): error C2065: 'handle': undeclared identifier
P:\Development\personal\games\NextGenGameEngine\tests\unit\test_pso_dedup_cache.cpp(31): error C2664: 'nge::u64 nge::rhi::PSODedupCache::Lookup(const nge::rhi::PSOKey &)': cannot convert argument 1 from 'int' to 'const nge::rhi::PSOKey &'
P:\Development\personal\games\NextGenGameEngine\tests\unit\test_pso_dedup_cache.cpp(31): note: Reason: cannot convert from 'int' to 'const nge::rhi::PSOKey'
P:\Development\personal\games\NextGenGameEngine\tests\unit\test_pso_dedup_cache.cpp(31): note: No constructor could take the source type, or constructor overload resolution was ambiguous
P:\Development\personal\games\NextGenGameEngine\engine/rhi/common/rhi_pso_dedup_cache.h(85): note: see declaration of 'nge::rhi::PSODedupCache::Lookup'
P:\Development\personal\games\NextGenGameEngine\tests\unit\test_pso_dedup_cache.cpp(32): error C2065: 'handle': undeclared identifier
P:\Development\personal\games\NextGenGameEngine\tests\unit\test_pso_dedup_cache.cpp(32): error C2737: 'gtest_ar': const object must be initialized
P:\Development\personal\games\NextGenGameEngine\tests\unit\test_pso_dedup_cache.cpp(45): error C2065: 'u64': undeclared identifier
P:\Development\personal\games\NextGenGameEngine\tests\unit\test_pso_dedup_cache.cpp(45): error C2146: syntax error: missing ';' before identifier 'handle'
P:\Development\personal\games\NextGenGameEngine\tests\unit\test_pso_dedup_cache.cpp(45): error C2065: 'handle': undeclared identifier
P:\Development\personal\games\NextGenGameEngine\tests\unit\test_pso_dedup_cache.cpp(45): error C2064: term does not evaluate to a function taking 1 arguments
P:\Development\personal\games\NextGenGameEngine\tests\unit\test_pso_dedup_cache.cpp(46): error C2065: 'handle': undeclared identifier
P:\Development\personal\games\NextGenGameEngine\tests\unit\test_pso_dedup_cache.cpp(46): error C2737: 'gtest_ar': const object must be initialized
P:\Development\personal\games\NextGenGameEngine\tests\unit\test_pso_dedup_cache.cpp(59): error C2064: term does not evaluate to a function taking 1 arguments
P:\Development\personal\games\NextGenGameEngine\tests\unit\test_pso_dedup_cache.cpp(60): error C3536: 'key': cannot be used before it is initialized
P:\Development\personal\games\NextGenGameEngine\tests\unit\test_pso_dedup_cache.cpp(60): error C2664: 'void nge::rhi::PSODedupCache::Insert(const nge::rhi::PSOKey &,nge::u64,nge::u64,nge::u64,const std::string &)': cannot convert argument 1 from 'int' to 'const nge::rhi::PSOKey &'
P:\Development\personal\games\NextGenGameEngine\tests\unit\test_pso_dedup_cache.cpp(60): note: Reason: cannot convert from 'int' to 'const nge::rhi::PSOKey'
P:\Development\personal\games\NextGenGameEngine\tests\unit\test_pso_dedup_cache.cpp(60): note: No constructor could take the source type, or constructor overload resolution was ambiguous
P:\Development\personal\games\NextGenGameEngine\engine/rhi/common/rhi_pso_dedup_cache.h(88): note: see declaration of 'nge::rhi::PSODedupCache::Insert'
P:\Development\personal\games\NextGenGameEngine\tests\unit\test_pso_dedup_cache.cpp(62): error C2664: 'bool nge::rhi::PSODedupCache::Contains(const nge::rhi::PSOKey &) const': cannot convert argument 1 from 'int' to 'const nge::rhi::PSOKey &'
P:\Development\personal\games\NextGenGameEngine\tests\unit\test_pso_dedup_cache.cpp(62): note: Reason: cannot convert from 'int' to 'const nge::rhi::PSOKey'
P:\Development\personal\games\NextGenGameEngine\tests\unit\test_pso_dedup_cache.cpp(62): note: No constructor could take the source type, or constructor overload resolution was ambiguous
P:\Development\personal\games\NextGenGameEngine\engine/rhi/common/rhi_pso_dedup_cache.h(95): note: see declaration of 'nge::rhi::PSODedupCache::Contains'
P:\Development\personal\games\NextGenGameEngine\tests\unit\test_pso_dedup_cache.cpp(62): error C2512: 'testing::AssertionResult': no appropriate default constructor available
P:\Development\personal\games\NextGenGameEngine\tests\unit\test_pso_dedup_cache.cpp(62): note: No constructor could take the source type, or constructor overload resolution was ambiguous
P:\Development\personal\games\NextGenGameEngine\tests\unit\test_pso_dedup_cache.cpp(62): error C2737: 'gtest_ar_': const object must be initialized
P:\Development\personal\games\NextGenGameEngine\tests\unit\test_pso_dedup_cache.cpp(63): error C2064: term does not evaluate to a function taking 1 arguments
P:\Development\personal\games\NextGenGameEngine\tests\unit\test_pso_dedup_cache.cpp(63): error C2512: 'testing::AssertionResult': no appropriate default constructor available
P:\Development\personal\games\NextGenGameEngine\tests\unit\test_pso_dedup_cache.cpp(63): note: No constructor could take the source type, or constructor overload resolution was ambiguous
P:\Development\personal\games\NextGenGameEngine\tests\unit\test_pso_dedup_cache.cpp(63): error C2737: 'gtest_ar_': const object must be initialized
P:\Development\personal\games\NextGenGameEngine\tests\unit\test_pso_dedup_cache.cpp(76): error C2064: term does not evaluate to a function taking 1 arguments
P:\Development\personal\games\NextGenGameEngine\tests\unit\test_pso_dedup_cache.cpp(77): error C3536: 'key': cannot be used before it is initialized
P:\Development\personal\games\NextGenGameEngine\tests\unit\test_pso_dedup_cache.cpp(77): error C2664: 'void nge::rhi::PSODedupCache::Insert(const nge::rhi::PSOKey &,nge::u64,nge::u64,nge::u64,const std::string &)': cannot convert argument 1 from 'int' to 'const nge::rhi::PSOKey &'
P:\Development\personal\games\NextGenGameEngine\tests\unit\test_pso_dedup_cache.cpp(77): note: Reason: cannot convert from 'int' to 'const nge::rhi::PSOKey'
P:\Development\personal\games\NextGenGameEngine\tests\unit\test_pso_dedup_cache.cpp(77): note: No constructor could take the source type, or constructor overload resolution was ambiguous
P:\Development\personal\games\NextGenGameEngine\engine/rhi/common/rhi_pso_dedup_cache.h(88): note: see declaration of 'nge::rhi::PSODedupCache::Insert'
P:\Development\personal\games\NextGenGameEngine\tests\unit\test_pso_dedup_cache.cpp(78): error C2664: 'void nge::rhi::PSODedupCache::Insert(const nge::rhi::PSOKey &,nge::u64,nge::u64,nge::u64,const std::string &)': cannot convert argument 1 from 'int' to 'const nge::rhi::PSOKey &'
P:\Development\personal\games\NextGenGameEngine\tests\unit\test_pso_dedup_cache.cpp(78): note: Reason: cannot convert from 'int' to 'const nge::rhi::PSOKey'
P:\Development\personal\games\NextGenGameEngine\tests\unit\test_pso_dedup_cache.cpp(78): note: No constructor could take the source type, or constructor overload resolution was ambiguous
P:\Development\personal\games\NextGenGameEngine\engine/rhi/common/rhi_pso_dedup_cache.h(88): note: see declaration of 'nge::rhi::PSODedupCache::Insert'
P:\Development\personal\games\NextGenGameEngine\tests\unit\test_pso_dedup_cache.cpp(81): error C2664: 'nge::u64 nge::rhi::PSODedupCache::Lookup(const nge::rhi::PSOKey &)': cannot convert argument 1 from 'int' to 'const nge::rhi::PSOKey &'
P:\Development\personal\games\NextGenGameEngine\tests\unit\test_pso_dedup_cache.cpp(81): note: Reason: cannot convert from 'int' to 'const nge::rhi::PSOKey'
P:\Development\personal\games\NextGenGameEngine\tests\unit\test_pso_dedup_cache.cpp(81): note: No constructor could take the source type, or constructor overload resolution was ambiguous
P:\Development\personal\games\NextGenGameEngine\engine/rhi/common/rhi_pso_dedup_cache.h(85): note: see declaration of 'nge::rhi::PSODedupCache::Lookup'
P:\Development\personal\games\NextGenGameEngine\tests\unit\test_pso_dedup_cache.cpp(81): error C2660: 'testing::internal::EqHelper::Compare': function does not take 3 arguments
P:\Development\personal\games\NextGenGameEngine\build\vcpkg_installed\x64-windows\include\gtest/gtest.h(1422): note: see declaration of 'testing::internal::EqHelper::Compare'
P:\Development\personal\games\NextGenGameEngine\tests\unit\test_pso_dedup_cache.cpp(81): error C2737: 'gtest_ar': const object must be initialized
P:\Development\personal\games\NextGenGameEngine\tests\unit\test_pso_dedup_cache.cpp(90): error C2064: term does not evaluate to a function taking 1 arguments
P:\Development\personal\games\NextGenGameEngine\tests\unit\test_pso_dedup_cache.cpp(93): error C2065: 'u64': undeclared identifier
P:\Development\personal\games\NextGenGameEngine\tests\unit\test_pso_dedup_cache.cpp(93): error C2146: syntax error: missing ';' before identifier 'handle'
P:\Development\personal\games\NextGenGameEngine\tests\unit\test_pso_dedup_cache.cpp(93): error C2065: 'handle': undeclared identifier
P:\Development\personal\games\NextGenGameEngine\tests\unit\test_pso_dedup_cache.cpp(93): error C3536: 'key': cannot be used before it is initialized
P:\Development\personal\games\NextGenGameEngine\tests\unit\test_pso_dedup_cache.cpp(93): error C2664: 'nge::u64 nge::rhi::PSODedupCache::LookupOrReserve(const nge::rhi::PSOKey &,bool &)': cannot convert argument 1 from 'int' to 'const nge::rhi::PSOKey &'
P:\Development\personal\games\NextGenGameEngine\tests\unit\test_pso_dedup_cache.cpp(93): note: Reason: cannot convert from 'int' to 'const nge::rhi::PSOKey'
P:\Development\personal\games\NextGenGameEngine\tests\unit\test_pso_dedup_cache.cpp(93): note: No constructor could take the source type, or constructor overload resolution was ambiguous
P:\Development\personal\games\NextGenGameEngine\engine/rhi/common/rhi_pso_dedup_cache.h(92): note: see declaration of 'nge::rhi::PSODedupCache::LookupOrReserve'
P:\Development\personal\games\NextGenGameEngine\tests\unit\test_pso_dedup_cache.cpp(94): error C2065: 'handle': undeclared identifier
P:\Development\personal\games\NextGenGameEngine\tests\unit\test_pso_dedup_cache.cpp(94): error C2737: 'gtest_ar': const object must be initialized
P:\Development\personal\games\NextGenGameEngine\tests\unit\test_pso_dedup_cache.cpp(97): error C2664: 'void nge::rhi::PSODedupCache::Insert(const nge::rhi::PSOKey &,nge::u64,nge::u64,nge::u64,const std::string &)': cannot convert argument 1 from 'int' to 'const nge::rhi::PSOKey &'
P:\Development\personal\games\NextGenGameEngine\tests\unit\test_pso_dedup_cache.cpp(97): note: Reason: cannot convert from 'int' to 'const nge::rhi::PSOKey'
P:\Development\personal\games\NextGenGameEngine\tests\unit\test_pso_dedup_cache.cpp(97): note: No constructor could take the source type, or constructor overload resolution was ambiguous
P:\Development\personal\games\NextGenGameEngine\engine/rhi/common/rhi_pso_dedup_cache.h(88): note: see declaration of 'nge::rhi::PSODedupCache::Insert'
P:\Development\personal\games\NextGenGameEngine\tests\unit\test_pso_dedup_cache.cpp(99): error C2065: 'handle': undeclared identifier
P:\Development\personal\games\NextGenGameEngine\tests\unit\test_pso_dedup_cache.cpp(99): error C2664: 'nge::u64 nge::rhi::PSODedupCache::LookupOrReserve(const nge::rhi::PSOKey &,bool &)': cannot convert argument 1 from 'int' to 'const nge::rhi::PSOKey &'
P:\Development\personal\games\NextGenGameEngine\tests\unit\test_pso_dedup_cache.cpp(99): note: Reason: cannot convert from 'int' to 'const nge::rhi::PSOKey'
P:\Development\personal\games\NextGenGameEngine\tests\unit\test_pso_dedup_cache.cpp(99): note: No constructor could take the source type, or constructor overload resolution was ambiguous
P:\Development\personal\games\NextGenGameEngine\engine/rhi/common/rhi_pso_dedup_cache.h(92): note: see declaration of 'nge::rhi::PSODedupCache::LookupOrReserve'
P:\Development\personal\games\NextGenGameEngine\tests\unit\test_pso_dedup_cache.cpp(100): error C2065: 'handle': undeclared identifier
P:\Development\personal\games\NextGenGameEngine\tests\unit\test_pso_dedup_cache.cpp(100): error C2737: 'gtest_ar': const object must be initialized
P:\Development\personal\games\NextGenGameEngine\tests\unit\test_pso_dedup_cache.cpp(110): error C2064: term does not evaluate to a function taking 1 arguments
P:\Development\personal\games\NextGenGameEngine\tests\unit\test_pso_dedup_cache.cpp(111): error C3536: 'key': cannot be used before it is initialized
P:\Development\personal\games\NextGenGameEngine\tests\unit\test_pso_dedup_cache.cpp(111): error C2664: 'void nge::rhi::PSODedupCache::Insert(const nge::rhi::PSOKey &,nge::u64,nge::u64,nge::u64,const std::string &)': cannot convert argument 1 from 'int' to 'const nge::rhi::PSOKey &'
P:\Development\personal\games\NextGenGameEngine\tests\unit\test_pso_dedup_cache.cpp(111): note: Reason: cannot convert from 'int' to 'const nge::rhi::PSOKey'
P:\Development\personal\games\NextGenGameEngine\tests\unit\test_pso_dedup_cache.cpp(111): note: No constructor could take the source type, or constructor overload resolution was ambiguous
P:\Development\personal\games\NextGenGameEngine\engine/rhi/common/rhi_pso_dedup_cache.h(88): note: see declaration of 'nge::rhi::PSODedupCache::Insert'
P:\Development\personal\games\NextGenGameEngine\tests\unit\test_pso_dedup_cache.cpp(112): error C2664: 'bool nge::rhi::PSODedupCache::Contains(const nge::rhi::PSOKey &) const': cannot convert argument 1 from 'int' to 'const nge::rhi::PSOKey &'
P:\Development\personal\games\NextGenGameEngine\tests\unit\test_pso_dedup_cache.cpp(112): note: Reason: cannot convert from 'int' to 'const nge::rhi::PSOKey'
P:\Development\personal\games\NextGenGameEngine\tests\unit\test_pso_dedup_cache.cpp(112): note: No constructor could take the source type, or constructor overload resolution was ambiguous
P:\Development\personal\games\NextGenGameEngine\engine/rhi/common/rhi_pso_dedup_cache.h(95): note: see declaration of 'nge::rhi::PSODedupCache::Contains'
P:\Development\personal\games\NextGenGameEngine\tests\unit\test_pso_dedup_cache.cpp(112): error C2512: 'testing::AssertionResult': no appropriate default constructor available
P:\Development\personal\games\NextGenGameEngine\tests\unit\test_pso_dedup_cache.cpp(112): note: No constructor could take the source type, or constructor overload resolution was ambiguous
P:\Development\personal\games\NextGenGameEngine\tests\unit\test_pso_dedup_cache.cpp(112): error C2737: 'gtest_ar_': const object must be initialized
P:\Development\personal\games\NextGenGameEngine\tests\unit\test_pso_dedup_cache.cpp(114): error C2664: 'bool nge::rhi::PSODedupCache::Remove(const nge::rhi::PSOKey &)': cannot convert argument 1 from 'int' to 'const nge::rhi::PSOKey &'
P:\Development\personal\games\NextGenGameEngine\tests\unit\test_pso_dedup_cache.cpp(114): note: Reason: cannot convert from 'int' to 'const nge::rhi::PSOKey'
P:\Development\personal\games\NextGenGameEngine\tests\unit\test_pso_dedup_cache.cpp(114): note: No constructor could take the source type, or constructor overload resolution was ambiguous
P:\Development\personal\games\NextGenGameEngine\engine/rhi/common/rhi_pso_dedup_cache.h(98): note: see declaration of 'nge::rhi::PSODedupCache::Remove'
P:\Development\personal\games\NextGenGameEngine\tests\unit\test_pso_dedup_cache.cpp(114): error C2512: 'testing::AssertionResult': no appropriate default constructor available
P:\Development\personal\games\NextGenGameEngine\tests\unit\test_pso_dedup_cache.cpp(114): note: No constructor could take the source type, or constructor overload resolution was ambiguous
P:\Development\personal\games\NextGenGameEngine\tests\unit\test_pso_dedup_cache.cpp(114): error C2737: 'gtest_ar_': const object must be initialized
P:\Development\personal\games\NextGenGameEngine\tests\unit\test_pso_dedup_cache.cpp(115): error C2664: 'bool nge::rhi::PSODedupCache::Contains(const nge::rhi::PSOKey &) const': cannot convert argument 1 from 'int' to 'const nge::rhi::PSOKey &'
P:\Development\personal\games\NextGenGameEngine\tests\unit\test_pso_dedup_cache.cpp(115): note: Reason: cannot convert from 'int' to 'const nge::rhi::PSOKey'
P:\Development\personal\games\NextGenGameEngine\tests\unit\test_pso_dedup_cache.cpp(115): note: No constructor could take the source type, or constructor overload resolution was ambiguous
P:\Development\personal\games\NextGenGameEngine\engine/rhi/common/rhi_pso_dedup_cache.h(95): note: see declaration of 'nge::rhi::PSODedupCache::Contains'
P:\Development\personal\games\NextGenGameEngine\tests\unit\test_pso_dedup_cache.cpp(115): error C2512: 'testing::AssertionResult': no appropriate default constructor available
P:\Development\personal\games\NextGenGameEngine\tests\unit\test_pso_dedup_cache.cpp(115): note: No constructor could take the source type, or constructor overload resolution was ambiguous
P:\Development\personal\games\NextGenGameEngine\tests\unit\test_pso_dedup_cache.cpp(115): error C2737: 'gtest_ar_': const object must be initialized
P:\Development\personal\games\NextGenGameEngine\tests\unit\test_pso_dedup_cache.cpp(119): error C2064: term does not evaluate to a function taking 1 arguments
P:\Development\personal\games\NextGenGameEngine\tests\unit\test_pso_dedup_cache.cpp(119): error C2512: 'testing::AssertionResult': no appropriate default constructor available
P:\Development\personal\games\NextGenGameEngine\tests\unit\test_pso_dedup_cache.cpp(119): note: No constructor could take the source type, or constructor overload resolution was ambiguous
P:\Development\personal\games\NextGenGameEngine\tests\unit\test_pso_dedup_cache.cpp(119): error C2737: 'gtest_ar_': const object must be initialized
P:\Development\personal\games\NextGenGameEngine\tests\unit\test_pso_dedup_cache.cpp(131): error C2064: term does not evaluate to a function taking 1 arguments
P:\Development\personal\games\NextGenGameEngine\tests\unit\test_pso_dedup_cache.cpp(132): error C2064: term does not evaluate to a function taking 1 arguments
P:\Development\personal\games\NextGenGameEngine\tests\unit\test_pso_dedup_cache.cpp(133): error C2064: term does not evaluate to a function taking 1 arguments
P:\Development\personal\games\NextGenGameEngine\tests\unit\test_pso_dedup_cache.cpp(137): error C2064: term does not evaluate to a function taking 1 arguments
P:\Development\personal\games\NextGenGameEngine\tests\unit\test_pso_dedup_cache.cpp(140): error C2064: term does not evaluate to a function taking 1 arguments
P:\Development\personal\games\NextGenGameEngine\tests\unit\test_pso_dedup_cache.cpp(140): error C2512: 'testing::AssertionResult': no appropriate default constructor available
P:\Development\personal\games\NextGenGameEngine\tests\unit\test_pso_dedup_cache.cpp(140): note: No constructor could take the source type, or constructor overload resolution was ambiguous
P:\Development\personal\games\NextGenGameEngine\tests\unit\test_pso_dedup_cache.cpp(140): error C2737: 'gtest_ar_': const object must be initialized
P:\Development\personal\games\NextGenGameEngine\tests\unit\test_pso_dedup_cache.cpp(141): error C2064: term does not evaluate to a function taking 1 arguments
P:\Development\personal\games\NextGenGameEngine\tests\unit\test_pso_dedup_cache.cpp(141): error C2512: 'testing::AssertionResult': no appropriate default constructor available
P:\Development\personal\games\NextGenGameEngine\tests\unit\test_pso_dedup_cache.cpp(141): note: No constructor could take the source type, or constructor overload resolution was ambiguous
P:\Development\personal\games\NextGenGameEngine\tests\unit\test_pso_dedup_cache.cpp(141): error C2737: 'gtest_ar_': const object must be initialized
P:\Development\personal\games\NextGenGameEngine\tests\unit\test_pso_dedup_cache.cpp(142): error C2064: term does not evaluate to a function taking 1 arguments
P:\Development\personal\games\NextGenGameEngine\tests\unit\test_pso_dedup_cache.cpp(142): error C2512: 'testing::AssertionResult': no appropriate default constructor available
P:\Development\personal\games\NextGenGameEngine\tests\unit\test_pso_dedup_cache.cpp(142): note: No constructor could take the source type, or constructor overload resolution was ambiguous
P:\Development\personal\games\NextGenGameEngine\tests\unit\test_pso_dedup_cache.cpp(142): error C2737: 'gtest_ar_': const object must be initialized
P:\Development\personal\games\NextGenGameEngine\tests\unit\test_pso_dedup_cache.cpp(143): error C2064: term does not evaluate to a function taking 1 arguments
P:\Development\personal\games\NextGenGameEngine\tests\unit\test_pso_dedup_cache.cpp(143): error C2512: 'testing::AssertionResult': no appropriate default constructor available
P:\Development\personal\games\NextGenGameEngine\tests\unit\test_pso_dedup_cache.cpp(143): note: No constructor could take the source type, or constructor overload resolution was ambiguous
P:\Development\personal\games\NextGenGameEngine\tests\unit\test_pso_dedup_cache.cpp(143): error C2737: 'gtest_ar_': const object must be initialized
P:\Development\personal\games\NextGenGameEngine\tests\unit\test_pso_dedup_cache.cpp(158): error C2064: term does not evaluate to a function taking 1 arguments
P:\Development\personal\games\NextGenGameEngine\tests\unit\test_pso_dedup_cache.cpp(159): error C2064: term does not evaluate to a function taking 1 arguments
P:\Development\personal\games\NextGenGameEngine\tests\unit\test_pso_dedup_cache.cpp(160): error C2064: term does not evaluate to a function taking 1 arguments
P:\Development\personal\games\NextGenGameEngine\tests\unit\test_pso_dedup_cache.cpp(163): error C2064: term does not evaluate to a function taking 1 arguments
P:\Development\personal\games\NextGenGameEngine\tests\unit\test_pso_dedup_cache.cpp(166): error C2064: term does not evaluate to a function taking 1 arguments
P:\Development\personal\games\NextGenGameEngine\tests\unit\test_pso_dedup_cache.cpp(168): error C2064: term does not evaluate to a function taking 1 arguments
P:\Development\personal\games\NextGenGameEngine\tests\unit\test_pso_dedup_cache.cpp(168): error C2512: 'testing::AssertionResult': no appropriate default constructor available
P:\Development\personal\games\NextGenGameEngine\tests\unit\test_pso_dedup_cache.cpp(168): note: No constructor could take the source type, or constructor overload resolution was ambiguous
P:\Development\personal\games\NextGenGameEngine\tests\unit\test_pso_dedup_cache.cpp(168): error C2737: 'gtest_ar_': const object must be initialized
P:\Development\personal\games\NextGenGameEngine\tests\unit\test_pso_dedup_cache.cpp(169): error C2064: term does not evaluate to a function taking 1 arguments
P:\Development\personal\games\NextGenGameEngine\tests\unit\test_pso_dedup_cache.cpp(169): error C2512: 'testing::AssertionResult': no appropriate default constructor available
P:\Development\personal\games\NextGenGameEngine\tests\unit\test_pso_dedup_cache.cpp(169): note: No constructor could take the source type, or constructor overload resolution was ambiguous
P:\Development\personal\games\NextGenGameEngine\tests\unit\test_pso_dedup_cache.cpp(169): error C2737: 'gtest_ar_': const object must be initialized
P:\Development\personal\games\NextGenGameEngine\tests\unit\test_pso_dedup_cache.cpp(170): error C2064: term does not evaluate to a function taking 1 arguments
P:\Development\personal\games\NextGenGameEngine\tests\unit\test_pso_dedup_cache.cpp(170): error C2512: 'testing::AssertionResult': no appropriate default constructor available
P:\Development\personal\games\NextGenGameEngine\tests\unit\test_pso_dedup_cache.cpp(170): note: No constructor could take the source type, or constructor overload resolution was ambiguous
P:\Development\personal\games\NextGenGameEngine\tests\unit\test_pso_dedup_cache.cpp(170): error C2737: 'gtest_ar_': const object must be initialized
P:\Development\personal\games\NextGenGameEngine\tests\unit\test_pso_dedup_cache.cpp(171): error C2064: term does not evaluate to a function taking 1 arguments
P:\Development\personal\games\NextGenGameEngine\tests\unit\test_pso_dedup_cache.cpp(171): error C2512: 'testing::AssertionResult': no appropriate default constructor available
P:\Development\personal\games\NextGenGameEngine\tests\unit\test_pso_dedup_cache.cpp(171): note: No constructor could take the source type, or constructor overload resolution was ambiguous
P:\Development\personal\games\NextGenGameEngine\tests\unit\test_pso_dedup_cache.cpp(171): error C2737: 'gtest_ar_': const object must be initialized
P:\Development\personal\games\NextGenGameEngine\tests\unit\test_pso_dedup_cache.cpp(183): error C2064: term does not evaluate to a function taking 1 arguments
P:\Development\personal\games\NextGenGameEngine\tests\unit\test_pso_dedup_cache.cpp(184): error C2064: term does not evaluate to a function taking 1 arguments
P:\Development\personal\games\NextGenGameEngine\tests\unit\test_pso_dedup_cache.cpp(185): error C2064: term does not evaluate to a function taking 1 arguments
P:\Development\personal\games\NextGenGameEngine\tests\unit\test_pso_dedup_cache.cpp(188): error C2064: term does not evaluate to a function taking 1 arguments
P:\Development\personal\games\NextGenGameEngine\tests\unit\test_pso_dedup_cache.cpp(191): error C2064: term does not evaluate to a function taking 1 arguments
P:\Development\personal\games\NextGenGameEngine\tests\unit\test_pso_dedup_cache.cpp(191): fatal error C1003: error count exceeds 100; stopping compilation
[265/297] Building CXX object tests\CMakeFiles\EngineTests.dir\Debug\unit\test_pipeline_stats_aggregator.cpp.obj
FAILED: [code=2] tests/CMakeFiles/EngineTests.dir/Debug/unit/test_pipeline_stats_aggregator.cpp.obj 
C:\PROGRA~2\MICROS~2\2019\BUILDT~1\VC\Tools\MSVC\1429~1.301\bin\Hostx64\x64\cl.exe  /nologo /TP -DFMT_SHARED -DGTEST_LINKED_AS_SHARED_LIBRARY=1 -DNGE_DEBUG=1 -DNGE_ENABLE_ASSERTS=1 -DNGE_ENABLE_MEMORY_TRACKING=1 -DNGE_ENABLE_VULKAN=1 -DNGE_PLATFORM_WINDOWS=1 -DNOMINMAX -DSPDLOG_COMPILED_LIB -DSPDLOG_FMT_EXTERNAL -DSPDLOG_SHARED_LIB -DWIN32_LEAN_AND_MEAN -D_CRT_SECURE_NO_WARNINGS -DCMAKE_INTDIR=\"Debug\" -IP:\Development\personal\games\NextGenGameEngine\engine -IP:\Development\personal\games\NextGenGameEngine\engine\.. -external:IP:\Development\personal\games\NextGenGameEngine\build\vcpkg_installed\x64-windows\include -external:IC:\VulkanSDK\1.4.341.1\include -external:W0 /DWIN32 /D_WINDOWS /EHsc /Zi /Ob0 /Od /RTC1 -std:c++20 -MDd /W4 /permissive- /Zc:__cplusplus /MP /fp:fast /arch:AVX2 /wd4251 /wd4275 /utf-8 /showIncludes /Fotests\CMakeFiles\EngineTests.dir\Debug\unit\test_pipeline_stats_aggregator.cpp.obj /Fdtests\CMakeFiles\EngineTests.dir\Debug\ /FS -c P:\Development\personal\games\NextGenGameEngine\tests\unit\test_pipeline_stats_aggregator.cpp
P:\Development\personal\games\NextGenGameEngine\tests\unit\test_pipeline_stats_aggregator.cpp(7): error C2065: 'u64': undeclared identifier
P:\Development\personal\games\NextGenGameEngine\tests\unit\test_pipeline_stats_aggregator.cpp(7): error C2146: syntax error: missing ')' before identifier 'vtx'
P:\Development\personal\games\NextGenGameEngine\tests\unit\test_pipeline_stats_aggregator.cpp(7): error C2143: syntax error: missing ';' before '{'
P:\Development\personal\games\NextGenGameEngine\tests\unit\test_pipeline_stats_aggregator.cpp(7): error C2447: '{': missing function header (old-style formal list?)
P:\Development\personal\games\NextGenGameEngine\tests\unit\test_pipeline_stats_aggregator.cpp(30): error C2064: term does not evaluate to a function taking 2 arguments
P:\Development\personal\games\NextGenGameEngine\tests\unit\test_pipeline_stats_aggregator.cpp(30): error C2660: 'nge::rhi::PipelineStatsAggregator::RecordPass': function does not take 2 arguments
P:\Development\personal\games\NextGenGameEngine\engine/rhi/common/rhi_pipeline_stats_aggregator.h(75): note: see declaration of 'nge::rhi::PipelineStatsAggregator::RecordPass'
P:\Development\personal\games\NextGenGameEngine\tests\unit\test_pipeline_stats_aggregator.cpp(41): error C2064: term does not evaluate to a function taking 2 arguments
P:\Development\personal\games\NextGenGameEngine\tests\unit\test_pipeline_stats_aggregator.cpp(41): error C2660: 'nge::rhi::PipelineStatsAggregator::RecordPass': function does not take 2 arguments
P:\Development\personal\games\NextGenGameEngine\engine/rhi/common/rhi_pipeline_stats_aggregator.h(75): note: see declaration of 'nge::rhi::PipelineStatsAggregator::RecordPass'
P:\Development\personal\games\NextGenGameEngine\tests\unit\test_pipeline_stats_aggregator.cpp(42): error C2064: term does not evaluate to a function taking 2 arguments
P:\Development\personal\games\NextGenGameEngine\tests\unit\test_pipeline_stats_aggregator.cpp(42): error C2660: 'nge::rhi::PipelineStatsAggregator::RecordPass': function does not take 2 arguments
P:\Development\personal\games\NextGenGameEngine\engine/rhi/common/rhi_pipeline_stats_aggregator.h(75): note: see declaration of 'nge::rhi::PipelineStatsAggregator::RecordPass'
P:\Development\personal\games\NextGenGameEngine\tests\unit\test_pipeline_stats_aggregator.cpp(43): error C2064: term does not evaluate to a function taking 2 arguments
P:\Development\personal\games\NextGenGameEngine\tests\unit\test_pipeline_stats_aggregator.cpp(43): error C2660: 'nge::rhi::PipelineStatsAggregator::RecordPass': function does not take 2 arguments
P:\Development\personal\games\NextGenGameEngine\engine/rhi/common/rhi_pipeline_stats_aggregator.h(75): note: see declaration of 'nge::rhi::PipelineStatsAggregator::RecordPass'
P:\Development\personal\games\NextGenGameEngine\tests\unit\test_pipeline_stats_aggregator.cpp(54): error C2064: term does not evaluate to a function taking 2 arguments
P:\Development\personal\games\NextGenGameEngine\tests\unit\test_pipeline_stats_aggregator.cpp(54): error C2660: 'nge::rhi::PipelineStatsAggregator::RecordPass': function does not take 2 arguments
P:\Development\personal\games\NextGenGameEngine\engine/rhi/common/rhi_pipeline_stats_aggregator.h(75): note: see declaration of 'nge::rhi::PipelineStatsAggregator::RecordPass'
P:\Development\personal\games\NextGenGameEngine\tests\unit\test_pipeline_stats_aggregator.cpp(55): error C2064: term does not evaluate to a function taking 2 arguments
P:\Development\personal\games\NextGenGameEngine\tests\unit\test_pipeline_stats_aggregator.cpp(55): error C2660: 'nge::rhi::PipelineStatsAggregator::RecordPass': function does not take 2 arguments
P:\Development\personal\games\NextGenGameEngine\engine/rhi/common/rhi_pipeline_stats_aggregator.h(75): note: see declaration of 'nge::rhi::PipelineStatsAggregator::RecordPass'
P:\Development\personal\games\NextGenGameEngine\tests\unit\test_pipeline_stats_aggregator.cpp(78): error C2064: term does not evaluate to a function taking 2 arguments
P:\Development\personal\games\NextGenGameEngine\tests\unit\test_pipeline_stats_aggregator.cpp(78): error C2660: 'nge::rhi::PipelineStatsAggregator::RecordPass': function does not take 2 arguments
P:\Development\personal\games\NextGenGameEngine\engine/rhi/common/rhi_pipeline_stats_aggregator.h(75): note: see declaration of 'nge::rhi::PipelineStatsAggregator::RecordPass'
P:\Development\personal\games\NextGenGameEngine\tests\unit\test_pipeline_stats_aggregator.cpp(79): error C2064: term does not evaluate to a function taking 2 arguments
P:\Development\personal\games\NextGenGameEngine\tests\unit\test_pipeline_stats_aggregator.cpp(79): error C2660: 'nge::rhi::PipelineStatsAggregator::RecordPass': function does not take 2 arguments
P:\Development\personal\games\NextGenGameEngine\engine/rhi/common/rhi_pipeline_stats_aggregator.h(75): note: see declaration of 'nge::rhi::PipelineStatsAggregator::RecordPass'
P:\Development\personal\games\NextGenGameEngine\tests\unit\test_pipeline_stats_aggregator.cpp(95): error C2064: term does not evaluate to a function taking 2 arguments
P:\Development\personal\games\NextGenGameEngine\tests\unit\test_pipeline_stats_aggregator.cpp(95): error C2660: 'nge::rhi::PipelineStatsAggregator::RecordPass': function does not take 2 arguments
P:\Development\personal\games\NextGenGameEngine\engine/rhi/common/rhi_pipeline_stats_aggregator.h(75): note: see declaration of 'nge::rhi::PipelineStatsAggregator::RecordPass'
P:\Development\personal\games\NextGenGameEngine\tests\unit\test_pipeline_stats_aggregator.cpp(96): error C2064: term does not evaluate to a function taking 2 arguments
P:\Development\personal\games\NextGenGameEngine\tests\unit\test_pipeline_stats_aggregator.cpp(96): error C2660: 'nge::rhi::PipelineStatsAggregator::RecordPass': function does not take 2 arguments
P:\Development\personal\games\NextGenGameEngine\engine/rhi/common/rhi_pipeline_stats_aggregator.h(75): note: see declaration of 'nge::rhi::PipelineStatsAggregator::RecordPass'
P:\Development\personal\games\NextGenGameEngine\tests\unit\test_pipeline_stats_aggregator.cpp(97): error C2064: term does not evaluate to a function taking 2 arguments
P:\Development\personal\games\NextGenGameEngine\tests\unit\test_pipeline_stats_aggregator.cpp(97): error C2660: 'nge::rhi::PipelineStatsAggregator::RecordPass': function does not take 2 arguments
P:\Development\personal\games\NextGenGameEngine\engine/rhi/common/rhi_pipeline_stats_aggregator.h(75): note: see declaration of 'nge::rhi::PipelineStatsAggregator::RecordPass'
P:\Development\personal\games\NextGenGameEngine\tests\unit\test_pipeline_stats_aggregator.cpp(112): error C2064: term does not evaluate to a function taking 2 arguments
P:\Development\personal\games\NextGenGameEngine\tests\unit\test_pipeline_stats_aggregator.cpp(112): error C2660: 'nge::rhi::PipelineStatsAggregator::RecordPass': function does not take 2 arguments
P:\Development\personal\games\NextGenGameEngine\engine/rhi/common/rhi_pipeline_stats_aggregator.h(75): note: see declaration of 'nge::rhi::PipelineStatsAggregator::RecordPass'
P:\Development\personal\games\NextGenGameEngine\tests\unit\test_pipeline_stats_aggregator.cpp(113): error C2064: term does not evaluate to a function taking 2 arguments
P:\Development\personal\games\NextGenGameEngine\tests\unit\test_pipeline_stats_aggregator.cpp(113): error C2660: 'nge::rhi::PipelineStatsAggregator::RecordPass': function does not take 2 arguments
P:\Development\personal\games\NextGenGameEngine\engine/rhi/common/rhi_pipeline_stats_aggregator.h(75): note: see declaration of 'nge::rhi::PipelineStatsAggregator::RecordPass'
P:\Development\personal\games\NextGenGameEngine\tests\unit\test_pipeline_stats_aggregator.cpp(114): error C2064: term does not evaluate to a function taking 2 arguments
P:\Development\personal\games\NextGenGameEngine\tests\unit\test_pipeline_stats_aggregator.cpp(114): error C2660: 'nge::rhi::PipelineStatsAggregator::RecordPass': function does not take 2 arguments
P:\Development\personal\games\NextGenGameEngine\engine/rhi/common/rhi_pipeline_stats_aggregator.h(75): note: see declaration of 'nge::rhi::PipelineStatsAggregator::RecordPass'
P:\Development\personal\games\NextGenGameEngine\tests\unit\test_pipeline_stats_aggregator.cpp(127): error C2064: term does not evaluate to a function taking 2 arguments
P:\Development\personal\games\NextGenGameEngine\tests\unit\test_pipeline_stats_aggregator.cpp(127): error C2660: 'nge::rhi::PipelineStatsAggregator::RecordPass': function does not take 2 arguments
P:\Development\personal\games\NextGenGameEngine\engine/rhi/common/rhi_pipeline_stats_aggregator.h(75): note: see declaration of 'nge::rhi::PipelineStatsAggregator::RecordPass'
P:\Development\personal\games\NextGenGameEngine\tests\unit\test_pipeline_stats_aggregator.cpp(140): error C2064: term does not evaluate to a function taking 2 arguments
P:\Development\personal\games\NextGenGameEngine\tests\unit\test_pipeline_stats_aggregator.cpp(140): error C2660: 'nge::rhi::PipelineStatsAggregator::RecordPass': function does not take 2 arguments
P:\Development\personal\games\NextGenGameEngine\engine/rhi/common/rhi_pipeline_stats_aggregator.h(75): note: see declaration of 'nge::rhi::PipelineStatsAggregator::RecordPass'
P:\Development\personal\games\NextGenGameEngine\tests\unit\test_pipeline_stats_aggregator.cpp(153): error C2064: term does not evaluate to a function taking 2 arguments
P:\Development\personal\games\NextGenGameEngine\tests\unit\test_pipeline_stats_aggregator.cpp(153): error C2660: 'nge::rhi::PipelineStatsAggregator::RecordPass': function does not take 2 arguments
P:\Development\personal\games\NextGenGameEngine\engine/rhi/common/rhi_pipeline_stats_aggregator.h(75): note: see declaration of 'nge::rhi::PipelineStatsAggregator::RecordPass'
P:\Development\personal\games\NextGenGameEngine\tests\unit\test_pipeline_stats_aggregator.cpp(175): error C2064: term does not evaluate to a function taking 2 arguments
P:\Development\personal\games\NextGenGameEngine\tests\unit\test_pipeline_stats_aggregator.cpp(175): error C2660: 'nge::rhi::PipelineStatsAggregator::RecordPass': function does not take 2 arguments
P:\Development\personal\games\NextGenGameEngine\engine/rhi/common/rhi_pipeline_stats_aggregator.h(75): note: see declaration of 'nge::rhi::PipelineStatsAggregator::RecordPass'
P:\Development\personal\games\NextGenGameEngine\tests\unit\test_pipeline_stats_aggregator.cpp(176): error C2064: term does not evaluate to a function taking 2 arguments
P:\Development\personal\games\NextGenGameEngine\tests\unit\test_pipeline_stats_aggregator.cpp(176): error C2660: 'nge::rhi::PipelineStatsAggregator::RecordPass': function does not take 2 arguments
P:\Development\personal\games\NextGenGameEngine\engine/rhi/common/rhi_pipeline_stats_aggregator.h(75): note: see declaration of 'nge::rhi::PipelineStatsAggregator::RecordPass'
P:\Development\personal\games\NextGenGameEngine\tests\unit\test_pipeline_stats_aggregator.cpp(177): error C2064: term does not evaluate to a function taking 2 arguments
P:\Development\personal\games\NextGenGameEngine\tests\unit\test_pipeline_stats_aggregator.cpp(177): error C2660: 'nge::rhi::PipelineStatsAggregator::RecordPass': function does not take 2 arguments
P:\Development\personal\games\NextGenGameEngine\engine/rhi/common/rhi_pipeline_stats_aggregator.h(75): note: see declaration of 'nge::rhi::PipelineStatsAggregator::RecordPass'
P:\Development\personal\games\NextGenGameEngine\tests\unit\test_pipeline_stats_aggregator.cpp(191): error C2064: term does not evaluate to a function taking 2 arguments
P:\Development\personal\games\NextGenGameEngine\tests\unit\test_pipeline_stats_aggregator.cpp(191): error C2660: 'nge::rhi::PipelineStatsAggregator::RecordPass': function does not take 2 arguments
P:\Development\personal\games\NextGenGameEngine\engine/rhi/common/rhi_pipeline_stats_aggregator.h(75): note: see declaration of 'nge::rhi::PipelineStatsAggregator::RecordPass'
P:\Development\personal\games\NextGenGameEngine\tests\unit\test_pipeline_stats_aggregator.cpp(192): error C2064: term does not evaluate to a function taking 2 arguments
P:\Development\personal\games\NextGenGameEngine\tests\unit\test_pipeline_stats_aggregator.cpp(192): error C2660: 'nge::rhi::PipelineStatsAggregator::RecordPass': function does not take 2 arguments
P:\Development\personal\games\NextGenGameEngine\engine/rhi/common/rhi_pipeline_stats_aggregator.h(75): note: see declaration of 'nge::rhi::PipelineStatsAggregator::RecordPass'
P:\Development\personal\games\NextGenGameEngine\tests\unit\test_pipeline_stats_aggregator.cpp(193): error C2064: term does not evaluate to a function taking 2 arguments
P:\Development\personal\games\NextGenGameEngine\tests\unit\test_pipeline_stats_aggregator.cpp(193): error C2660: 'nge::rhi::PipelineStatsAggregator::RecordPass': function does not take 2 arguments
P:\Development\personal\games\NextGenGameEngine\engine/rhi/common/rhi_pipeline_stats_aggregator.h(75): note: see declaration of 'nge::rhi::PipelineStatsAggregator::RecordPass'
P:\Development\personal\games\NextGenGameEngine\tests\unit\test_pipeline_stats_aggregator.cpp(194): error C2064: term does not evaluate to a function taking 2 arguments
P:\Development\personal\games\NextGenGameEngine\tests\unit\test_pipeline_stats_aggregator.cpp(194): error C2660: 'nge::rhi::PipelineStatsAggregator::RecordPass': function does not take 2 arguments
P:\Development\personal\games\NextGenGameEngine\engine/rhi/common/rhi_pipeline_stats_aggregator.h(75): note: see declaration of 'nge::rhi::PipelineStatsAggregator::RecordPass'
P:\Development\personal\games\NextGenGameEngine\tests\unit\test_pipeline_stats_aggregator.cpp(209): error C2064: term does not evaluate to a function taking 2 arguments
P:\Development\personal\games\NextGenGameEngine\tests\unit\test_pipeline_stats_aggregator.cpp(209): error C2660: 'nge::rhi::PipelineStatsAggregator::RecordPass': function does not take 2 arguments
P:\Development\personal\games\NextGenGameEngine\engine/rhi/common/rhi_pipeline_stats_aggregator.h(75): note: see declaration of 'nge::rhi::PipelineStatsAggregator::RecordPass'
P:\Development\personal\games\NextGenGameEngine\tests\unit\test_pipeline_stats_aggregator.cpp(210): error C2064: term does not evaluate to a function taking 2 arguments
P:\Development\personal\games\NextGenGameEngine\tests\unit\test_pipeline_stats_aggregator.cpp(210): error C2660: 'nge::rhi::PipelineStatsAggregator::RecordPass': function does not take 2 arguments
P:\Development\personal\games\NextGenGameEngine\engine/rhi/common/rhi_pipeline_stats_aggregator.h(75): note: see declaration of 'nge::rhi::PipelineStatsAggregator::RecordPass'
P:\Development\personal\games\NextGenGameEngine\tests\unit\test_pipeline_stats_aggregator.cpp(225): error C2064: term does not evaluate to a function taking 3 arguments
P:\Development\personal\games\NextGenGameEngine\tests\unit\test_pipeline_stats_aggregator.cpp(225): error C2660: 'nge::rhi::PipelineStatsAggregator::RecordPass': function does not take 2 arguments
P:\Development\personal\games\NextGenGameEngine\engine/rhi/common/rhi_pipeline_stats_aggregator.h(75): note: see declaration of 'nge::rhi::PipelineStatsAggregator::RecordPass'
P:\Development\personal\games\NextGenGameEngine\tests\unit\test_pipeline_stats_aggregator.cpp(239): error C2064: term does not evaluate to a function taking 2 arguments
P:\Development\personal\games\NextGenGameEngine\tests\unit\test_pipeline_stats_aggregator.cpp(239): error C2660: 'nge::rhi::PipelineStatsAggregator::RecordPass': function does not take 2 arguments
P:\Development\personal\games\NextGenGameEngine\engine/rhi/common/rhi_pipeline_stats_aggregator.h(75): note: see declaration of 'nge::rhi::PipelineStatsAggregator::RecordPass'
P:\Development\personal\games\NextGenGameEngine\tests\unit\test_pipeline_stats_aggregator.cpp(240): error C2064: term does not evaluate to a function taking 2 arguments
P:\Development\personal\games\NextGenGameEngine\tests\unit\test_pipeline_stats_aggregator.cpp(240): error C2660: 'nge::rhi::PipelineStatsAggregator::RecordPass': function does not take 2 arguments
P:\Development\personal\games\NextGenGameEngine\engine/rhi/common/rhi_pipeline_stats_aggregator.h(75): note: see declaration of 'nge::rhi::PipelineStatsAggregator::RecordPass'
P:\Development\personal\games\NextGenGameEngine\tests\unit\test_pipeline_stats_aggregator.cpp(241): error C2064: term does not evaluate to a function taking 2 arguments
P:\Development\personal\games\NextGenGameEngine\tests\unit\test_pipeline_stats_aggregator.cpp(241): error C2660: 'nge::rhi::PipelineStatsAggregator::RecordPass': function does not take 2 arguments
P:\Development\personal\games\NextGenGameEngine\engine/rhi/common/rhi_pipeline_stats_aggregator.h(75): note: see declaration of 'nge::rhi::PipelineStatsAggregator::RecordPass'
P:\Development\personal\games\NextGenGameEngine\tests\unit\test_pipeline_stats_aggregator.cpp(252): error C2064: term does not evaluate to a function taking 3 arguments
P:\Development\personal\games\NextGenGameEngine\tests\unit\test_pipeline_stats_aggregator.cpp(252): error C2660: 'nge::rhi::PipelineStatsAggregator::RecordPass': function does not take 2 arguments
P:\Development\personal\games\NextGenGameEngine\engine/rhi/common/rhi_pipeline_stats_aggregator.h(75): note: see declaration of 'nge::rhi::PipelineStatsAggregator::RecordPass'
P:\Development\personal\games\NextGenGameEngine\tests\unit\test_pipeline_stats_aggregator.cpp(253): error C2064: term does not evaluate to a function taking 3 arguments
P:\Development\personal\games\NextGenGameEngine\tests\unit\test_pipeline_stats_aggregator.cpp(253): error C2660: 'nge::rhi::PipelineStatsAggregator::RecordPass': function does not take 2 arguments
P:\Development\personal\games\NextGenGameEngine\engine/rhi/common/rhi_pipeline_stats_aggregator.h(75): note: see declaration of 'nge::rhi::PipelineStatsAggregator::RecordPass'
P:\Development\personal\games\NextGenGameEngine\tests\unit\test_pipeline_stats_aggregator.cpp(254): error C2064: term does not evaluate to a function taking 3 arguments
P:\Development\personal\games\NextGenGameEngine\tests\unit\test_pipeline_stats_aggregator.cpp(254): error C2660: 'nge::rhi::PipelineStatsAggregator::RecordPass': function does not take 2 arguments
P:\Development\personal\games\NextGenGameEngine\engine/rhi/common/rhi_pipeline_stats_aggregator.h(75): note: see declaration of 'nge::rhi::PipelineStatsAggregator::RecordPass'
P:\Development\personal\games\NextGenGameEngine\tests\unit\test_pipeline_stats_aggregator.cpp(272): error C2064: term does not evaluate to a function taking 2 arguments
P:\Development\personal\games\NextGenGameEngine\tests\unit\test_pipeline_stats_aggregator.cpp(272): error C2660: 'nge::rhi::PipelineStatsAggregator::RecordPass': function does not take 2 arguments
P:\Development\personal\games\NextGenGameEngine\engine/rhi/common/rhi_pipeline_stats_aggregator.h(75): note: see declaration of 'nge::rhi::PipelineStatsAggregator::RecordPass'
[266/297] Building CXX object tests\CMakeFiles\EngineTests.dir\Debug\unit\test_queue_caps_semaphore.cpp.obj
FAILED: [code=2] tests/CMakeFiles/EngineTests.dir/Debug/unit/test_queue_caps_semaphore.cpp.obj 
C:\PROGRA~2\MICROS~2\2019\BUILDT~1\VC\Tools\MSVC\1429~1.301\bin\Hostx64\x64\cl.exe  /nologo /TP -DFMT_SHARED -DGTEST_LINKED_AS_SHARED_LIBRARY=1 -DNGE_DEBUG=1 -DNGE_ENABLE_ASSERTS=1 -DNGE_ENABLE_MEMORY_TRACKING=1 -DNGE_ENABLE_VULKAN=1 -DNGE_PLATFORM_WINDOWS=1 -DNOMINMAX -DSPDLOG_COMPILED_LIB -DSPDLOG_FMT_EXTERNAL -DSPDLOG_SHARED_LIB -DWIN32_LEAN_AND_MEAN -D_CRT_SECURE_NO_WARNINGS -DCMAKE_INTDIR=\"Debug\" -IP:\Development\personal\games\NextGenGameEngine\engine -IP:\Development\personal\games\NextGenGameEngine\engine\.. -external:IP:\Development\personal\games\NextGenGameEngine\build\vcpkg_installed\x64-windows\include -external:IC:\VulkanSDK\1.4.341.1\include -external:W0 /DWIN32 /D_WINDOWS /EHsc /Zi /Ob0 /Od /RTC1 -std:c++20 -MDd /W4 /permissive- /Zc:__cplusplus /MP /fp:fast /arch:AVX2 /wd4251 /wd4275 /utf-8 /showIncludes /Fotests\CMakeFiles\EngineTests.dir\Debug\unit\test_queue_caps_semaphore.cpp.obj /Fdtests\CMakeFiles\EngineTests.dir\Debug\ /FS -c P:\Development\personal\games\NextGenGameEngine\tests\unit\test_queue_caps_semaphore.cpp
P:\Development\personal\games\NextGenGameEngine\tests\unit\test_queue_caps_semaphore.cpp(133): error C2065: 'u32': undeclared identifier
P:\Development\personal\games\NextGenGameEngine\tests\unit\test_queue_caps_semaphore.cpp(133): error C2146: syntax error: missing ';' before identifier 'gfxToCompute'
P:\Development\personal\games\NextGenGameEngine\tests\unit\test_queue_caps_semaphore.cpp(133): error C2065: 'gfxToCompute': undeclared identifier
P:\Development\personal\games\NextGenGameEngine\tests\unit\test_queue_caps_semaphore.cpp(134): error C2065: 'u32': undeclared identifier
P:\Development\personal\games\NextGenGameEngine\tests\unit\test_queue_caps_semaphore.cpp(134): error C2146: syntax error: missing ';' before identifier 'computeToGfx'
P:\Development\personal\games\NextGenGameEngine\tests\unit\test_queue_caps_semaphore.cpp(134): error C2065: 'computeToGfx': undeclared identifier
P:\Development\personal\games\NextGenGameEngine\tests\unit\test_queue_caps_semaphore.cpp(135): error C2065: 'gfxToCompute': undeclared identifier
P:\Development\personal\games\NextGenGameEngine\tests\unit\test_queue_caps_semaphore.cpp(135): error C2737: 'gtest_ar': const object must be initialized
P:\Development\personal\games\NextGenGameEngine\tests\unit\test_queue_caps_semaphore.cpp(136): error C2065: 'computeToGfx': undeclared identifier
P:\Development\personal\games\NextGenGameEngine\tests\unit\test_queue_caps_semaphore.cpp(136): error C2737: 'gtest_ar': const object must be initialized
P:\Development\personal\games\NextGenGameEngine\tests\unit\test_queue_caps_semaphore.cpp(139): error C2065: 'u64': undeclared identifier
P:\Development\personal\games\NextGenGameEngine\tests\unit\test_queue_caps_semaphore.cpp(139): error C2146: syntax error: missing ';' before identifier 'signalVal'
P:\Development\personal\games\NextGenGameEngine\tests\unit\test_queue_caps_semaphore.cpp(139): error C2065: 'signalVal': undeclared identifier
P:\Development\personal\games\NextGenGameEngine\tests\unit\test_queue_caps_semaphore.cpp(139): error C2065: 'gfxToCompute': undeclared identifier
P:\Development\personal\games\NextGenGameEngine\tests\unit\test_queue_caps_semaphore.cpp(140): error C2065: 'signalVal': undeclared identifier
P:\Development\personal\games\NextGenGameEngine\tests\unit\test_queue_caps_semaphore.cpp(140): error C2737: 'gtest_ar': const object must be initialized
P:\Development\personal\games\NextGenGameEngine\tests\unit\test_queue_caps_semaphore.cpp(143): error C2065: 'gfxToCompute': undeclared identifier
P:\Development\personal\games\NextGenGameEngine\tests\unit\test_queue_caps_semaphore.cpp(143): error C2512: 'testing::AssertionResult': no appropriate default constructor available
P:\Development\personal\games\NextGenGameEngine\tests\unit\test_queue_caps_semaphore.cpp(143): note: No constructor could take the source type, or constructor overload resolution was ambiguous
P:\Development\personal\games\NextGenGameEngine\tests\unit\test_queue_caps_semaphore.cpp(143): error C2737: 'gtest_ar_': const object must be initialized
P:\Development\personal\games\NextGenGameEngine\tests\unit\test_queue_caps_semaphore.cpp(145): error C2065: 'gfxToCompute': undeclared identifier
P:\Development\personal\games\NextGenGameEngine\tests\unit\test_queue_caps_semaphore.cpp(145): error C2512: 'testing::AssertionResult': no appropriate default constructor available
P:\Development\personal\games\NextGenGameEngine\tests\unit\test_queue_caps_semaphore.cpp(145): note: No constructor could take the source type, or constructor overload resolution was ambiguous
P:\Development\personal\games\NextGenGameEngine\tests\unit\test_queue_caps_semaphore.cpp(145): error C2737: 'gtest_ar_': const object must be initialized
P:\Development\personal\games\NextGenGameEngine\tests\unit\test_queue_caps_semaphore.cpp(148): error C2065: 'u64': undeclared identifier
P:\Development\personal\games\NextGenGameEngine\tests\unit\test_queue_caps_semaphore.cpp(148): error C2146: syntax error: missing ';' before identifier 'computeSignal'
P:\Development\personal\games\NextGenGameEngine\tests\unit\test_queue_caps_semaphore.cpp(148): error C2065: 'computeSignal': undeclared identifier
P:\Development\personal\games\NextGenGameEngine\tests\unit\test_queue_caps_semaphore.cpp(148): error C2065: 'computeToGfx': undeclared identifier
P:\Development\personal\games\NextGenGameEngine\tests\unit\test_queue_caps_semaphore.cpp(149): error C2065: 'computeSignal': undeclared identifier
P:\Development\personal\games\NextGenGameEngine\tests\unit\test_queue_caps_semaphore.cpp(149): error C2737: 'gtest_ar': const object must be initialized
P:\Development\personal\games\NextGenGameEngine\tests\unit\test_queue_caps_semaphore.cpp(155): error C2065: 'gfxToCompute': undeclared identifier
P:\Development\personal\games\NextGenGameEngine\tests\unit\test_queue_caps_semaphore.cpp(156): error C2065: 'computeToGfx': undeclared identifier
P:\Development\personal\games\NextGenGameEngine\tests\unit\test_queue_caps_semaphore.cpp(166): error C2065: 'u32': undeclared identifier
P:\Development\personal\games\NextGenGameEngine\tests\unit\test_queue_caps_semaphore.cpp(166): error C2146: syntax error: missing ';' before identifier 'sem'
P:\Development\personal\games\NextGenGameEngine\tests\unit\test_queue_caps_semaphore.cpp(166): error C2065: 'sem': undeclared identifier
P:\Development\personal\games\NextGenGameEngine\tests\unit\test_queue_caps_semaphore.cpp(169): error C2065: 'u64': undeclared identifier
P:\Development\personal\games\NextGenGameEngine\tests\unit\test_queue_caps_semaphore.cpp(169): error C2146: syntax error: missing ';' before identifier 'frame'
P:\Development\personal\games\NextGenGameEngine\tests\unit\test_queue_caps_semaphore.cpp(169): error C2143: syntax error: missing ';' before '='
P:\Development\personal\games\NextGenGameEngine\tests\unit\test_queue_caps_semaphore.cpp(169): error C2143: syntax error: missing ')' before '='
P:\Development\personal\games\NextGenGameEngine\tests\unit\test_queue_caps_semaphore.cpp(169): error C2059: syntax error: '='
P:\Development\personal\games\NextGenGameEngine\tests\unit\test_queue_caps_semaphore.cpp(169): error C2065: 'frame': undeclared identifier
P:\Development\personal\games\NextGenGameEngine\tests\unit\test_queue_caps_semaphore.cpp(169): error C2065: 'frame': undeclared identifier
P:\Development\personal\games\NextGenGameEngine\tests\unit\test_queue_caps_semaphore.cpp(169): error C2059: syntax error: ')'
P:\Development\personal\games\NextGenGameEngine\tests\unit\test_queue_caps_semaphore.cpp(170): error C2065: 'u64': undeclared identifier
P:\Development\personal\games\NextGenGameEngine\tests\unit\test_queue_caps_semaphore.cpp(170): error C2146: syntax error: missing ')' before identifier 'val'
P:\Development\personal\games\NextGenGameEngine\tests\unit\test_queue_caps_semaphore.cpp(171): error C2065: 'val': undeclared identifier
P:\Development\personal\games\NextGenGameEngine\tests\unit\test_queue_caps_semaphore.cpp(171): error C2065: 'frame': undeclared identifier
P:\Development\personal\games\NextGenGameEngine\tests\unit\test_queue_caps_semaphore.cpp(171): error C2737: 'gtest_ar': const object must be initialized
P:\Development\personal\games\NextGenGameEngine\tests\unit\test_queue_caps_semaphore.cpp(172): error C2065: 'sem': undeclared identifier
P:\Development\personal\games\NextGenGameEngine\tests\unit\test_queue_caps_semaphore.cpp(172): error C2065: 'frame': undeclared identifier
P:\Development\personal\games\NextGenGameEngine\tests\unit\test_queue_caps_semaphore.cpp(172): error C2512: 'testing::AssertionResult': no appropriate default constructor available
P:\Development\personal\games\NextGenGameEngine\tests\unit\test_queue_caps_semaphore.cpp(172): note: No constructor could take the source type, or constructor overload resolution was ambiguous
P:\Development\personal\games\NextGenGameEngine\tests\unit\test_queue_caps_semaphore.cpp(172): error C2737: 'gtest_ar_': const object must be initialized
P:\Development\personal\games\NextGenGameEngine\tests\unit\test_queue_caps_semaphore.cpp(173): error C2065: 'sem': undeclared identifier
P:\Development\personal\games\NextGenGameEngine\tests\unit\test_queue_caps_semaphore.cpp(173): error C2065: 'frame': undeclared identifier
P:\Development\personal\games\NextGenGameEngine\tests\unit\test_queue_caps_semaphore.cpp(173): error C2512: 'testing::AssertionResult': no appropriate default constructor available
P:\Development\personal\games\NextGenGameEngine\tests\unit\test_queue_caps_semaphore.cpp(173): note: No constructor could take the source type, or constructor overload resolution was ambiguous
P:\Development\personal\games\NextGenGameEngine\tests\unit\test_queue_caps_semaphore.cpp(173): error C2737: 'gtest_ar_': const object must be initialized
P:\Development\personal\games\NextGenGameEngine\tests\unit\test_queue_caps_semaphore.cpp(176): error C2059: syntax error: 'switch'
P:\Development\personal\games\NextGenGameEngine\tests\unit\test_queue_caps_semaphore.cpp(176): error C2321: 'default' is a keyword, and cannot be used in this context
P:\Development\personal\games\NextGenGameEngine\tests\unit\test_queue_caps_semaphore.cpp(176): error C4430: missing type specifier - int assumed. Note: C++ does not support default-int
P:\Development\personal\games\NextGenGameEngine\tests\unit\test_queue_caps_semaphore.cpp(176): error C2059: syntax error: ':'
P:\Development\personal\games\NextGenGameEngine\tests\unit\test_queue_caps_semaphore.cpp(176): error C2059: syntax error: 'if'
P:\Development\personal\games\NextGenGameEngine\tests\unit\test_queue_caps_semaphore.cpp(176): error C2059: syntax error: 'else'
P:\Development\personal\games\NextGenGameEngine\tests\unit\test_queue_caps_semaphore.cpp(178): error C3927: '->': trailing return type is not allowed after a non-function declarator
P:\Development\personal\games\NextGenGameEngine\tests\unit\test_queue_caps_semaphore.cpp(178): error C3484: syntax error: expected '->' before the return type
P:\Development\personal\games\NextGenGameEngine\tests\unit\test_queue_caps_semaphore.cpp(178): error C3613: missing return type after '->' ('int' assumed)
P:\Development\personal\games\NextGenGameEngine\tests\unit\test_queue_caps_semaphore.cpp(178): error C4430: missing type specifier - int assumed. Note: C++ does not support default-int
P:\Development\personal\games\NextGenGameEngine\tests\unit\test_queue_caps_semaphore.cpp(178): error C2146: syntax error: missing ';' before identifier 'Release'
P:\Development\personal\games\NextGenGameEngine\tests\unit\test_queue_caps_semaphore.cpp(179): error C3927: '->': trailing return type is not allowed after a non-function declarator
P:\Development\personal\games\NextGenGameEngine\tests\unit\test_queue_caps_semaphore.cpp(179): error C3484: syntax error: expected '->' before the return type
P:\Development\personal\games\NextGenGameEngine\tests\unit\test_queue_caps_semaphore.cpp(179): error C3613: missing return type after '->' ('int' assumed)
P:\Development\personal\games\NextGenGameEngine\tests\unit\test_queue_caps_semaphore.cpp(179): error C4430: missing type specifier - int assumed. Note: C++ does not support default-int
P:\Development\personal\games\NextGenGameEngine\tests\unit\test_queue_caps_semaphore.cpp(179): error C2086: 'int pool': redefinition
P:\Development\personal\games\NextGenGameEngine\tests\unit\test_queue_caps_semaphore.cpp(178): note: see declaration of 'pool'
P:\Development\personal\games\NextGenGameEngine\tests\unit\test_queue_caps_semaphore.cpp(179): error C2146: syntax error: missing ';' before identifier 'Shutdown'
P:\Development\personal\games\NextGenGameEngine\tests\unit\test_queue_caps_semaphore.cpp(180): error C2059: syntax error: '}'
P:\Development\personal\games\NextGenGameEngine\tests\unit\test_queue_caps_semaphore.cpp(180): error C2143: syntax error: missing ';' before '}'
[267/297] Building CXX object tests\CMakeFiles\EngineTests.dir\Debug\unit\test_render_pass_merge_optimizer.cpp.obj
FAILED: [code=2] tests/CMakeFiles/EngineTests.dir/Debug/unit/test_render_pass_merge_optimizer.cpp.obj 
C:\PROGRA~2\MICROS~2\2019\BUILDT~1\VC\Tools\MSVC\1429~1.301\bin\Hostx64\x64\cl.exe  /nologo /TP -DFMT_SHARED -DGTEST_LINKED_AS_SHARED_LIBRARY=1 -DNGE_DEBUG=1 -DNGE_ENABLE_ASSERTS=1 -DNGE_ENABLE_MEMORY_TRACKING=1 -DNGE_ENABLE_VULKAN=1 -DNGE_PLATFORM_WINDOWS=1 -DNOMINMAX -DSPDLOG_COMPILED_LIB -DSPDLOG_FMT_EXTERNAL -DSPDLOG_SHARED_LIB -DWIN32_LEAN_AND_MEAN -D_CRT_SECURE_NO_WARNINGS -DCMAKE_INTDIR=\"Debug\" -IP:\Development\personal\games\NextGenGameEngine\engine -IP:\Development\personal\games\NextGenGameEngine\engine\.. -external:IP:\Development\personal\games\NextGenGameEngine\build\vcpkg_installed\x64-windows\include -external:IC:\VulkanSDK\1.4.341.1\include -external:W0 /DWIN32 /D_WINDOWS /EHsc /Zi /Ob0 /Od /RTC1 -std:c++20 -MDd /W4 /permissive- /Zc:__cplusplus /MP /fp:fast /arch:AVX2 /wd4251 /wd4275 /utf-8 /showIncludes /Fotests\CMakeFiles\EngineTests.dir\Debug\unit\test_render_pass_merge_optimizer.cpp.obj /Fdtests\CMakeFiles\EngineTests.dir\Debug\ /FS -c P:\Development\personal\games\NextGenGameEngine\tests\unit\test_render_pass_merge_optimizer.cpp
P:\Development\personal\games\NextGenGameEngine\tests\unit\test_render_pass_merge_optimizer.cpp(6): error C2065: 'u32': undeclared identifier
P:\Development\personal\games\NextGenGameEngine\tests\unit\test_render_pass_merge_optimizer.cpp(6): error C2146: syntax error: missing ')' before identifier 'id'
P:\Development\personal\games\NextGenGameEngine\tests\unit\test_render_pass_merge_optimizer.cpp(6): error C2143: syntax error: missing ';' before '{'
P:\Development\personal\games\NextGenGameEngine\tests\unit\test_render_pass_merge_optimizer.cpp(6): error C2447: '{': missing function header (old-style formal list?)
P:\Development\personal\games\NextGenGameEngine\tests\unit\test_render_pass_merge_optimizer.cpp(17): error C2065: 'u32': undeclared identifier
P:\Development\personal\games\NextGenGameEngine\tests\unit\test_render_pass_merge_optimizer.cpp(17): error C2146: syntax error: missing ')' before identifier 'attId'
P:\Development\personal\games\NextGenGameEngine\tests\unit\test_render_pass_merge_optimizer.cpp(19): error C2143: syntax error: missing ';' before '{'
P:\Development\personal\games\NextGenGameEngine\tests\unit\test_render_pass_merge_optimizer.cpp(19): error C2447: '{': missing function header (old-style formal list?)
P:\Development\personal\games\NextGenGameEngine\tests\unit\test_render_pass_merge_optimizer.cpp(41): error C2064: term does not evaluate to a function taking 4 arguments
P:\Development\personal\games\NextGenGameEngine\tests\unit\test_render_pass_merge_optimizer.cpp(42): error C3536: 'pass': cannot be used before it is initialized
P:\Development\personal\games\NextGenGameEngine\tests\unit\test_render_pass_merge_optimizer.cpp(42): error C2664: 'bool nge::rhi::RenderPassMergeOptimizer::AddPass(const nge::rhi::RenderPassDesc &)': cannot convert argument 1 from 'int' to 'const nge::rhi::RenderPassDesc &'
P:\Development\personal\games\NextGenGameEngine\tests\unit\test_render_pass_merge_optimizer.cpp(42): note: Reason: cannot convert from 'int' to 'const nge::rhi::RenderPassDesc'
P:\Development\personal\games\NextGenGameEngine\tests\unit\test_render_pass_merge_optimizer.cpp(42): note: No constructor could take the source type, or constructor overload resolution was ambiguous
P:\Development\personal\games\NextGenGameEngine\engine/rhi/common/rhi_render_pass_merge_optimizer.h(89): note: see declaration of 'nge::rhi::RenderPassMergeOptimizer::AddPass'
P:\Development\personal\games\NextGenGameEngine\tests\unit\test_render_pass_merge_optimizer.cpp(42): error C2512: 'testing::AssertionResult': no appropriate default constructor available
P:\Development\personal\games\NextGenGameEngine\tests\unit\test_render_pass_merge_optimizer.cpp(42): note: No constructor could take the source type, or constructor overload resolution was ambiguous
P:\Development\personal\games\NextGenGameEngine\tests\unit\test_render_pass_merge_optimizer.cpp(42): error C2737: 'gtest_ar_': const object must be initialized
P:\Development\personal\games\NextGenGameEngine\tests\unit\test_render_pass_merge_optimizer.cpp(52): error C2064: term does not evaluate to a function taking 4 arguments
P:\Development\personal\games\NextGenGameEngine\tests\unit\test_render_pass_merge_optimizer.cpp(53): error C3536: 'p0': cannot be used before it is initialized
P:\Development\personal\games\NextGenGameEngine\tests\unit\test_render_pass_merge_optimizer.cpp(54): error C2064: term does not evaluate to a function taking 6 arguments
P:\Development\personal\games\NextGenGameEngine\tests\unit\test_render_pass_merge_optimizer.cpp(55): error C2064: term does not evaluate to a function taking 6 arguments
P:\Development\personal\games\NextGenGameEngine\tests\unit\test_render_pass_merge_optimizer.cpp(58): error C2064: term does not evaluate to a function taking 4 arguments
P:\Development\personal\games\NextGenGameEngine\tests\unit\test_render_pass_merge_optimizer.cpp(59): error C3536: 'p1': cannot be used before it is initialized
P:\Development\personal\games\NextGenGameEngine\tests\unit\test_render_pass_merge_optimizer.cpp(60): error C2064: term does not evaluate to a function taking 6 arguments
P:\Development\personal\games\NextGenGameEngine\tests\unit\test_render_pass_merge_optimizer.cpp(61): error C2064: term does not evaluate to a function taking 6 arguments
P:\Development\personal\games\NextGenGameEngine\tests\unit\test_render_pass_merge_optimizer.cpp(62): error C2064: term does not evaluate to a function taking 6 arguments
P:\Development\personal\games\NextGenGameEngine\tests\unit\test_render_pass_merge_optimizer.cpp(66): error C2664: 'bool nge::rhi::RenderPassMergeOptimizer::AddPass(const nge::rhi::RenderPassDesc &)': cannot convert argument 1 from 'int' to 'const nge::rhi::RenderPassDesc &'
P:\Development\personal\games\NextGenGameEngine\tests\unit\test_render_pass_merge_optimizer.cpp(66): note: Reason: cannot convert from 'int' to 'const nge::rhi::RenderPassDesc'
P:\Development\personal\games\NextGenGameEngine\tests\unit\test_render_pass_merge_optimizer.cpp(66): note: No constructor could take the source type, or constructor overload resolution was ambiguous
P:\Development\personal\games\NextGenGameEngine\engine/rhi/common/rhi_render_pass_merge_optimizer.h(89): note: see declaration of 'nge::rhi::RenderPassMergeOptimizer::AddPass'
P:\Development\personal\games\NextGenGameEngine\tests\unit\test_render_pass_merge_optimizer.cpp(67): error C2664: 'bool nge::rhi::RenderPassMergeOptimizer::AddPass(const nge::rhi::RenderPassDesc &)': cannot convert argument 1 from 'int' to 'const nge::rhi::RenderPassDesc &'
P:\Development\personal\games\NextGenGameEngine\tests\unit\test_render_pass_merge_optimizer.cpp(67): note: Reason: cannot convert from 'int' to 'const nge::rhi::RenderPassDesc'
P:\Development\personal\games\NextGenGameEngine\tests\unit\test_render_pass_merge_optimizer.cpp(67): note: No constructor could take the source type, or constructor overload resolution was ambiguous
P:\Development\personal\games\NextGenGameEngine\engine/rhi/common/rhi_render_pass_merge_optimizer.h(89): note: see declaration of 'nge::rhi::RenderPassMergeOptimizer::AddPass'
P:\Development\personal\games\NextGenGameEngine\tests\unit\test_render_pass_merge_optimizer.cpp(84): error C2064: term does not evaluate to a function taking 4 arguments
P:\Development\personal\games\NextGenGameEngine\tests\unit\test_render_pass_merge_optimizer.cpp(85): error C2064: term does not evaluate to a function taking 4 arguments
P:\Development\personal\games\NextGenGameEngine\tests\unit\test_render_pass_merge_optimizer.cpp(102): error C2064: term does not evaluate to a function taking 5 arguments
P:\Development\personal\games\NextGenGameEngine\tests\unit\test_render_pass_merge_optimizer.cpp(103): error C2064: term does not evaluate to a function taking 5 arguments
P:\Development\personal\games\NextGenGameEngine\tests\unit\test_render_pass_merge_optimizer.cpp(116): error C2064: term does not evaluate to a function taking 4 arguments
P:\Development\personal\games\NextGenGameEngine\tests\unit\test_render_pass_merge_optimizer.cpp(117): error C2064: term does not evaluate to a function taking 4 arguments
P:\Development\personal\games\NextGenGameEngine\tests\unit\test_render_pass_merge_optimizer.cpp(118): error C2064: term does not evaluate to a function taking 4 arguments
P:\Development\personal\games\NextGenGameEngine\tests\unit\test_render_pass_merge_optimizer.cpp(133): error C2064: term does not evaluate to a function taking 4 arguments
P:\Development\personal\games\NextGenGameEngine\tests\unit\test_render_pass_merge_optimizer.cpp(134): error C2064: term does not evaluate to a function taking 4 arguments
P:\Development\personal\games\NextGenGameEngine\tests\unit\test_render_pass_merge_optimizer.cpp(148): error C2064: term does not evaluate to a function taking 4 arguments
P:\Development\personal\games\NextGenGameEngine\tests\unit\test_render_pass_merge_optimizer.cpp(149): error C3536: 'p0': cannot be used before it is initialized
P:\Development\personal\games\NextGenGameEngine\tests\unit\test_render_pass_merge_optimizer.cpp(150): error C2064: term does not evaluate to a function taking 6 arguments
P:\Development\personal\games\NextGenGameEngine\tests\unit\test_render_pass_merge_optimizer.cpp(153): error C2064: term does not evaluate to a function taking 4 arguments
P:\Development\personal\games\NextGenGameEngine\tests\unit\test_render_pass_merge_optimizer.cpp(154): error C3536: 'p1': cannot be used before it is initialized
P:\Development\personal\games\NextGenGameEngine\tests\unit\test_render_pass_merge_optimizer.cpp(155): error C2064: term does not evaluate to a function taking 6 arguments
P:\Development\personal\games\NextGenGameEngine\tests\unit\test_render_pass_merge_optimizer.cpp(156): error C2064: term does not evaluate to a function taking 6 arguments
P:\Development\personal\games\NextGenGameEngine\tests\unit\test_render_pass_merge_optimizer.cpp(160): error C2664: 'bool nge::rhi::RenderPassMergeOptimizer::AddPass(const nge::rhi::RenderPassDesc &)': cannot convert argument 1 from 'int' to 'const nge::rhi::RenderPassDesc &'
P:\Development\personal\games\NextGenGameEngine\tests\unit\test_render_pass_merge_optimizer.cpp(160): note: Reason: cannot convert from 'int' to 'const nge::rhi::RenderPassDesc'
P:\Development\personal\games\NextGenGameEngine\tests\unit\test_render_pass_merge_optimizer.cpp(160): note: No constructor could take the source type, or constructor overload resolution was ambiguous
P:\Development\personal\games\NextGenGameEngine\engine/rhi/common/rhi_render_pass_merge_optimizer.h(89): note: see declaration of 'nge::rhi::RenderPassMergeOptimizer::AddPass'
P:\Development\personal\games\NextGenGameEngine\tests\unit\test_render_pass_merge_optimizer.cpp(161): error C2664: 'bool nge::rhi::RenderPassMergeOptimizer::AddPass(const nge::rhi::RenderPassDesc &)': cannot convert argument 1 from 'int' to 'const nge::rhi::RenderPassDesc &'
P:\Development\personal\games\NextGenGameEngine\tests\unit\test_render_pass_merge_optimizer.cpp(161): note: Reason: cannot convert from 'int' to 'const nge::rhi::RenderPassDesc'
P:\Development\personal\games\NextGenGameEngine\tests\unit\test_render_pass_merge_optimizer.cpp(161): note: No constructor could take the source type, or constructor overload resolution was ambiguous
P:\Development\personal\games\NextGenGameEngine\engine/rhi/common/rhi_render_pass_merge_optimizer.h(89): note: see declaration of 'nge::rhi::RenderPassMergeOptimizer::AddPass'
P:\Development\personal\games\NextGenGameEngine\tests\unit\test_render_pass_merge_optimizer.cpp(175): error C2064: term does not evaluate to a function taking 4 arguments
P:\Development\personal\games\NextGenGameEngine\tests\unit\test_render_pass_merge_optimizer.cpp(177): error C2064: term does not evaluate to a function taking 4 arguments
P:\Development\personal\games\NextGenGameEngine\tests\unit\test_render_pass_merge_optimizer.cpp(179): error C3536: 'p1': cannot be used before it is initialized
P:\Development\personal\games\NextGenGameEngine\tests\unit\test_render_pass_merge_optimizer.cpp(180): error C2664: 'bool nge::rhi::RenderPassMergeOptimizer::AddPass(const nge::rhi::RenderPassDesc &)': cannot convert argument 1 from 'int' to 'const nge::rhi::RenderPassDesc &'
P:\Development\personal\games\NextGenGameEngine\tests\unit\test_render_pass_merge_optimizer.cpp(180): note: Reason: cannot convert from 'int' to 'const nge::rhi::RenderPassDesc'
P:\Development\personal\games\NextGenGameEngine\tests\unit\test_render_pass_merge_optimizer.cpp(180): note: No constructor could take the source type, or constructor overload resolution was ambiguous
P:\Development\personal\games\NextGenGameEngine\engine/rhi/common/rhi_render_pass_merge_optimizer.h(89): note: see declaration of 'nge::rhi::RenderPassMergeOptimizer::AddPass'
P:\Development\personal\games\NextGenGameEngine\tests\unit\test_render_pass_merge_optimizer.cpp(182): error C2064: term does not evaluate to a function taking 4 arguments
P:\Development\personal\games\NextGenGameEngine\tests\unit\test_render_pass_merge_optimizer.cpp(183): error C3536: 'p2': cannot be used before it is initialized
P:\Development\personal\games\NextGenGameEngine\tests\unit\test_render_pass_merge_optimizer.cpp(184): error C2664: 'bool nge::rhi::RenderPassMergeOptimizer::AddPass(const nge::rhi::RenderPassDesc &)': cannot convert argument 1 from 'int' to 'const nge::rhi::RenderPassDesc &'
P:\Development\personal\games\NextGenGameEngine\tests\unit\test_render_pass_merge_optimizer.cpp(184): note: Reason: cannot convert from 'int' to 'const nge::rhi::RenderPassDesc'
P:\Development\personal\games\NextGenGameEngine\tests\unit\test_render_pass_merge_optimizer.cpp(184): note: No constructor could take the source type, or constructor overload resolution was ambiguous
P:\Development\personal\games\NextGenGameEngine\engine/rhi/common/rhi_render_pass_merge_optimizer.h(89): note: see declaration of 'nge::rhi::RenderPassMergeOptimizer::AddPass'
P:\Development\personal\games\NextGenGameEngine\tests\unit\test_render_pass_merge_optimizer.cpp(199): error C2064: term does not evaluate to a function taking 4 arguments
P:\Development\personal\games\NextGenGameEngine\tests\unit\test_render_pass_merge_optimizer.cpp(226): error C2064: term does not evaluate to a function taking 4 arguments
P:\Development\personal\games\NextGenGameEngine\tests\unit\test_render_pass_merge_optimizer.cpp(226): error C2512: 'testing::AssertionResult': no appropriate default constructor available
P:\Development\personal\games\NextGenGameEngine\tests\unit\test_render_pass_merge_optimizer.cpp(226): note: No constructor could take the source type, or constructor overload resolution was ambiguous
P:\Development\personal\games\NextGenGameEngine\tests\unit\test_render_pass_merge_optimizer.cpp(226): error C2737: 'gtest_ar_': const object must be initialized
P:\Development\personal\games\NextGenGameEngine\tests\unit\test_render_pass_merge_optimizer.cpp(227): error C2064: term does not evaluate to a function taking 4 arguments
P:\Development\personal\games\NextGenGameEngine\tests\unit\test_render_pass_merge_optimizer.cpp(227): error C2512: 'testing::AssertionResult': no appropriate default constructor available
P:\Development\personal\games\NextGenGameEngine\tests\unit\test_render_pass_merge_optimizer.cpp(227): note: No constructor could take the source type, or constructor overload resolution was ambiguous
P:\Development\personal\games\NextGenGameEngine\tests\unit\test_render_pass_merge_optimizer.cpp(227): error C2737: 'gtest_ar_': const object must be initialized
P:\Development\personal\games\NextGenGameEngine\tests\unit\test_render_pass_merge_optimizer.cpp(228): error C2064: term does not evaluate to a function taking 4 arguments
P:\Development\personal\games\NextGenGameEngine\tests\unit\test_render_pass_merge_optimizer.cpp(228): error C2512: 'testing::AssertionResult': no appropriate default constructor available
P:\Development\personal\games\NextGenGameEngine\tests\unit\test_render_pass_merge_optimizer.cpp(228): note: No constructor could take the source type, or constructor overload resolution was ambiguous
P:\Development\personal\games\NextGenGameEngine\tests\unit\test_render_pass_merge_optimizer.cpp(228): error C2737: 'gtest_ar_': const object must be initialized
P:\Development\personal\games\NextGenGameEngine\tests\unit\test_render_pass_merge_optimizer.cpp(229): error C2064: term does not evaluate to a function taking 4 arguments
P:\Development\personal\games\NextGenGameEngine\tests\unit\test_render_pass_merge_optimizer.cpp(229): error C2512: 'testing::AssertionResult': no appropriate default constructor available
P:\Development\personal\games\NextGenGameEngine\tests\unit\test_render_pass_merge_optimizer.cpp(229): note: No constructor could take the source type, or constructor overload resolution was ambiguous
P:\Development\personal\games\NextGenGameEngine\tests\unit\test_render_pass_merge_optimizer.cpp(229): error C2737: 'gtest_ar_': const object must be initialized
P:\Development\personal\games\NextGenGameEngine\tests\unit\test_render_pass_merge_optimizer.cpp(240): error C2064: term does not evaluate to a function taking 4 arguments
P:\Development\personal\games\NextGenGameEngine\tests\unit\test_render_pass_merge_optimizer.cpp(241): error C3536: 'pass': cannot be used before it is initialized
P:\Development\personal\games\NextGenGameEngine\tests\unit\test_render_pass_merge_optimizer.cpp(242): error C2064: term does not evaluate to a function taking 4 arguments
P:\Development\personal\games\NextGenGameEngine\tests\unit\test_render_pass_merge_optimizer.cpp(243): error C2064: term does not evaluate to a function taking 4 arguments
P:\Development\personal\games\NextGenGameEngine\tests\unit\test_render_pass_merge_optimizer.cpp(244): error C2064: term does not evaluate to a function taking 4 arguments
P:\Development\personal\games\NextGenGameEngine\tests\unit\test_render_pass_merge_optimizer.cpp(247): error C2664: 'bool nge::rhi::RenderPassMergeOptimizer::AddPass(const nge::rhi::RenderPassDesc &)': cannot convert argument 1 from 'int' to 'const nge::rhi::RenderPassDesc &'
P:\Development\personal\games\NextGenGameEngine\tests\unit\test_render_pass_merge_optimizer.cpp(247): note: Reason: cannot convert from 'int' to 'const nge::rhi::RenderPassDesc'
P:\Development\personal\games\NextGenGameEngine\tests\unit\test_render_pass_merge_optimizer.cpp(247): note: No constructor could take the source type, or constructor overload resolution was ambiguous
P:\Development\personal\games\NextGenGameEngine\engine/rhi/common/rhi_render_pass_merge_optimizer.h(89): note: see declaration of 'nge::rhi::RenderPassMergeOptimizer::AddPass'
P:\Development\personal\games\NextGenGameEngine\tests\unit\test_render_pass_merge_optimizer.cpp(247): error C2512: 'testing::AssertionResult': no appropriate default constructor available
P:\Development\personal\games\NextGenGameEngine\tests\unit\test_render_pass_merge_optimizer.cpp(247): note: No constructor could take the source type, or constructor overload resolution was ambiguous
P:\Development\personal\games\NextGenGameEngine\tests\unit\test_render_pass_merge_optimizer.cpp(247): error C2737: 'gtest_ar_': const object must be initialized
P:\Development\personal\games\NextGenGameEngine\tests\unit\test_render_pass_merge_optimizer.cpp(256): error C2064: term does not evaluate to a function taking 4 arguments
P:\Development\personal\games\NextGenGameEngine\tests\unit\test_render_pass_merge_optimizer.cpp(257): error C3536: 'p0': cannot be used before it is initialized
P:\Development\personal\games\NextGenGameEngine\tests\unit\test_render_pass_merge_optimizer.cpp(257): error C2064: term does not evaluate to a function taking 4 arguments
P:\Development\personal\games\NextGenGameEngine\tests\unit\test_render_pass_merge_optimizer.cpp(259): error C2064: term does not evaluate to a function taking 4 arguments
P:\Development\personal\games\NextGenGameEngine\tests\unit\test_render_pass_merge_optimizer.cpp(260): error C3536: 'p1': cannot be used before it is initialized
P:\Development\personal\games\NextGenGameEngine\tests\unit\test_render_pass_merge_optimizer.cpp(260): error C2064: term does not evaluate to a function taking 4 arguments
P:\Development\personal\games\NextGenGameEngine\tests\unit\test_render_pass_merge_optimizer.cpp(262): error C2664: 'bool nge::rhi::RenderPassMergeOptimizer::AddPass(const nge::rhi::RenderPassDesc &)': cannot convert argument 1 from 'int' to 'const nge::rhi::RenderPassDesc &'
P:\Development\personal\games\NextGenGameEngine\tests\unit\test_render_pass_merge_optimizer.cpp(262): note: Reason: cannot convert from 'int' to 'const nge::rhi::RenderPassDesc'
P:\Development\personal\games\NextGenGameEngine\tests\unit\test_render_pass_merge_optimizer.cpp(262): note: No constructor could take the source type, or constructor overload resolution was ambiguous
P:\Development\personal\games\NextGenGameEngine\engine/rhi/common/rhi_render_pass_merge_optimizer.h(89): note: see declaration of 'nge::rhi::RenderPassMergeOptimizer::AddPass'
P:\Development\personal\games\NextGenGameEngine\tests\unit\test_render_pass_merge_optimizer.cpp(263): error C2664: 'bool nge::rhi::RenderPassMergeOptimizer::AddPass(const nge::rhi::RenderPassDesc &)': cannot convert argument 1 from 'int' to 'const nge::rhi::RenderPassDesc &'
P:\Development\personal\games\NextGenGameEngine\tests\unit\test_render_pass_merge_optimizer.cpp(263): note: Reason: cannot convert from 'int' to 'const nge::rhi::RenderPassDesc'
P:\Development\personal\games\NextGenGameEngine\tests\unit\test_render_pass_merge_optimizer.cpp(263): note: No constructor could take the source type, or constructor overload resolution was ambiguous
P:\Development\personal\games\NextGenGameEngine\engine/rhi/common/rhi_render_pass_merge_optimizer.h(89): note: see declaration of 'nge::rhi::RenderPassMergeOptimizer::AddPass'
P:\Development\personal\games\NextGenGameEngine\tests\unit\test_render_pass_merge_optimizer.cpp(275): error C2064: term does not evaluate to a function taking 4 arguments
P:\Development\personal\games\NextGenGameEngine\tests\unit\test_render_pass_merge_optimizer.cpp(276): error C3536: 'p0': cannot be used before it is initialized
P:\Development\personal\games\NextGenGameEngine\tests\unit\test_render_pass_merge_optimizer.cpp(276): error C2064: term does not evaluate to a function taking 6 arguments
P:\Development\personal\games\NextGenGameEngine\tests\unit\test_render_pass_merge_optimizer.cpp(278): error C2064: term does not evaluate to a function taking 4 arguments
P:\Development\personal\games\NextGenGameEngine\tests\unit\test_render_pass_merge_optimizer.cpp(279): error C3536: 'p1': cannot be used before it is initialized
P:\Development\personal\games\NextGenGameEngine\tests\unit\test_render_pass_merge_optimizer.cpp(279): error C2064: term does not evaluate to a function taking 6 arguments
P:\Development\personal\games\NextGenGameEngine\tests\unit\test_render_pass_merge_optimizer.cpp(282): error C2064: term does not evaluate to a function taking 4 arguments
P:\Development\personal\games\NextGenGameEngine\tests\unit\test_render_pass_merge_optimizer.cpp(284): error C2664: 'bool nge::rhi::RenderPassMergeOptimizer::AddPass(const nge::rhi::RenderPassDesc &)': cannot convert argument 1 from 'int' to 'const nge::rhi::RenderPassDesc &'
P:\Development\personal\games\NextGenGameEngine\tests\unit\test_render_pass_merge_optimizer.cpp(284): note: Reason: cannot convert from 'int' to 'const nge::rhi::RenderPassDesc'
P:\Development\personal\games\NextGenGameEngine\tests\unit\test_render_pass_merge_optimizer.cpp(284): note: No constructor could take the source type, or constructor overload resolution was ambiguous
P:\Development\personal\games\NextGenGameEngine\engine/rhi/common/rhi_render_pass_merge_optimizer.h(89): note: see declaration of 'nge::rhi::RenderPassMergeOptimizer::AddPass'
P:\Development\personal\games\NextGenGameEngine\tests\unit\test_render_pass_merge_optimizer.cpp(285): error C2664: 'bool nge::rhi::RenderPassMergeOptimizer::AddPass(const nge::rhi::RenderPassDesc &)': cannot convert argument 1 from 'int' to 'const nge::rhi::RenderPassDesc &'
P:\Development\personal\games\NextGenGameEngine\tests\unit\test_render_pass_merge_optimizer.cpp(285): note: Reason: cannot convert from 'int' to 'const nge::rhi::RenderPassDesc'
P:\Development\personal\games\NextGenGameEngine\tests\unit\test_render_pass_merge_optimizer.cpp(285): note: No constructor could take the source type, or constructor overload resolution was ambiguous
P:\Development\personal\games\NextGenGameEngine\engine/rhi/common/rhi_render_pass_merge_optimizer.h(89): note: see declaration of 'nge::rhi::RenderPassMergeOptimizer::AddPass'
P:\Development\personal\games\NextGenGameEngine\tests\unit\test_render_pass_merge_optimizer.cpp(286): error C3536: 'p2': cannot be used before it is initialized
P:\Development\personal\games\NextGenGameEngine\tests\unit\test_render_pass_merge_optimizer.cpp(286): error C2664: 'bool nge::rhi::RenderPassMergeOptimizer::AddPass(const nge::rhi::RenderPassDesc &)': cannot convert argument 1 from 'int' to 'const nge::rhi::RenderPassDesc &'
P:\Development\personal\games\NextGenGameEngine\tests\unit\test_render_pass_merge_optimizer.cpp(286): note: Reason: cannot convert from 'int' to 'const nge::rhi::RenderPassDesc'
P:\Development\personal\games\NextGenGameEngine\tests\unit\test_render_pass_merge_optimizer.cpp(286): note: No constructor could take the source type, or constructor overload resolution was ambiguous
P:\Development\personal\games\NextGenGameEngine\engine/rhi/common/rhi_render_pass_merge_optimizer.h(89): note: see declaration of 'nge::rhi::RenderPassMergeOptimizer::AddPass'
P:\Development\personal\games\NextGenGameEngine\tests\unit\test_render_pass_merge_optimizer.cpp(304): error C2064: term does not evaluate to a function taking 4 arguments
P:\Development\personal\games\NextGenGameEngine\tests\unit\test_render_pass_merge_optimizer.cpp(319): error C2064: term does not evaluate to a function taking 4 arguments
P:\Development\personal\games\NextGenGameEngine\tests\unit\test_render_pass_merge_optimizer.cpp(334): error C2064: term does not evaluate to a function taking 4 arguments
P:\Development\personal\games\NextGenGameEngine\tests\unit\test_render_pass_merge_optimizer.cpp(347): error C2064: term does not evaluate to a function taking 4 arguments
P:\Development\personal\games\NextGenGameEngine\tests\unit\test_render_pass_merge_optimizer.cpp(348): error C3536: 'p0': cannot be used before it is initialized
P:\Development\personal\games\NextGenGameEngine\tests\unit\test_render_pass_merge_optimizer.cpp(348): error C2064: term does not evaluate to a function taking 6 arguments
P:\Development\personal\games\NextGenGameEngine\tests\unit\test_render_pass_merge_optimizer.cpp(350): error C2064: term does not evaluate to a function taking 4 arguments
P:\Development\personal\games\NextGenGameEngine\tests\unit\test_render_pass_merge_optimizer.cpp(351): error C3536: 'p1': cannot be used before it is initialized
P:\Development\personal\games\NextGenGameEngine\tests\unit\test_render_pass_merge_optimizer.cpp(352): error C2064: term does not evaluate to a function taking 6 arguments
P:\Development\personal\games\NextGenGameEngine\tests\unit\test_render_pass_merge_optimizer.cpp(353): error C2064: term does not evaluate to a function taking 6 arguments
P:\Development\personal\games\NextGenGameEngine\tests\unit\test_render_pass_merge_optimizer.cpp(357): error C2064: term does not evaluate to a function taking 4 arguments
P:\Development\personal\games\NextGenGameEngine\tests\unit\test_render_pass_merge_optimizer.cpp(358): error C3536: 'p2': cannot be used before it is initialized
P:\Development\personal\games\NextGenGameEngine\tests\unit\test_render_pass_merge_optimizer.cpp(358): fatal error C1003: error count exceeds 100; stopping compilation
[268/297] Building CXX object tests\CMakeFiles\EngineTests.dir\Debug\unit\test_renderpass_merge_optimizer.cpp.obj
FAILED: [code=2] tests/CMakeFiles/EngineTests.dir/Debug/unit/test_renderpass_merge_optimizer.cpp.obj 
C:\PROGRA~2\MICROS~2\2019\BUILDT~1\VC\Tools\MSVC\1429~1.301\bin\Hostx64\x64\cl.exe  /nologo /TP -DFMT_SHARED -DGTEST_LINKED_AS_SHARED_LIBRARY=1 -DNGE_DEBUG=1 -DNGE_ENABLE_ASSERTS=1 -DNGE_ENABLE_MEMORY_TRACKING=1 -DNGE_ENABLE_VULKAN=1 -DNGE_PLATFORM_WINDOWS=1 -DNOMINMAX -DSPDLOG_COMPILED_LIB -DSPDLOG_FMT_EXTERNAL -DSPDLOG_SHARED_LIB -DWIN32_LEAN_AND_MEAN -D_CRT_SECURE_NO_WARNINGS -DCMAKE_INTDIR=\"Debug\" -IP:\Development\personal\games\NextGenGameEngine\engine -IP:\Development\personal\games\NextGenGameEngine\engine\.. -external:IP:\Development\personal\games\NextGenGameEngine\build\vcpkg_installed\x64-windows\include -external:IC:\VulkanSDK\1.4.341.1\include -external:W0 /DWIN32 /D_WINDOWS /EHsc /Zi /Ob0 /Od /RTC1 -std:c++20 -MDd /W4 /permissive- /Zc:__cplusplus /MP /fp:fast /arch:AVX2 /wd4251 /wd4275 /utf-8 /showIncludes /Fotests\CMakeFiles\EngineTests.dir\Debug\unit\test_renderpass_merge_optimizer.cpp.obj /Fdtests\CMakeFiles\EngineTests.dir\Debug\ /FS -c P:\Development\personal\games\NextGenGameEngine\tests\unit\test_renderpass_merge_optimizer.cpp
P:\Development\personal\games\NextGenGameEngine\tests\unit\test_renderpass_merge_optimizer.cpp(6): error C2065: 'u32': undeclared identifier
P:\Development\personal\games\NextGenGameEngine\tests\unit\test_renderpass_merge_optimizer.cpp(6): error C2146: syntax error: missing ')' before identifier 'id'
P:\Development\personal\games\NextGenGameEngine\tests\unit\test_renderpass_merge_optimizer.cpp(7): error C2143: syntax error: missing ';' before '{'
P:\Development\personal\games\NextGenGameEngine\tests\unit\test_renderpass_merge_optimizer.cpp(7): error C2447: '{': missing function header (old-style formal list?)
P:\Development\personal\games\NextGenGameEngine\tests\unit\test_renderpass_merge_optimizer.cpp(30): error C2061: syntax error: identifier 'u64'
P:\Development\personal\games\NextGenGameEngine\tests\unit\test_renderpass_merge_optimizer.cpp(32): error C2065: 'handle': undeclared identifier
P:\Development\personal\games\NextGenGameEngine\tests\unit\test_renderpass_merge_optimizer.cpp(33): error C2065: 'format': undeclared identifier
P:\Development\personal\games\NextGenGameEngine\tests\unit\test_renderpass_merge_optimizer.cpp(56): error C2064: term does not evaluate to a function taking 6 arguments
P:\Development\personal\games\NextGenGameEngine\tests\unit\test_renderpass_merge_optimizer.cpp(57): error C3536: 'pass': cannot be used before it is initialized
P:\Development\personal\games\NextGenGameEngine\tests\unit\test_renderpass_merge_optimizer.cpp(57): error C2660: 'AddColorAttachment': function does not take 2 arguments
P:\Development\personal\games\NextGenGameEngine\tests\unit\test_renderpass_merge_optimizer.cpp(30): note: see declaration of 'AddColorAttachment'
P:\Development\personal\games\NextGenGameEngine\tests\unit\test_renderpass_merge_optimizer.cpp(58): error C2664: 'void nge::rhi::RenderPassMergeOptimizer::DeclarePass(const nge::rhi::RenderPassDecl &)': cannot convert argument 1 from 'int' to 'const nge::rhi::RenderPassDecl &'
P:\Development\personal\games\NextGenGameEngine\tests\unit\test_renderpass_merge_optimizer.cpp(58): note: Reason: cannot convert from 'int' to 'const nge::rhi::RenderPassDecl'
P:\Development\personal\games\NextGenGameEngine\tests\unit\test_renderpass_merge_optimizer.cpp(58): note: No constructor could take the source type, or constructor overload resolution was ambiguous
P:\Development\personal\games\NextGenGameEngine\engine/rhi/common/rhi_renderpass_merge_optimizer.h(106): note: see declaration of 'nge::rhi::RenderPassMergeOptimizer::DeclarePass'
P:\Development\personal\games\NextGenGameEngine\tests\unit\test_renderpass_merge_optimizer.cpp(73): error C2064: term does not evaluate to a function taking 4 arguments
P:\Development\personal\games\NextGenGameEngine\tests\unit\test_renderpass_merge_optimizer.cpp(74): error C3536: 'p0': cannot be used before it is initialized
P:\Development\personal\games\NextGenGameEngine\tests\unit\test_renderpass_merge_optimizer.cpp(74): error C2660: 'AddColorAttachment': function does not take 2 arguments
P:\Development\personal\games\NextGenGameEngine\tests\unit\test_renderpass_merge_optimizer.cpp(30): note: see declaration of 'AddColorAttachment'
P:\Development\personal\games\NextGenGameEngine\tests\unit\test_renderpass_merge_optimizer.cpp(75): error C2064: term does not evaluate to a function taking 4 arguments
P:\Development\personal\games\NextGenGameEngine\tests\unit\test_renderpass_merge_optimizer.cpp(76): error C3536: 'p1': cannot be used before it is initialized
P:\Development\personal\games\NextGenGameEngine\tests\unit\test_renderpass_merge_optimizer.cpp(76): error C2660: 'AddColorAttachment': function does not take 2 arguments
P:\Development\personal\games\NextGenGameEngine\tests\unit\test_renderpass_merge_optimizer.cpp(30): note: see declaration of 'AddColorAttachment'
P:\Development\personal\games\NextGenGameEngine\tests\unit\test_renderpass_merge_optimizer.cpp(78): error C2664: 'void nge::rhi::RenderPassMergeOptimizer::DeclarePass(const nge::rhi::RenderPassDecl &)': cannot convert argument 1 from 'int' to 'const nge::rhi::RenderPassDecl &'
P:\Development\personal\games\NextGenGameEngine\tests\unit\test_renderpass_merge_optimizer.cpp(78): note: Reason: cannot convert from 'int' to 'const nge::rhi::RenderPassDecl'
P:\Development\personal\games\NextGenGameEngine\tests\unit\test_renderpass_merge_optimizer.cpp(78): note: No constructor could take the source type, or constructor overload resolution was ambiguous
P:\Development\personal\games\NextGenGameEngine\engine/rhi/common/rhi_renderpass_merge_optimizer.h(106): note: see declaration of 'nge::rhi::RenderPassMergeOptimizer::DeclarePass'
P:\Development\personal\games\NextGenGameEngine\tests\unit\test_renderpass_merge_optimizer.cpp(79): error C2664: 'void nge::rhi::RenderPassMergeOptimizer::DeclarePass(const nge::rhi::RenderPassDecl &)': cannot convert argument 1 from 'int' to 'const nge::rhi::RenderPassDecl &'
P:\Development\personal\games\NextGenGameEngine\tests\unit\test_renderpass_merge_optimizer.cpp(79): note: Reason: cannot convert from 'int' to 'const nge::rhi::RenderPassDecl'
P:\Development\personal\games\NextGenGameEngine\tests\unit\test_renderpass_merge_optimizer.cpp(79): note: No constructor could take the source type, or constructor overload resolution was ambiguous
P:\Development\personal\games\NextGenGameEngine\engine/rhi/common/rhi_renderpass_merge_optimizer.h(106): note: see declaration of 'nge::rhi::RenderPassMergeOptimizer::DeclarePass'
P:\Development\personal\games\NextGenGameEngine\tests\unit\test_renderpass_merge_optimizer.cpp(93): error C2064: term does not evaluate to a function taking 4 arguments
P:\Development\personal\games\NextGenGameEngine\tests\unit\test_renderpass_merge_optimizer.cpp(94): error C3536: 'p0': cannot be used before it is initialized
P:\Development\personal\games\NextGenGameEngine\tests\unit\test_renderpass_merge_optimizer.cpp(94): error C2660: 'AddColorAttachment': function does not take 2 arguments
P:\Development\personal\games\NextGenGameEngine\tests\unit\test_renderpass_merge_optimizer.cpp(30): note: see declaration of 'AddColorAttachment'
P:\Development\personal\games\NextGenGameEngine\tests\unit\test_renderpass_merge_optimizer.cpp(95): error C2064: term does not evaluate to a function taking 4 arguments
P:\Development\personal\games\NextGenGameEngine\tests\unit\test_renderpass_merge_optimizer.cpp(96): error C3536: 'p1': cannot be used before it is initialized
P:\Development\personal\games\NextGenGameEngine\tests\unit\test_renderpass_merge_optimizer.cpp(96): error C2660: 'AddColorAttachment': function does not take 2 arguments
P:\Development\personal\games\NextGenGameEngine\tests\unit\test_renderpass_merge_optimizer.cpp(30): note: see declaration of 'AddColorAttachment'
P:\Development\personal\games\NextGenGameEngine\tests\unit\test_renderpass_merge_optimizer.cpp(98): error C2664: 'void nge::rhi::RenderPassMergeOptimizer::DeclarePass(const nge::rhi::RenderPassDecl &)': cannot convert argument 1 from 'int' to 'const nge::rhi::RenderPassDecl &'
P:\Development\personal\games\NextGenGameEngine\tests\unit\test_renderpass_merge_optimizer.cpp(98): note: Reason: cannot convert from 'int' to 'const nge::rhi::RenderPassDecl'
P:\Development\personal\games\NextGenGameEngine\tests\unit\test_renderpass_merge_optimizer.cpp(98): note: No constructor could take the source type, or constructor overload resolution was ambiguous
P:\Development\personal\games\NextGenGameEngine\engine/rhi/common/rhi_renderpass_merge_optimizer.h(106): note: see declaration of 'nge::rhi::RenderPassMergeOptimizer::DeclarePass'
P:\Development\personal\games\NextGenGameEngine\tests\unit\test_renderpass_merge_optimizer.cpp(99): error C2664: 'void nge::rhi::RenderPassMergeOptimizer::DeclarePass(const nge::rhi::RenderPassDecl &)': cannot convert argument 1 from 'int' to 'const nge::rhi::RenderPassDecl &'
P:\Development\personal\games\NextGenGameEngine\tests\unit\test_renderpass_merge_optimizer.cpp(99): note: Reason: cannot convert from 'int' to 'const nge::rhi::RenderPassDecl'
P:\Development\personal\games\NextGenGameEngine\tests\unit\test_renderpass_merge_optimizer.cpp(99): note: No constructor could take the source type, or constructor overload resolution was ambiguous
P:\Development\personal\games\NextGenGameEngine\engine/rhi/common/rhi_renderpass_merge_optimizer.h(106): note: see declaration of 'nge::rhi::RenderPassMergeOptimizer::DeclarePass'
P:\Development\personal\games\NextGenGameEngine\tests\unit\test_renderpass_merge_optimizer.cpp(113): error C2064: term does not evaluate to a function taking 5 arguments
P:\Development\personal\games\NextGenGameEngine\tests\unit\test_renderpass_merge_optimizer.cpp(114): error C3536: 'p0': cannot be used before it is initialized
P:\Development\personal\games\NextGenGameEngine\tests\unit\test_renderpass_merge_optimizer.cpp(114): error C2660: 'AddColorAttachment': function does not take 2 arguments
P:\Development\personal\games\NextGenGameEngine\tests\unit\test_renderpass_merge_optimizer.cpp(30): note: see declaration of 'AddColorAttachment'
P:\Development\personal\games\NextGenGameEngine\tests\unit\test_renderpass_merge_optimizer.cpp(115): error C2064: term does not evaluate to a function taking 5 arguments
P:\Development\personal\games\NextGenGameEngine\tests\unit\test_renderpass_merge_optimizer.cpp(116): error C3536: 'p1': cannot be used before it is initialized
P:\Development\personal\games\NextGenGameEngine\tests\unit\test_renderpass_merge_optimizer.cpp(116): error C2660: 'AddColorAttachment': function does not take 2 arguments
P:\Development\personal\games\NextGenGameEngine\tests\unit\test_renderpass_merge_optimizer.cpp(30): note: see declaration of 'AddColorAttachment'
P:\Development\personal\games\NextGenGameEngine\tests\unit\test_renderpass_merge_optimizer.cpp(118): error C2664: 'void nge::rhi::RenderPassMergeOptimizer::DeclarePass(const nge::rhi::RenderPassDecl &)': cannot convert argument 1 from 'int' to 'const nge::rhi::RenderPassDecl &'
P:\Development\personal\games\NextGenGameEngine\tests\unit\test_renderpass_merge_optimizer.cpp(118): note: Reason: cannot convert from 'int' to 'const nge::rhi::RenderPassDecl'
P:\Development\personal\games\NextGenGameEngine\tests\unit\test_renderpass_merge_optimizer.cpp(118): note: No constructor could take the source type, or constructor overload resolution was ambiguous
P:\Development\personal\games\NextGenGameEngine\engine/rhi/common/rhi_renderpass_merge_optimizer.h(106): note: see declaration of 'nge::rhi::RenderPassMergeOptimizer::DeclarePass'
P:\Development\personal\games\NextGenGameEngine\tests\unit\test_renderpass_merge_optimizer.cpp(119): error C2664: 'void nge::rhi::RenderPassMergeOptimizer::DeclarePass(const nge::rhi::RenderPassDecl &)': cannot convert argument 1 from 'int' to 'const nge::rhi::RenderPassDecl &'
P:\Development\personal\games\NextGenGameEngine\tests\unit\test_renderpass_merge_optimizer.cpp(119): note: Reason: cannot convert from 'int' to 'const nge::rhi::RenderPassDecl'
P:\Development\personal\games\NextGenGameEngine\tests\unit\test_renderpass_merge_optimizer.cpp(119): note: No constructor could take the source type, or constructor overload resolution was ambiguous
P:\Development\personal\games\NextGenGameEngine\engine/rhi/common/rhi_renderpass_merge_optimizer.h(106): note: see declaration of 'nge::rhi::RenderPassMergeOptimizer::DeclarePass'
P:\Development\personal\games\NextGenGameEngine\tests\unit\test_renderpass_merge_optimizer.cpp(131): error C2065: 'u32': undeclared identifier
P:\Development\personal\games\NextGenGameEngine\tests\unit\test_renderpass_merge_optimizer.cpp(131): error C2146: syntax error: missing ';' before identifier 'i'
P:\Development\personal\games\NextGenGameEngine\tests\unit\test_renderpass_merge_optimizer.cpp(131): error C2143: syntax error: missing ';' before '='
P:\Development\personal\games\NextGenGameEngine\tests\unit\test_renderpass_merge_optimizer.cpp(131): error C2143: syntax error: missing ')' before '='
P:\Development\personal\games\NextGenGameEngine\tests\unit\test_renderpass_merge_optimizer.cpp(131): error C2059: syntax error: '='
P:\Development\personal\games\NextGenGameEngine\tests\unit\test_renderpass_merge_optimizer.cpp(131): error C2059: syntax error: ';'
P:\Development\personal\games\NextGenGameEngine\tests\unit\test_renderpass_merge_optimizer.cpp(131): error C2143: syntax error: missing ';' before '{'
P:\Development\personal\games\NextGenGameEngine\tests\unit\test_renderpass_merge_optimizer.cpp(132): error C2065: 'i': undeclared identifier
P:\Development\personal\games\NextGenGameEngine\tests\unit\test_renderpass_merge_optimizer.cpp(132): error C2059: syntax error: ')'
P:\Development\personal\games\NextGenGameEngine\tests\unit\test_renderpass_merge_optimizer.cpp(133): error C2065: 'i': undeclared identifier
P:\Development\personal\games\NextGenGameEngine\tests\unit\test_renderpass_merge_optimizer.cpp(133): error C2059: syntax error: ')'
P:\Development\personal\games\NextGenGameEngine\tests\unit\test_renderpass_merge_optimizer.cpp(135): error C2143: syntax error: missing ';' before '}'
P:\Development\personal\games\NextGenGameEngine\tests\unit\test_renderpass_merge_optimizer.cpp(138): error C2065: 'result': undeclared identifier
P:\Development\personal\games\NextGenGameEngine\tests\unit\test_renderpass_merge_optimizer.cpp(138): error C2059: syntax error: ')'
P:\Development\personal\games\NextGenGameEngine\tests\unit\test_renderpass_merge_optimizer.cpp(138): error C2065: 'gtest_ar': undeclared identifier
P:\Development\personal\games\NextGenGameEngine\tests\unit\test_renderpass_merge_optimizer.cpp(139): error C2065: 'result': undeclared identifier
P:\Development\personal\games\NextGenGameEngine\tests\unit\test_renderpass_merge_optimizer.cpp(139): error C2059: syntax error: ')'
P:\Development\personal\games\NextGenGameEngine\tests\unit\test_renderpass_merge_optimizer.cpp(139): error C2065: 'gtest_ar': undeclared identifier
P:\Development\personal\games\NextGenGameEngine\tests\unit\test_renderpass_merge_optimizer.cpp(142): error C2143: syntax error: missing ';' before '}'
P:\Development\personal\games\NextGenGameEngine\tests\unit\test_renderpass_merge_optimizer.cpp(144): error C2947: expecting '>' to terminate template-argument-list, found '>'
P:\Development\personal\games\NextGenGameEngine\tests\unit\test_renderpass_merge_optimizer.cpp(144): error C2059: syntax error: 'constant'
P:\Development\personal\games\NextGenGameEngine\tests\unit\test_renderpass_merge_optimizer.cpp(144): error C2059: syntax error: ')'
P:\Development\personal\games\NextGenGameEngine\tests\unit\test_renderpass_merge_optimizer.cpp(144): error C2246: 'RenderPassMergeOptimizer_ThreePassesMergeIntoOne_Test::TestBody::RenderPassMergeOptimizer_MaxSubpassesLimit_Test::test_info_': illegal static data member in locally defined class
P:\Development\personal\games\NextGenGameEngine\tests\unit\test_renderpass_merge_optimizer.cpp(144): error C3640: 'RenderPassMergeOptimizer_ThreePassesMergeIntoOne_Test::TestBody::RenderPassMergeOptimizer_MaxSubpassesLimit_Test::TestBody': a referenced or virtual member function of a local class must be defined
P:\Development\personal\games\NextGenGameEngine\tests\unit\test_renderpass_merge_optimizer.cpp(144): error C2655: 'RenderPassMergeOptimizer_ThreePassesMergeIntoOne_Test::TestBody::RenderPassMergeOptimizer_MaxSubpassesLimit_Test::test_info_': definition or redeclaration illegal in current scope
P:\Development\personal\games\NextGenGameEngine\tests\unit\test_renderpass_merge_optimizer.cpp(144): note: see declaration of 'RenderPassMergeOptimizer_ThreePassesMergeIntoOne_Test::TestBody::RenderPassMergeOptimizer_MaxSubpassesLimit_Test::test_info_'
P:\Development\personal\games\NextGenGameEngine\tests\unit\test_renderpass_merge_optimizer.cpp(144): error C2601: 'RenderPassMergeOptimizer_ThreePassesMergeIntoOne_Test::TestBody::RenderPassMergeOptimizer_MaxSubpassesLimit_Test::TestBody': local function definitions are illegal
P:\Development\personal\games\NextGenGameEngine\tests\unit\test_renderpass_merge_optimizer.cpp(165): error C2246: 'RenderPassMergeOptimizer_ThreePassesMergeIntoOne_Test::TestBody::RenderPassMergeOptimizer_MixedResolutionsGroupCorrectly_Test::test_info_': illegal static data member in locally defined class
P:\Development\personal\games\NextGenGameEngine\tests\unit\test_renderpass_merge_optimizer.cpp(165): error C3640: 'RenderPassMergeOptimizer_ThreePassesMergeIntoOne_Test::TestBody::RenderPassMergeOptimizer_MixedResolutionsGroupCorrectly_Test::TestBody': a referenced or virtual member function of a local class must be defined
P:\Development\personal\games\NextGenGameEngine\tests\unit\test_renderpass_merge_optimizer.cpp(150): error C2065: 'u32': undeclared identifier
P:\Development\personal\games\NextGenGameEngine\tests\unit\test_renderpass_merge_optimizer.cpp(150): error C2146: syntax error: missing ';' before identifier 'i'
P:\Development\personal\games\NextGenGameEngine\tests\unit\test_renderpass_merge_optimizer.cpp(150): error C2143: syntax error: missing ';' before '='
P:\Development\personal\games\NextGenGameEngine\tests\unit\test_renderpass_merge_optimizer.cpp(150): error C2143: syntax error: missing ')' before '='
P:\Development\personal\games\NextGenGameEngine\tests\unit\test_renderpass_merge_optimizer.cpp(150): error C2059: syntax error: '='
P:\Development\personal\games\NextGenGameEngine\tests\unit\test_renderpass_merge_optimizer.cpp(150): error C2059: syntax error: ';'
P:\Development\personal\games\NextGenGameEngine\tests\unit\test_renderpass_merge_optimizer.cpp(150): error C2143: syntax error: missing ';' before '{'
P:\Development\personal\games\NextGenGameEngine\tests\unit\test_renderpass_merge_optimizer.cpp(151): error C2065: 'i': undeclared identifier
P:\Development\personal\games\NextGenGameEngine\tests\unit\test_renderpass_merge_optimizer.cpp(151): error C2059: syntax error: ')'
P:\Development\personal\games\NextGenGameEngine\tests\unit\test_renderpass_merge_optimizer.cpp(152): error C2065: 'i': undeclared identifier
P:\Development\personal\games\NextGenGameEngine\tests\unit\test_renderpass_merge_optimizer.cpp(152): error C2059: syntax error: ')'
P:\Development\personal\games\NextGenGameEngine\tests\unit\test_renderpass_merge_optimizer.cpp(154): error C2143: syntax error: missing ';' before '}'
P:\Development\personal\games\NextGenGameEngine\tests\unit\test_renderpass_merge_optimizer.cpp(158): error C2065: 'result': undeclared identifier
P:\Development\personal\games\NextGenGameEngine\tests\unit\test_renderpass_merge_optimizer.cpp(158): error C2059: syntax error: ')'
P:\Development\personal\games\NextGenGameEngine\tests\unit\test_renderpass_merge_optimizer.cpp(158): error C2065: 'gtest_ar': undeclared identifier
P:\Development\personal\games\NextGenGameEngine\tests\unit\test_renderpass_merge_optimizer.cpp(159): error C2065: 'result': undeclared identifier
P:\Development\personal\games\NextGenGameEngine\tests\unit\test_renderpass_merge_optimizer.cpp(159): error C2059: syntax error: ')'
P:\Development\personal\games\NextGenGameEngine\tests\unit\test_renderpass_merge_optimizer.cpp(159): error C2065: 'gtest_ar': undeclared identifier
P:\Development\personal\games\NextGenGameEngine\tests\unit\test_renderpass_merge_optimizer.cpp(160): error C2065: 'result': undeclared identifier
P:\Development\personal\games\NextGenGameEngine\tests\unit\test_renderpass_merge_optimizer.cpp(160): error C2059: syntax error: ')'
P:\Development\personal\games\NextGenGameEngine\tests\unit\test_renderpass_merge_optimizer.cpp(160): error C2065: 'gtest_ar': undeclared identifier
P:\Development\personal\games\NextGenGameEngine\tests\unit\test_renderpass_merge_optimizer.cpp(163): error C2143: syntax error: missing ';' before '}'
P:\Development\personal\games\NextGenGameEngine\tests\unit\test_renderpass_merge_optimizer.cpp(165): error C2143: syntax error: missing ';' before '}'
P:\Development\personal\games\NextGenGameEngine\tests\unit\test_renderpass_merge_optimizer.cpp(165): fatal error C1004: unexpected end-of-file found
[269/297] Building CXX object tests\CMakeFiles\EngineTests.dir\Debug\unit\test_render_pass_pingpong.cpp.obj
FAILED: [code=2] tests/CMakeFiles/EngineTests.dir/Debug/unit/test_render_pass_pingpong.cpp.obj 
C:\PROGRA~2\MICROS~2\2019\BUILDT~1\VC\Tools\MSVC\1429~1.301\bin\Hostx64\x64\cl.exe  /nologo /TP -DFMT_SHARED -DGTEST_LINKED_AS_SHARED_LIBRARY=1 -DNGE_DEBUG=1 -DNGE_ENABLE_ASSERTS=1 -DNGE_ENABLE_MEMORY_TRACKING=1 -DNGE_ENABLE_VULKAN=1 -DNGE_PLATFORM_WINDOWS=1 -DNOMINMAX -DSPDLOG_COMPILED_LIB -DSPDLOG_FMT_EXTERNAL -DSPDLOG_SHARED_LIB -DWIN32_LEAN_AND_MEAN -D_CRT_SECURE_NO_WARNINGS -DCMAKE_INTDIR=\"Debug\" -IP:\Development\personal\games\NextGenGameEngine\engine -IP:\Development\personal\games\NextGenGameEngine\engine\.. -external:IP:\Development\personal\games\NextGenGameEngine\build\vcpkg_installed\x64-windows\include -external:IC:\VulkanSDK\1.4.341.1\include -external:W0 /DWIN32 /D_WINDOWS /EHsc /Zi /Ob0 /Od /RTC1 -std:c++20 -MDd /W4 /permissive- /Zc:__cplusplus /MP /fp:fast /arch:AVX2 /wd4251 /wd4275 /utf-8 /showIncludes /Fotests\CMakeFiles\EngineTests.dir\Debug\unit\test_render_pass_pingpong.cpp.obj /Fdtests\CMakeFiles\EngineTests.dir\Debug\ /FS -c P:\Development\personal\games\NextGenGameEngine\tests\unit\test_render_pass_pingpong.cpp
P:\Development\personal\games\NextGenGameEngine\tests\unit\test_render_pass_pingpong.cpp(171): error C2065: 'u32': undeclared identifier
P:\Development\personal\games\NextGenGameEngine\tests\unit\test_render_pass_pingpong.cpp(171): error C2146: syntax error: missing ';' before identifier 'id'
P:\Development\personal\games\NextGenGameEngine\tests\unit\test_render_pass_pingpong.cpp(171): error C2065: 'id': undeclared identifier
P:\Development\personal\games\NextGenGameEngine\tests\unit\test_render_pass_pingpong.cpp(172): error C2065: 'id': undeclared identifier
P:\Development\personal\games\NextGenGameEngine\tests\unit\test_render_pass_pingpong.cpp(172): error C2737: 'gtest_ar': const object must be initialized
P:\Development\personal\games\NextGenGameEngine\tests\unit\test_render_pass_pingpong.cpp(193): error C2065: 'u32': undeclared identifier
P:\Development\personal\games\NextGenGameEngine\tests\unit\test_render_pass_pingpong.cpp(193): error C2146: syntax error: missing ';' before identifier 'id'
P:\Development\personal\games\NextGenGameEngine\tests\unit\test_render_pass_pingpong.cpp(193): error C2065: 'id': undeclared identifier
P:\Development\personal\games\NextGenGameEngine\tests\unit\test_render_pass_pingpong.cpp(194): error C2065: 'id': undeclared identifier
P:\Development\personal\games\NextGenGameEngine\tests\unit\test_render_pass_pingpong.cpp(194): error C2737: 'gtest_ar': const object must be initialized
P:\Development\personal\games\NextGenGameEngine\tests\unit\test_render_pass_pingpong.cpp(211): error C2065: 'u32': undeclared identifier
P:\Development\personal\games\NextGenGameEngine\tests\unit\test_render_pass_pingpong.cpp(211): error C2146: syntax error: missing ';' before identifier 'id'
P:\Development\personal\games\NextGenGameEngine\tests\unit\test_render_pass_pingpong.cpp(211): error C2065: 'id': undeclared identifier
P:\Development\personal\games\NextGenGameEngine\tests\unit\test_render_pass_pingpong.cpp(222): error C2065: 'u32': undeclared identifier
P:\Development\personal\games\NextGenGameEngine\tests\unit\test_render_pass_pingpong.cpp(222): error C2146: syntax error: missing ';' before identifier 'prev'
P:\Development\personal\games\NextGenGameEngine\tests\unit\test_render_pass_pingpong.cpp(222): error C2065: 'prev': undeclared identifier
P:\Development\personal\games\NextGenGameEngine\tests\unit\test_render_pass_pingpong.cpp(222): error C2065: 'id': undeclared identifier
P:\Development\personal\games\NextGenGameEngine\tests\unit\test_render_pass_pingpong.cpp(223): error C2065: 'prev': undeclared identifier
P:\Development\personal\games\NextGenGameEngine\tests\unit\test_render_pass_pingpong.cpp(223): error C2737: 'gtest_ar': const object must be initialized
P:\Development\personal\games\NextGenGameEngine\tests\unit\test_render_pass_pingpong.cpp(236): error C2065: 'u32': undeclared identifier
P:\Development\personal\games\NextGenGameEngine\tests\unit\test_render_pass_pingpong.cpp(236): error C2146: syntax error: missing ';' before identifier 'id'
P:\Development\personal\games\NextGenGameEngine\tests\unit\test_render_pass_pingpong.cpp(236): error C2065: 'id': undeclared identifier
P:\Development\personal\games\NextGenGameEngine\tests\unit\test_render_pass_pingpong.cpp(240): error C2065: 'u32': undeclared identifier
P:\Development\personal\games\NextGenGameEngine\tests\unit\test_render_pass_pingpong.cpp(240): error C2146: syntax error: missing ';' before identifier 'prev0'
P:\Development\personal\games\NextGenGameEngine\tests\unit\test_render_pass_pingpong.cpp(240): error C2065: 'prev0': undeclared identifier
P:\Development\personal\games\NextGenGameEngine\tests\unit\test_render_pass_pingpong.cpp(240): error C2065: 'id': undeclared identifier
P:\Development\personal\games\NextGenGameEngine\tests\unit\test_render_pass_pingpong.cpp(241): error C2065: 'prev0': undeclared identifier
P:\Development\personal\games\NextGenGameEngine\tests\unit\test_render_pass_pingpong.cpp(241): error C2737: 'gtest_ar': const object must be initialized
P:\Development\personal\games\NextGenGameEngine\tests\unit\test_render_pass_pingpong.cpp(244): error C2065: 'u32': undeclared identifier
P:\Development\personal\games\NextGenGameEngine\tests\unit\test_render_pass_pingpong.cpp(244): error C2146: syntax error: missing ';' before identifier 'prev1'
P:\Development\personal\games\NextGenGameEngine\tests\unit\test_render_pass_pingpong.cpp(244): error C2065: 'prev1': undeclared identifier
P:\Development\personal\games\NextGenGameEngine\tests\unit\test_render_pass_pingpong.cpp(244): error C2065: 'id': undeclared identifier
P:\Development\personal\games\NextGenGameEngine\tests\unit\test_render_pass_pingpong.cpp(245): error C2065: 'prev1': undeclared identifier
P:\Development\personal\games\NextGenGameEngine\tests\unit\test_render_pass_pingpong.cpp(245): error C2737: 'gtest_ar': const object must be initialized
P:\Development\personal\games\NextGenGameEngine\tests\unit\test_render_pass_pingpong.cpp(258): error C2065: 'u32': undeclared identifier
P:\Development\personal\games\NextGenGameEngine\tests\unit\test_render_pass_pingpong.cpp(258): error C2146: syntax error: missing ';' before identifier 'id'
P:\Development\personal\games\NextGenGameEngine\tests\unit\test_render_pass_pingpong.cpp(258): error C2065: 'id': undeclared identifier
P:\Development\personal\games\NextGenGameEngine\tests\unit\test_render_pass_pingpong.cpp(261): error C2065: 'id': undeclared identifier
[270/297] Building CXX object tests\CMakeFiles\EngineTests.dir\Debug\unit\test_resource_transition_tracker.cpp.obj
FAILED: [code=2] tests/CMakeFiles/EngineTests.dir/Debug/unit/test_resource_transition_tracker.cpp.obj 
C:\PROGRA~2\MICROS~2\2019\BUILDT~1\VC\Tools\MSVC\1429~1.301\bin\Hostx64\x64\cl.exe  /nologo /TP -DFMT_SHARED -DGTEST_LINKED_AS_SHARED_LIBRARY=1 -DNGE_DEBUG=1 -DNGE_ENABLE_ASSERTS=1 -DNGE_ENABLE_MEMORY_TRACKING=1 -DNGE_ENABLE_VULKAN=1 -DNGE_PLATFORM_WINDOWS=1 -DNOMINMAX -DSPDLOG_COMPILED_LIB -DSPDLOG_FMT_EXTERNAL -DSPDLOG_SHARED_LIB -DWIN32_LEAN_AND_MEAN -D_CRT_SECURE_NO_WARNINGS -DCMAKE_INTDIR=\"Debug\" -IP:\Development\personal\games\NextGenGameEngine\engine -IP:\Development\personal\games\NextGenGameEngine\engine\.. -external:IP:\Development\personal\games\NextGenGameEngine\build\vcpkg_installed\x64-windows\include -external:IC:\VulkanSDK\1.4.341.1\include -external:W0 /DWIN32 /D_WINDOWS /EHsc /Zi /Ob0 /Od /RTC1 -std:c++20 -MDd /W4 /permissive- /Zc:__cplusplus /MP /fp:fast /arch:AVX2 /wd4251 /wd4275 /utf-8 /showIncludes /Fotests\CMakeFiles\EngineTests.dir\Debug\unit\test_resource_transition_tracker.cpp.obj /Fdtests\CMakeFiles\EngineTests.dir\Debug\ /FS -c P:\Development\personal\games\NextGenGameEngine\tests\unit\test_resource_transition_tracker.cpp
P:\Development\personal\games\NextGenGameEngine\tests\unit\test_resource_transition_tracker.cpp(17): error C2065: 'u32': undeclared identifier
P:\Development\personal\games\NextGenGameEngine\tests\unit\test_resource_transition_tracker.cpp(17): error C2146: syntax error: missing ';' before identifier 'id'
P:\Development\personal\games\NextGenGameEngine\tests\unit\test_resource_transition_tracker.cpp(17): error C2065: 'id': undeclared identifier
P:\Development\personal\games\NextGenGameEngine\tests\unit\test_resource_transition_tracker.cpp(18): error C2065: 'id': undeclared identifier
P:\Development\personal\games\NextGenGameEngine\tests\unit\test_resource_transition_tracker.cpp(18): error C2737: 'gtest_ar': const object must be initialized
P:\Development\personal\games\NextGenGameEngine\tests\unit\test_resource_transition_tracker.cpp(21): error C2065: 'id': undeclared identifier
P:\Development\personal\games\NextGenGameEngine\tests\unit\test_resource_transition_tracker.cpp(22): error C3536: 'res': cannot be used before it is initialized
P:\Development\personal\games\NextGenGameEngine\tests\unit\test_resource_transition_tracker.cpp(23): error C2512: 'testing::AssertionResult': no appropriate default constructor available
P:\Development\personal\games\NextGenGameEngine\tests\unit\test_resource_transition_tracker.cpp(23): note: No constructor could take the source type, or constructor overload resolution was ambiguous
P:\Development\personal\games\NextGenGameEngine\tests\unit\test_resource_transition_tracker.cpp(23): error C2737: 'gtest_ar_': const object must be initialized
P:\Development\personal\games\NextGenGameEngine\tests\unit\test_resource_transition_tracker.cpp(24): error C2660: 'testing::internal::EqHelper::Compare': function does not take 3 arguments
P:\Development\personal\games\NextGenGameEngine\build\vcpkg_installed\x64-windows\include\gtest/gtest.h(1422): note: see declaration of 'testing::internal::EqHelper::Compare'
P:\Development\personal\games\NextGenGameEngine\tests\unit\test_resource_transition_tracker.cpp(24): error C2737: 'gtest_ar': const object must be initialized
P:\Development\personal\games\NextGenGameEngine\tests\unit\test_resource_transition_tracker.cpp(25): error C2660: 'testing::internal::EqHelper::Compare': function does not take 3 arguments
P:\Development\personal\games\NextGenGameEngine\build\vcpkg_installed\x64-windows\include\gtest/gtest.h(1422): note: see declaration of 'testing::internal::EqHelper::Compare'
P:\Development\personal\games\NextGenGameEngine\tests\unit\test_resource_transition_tracker.cpp(25): error C2737: 'gtest_ar': const object must be initialized
P:\Development\personal\games\NextGenGameEngine\tests\unit\test_resource_transition_tracker.cpp(34): error C2065: 'u32': undeclared identifier
P:\Development\personal\games\NextGenGameEngine\tests\unit\test_resource_transition_tracker.cpp(34): error C2146: syntax error: missing ';' before identifier 'id'
P:\Development\personal\games\NextGenGameEngine\tests\unit\test_resource_transition_tracker.cpp(34): error C2065: 'id': undeclared identifier
P:\Development\personal\games\NextGenGameEngine\tests\unit\test_resource_transition_tracker.cpp(36): error C2065: 'id': undeclared identifier
P:\Development\personal\games\NextGenGameEngine\tests\unit\test_resource_transition_tracker.cpp(36): error C2512: 'testing::AssertionResult': no appropriate default constructor available
P:\Development\personal\games\NextGenGameEngine\tests\unit\test_resource_transition_tracker.cpp(36): note: No constructor could take the source type, or constructor overload resolution was ambiguous
P:\Development\personal\games\NextGenGameEngine\tests\unit\test_resource_transition_tracker.cpp(36): error C2737: 'gtest_ar_': const object must be initialized
P:\Development\personal\games\NextGenGameEngine\tests\unit\test_resource_transition_tracker.cpp(37): error C2065: 'id': undeclared identifier
P:\Development\personal\games\NextGenGameEngine\tests\unit\test_resource_transition_tracker.cpp(37): error C2660: 'testing::internal::EqHelper::Compare': function does not take 3 arguments
P:\Development\personal\games\NextGenGameEngine\build\vcpkg_installed\x64-windows\include\gtest/gtest.h(1422): note: see declaration of 'testing::internal::EqHelper::Compare'
P:\Development\personal\games\NextGenGameEngine\tests\unit\test_resource_transition_tracker.cpp(37): error C2737: 'gtest_ar': const object must be initialized
P:\Development\personal\games\NextGenGameEngine\tests\unit\test_resource_transition_tracker.cpp(39): error C2065: 'id': undeclared identifier
P:\Development\personal\games\NextGenGameEngine\tests\unit\test_resource_transition_tracker.cpp(39): error C2512: 'testing::AssertionResult': no appropriate default constructor available
P:\Development\personal\games\NextGenGameEngine\tests\unit\test_resource_transition_tracker.cpp(39): note: No constructor could take the source type, or constructor overload resolution was ambiguous
P:\Development\personal\games\NextGenGameEngine\tests\unit\test_resource_transition_tracker.cpp(39): error C2737: 'gtest_ar_': const object must be initialized
P:\Development\personal\games\NextGenGameEngine\tests\unit\test_resource_transition_tracker.cpp(40): error C2065: 'id': undeclared identifier
P:\Development\personal\games\NextGenGameEngine\tests\unit\test_resource_transition_tracker.cpp(40): error C2660: 'testing::internal::EqHelper::Compare': function does not take 3 arguments
P:\Development\personal\games\NextGenGameEngine\build\vcpkg_installed\x64-windows\include\gtest/gtest.h(1422): note: see declaration of 'testing::internal::EqHelper::Compare'
P:\Development\personal\games\NextGenGameEngine\tests\unit\test_resource_transition_tracker.cpp(40): error C2737: 'gtest_ar': const object must be initialized
P:\Development\personal\games\NextGenGameEngine\tests\unit\test_resource_transition_tracker.cpp(49): error C2065: 'u32': undeclared identifier
P:\Development\personal\games\NextGenGameEngine\tests\unit\test_resource_transition_tracker.cpp(49): error C2146: syntax error: missing ';' before identifier 'id'
P:\Development\personal\games\NextGenGameEngine\tests\unit\test_resource_transition_tracker.cpp(49): error C2065: 'id': undeclared identifier
P:\Development\personal\games\NextGenGameEngine\tests\unit\test_resource_transition_tracker.cpp(52): error C2065: 'id': undeclared identifier
P:\Development\personal\games\NextGenGameEngine\tests\unit\test_resource_transition_tracker.cpp(52): error C2512: 'testing::AssertionResult': no appropriate default constructor available
P:\Development\personal\games\NextGenGameEngine\tests\unit\test_resource_transition_tracker.cpp(52): note: No constructor could take the source type, or constructor overload resolution was ambiguous
P:\Development\personal\games\NextGenGameEngine\tests\unit\test_resource_transition_tracker.cpp(52): error C2737: 'gtest_ar_': const object must be initialized
P:\Development\personal\games\NextGenGameEngine\tests\unit\test_resource_transition_tracker.cpp(74): error C2065: 'u32': undeclared identifier
P:\Development\personal\games\NextGenGameEngine\tests\unit\test_resource_transition_tracker.cpp(74): error C2146: syntax error: missing ';' before identifier 'id'
P:\Development\personal\games\NextGenGameEngine\tests\unit\test_resource_transition_tracker.cpp(74): error C2065: 'id': undeclared identifier
P:\Development\personal\games\NextGenGameEngine\tests\unit\test_resource_transition_tracker.cpp(75): error C2065: 'id': undeclared identifier
P:\Development\personal\games\NextGenGameEngine\tests\unit\test_resource_transition_tracker.cpp(75): error C2660: 'testing::internal::EqHelper::Compare': function does not take 3 arguments
P:\Development\personal\games\NextGenGameEngine\build\vcpkg_installed\x64-windows\include\gtest/gtest.h(1422): note: see declaration of 'testing::internal::EqHelper::Compare'
P:\Development\personal\games\NextGenGameEngine\tests\unit\test_resource_transition_tracker.cpp(75): error C2737: 'gtest_ar': const object must be initialized
P:\Development\personal\games\NextGenGameEngine\tests\unit\test_resource_transition_tracker.cpp(77): error C2065: 'id': undeclared identifier
P:\Development\personal\games\NextGenGameEngine\tests\unit\test_resource_transition_tracker.cpp(78): error C2065: 'id': undeclared identifier
P:\Development\personal\games\NextGenGameEngine\tests\unit\test_resource_transition_tracker.cpp(78): error C2660: 'testing::internal::EqHelper::Compare': function does not take 3 arguments
P:\Development\personal\games\NextGenGameEngine\build\vcpkg_installed\x64-windows\include\gtest/gtest.h(1422): note: see declaration of 'testing::internal::EqHelper::Compare'
P:\Development\personal\games\NextGenGameEngine\tests\unit\test_resource_transition_tracker.cpp(78): error C2737: 'gtest_ar': const object must be initialized
P:\Development\personal\games\NextGenGameEngine\tests\unit\test_resource_transition_tracker.cpp(89): error C2065: 'u32': undeclared identifier
P:\Development\personal\games\NextGenGameEngine\tests\unit\test_resource_transition_tracker.cpp(89): error C2146: syntax error: missing ';' before identifier 'id'
P:\Development\personal\games\NextGenGameEngine\tests\unit\test_resource_transition_tracker.cpp(89): error C2065: 'id': undeclared identifier
P:\Development\personal\games\NextGenGameEngine\tests\unit\test_resource_transition_tracker.cpp(91): error C2065: 'id': undeclared identifier
P:\Development\personal\games\NextGenGameEngine\tests\unit\test_resource_transition_tracker.cpp(94): error C2065: 'id': undeclared identifier
P:\Development\personal\games\NextGenGameEngine\tests\unit\test_resource_transition_tracker.cpp(94): error C2512: 'testing::AssertionResult': no appropriate default constructor available
P:\Development\personal\games\NextGenGameEngine\tests\unit\test_resource_transition_tracker.cpp(94): note: No constructor could take the source type, or constructor overload resolution was ambiguous
P:\Development\personal\games\NextGenGameEngine\tests\unit\test_resource_transition_tracker.cpp(94): error C2737: 'gtest_ar_': const object must be initialized
P:\Development\personal\games\NextGenGameEngine\tests\unit\test_resource_transition_tracker.cpp(105): error C2065: 'u32': undeclared identifier
P:\Development\personal\games\NextGenGameEngine\tests\unit\test_resource_transition_tracker.cpp(105): error C2146: syntax error: missing ';' before identifier 'id'
P:\Development\personal\games\NextGenGameEngine\tests\unit\test_resource_transition_tracker.cpp(105): error C2065: 'id': undeclared identifier
P:\Development\personal\games\NextGenGameEngine\tests\unit\test_resource_transition_tracker.cpp(106): error C2065: 'id': undeclared identifier
P:\Development\personal\games\NextGenGameEngine\tests\unit\test_resource_transition_tracker.cpp(109): error C2065: 'id': undeclared identifier
P:\Development\personal\games\NextGenGameEngine\tests\unit\test_resource_transition_tracker.cpp(109): error C2512: 'testing::AssertionResult': no appropriate default constructor available
P:\Development\personal\games\NextGenGameEngine\tests\unit\test_resource_transition_tracker.cpp(109): note: No constructor could take the source type, or constructor overload resolution was ambiguous
P:\Development\personal\games\NextGenGameEngine\tests\unit\test_resource_transition_tracker.cpp(109): error C2737: 'gtest_ar_': const object must be initialized
P:\Development\personal\games\NextGenGameEngine\tests\unit\test_resource_transition_tracker.cpp(118): error C2065: 'u32': undeclared identifier
P:\Development\personal\games\NextGenGameEngine\tests\unit\test_resource_transition_tracker.cpp(118): error C2146: syntax error: missing ';' before identifier 'id'
P:\Development\personal\games\NextGenGameEngine\tests\unit\test_resource_transition_tracker.cpp(118): error C2065: 'id': undeclared identifier
P:\Development\personal\games\NextGenGameEngine\tests\unit\test_resource_transition_tracker.cpp(119): error C2065: 'id': undeclared identifier
P:\Development\personal\games\NextGenGameEngine\tests\unit\test_resource_transition_tracker.cpp(121): error C2065: 'id': undeclared identifier
P:\Development\personal\games\NextGenGameEngine\tests\unit\test_resource_transition_tracker.cpp(121): error C2512: 'testing::AssertionResult': no appropriate default constructor available
P:\Development\personal\games\NextGenGameEngine\tests\unit\test_resource_transition_tracker.cpp(121): note: No constructor could take the source type, or constructor overload resolution was ambiguous
P:\Development\personal\games\NextGenGameEngine\tests\unit\test_resource_transition_tracker.cpp(121): error C2737: 'gtest_ar_': const object must be initialized
P:\Development\personal\games\NextGenGameEngine\tests\unit\test_resource_transition_tracker.cpp(130): error C2065: 'u32': undeclared identifier
P:\Development\personal\games\NextGenGameEngine\tests\unit\test_resource_transition_tracker.cpp(130): error C2146: syntax error: missing ';' before identifier 'id'
P:\Development\personal\games\NextGenGameEngine\tests\unit\test_resource_transition_tracker.cpp(130): error C2065: 'id': undeclared identifier
P:\Development\personal\games\NextGenGameEngine\tests\unit\test_resource_transition_tracker.cpp(131): error C2065: 'id': undeclared identifier
P:\Development\personal\games\NextGenGameEngine\tests\unit\test_resource_transition_tracker.cpp(134): error C2065: 'id': undeclared identifier
P:\Development\personal\games\NextGenGameEngine\tests\unit\test_resource_transition_tracker.cpp(134): error C2512: 'testing::AssertionResult': no appropriate default constructor available
P:\Development\personal\games\NextGenGameEngine\tests\unit\test_resource_transition_tracker.cpp(134): note: No constructor could take the source type, or constructor overload resolution was ambiguous
P:\Development\personal\games\NextGenGameEngine\tests\unit\test_resource_transition_tracker.cpp(134): error C2737: 'gtest_ar_': const object must be initialized
P:\Development\personal\games\NextGenGameEngine\tests\unit\test_resource_transition_tracker.cpp(143): error C2065: 'u32': undeclared identifier
P:\Development\personal\games\NextGenGameEngine\tests\unit\test_resource_transition_tracker.cpp(143): error C2146: syntax error: missing ';' before identifier 'id'
P:\Development\personal\games\NextGenGameEngine\tests\unit\test_resource_transition_tracker.cpp(143): error C2065: 'id': undeclared identifier
P:\Development\personal\games\NextGenGameEngine\tests\unit\test_resource_transition_tracker.cpp(145): error C2065: 'id': undeclared identifier
P:\Development\personal\games\NextGenGameEngine\tests\unit\test_resource_transition_tracker.cpp(147): error C3536: 'issues': cannot be used before it is initialized
P:\Development\personal\games\NextGenGameEngine\tests\unit\test_resource_transition_tracker.cpp(147): error C2672: 'begin': no matching overloaded function found
P:\Development\personal\games\NextGenGameEngine\tests\unit\test_resource_transition_tracker.cpp(147): error C2893: Failed to specialize function template 'unknown-type std::begin(_Container &)'
C:\Program Files (x86)\Microsoft Visual Studio\2019\BuildTools\VC\Tools\MSVC\14.29.30133\include\xutility(1844): note: see declaration of 'std::begin'
P:\Development\personal\games\NextGenGameEngine\tests\unit\test_resource_transition_tracker.cpp(147): note: With the following template arguments:
P:\Development\personal\games\NextGenGameEngine\tests\unit\test_resource_transition_tracker.cpp(147): note: '_Container=int'
P:\Development\personal\games\NextGenGameEngine\tests\unit\test_resource_transition_tracker.cpp(147): error C2784: 'const _Elem *std::begin(std::initializer_list<_Elem>) noexcept': could not deduce template argument for 'std::initializer_list<_Elem>' from 'int'
C:\Program Files (x86)\Microsoft Visual Studio\2019\BuildTools\VC\Tools\MSVC\14.29.30133\include\initializer_list(55): note: see declaration of 'std::begin'
P:\Development\personal\games\NextGenGameEngine\tests\unit\test_resource_transition_tracker.cpp(147): error C2672: 'end': no matching overloaded function found
P:\Development\personal\games\NextGenGameEngine\tests\unit\test_resource_transition_tracker.cpp(147): error C2893: Failed to specialize function template 'unknown-type std::end(_Container &)'
C:\Program Files (x86)\Microsoft Visual Studio\2019\BuildTools\VC\Tools\MSVC\14.29.30133\include\xutility(1854): note: see declaration of 'std::end'
P:\Development\personal\games\NextGenGameEngine\tests\unit\test_resource_transition_tracker.cpp(147): note: With the following template arguments:
P:\Development\personal\games\NextGenGameEngine\tests\unit\test_resource_transition_tracker.cpp(147): note: '_Container=int'
P:\Development\personal\games\NextGenGameEngine\tests\unit\test_resource_transition_tracker.cpp(147): error C2784: 'const _Elem *std::end(std::initializer_list<_Elem>) noexcept': could not deduce template argument for 'std::initializer_list<_Elem>' from 'int'
C:\Program Files (x86)\Microsoft Visual Studio\2019\BuildTools\VC\Tools\MSVC\14.29.30133\include\initializer_list(60): note: see declaration of 'std::end'
P:\Development\personal\games\NextGenGameEngine\tests\unit\test_resource_transition_tracker.cpp(147): error C3536: '<begin>$L0': cannot be used before it is initialized
P:\Development\personal\games\NextGenGameEngine\tests\unit\test_resource_transition_tracker.cpp(147): error C3536: '<end>$L0': cannot be used before it is initialized
P:\Development\personal\games\NextGenGameEngine\tests\unit\test_resource_transition_tracker.cpp(147): error C2100: illegal indirection
P:\Development\personal\games\NextGenGameEngine\tests\unit\test_resource_transition_tracker.cpp(159): error C2065: 'u32': undeclared identifier
P:\Development\personal\games\NextGenGameEngine\tests\unit\test_resource_transition_tracker.cpp(159): error C2146: syntax error: missing ';' before identifier 'id'
P:\Development\personal\games\NextGenGameEngine\tests\unit\test_resource_transition_tracker.cpp(159): error C2065: 'id': undeclared identifier
P:\Development\personal\games\NextGenGameEngine\tests\unit\test_resource_transition_tracker.cpp(161): error C2065: 'id': undeclared identifier
P:\Development\personal\games\NextGenGameEngine\tests\unit\test_resource_transition_tracker.cpp(163): error C3536: 'issues': cannot be used before it is initialized
P:\Development\personal\games\NextGenGameEngine\tests\unit\test_resource_transition_tracker.cpp(163): error C2672: 'begin': no matching overloaded function found
P:\Development\personal\games\NextGenGameEngine\tests\unit\test_resource_transition_tracker.cpp(163): error C2893: Failed to specialize function template 'unknown-type std::begin(_Container &)'
C:\Program Files (x86)\Microsoft Visual Studio\2019\BuildTools\VC\Tools\MSVC\14.29.30133\include\xutility(1844): note: see declaration of 'std::begin'
P:\Development\personal\games\NextGenGameEngine\tests\unit\test_resource_transition_tracker.cpp(163): note: With the following template arguments:
P:\Development\personal\games\NextGenGameEngine\tests\unit\test_resource_transition_tracker.cpp(163): note: '_Container=int'
P:\Development\personal\games\NextGenGameEngine\tests\unit\test_resource_transition_tracker.cpp(163): error C2784: 'const _Elem *std::begin(std::initializer_list<_Elem>) noexcept': could not deduce template argument for 'std::initializer_list<_Elem>' from 'int'
C:\Program Files (x86)\Microsoft Visual Studio\2019\BuildTools\VC\Tools\MSVC\14.29.30133\include\initializer_list(55): note: see declaration of 'std::begin'
P:\Development\personal\games\NextGenGameEngine\tests\unit\test_resource_transition_tracker.cpp(163): error C2672: 'end': no matching overloaded function found
P:\Development\personal\games\NextGenGameEngine\tests\unit\test_resource_transition_tracker.cpp(163): error C2893: Failed to specialize function template 'unknown-type std::end(_Container &)'
C:\Program Files (x86)\Microsoft Visual Studio\2019\BuildTools\VC\Tools\MSVC\14.29.30133\include\xutility(1854): note: see declaration of 'std::end'
P:\Development\personal\games\NextGenGameEngine\tests\unit\test_resource_transition_tracker.cpp(163): note: With the following template arguments:
P:\Development\personal\games\NextGenGameEngine\tests\unit\test_resource_transition_tracker.cpp(163): note: '_Container=int'
P:\Development\personal\games\NextGenGameEngine\tests\unit\test_resource_transition_tracker.cpp(163): error C2784: 'const _Elem *std::end(std::initializer_list<_Elem>) noexcept': could not deduce template argument for 'std::initializer_list<_Elem>' from 'int'
C:\Program Files (x86)\Microsoft Visual Studio\2019\BuildTools\VC\Tools\MSVC\14.29.30133\include\initializer_list(60): note: see declaration of 'std::end'
P:\Development\personal\games\NextGenGameEngine\tests\unit\test_resource_transition_tracker.cpp(163): error C3536: '<begin>$L0': cannot be used before it is initialized
P:\Development\personal\games\NextGenGameEngine\tests\unit\test_resource_transition_tracker.cpp(163): error C3536: '<end>$L0': cannot be used before it is initialized
P:\Development\personal\games\NextGenGameEngine\tests\unit\test_resource_transition_tracker.cpp(163): error C2100: illegal indirection
P:\Development\personal\games\NextGenGameEngine\tests\unit\test_resource_transition_tracker.cpp(186): error C2065: 'u32': undeclared identifier
P:\Development\personal\games\NextGenGameEngine\tests\unit\test_resource_transition_tracker.cpp(186): fatal error C1003: error count exceeds 100; stopping compilation
[271/297] Building CXX object tests\CMakeFiles\EngineTests.dir\Debug\unit\test_queue_family_arbiter.cpp.obj
[272/297] Building CXX object tests\CMakeFiles\EngineTests.dir\Debug\unit\test_ring_allocator.cpp.obj
FAILED: [code=2] tests/CMakeFiles/EngineTests.dir/Debug/unit/test_ring_allocator.cpp.obj 
C:\PROGRA~2\MICROS~2\2019\BUILDT~1\VC\Tools\MSVC\1429~1.301\bin\Hostx64\x64\cl.exe  /nologo /TP -DFMT_SHARED -DGTEST_LINKED_AS_SHARED_LIBRARY=1 -DNGE_DEBUG=1 -DNGE_ENABLE_ASSERTS=1 -DNGE_ENABLE_MEMORY_TRACKING=1 -DNGE_ENABLE_VULKAN=1 -DNGE_PLATFORM_WINDOWS=1 -DNOMINMAX -DSPDLOG_COMPILED_LIB -DSPDLOG_FMT_EXTERNAL -DSPDLOG_SHARED_LIB -DWIN32_LEAN_AND_MEAN -D_CRT_SECURE_NO_WARNINGS -DCMAKE_INTDIR=\"Debug\" -IP:\Development\personal\games\NextGenGameEngine\engine -IP:\Development\personal\games\NextGenGameEngine\engine\.. -external:IP:\Development\personal\games\NextGenGameEngine\build\vcpkg_installed\x64-windows\include -external:IC:\VulkanSDK\1.4.341.1\include -external:W0 /DWIN32 /D_WINDOWS /EHsc /Zi /Ob0 /Od /RTC1 -std:c++20 -MDd /W4 /permissive- /Zc:__cplusplus /MP /fp:fast /arch:AVX2 /wd4251 /wd4275 /utf-8 /showIncludes /Fotests\CMakeFiles\EngineTests.dir\Debug\unit\test_ring_allocator.cpp.obj /Fdtests\CMakeFiles\EngineTests.dir\Debug\ /FS -c P:\Development\personal\games\NextGenGameEngine\tests\unit\test_ring_allocator.cpp
P:\Development\personal\games\NextGenGameEngine\tests\unit\test_ring_allocator.cpp(144): error C2065: 'u64': undeclared identifier
P:\Development\personal\games\NextGenGameEngine\tests\unit\test_ring_allocator.cpp(144): error C2146: syntax error: missing ';' before identifier 'freeBeforeReclaim'
P:\Development\personal\games\NextGenGameEngine\tests\unit\test_ring_allocator.cpp(144): error C2065: 'freeBeforeReclaim': undeclared identifier
P:\Development\personal\games\NextGenGameEngine\tests\unit\test_ring_allocator.cpp(148): error C2065: 'u64': undeclared identifier
P:\Development\personal\games\NextGenGameEngine\tests\unit\test_ring_allocator.cpp(148): error C2146: syntax error: missing ';' before identifier 'freeAfterReclaim'
P:\Development\personal\games\NextGenGameEngine\tests\unit\test_ring_allocator.cpp(148): error C2065: 'freeAfterReclaim': undeclared identifier
P:\Development\personal\games\NextGenGameEngine\tests\unit\test_ring_allocator.cpp(149): error C2065: 'freeAfterReclaim': undeclared identifier
P:\Development\personal\games\NextGenGameEngine\tests\unit\test_ring_allocator.cpp(149): error C2065: 'freeBeforeReclaim': undeclared identifier
P:\Development\personal\games\NextGenGameEngine\tests\unit\test_ring_allocator.cpp(149): error C2737: 'gtest_ar': const object must be initialized
[273/297] Building CXX object tests\CMakeFiles\EngineTests.dir\Debug\unit\test_rt_pool.cpp.obj
FAILED: [code=2] tests/CMakeFiles/EngineTests.dir/Debug/unit/test_rt_pool.cpp.obj 
C:\PROGRA~2\MICROS~2\2019\BUILDT~1\VC\Tools\MSVC\1429~1.301\bin\Hostx64\x64\cl.exe  /nologo /TP -DFMT_SHARED -DGTEST_LINKED_AS_SHARED_LIBRARY=1 -DNGE_DEBUG=1 -DNGE_ENABLE_ASSERTS=1 -DNGE_ENABLE_MEMORY_TRACKING=1 -DNGE_ENABLE_VULKAN=1 -DNGE_PLATFORM_WINDOWS=1 -DNOMINMAX -DSPDLOG_COMPILED_LIB -DSPDLOG_FMT_EXTERNAL -DSPDLOG_SHARED_LIB -DWIN32_LEAN_AND_MEAN -D_CRT_SECURE_NO_WARNINGS -DCMAKE_INTDIR=\"Debug\" -IP:\Development\personal\games\NextGenGameEngine\engine -IP:\Development\personal\games\NextGenGameEngine\engine\.. -external:IP:\Development\personal\games\NextGenGameEngine\build\vcpkg_installed\x64-windows\include -external:IC:\VulkanSDK\1.4.341.1\include -external:W0 /DWIN32 /D_WINDOWS /EHsc /Zi /Ob0 /Od /RTC1 -std:c++20 -MDd /W4 /permissive- /Zc:__cplusplus /MP /fp:fast /arch:AVX2 /wd4251 /wd4275 /utf-8 /showIncludes /Fotests\CMakeFiles\EngineTests.dir\Debug\unit\test_rt_pool.cpp.obj /Fdtests\CMakeFiles\EngineTests.dir\Debug\ /FS -c P:\Development\personal\games\NextGenGameEngine\tests\unit\test_rt_pool.cpp
P:\Development\personal\games\NextGenGameEngine\tests\unit\test_rt_pool.cpp(6): error C2065: 'u32': undeclared identifier
P:\Development\personal\games\NextGenGameEngine\tests\unit\test_rt_pool.cpp(6): error C2146: syntax error: missing ')' before identifier 'w'
P:\Development\personal\games\NextGenGameEngine\tests\unit\test_rt_pool.cpp(6): error C2143: syntax error: missing ';' before '{'
P:\Development\personal\games\NextGenGameEngine\tests\unit\test_rt_pool.cpp(6): error C2447: '{': missing function header (old-style formal list?)
P:\Development\personal\games\NextGenGameEngine\tests\unit\test_rt_pool.cpp(29): error C2064: term does not evaluate to a function taking 3 arguments
P:\Development\personal\games\NextGenGameEngine\tests\unit\test_rt_pool.cpp(30): error C3536: 'desc': cannot be used before it is initialized
P:\Development\personal\games\NextGenGameEngine\tests\unit\test_rt_pool.cpp(32): error C2065: 'u32': undeclared identifier
P:\Development\personal\games\NextGenGameEngine\tests\unit\test_rt_pool.cpp(32): error C2146: syntax error: missing ';' before identifier 'id'
P:\Development\personal\games\NextGenGameEngine\tests\unit\test_rt_pool.cpp(32): error C2065: 'id': undeclared identifier
P:\Development\personal\games\NextGenGameEngine\tests\unit\test_rt_pool.cpp(32): error C2664: 'nge::u32 nge::rhi::RenderTargetPool::Acquire(const nge::rhi::RenderTargetDesc &,nge::u64)': cannot convert argument 1 from 'int' to 'const nge::rhi::RenderTargetDesc &'
P:\Development\personal\games\NextGenGameEngine\tests\unit\test_rt_pool.cpp(32): note: Reason: cannot convert from 'int' to 'const nge::rhi::RenderTargetDesc'
P:\Development\personal\games\NextGenGameEngine\tests\unit\test_rt_pool.cpp(32): note: No constructor could take the source type, or constructor overload resolution was ambiguous
P:\Development\personal\games\NextGenGameEngine\engine/rhi/common/rhi_rt_pool.h(102): note: see declaration of 'nge::rhi::RenderTargetPool::Acquire'
P:\Development\personal\games\NextGenGameEngine\tests\unit\test_rt_pool.cpp(33): error C2065: 'id': undeclared identifier
P:\Development\personal\games\NextGenGameEngine\tests\unit\test_rt_pool.cpp(33): error C2737: 'gtest_ar': const object must be initialized
P:\Development\personal\games\NextGenGameEngine\tests\unit\test_rt_pool.cpp(37): error C2065: 'id': undeclared identifier
P:\Development\personal\games\NextGenGameEngine\tests\unit\test_rt_pool.cpp(38): error C3536: 'target': cannot be used before it is initialized
P:\Development\personal\games\NextGenGameEngine\tests\unit\test_rt_pool.cpp(39): error C2660: 'testing::internal::EqHelper::Compare': function does not take 3 arguments
P:\Development\personal\games\NextGenGameEngine\build\vcpkg_installed\x64-windows\include\gtest/gtest.h(1422): note: see declaration of 'testing::internal::EqHelper::Compare'
P:\Development\personal\games\NextGenGameEngine\tests\unit\test_rt_pool.cpp(39): error C2737: 'gtest_ar': const object must be initialized
P:\Development\personal\games\NextGenGameEngine\tests\unit\test_rt_pool.cpp(40): error C2660: 'testing::internal::EqHelper::Compare': function does not take 3 arguments
P:\Development\personal\games\NextGenGameEngine\build\vcpkg_installed\x64-windows\include\gtest/gtest.h(1422): note: see declaration of 'testing::internal::EqHelper::Compare'
P:\Development\personal\games\NextGenGameEngine\tests\unit\test_rt_pool.cpp(40): error C2737: 'gtest_ar': const object must be initialized
P:\Development\personal\games\NextGenGameEngine\tests\unit\test_rt_pool.cpp(41): error C2512: 'testing::AssertionResult': no appropriate default constructor available
P:\Development\personal\games\NextGenGameEngine\tests\unit\test_rt_pool.cpp(41): note: No constructor could take the source type, or constructor overload resolution was ambiguous
P:\Development\personal\games\NextGenGameEngine\tests\unit\test_rt_pool.cpp(41): error C2737: 'gtest_ar_': const object must be initialized
P:\Development\personal\games\NextGenGameEngine\tests\unit\test_rt_pool.cpp(50): error C2064: term does not evaluate to a function taking 3 arguments
P:\Development\personal\games\NextGenGameEngine\tests\unit\test_rt_pool.cpp(51): error C2065: 'u32': undeclared identifier
P:\Development\personal\games\NextGenGameEngine\tests\unit\test_rt_pool.cpp(51): error C2146: syntax error: missing ';' before identifier 'id1'
P:\Development\personal\games\NextGenGameEngine\tests\unit\test_rt_pool.cpp(51): error C2065: 'id1': undeclared identifier
P:\Development\personal\games\NextGenGameEngine\tests\unit\test_rt_pool.cpp(51): error C3536: 'desc': cannot be used before it is initialized
P:\Development\personal\games\NextGenGameEngine\tests\unit\test_rt_pool.cpp(51): error C2664: 'nge::u32 nge::rhi::RenderTargetPool::Acquire(const nge::rhi::RenderTargetDesc &,nge::u64)': cannot convert argument 1 from 'int' to 'const nge::rhi::RenderTargetDesc &'
P:\Development\personal\games\NextGenGameEngine\tests\unit\test_rt_pool.cpp(51): note: Reason: cannot convert from 'int' to 'const nge::rhi::RenderTargetDesc'
P:\Development\personal\games\NextGenGameEngine\tests\unit\test_rt_pool.cpp(51): note: No constructor could take the source type, or constructor overload resolution was ambiguous
P:\Development\personal\games\NextGenGameEngine\engine/rhi/common/rhi_rt_pool.h(102): note: see declaration of 'nge::rhi::RenderTargetPool::Acquire'
P:\Development\personal\games\NextGenGameEngine\tests\unit\test_rt_pool.cpp(52): error C2065: 'id1': undeclared identifier
P:\Development\personal\games\NextGenGameEngine\tests\unit\test_rt_pool.cpp(58): error C2065: 'u32': undeclared identifier
P:\Development\personal\games\NextGenGameEngine\tests\unit\test_rt_pool.cpp(58): error C2146: syntax error: missing ';' before identifier 'id2'
P:\Development\personal\games\NextGenGameEngine\tests\unit\test_rt_pool.cpp(58): error C2065: 'id2': undeclared identifier
P:\Development\personal\games\NextGenGameEngine\tests\unit\test_rt_pool.cpp(58): error C2664: 'nge::u32 nge::rhi::RenderTargetPool::Acquire(const nge::rhi::RenderTargetDesc &,nge::u64)': cannot convert argument 1 from 'int' to 'const nge::rhi::RenderTargetDesc &'
P:\Development\personal\games\NextGenGameEngine\tests\unit\test_rt_pool.cpp(58): note: Reason: cannot convert from 'int' to 'const nge::rhi::RenderTargetDesc'
P:\Development\personal\games\NextGenGameEngine\tests\unit\test_rt_pool.cpp(58): note: No constructor could take the source type, or constructor overload resolution was ambiguous
P:\Development\personal\games\NextGenGameEngine\engine/rhi/common/rhi_rt_pool.h(102): note: see declaration of 'nge::rhi::RenderTargetPool::Acquire'
P:\Development\personal\games\NextGenGameEngine\tests\unit\test_rt_pool.cpp(59): error C2065: 'id2': undeclared identifier
P:\Development\personal\games\NextGenGameEngine\tests\unit\test_rt_pool.cpp(59): error C2065: 'id1': undeclared identifier
P:\Development\personal\games\NextGenGameEngine\tests\unit\test_rt_pool.cpp(59): error C2737: 'gtest_ar': const object must be initialized
P:\Development\personal\games\NextGenGameEngine\tests\unit\test_rt_pool.cpp(73): error C2064: term does not evaluate to a function taking 3 arguments
P:\Development\personal\games\NextGenGameEngine\tests\unit\test_rt_pool.cpp(74): error C2065: 'u32': undeclared identifier
P:\Development\personal\games\NextGenGameEngine\tests\unit\test_rt_pool.cpp(74): error C2146: syntax error: missing ';' before identifier 'id1'
P:\Development\personal\games\NextGenGameEngine\tests\unit\test_rt_pool.cpp(74): error C2065: 'id1': undeclared identifier
P:\Development\personal\games\NextGenGameEngine\tests\unit\test_rt_pool.cpp(74): error C3536: 'desc1': cannot be used before it is initialized
P:\Development\personal\games\NextGenGameEngine\tests\unit\test_rt_pool.cpp(74): error C2664: 'nge::u32 nge::rhi::RenderTargetPool::Acquire(const nge::rhi::RenderTargetDesc &,nge::u64)': cannot convert argument 1 from 'int' to 'const nge::rhi::RenderTargetDesc &'
P:\Development\personal\games\NextGenGameEngine\tests\unit\test_rt_pool.cpp(74): note: Reason: cannot convert from 'int' to 'const nge::rhi::RenderTargetDesc'
P:\Development\personal\games\NextGenGameEngine\tests\unit\test_rt_pool.cpp(74): note: No constructor could take the source type, or constructor overload resolution was ambiguous
P:\Development\personal\games\NextGenGameEngine\engine/rhi/common/rhi_rt_pool.h(102): note: see declaration of 'nge::rhi::RenderTargetPool::Acquire'
P:\Development\personal\games\NextGenGameEngine\tests\unit\test_rt_pool.cpp(75): error C2065: 'id1': undeclared identifier
P:\Development\personal\games\NextGenGameEngine\tests\unit\test_rt_pool.cpp(78): error C2064: term does not evaluate to a function taking 3 arguments
P:\Development\personal\games\NextGenGameEngine\tests\unit\test_rt_pool.cpp(79): error C2065: 'u32': undeclared identifier
P:\Development\personal\games\NextGenGameEngine\tests\unit\test_rt_pool.cpp(79): error C2146: syntax error: missing ';' before identifier 'id2'
P:\Development\personal\games\NextGenGameEngine\tests\unit\test_rt_pool.cpp(79): error C2065: 'id2': undeclared identifier
P:\Development\personal\games\NextGenGameEngine\tests\unit\test_rt_pool.cpp(79): error C3536: 'desc2': cannot be used before it is initialized
P:\Development\personal\games\NextGenGameEngine\tests\unit\test_rt_pool.cpp(79): error C2664: 'nge::u32 nge::rhi::RenderTargetPool::Acquire(const nge::rhi::RenderTargetDesc &,nge::u64)': cannot convert argument 1 from 'int' to 'const nge::rhi::RenderTargetDesc &'
P:\Development\personal\games\NextGenGameEngine\tests\unit\test_rt_pool.cpp(79): note: Reason: cannot convert from 'int' to 'const nge::rhi::RenderTargetDesc'
P:\Development\personal\games\NextGenGameEngine\tests\unit\test_rt_pool.cpp(79): note: No constructor could take the source type, or constructor overload resolution was ambiguous
P:\Development\personal\games\NextGenGameEngine\engine/rhi/common/rhi_rt_pool.h(102): note: see declaration of 'nge::rhi::RenderTargetPool::Acquire'
P:\Development\personal\games\NextGenGameEngine\tests\unit\test_rt_pool.cpp(80): error C2065: 'id2': undeclared identifier
P:\Development\personal\games\NextGenGameEngine\tests\unit\test_rt_pool.cpp(80): error C2065: 'id1': undeclared identifier
P:\Development\personal\games\NextGenGameEngine\tests\unit\test_rt_pool.cpp(80): error C2737: 'gtest_ar': const object must be initialized
P:\Development\personal\games\NextGenGameEngine\tests\unit\test_rt_pool.cpp(90): error C2064: term does not evaluate to a function taking 3 arguments
P:\Development\personal\games\NextGenGameEngine\tests\unit\test_rt_pool.cpp(91): error C2065: 'u32': undeclared identifier
P:\Development\personal\games\NextGenGameEngine\tests\unit\test_rt_pool.cpp(91): error C2146: syntax error: missing ';' before identifier 'id1'
P:\Development\personal\games\NextGenGameEngine\tests\unit\test_rt_pool.cpp(91): error C2065: 'id1': undeclared identifier
P:\Development\personal\games\NextGenGameEngine\tests\unit\test_rt_pool.cpp(91): error C3536: 'desc1': cannot be used before it is initialized
P:\Development\personal\games\NextGenGameEngine\tests\unit\test_rt_pool.cpp(91): error C2664: 'nge::u32 nge::rhi::RenderTargetPool::Acquire(const nge::rhi::RenderTargetDesc &,nge::u64)': cannot convert argument 1 from 'int' to 'const nge::rhi::RenderTargetDesc &'
P:\Development\personal\games\NextGenGameEngine\tests\unit\test_rt_pool.cpp(91): note: Reason: cannot convert from 'int' to 'const nge::rhi::RenderTargetDesc'
P:\Development\personal\games\NextGenGameEngine\tests\unit\test_rt_pool.cpp(91): note: No constructor could take the source type, or constructor overload resolution was ambiguous
P:\Development\personal\games\NextGenGameEngine\engine/rhi/common/rhi_rt_pool.h(102): note: see declaration of 'nge::rhi::RenderTargetPool::Acquire'
P:\Development\personal\games\NextGenGameEngine\tests\unit\test_rt_pool.cpp(92): error C2065: 'id1': undeclared identifier
P:\Development\personal\games\NextGenGameEngine\tests\unit\test_rt_pool.cpp(95): error C2064: term does not evaluate to a function taking 3 arguments
P:\Development\personal\games\NextGenGameEngine\tests\unit\test_rt_pool.cpp(96): error C2065: 'u32': undeclared identifier
P:\Development\personal\games\NextGenGameEngine\tests\unit\test_rt_pool.cpp(96): error C2146: syntax error: missing ';' before identifier 'id2'
P:\Development\personal\games\NextGenGameEngine\tests\unit\test_rt_pool.cpp(96): error C2065: 'id2': undeclared identifier
P:\Development\personal\games\NextGenGameEngine\tests\unit\test_rt_pool.cpp(96): error C3536: 'desc2': cannot be used before it is initialized
P:\Development\personal\games\NextGenGameEngine\tests\unit\test_rt_pool.cpp(96): error C2664: 'nge::u32 nge::rhi::RenderTargetPool::Acquire(const nge::rhi::RenderTargetDesc &,nge::u64)': cannot convert argument 1 from 'int' to 'const nge::rhi::RenderTargetDesc &'
P:\Development\personal\games\NextGenGameEngine\tests\unit\test_rt_pool.cpp(96): note: Reason: cannot convert from 'int' to 'const nge::rhi::RenderTargetDesc'
P:\Development\personal\games\NextGenGameEngine\tests\unit\test_rt_pool.cpp(96): note: No constructor could take the source type, or constructor overload resolution was ambiguous
P:\Development\personal\games\NextGenGameEngine\engine/rhi/common/rhi_rt_pool.h(102): note: see declaration of 'nge::rhi::RenderTargetPool::Acquire'
P:\Development\personal\games\NextGenGameEngine\tests\unit\test_rt_pool.cpp(97): error C2065: 'id2': undeclared identifier
P:\Development\personal\games\NextGenGameEngine\tests\unit\test_rt_pool.cpp(97): error C2065: 'id1': undeclared identifier
P:\Development\personal\games\NextGenGameEngine\tests\unit\test_rt_pool.cpp(97): error C2737: 'gtest_ar': const object must be initialized
P:\Development\personal\games\NextGenGameEngine\tests\unit\test_rt_pool.cpp(106): error C2064: term does not evaluate to a function taking 3 arguments
P:\Development\personal\games\NextGenGameEngine\tests\unit\test_rt_pool.cpp(107): error C2065: 'u32': undeclared identifier
P:\Development\personal\games\NextGenGameEngine\tests\unit\test_rt_pool.cpp(107): error C2146: syntax error: missing ';' before identifier 'id1'
P:\Development\personal\games\NextGenGameEngine\tests\unit\test_rt_pool.cpp(107): error C2065: 'id1': undeclared identifier
P:\Development\personal\games\NextGenGameEngine\tests\unit\test_rt_pool.cpp(107): error C3536: 'desc': cannot be used before it is initialized
P:\Development\personal\games\NextGenGameEngine\tests\unit\test_rt_pool.cpp(107): error C2664: 'nge::u32 nge::rhi::RenderTargetPool::Acquire(const nge::rhi::RenderTargetDesc &,nge::u64)': cannot convert argument 1 from 'int' to 'const nge::rhi::RenderTargetDesc &'
P:\Development\personal\games\NextGenGameEngine\tests\unit\test_rt_pool.cpp(107): note: Reason: cannot convert from 'int' to 'const nge::rhi::RenderTargetDesc'
P:\Development\personal\games\NextGenGameEngine\tests\unit\test_rt_pool.cpp(107): note: No constructor could take the source type, or constructor overload resolution was ambiguous
P:\Development\personal\games\NextGenGameEngine\engine/rhi/common/rhi_rt_pool.h(102): note: see declaration of 'nge::rhi::RenderTargetPool::Acquire'
P:\Development\personal\games\NextGenGameEngine\tests\unit\test_rt_pool.cpp(110): error C2065: 'u32': undeclared identifier
P:\Development\personal\games\NextGenGameEngine\tests\unit\test_rt_pool.cpp(110): error C2146: syntax error: missing ';' before identifier 'id2'
P:\Development\personal\games\NextGenGameEngine\tests\unit\test_rt_pool.cpp(110): error C2065: 'id2': undeclared identifier
P:\Development\personal\games\NextGenGameEngine\tests\unit\test_rt_pool.cpp(110): error C2664: 'nge::u32 nge::rhi::RenderTargetPool::Acquire(const nge::rhi::RenderTargetDesc &,nge::u64)': cannot convert argument 1 from 'int' to 'const nge::rhi::RenderTargetDesc &'
P:\Development\personal\games\NextGenGameEngine\tests\unit\test_rt_pool.cpp(110): note: Reason: cannot convert from 'int' to 'const nge::rhi::RenderTargetDesc'
P:\Development\personal\games\NextGenGameEngine\tests\unit\test_rt_pool.cpp(110): note: No constructor could take the source type, or constructor overload resolution was ambiguous
P:\Development\personal\games\NextGenGameEngine\engine/rhi/common/rhi_rt_pool.h(102): note: see declaration of 'nge::rhi::RenderTargetPool::Acquire'
P:\Development\personal\games\NextGenGameEngine\tests\unit\test_rt_pool.cpp(111): error C2065: 'id2': undeclared identifier
P:\Development\personal\games\NextGenGameEngine\tests\unit\test_rt_pool.cpp(111): error C2065: 'id1': undeclared identifier
P:\Development\personal\games\NextGenGameEngine\tests\unit\test_rt_pool.cpp(111): error C2737: 'gtest_ar': const object must be initialized
P:\Development\personal\games\NextGenGameEngine\tests\unit\test_rt_pool.cpp(123): error C2064: term does not evaluate to a function taking 3 arguments
P:\Development\personal\games\NextGenGameEngine\tests\unit\test_rt_pool.cpp(124): error C2065: 'u32': undeclared identifier
P:\Development\personal\games\NextGenGameEngine\tests\unit\test_rt_pool.cpp(124): error C2146: syntax error: missing ';' before identifier 'id'
P:\Development\personal\games\NextGenGameEngine\tests\unit\test_rt_pool.cpp(124): error C2065: 'id': undeclared identifier
P:\Development\personal\games\NextGenGameEngine\tests\unit\test_rt_pool.cpp(124): error C3536: 'desc': cannot be used before it is initialized
P:\Development\personal\games\NextGenGameEngine\tests\unit\test_rt_pool.cpp(124): error C2664: 'nge::u32 nge::rhi::RenderTargetPool::Acquire(const nge::rhi::RenderTargetDesc &,nge::u64)': cannot convert argument 1 from 'int' to 'const nge::rhi::RenderTargetDesc &'
P:\Development\personal\games\NextGenGameEngine\tests\unit\test_rt_pool.cpp(124): note: Reason: cannot convert from 'int' to 'const nge::rhi::RenderTargetDesc'
P:\Development\personal\games\NextGenGameEngine\tests\unit\test_rt_pool.cpp(124): note: No constructor could take the source type, or constructor overload resolution was ambiguous
P:\Development\personal\games\NextGenGameEngine\engine/rhi/common/rhi_rt_pool.h(102): note: see declaration of 'nge::rhi::RenderTargetPool::Acquire'
P:\Development\personal\games\NextGenGameEngine\tests\unit\test_rt_pool.cpp(128): error C2065: 'id': undeclared identifier
P:\Development\personal\games\NextGenGameEngine\tests\unit\test_rt_pool.cpp(153): error C2064: term does not evaluate to a function taking 3 arguments
P:\Development\personal\games\NextGenGameEngine\tests\unit\test_rt_pool.cpp(154): error C2065: 'u32': undeclared identifier
P:\Development\personal\games\NextGenGameEngine\tests\unit\test_rt_pool.cpp(154): error C2146: syntax error: missing ';' before identifier 'id'
P:\Development\personal\games\NextGenGameEngine\tests\unit\test_rt_pool.cpp(154): error C2065: 'id': undeclared identifier
P:\Development\personal\games\NextGenGameEngine\tests\unit\test_rt_pool.cpp(154): error C3536: 'desc': cannot be used before it is initialized
P:\Development\personal\games\NextGenGameEngine\tests\unit\test_rt_pool.cpp(154): error C2664: 'nge::u32 nge::rhi::RenderTargetPool::Acquire(const nge::rhi::RenderTargetDesc &,nge::u64)': cannot convert argument 1 from 'int' to 'const nge::rhi::RenderTargetDesc &'
P:\Development\personal\games\NextGenGameEngine\tests\unit\test_rt_pool.cpp(154): note: Reason: cannot convert from 'int' to 'const nge::rhi::RenderTargetDesc'
P:\Development\personal\games\NextGenGameEngine\tests\unit\test_rt_pool.cpp(154): note: No constructor could take the source type, or constructor overload resolution was ambiguous
P:\Development\personal\games\NextGenGameEngine\engine/rhi/common/rhi_rt_pool.h(102): note: see declaration of 'nge::rhi::RenderTargetPool::Acquire'
P:\Development\personal\games\NextGenGameEngine\tests\unit\test_rt_pool.cpp(156): error C2065: 'id': undeclared identifier
P:\Development\personal\games\NextGenGameEngine\tests\unit\test_rt_pool.cpp(158): error C2065: 'u32': undeclared identifier
P:\Development\personal\games\NextGenGameEngine\tests\unit\test_rt_pool.cpp(158): error C2146: syntax error: missing ';' before identifier 'f'
P:\Development\personal\games\NextGenGameEngine\tests\unit\test_rt_pool.cpp(158): error C2143: syntax error: missing ';' before '='
P:\Development\personal\games\NextGenGameEngine\tests\unit\test_rt_pool.cpp(158): error C2143: syntax error: missing ')' before '='
P:\Development\personal\games\NextGenGameEngine\tests\unit\test_rt_pool.cpp(158): error C2059: syntax error: '='
P:\Development\personal\games\NextGenGameEngine\tests\unit\test_rt_pool.cpp(158): error C2059: syntax error: ';'
P:\Development\personal\games\NextGenGameEngine\tests\unit\test_rt_pool.cpp(158): error C2143: syntax error: missing ';' before '{'
P:\Development\personal\games\NextGenGameEngine\tests\unit\test_rt_pool.cpp(160): error C2143: syntax error: missing ';' before '}'
P:\Development\personal\games\NextGenGameEngine\tests\unit\test_rt_pool.cpp(160): fatal error C1003: error count exceeds 100; stopping compilation
[274/297] Building CXX object tests\CMakeFiles\EngineTests.dir\Debug\unit\test_resource_version_tracker.cpp.obj
FAILED: [code=2] tests/CMakeFiles/EngineTests.dir/Debug/unit/test_resource_version_tracker.cpp.obj 
C:\PROGRA~2\MICROS~2\2019\BUILDT~1\VC\Tools\MSVC\1429~1.301\bin\Hostx64\x64\cl.exe  /nologo /TP -DFMT_SHARED -DGTEST_LINKED_AS_SHARED_LIBRARY=1 -DNGE_DEBUG=1 -DNGE_ENABLE_ASSERTS=1 -DNGE_ENABLE_MEMORY_TRACKING=1 -DNGE_ENABLE_VULKAN=1 -DNGE_PLATFORM_WINDOWS=1 -DNOMINMAX -DSPDLOG_COMPILED_LIB -DSPDLOG_FMT_EXTERNAL -DSPDLOG_SHARED_LIB -DWIN32_LEAN_AND_MEAN -D_CRT_SECURE_NO_WARNINGS -DCMAKE_INTDIR=\"Debug\" -IP:\Development\personal\games\NextGenGameEngine\engine -IP:\Development\personal\games\NextGenGameEngine\engine\.. -external:IP:\Development\personal\games\NextGenGameEngine\build\vcpkg_installed\x64-windows\include -external:IC:\VulkanSDK\1.4.341.1\include -external:W0 /DWIN32 /D_WINDOWS /EHsc /Zi /Ob0 /Od /RTC1 -std:c++20 -MDd /W4 /permissive- /Zc:__cplusplus /MP /fp:fast /arch:AVX2 /wd4251 /wd4275 /utf-8 /showIncludes /Fotests\CMakeFiles\EngineTests.dir\Debug\unit\test_resource_version_tracker.cpp.obj /Fdtests\CMakeFiles\EngineTests.dir\Debug\ /FS -c P:\Development\personal\games\NextGenGameEngine\tests\unit\test_resource_version_tracker.cpp
P:\Development\personal\games\NextGenGameEngine\tests\unit\test_resource_version_tracker.cpp(103): error C2065: 'u64': undeclared identifier
P:\Development\personal\games\NextGenGameEngine\tests\unit\test_resource_version_tracker.cpp(103): error C2146: syntax error: missing ';' before identifier 'i'
P:\Development\personal\games\NextGenGameEngine\tests\unit\test_resource_version_tracker.cpp(103): error C2143: syntax error: missing ';' before '='
P:\Development\personal\games\NextGenGameEngine\tests\unit\test_resource_version_tracker.cpp(103): error C2143: syntax error: missing ')' before '='
P:\Development\personal\games\NextGenGameEngine\tests\unit\test_resource_version_tracker.cpp(103): error C2059: syntax error: '='
P:\Development\personal\games\NextGenGameEngine\tests\unit\test_resource_version_tracker.cpp(103): error C2065: 'i': undeclared identifier
P:\Development\personal\games\NextGenGameEngine\tests\unit\test_resource_version_tracker.cpp(103): error C2065: 'i': undeclared identifier
P:\Development\personal\games\NextGenGameEngine\tests\unit\test_resource_version_tracker.cpp(103): error C2059: syntax error: ')'
P:\Development\personal\games\NextGenGameEngine\tests\unit\test_resource_version_tracker.cpp(104): error C2065: 'i': undeclared identifier
P:\Development\personal\games\NextGenGameEngine\tests\unit\test_resource_version_tracker.cpp(104): error C2065: 'i': undeclared identifier
P:\Development\personal\games\NextGenGameEngine\tests\unit\test_resource_version_tracker.cpp(104): error C2059: syntax error: ';'
P:\Development\personal\games\NextGenGameEngine\tests\unit\test_resource_version_tracker.cpp(105): error C2065: 'i': undeclared identifier
P:\Development\personal\games\NextGenGameEngine\tests\unit\test_resource_version_tracker.cpp(108): error C2065: 'tracker': undeclared identifier
P:\Development\personal\games\NextGenGameEngine\tests\unit\test_resource_version_tracker.cpp(109): error C2059: syntax error: 'switch'
P:\Development\personal\games\NextGenGameEngine\tests\unit\test_resource_version_tracker.cpp(109): error C2321: 'default' is a keyword, and cannot be used in this context
P:\Development\personal\games\NextGenGameEngine\tests\unit\test_resource_version_tracker.cpp(109): error C4430: missing type specifier - int assumed. Note: C++ does not support default-int
P:\Development\personal\games\NextGenGameEngine\tests\unit\test_resource_version_tracker.cpp(109): error C2059: syntax error: ':'
P:\Development\personal\games\NextGenGameEngine\tests\unit\test_resource_version_tracker.cpp(109): error C2059: syntax error: 'if'
P:\Development\personal\games\NextGenGameEngine\tests\unit\test_resource_version_tracker.cpp(109): error C2059: syntax error: 'else'
P:\Development\personal\games\NextGenGameEngine\tests\unit\test_resource_version_tracker.cpp(112): error C2059: syntax error: 'switch'
P:\Development\personal\games\NextGenGameEngine\tests\unit\test_resource_version_tracker.cpp(112): error C2321: 'default' is a keyword, and cannot be used in this context
P:\Development\personal\games\NextGenGameEngine\tests\unit\test_resource_version_tracker.cpp(112): error C4430: missing type specifier - int assumed. Note: C++ does not support default-int
P:\Development\personal\games\NextGenGameEngine\tests\unit\test_resource_version_tracker.cpp(112): error C2086: 'int default': redefinition
P:\Development\personal\games\NextGenGameEngine\tests\unit\test_resource_version_tracker.cpp(109): note: see declaration of 'default'
P:\Development\personal\games\NextGenGameEngine\tests\unit\test_resource_version_tracker.cpp(112): error C2059: syntax error: ':'
P:\Development\personal\games\NextGenGameEngine\tests\unit\test_resource_version_tracker.cpp(112): error C2059: syntax error: 'if'
P:\Development\personal\games\NextGenGameEngine\tests\unit\test_resource_version_tracker.cpp(112): error C2059: syntax error: 'else'
P:\Development\personal\games\NextGenGameEngine\tests\unit\test_resource_version_tracker.cpp(114): error C3927: '->': trailing return type is not allowed after a non-function declarator
P:\Development\personal\games\NextGenGameEngine\tests\unit\test_resource_version_tracker.cpp(114): error C3484: syntax error: expected '->' before the return type
P:\Development\personal\games\NextGenGameEngine\tests\unit\test_resource_version_tracker.cpp(114): error C3613: missing return type after '->' ('int' assumed)
P:\Development\personal\games\NextGenGameEngine\tests\unit\test_resource_version_tracker.cpp(114): error C4430: missing type specifier - int assumed. Note: C++ does not support default-int
P:\Development\personal\games\NextGenGameEngine\tests\unit\test_resource_version_tracker.cpp(114): error C2146: syntax error: missing ';' before identifier 'Shutdown'
P:\Development\personal\games\NextGenGameEngine\tests\unit\test_resource_version_tracker.cpp(115): error C2059: syntax error: '}'
P:\Development\personal\games\NextGenGameEngine\tests\unit\test_resource_version_tracker.cpp(115): error C2143: syntax error: missing ';' before '}'
P:\Development\personal\games\NextGenGameEngine\tests\unit\test_resource_version_tracker.cpp(118): warning C4459: declaration of 'tracker' hides global declaration
P:\Development\personal\games\NextGenGameEngine\tests\unit\test_resource_version_tracker.cpp(114): note: see declaration of 'tracker'
P:\Development\personal\games\NextGenGameEngine\tests\unit\test_resource_version_tracker.cpp(129): warning C4459: declaration of 'tracker' hides global declaration
P:\Development\personal\games\NextGenGameEngine\tests\unit\test_resource_version_tracker.cpp(114): note: see declaration of 'tracker'
P:\Development\personal\games\NextGenGameEngine\tests\unit\test_resource_version_tracker.cpp(155): warning C4459: declaration of 'tracker' hides global declaration
P:\Development\personal\games\NextGenGameEngine\tests\unit\test_resource_version_tracker.cpp(114): note: see declaration of 'tracker'
P:\Development\personal\games\NextGenGameEngine\tests\unit\test_resource_version_tracker.cpp(177): warning C4459: declaration of 'tracker' hides global declaration
P:\Development\personal\games\NextGenGameEngine\tests\unit\test_resource_version_tracker.cpp(114): note: see declaration of 'tracker'
P:\Development\personal\games\NextGenGameEngine\tests\unit\test_resource_version_tracker.cpp(193): warning C4459: declaration of 'tracker' hides global declaration
P:\Development\personal\games\NextGenGameEngine\tests\unit\test_resource_version_tracker.cpp(114): note: see declaration of 'tracker'
P:\Development\personal\games\NextGenGameEngine\tests\unit\test_resource_version_tracker.cpp(206): warning C4459: declaration of 'tracker' hides global declaration
P:\Development\personal\games\NextGenGameEngine\tests\unit\test_resource_version_tracker.cpp(114): note: see declaration of 'tracker'
[275/297] Building CXX object tests\CMakeFiles\EngineTests.dir\Debug\unit\test_sampler_dedup_manager.cpp.obj
FAILED: [code=2] tests/CMakeFiles/EngineTests.dir/Debug/unit/test_sampler_dedup_manager.cpp.obj 
C:\PROGRA~2\MICROS~2\2019\BUILDT~1\VC\Tools\MSVC\1429~1.301\bin\Hostx64\x64\cl.exe  /nologo /TP -DFMT_SHARED -DGTEST_LINKED_AS_SHARED_LIBRARY=1 -DNGE_DEBUG=1 -DNGE_ENABLE_ASSERTS=1 -DNGE_ENABLE_MEMORY_TRACKING=1 -DNGE_ENABLE_VULKAN=1 -DNGE_PLATFORM_WINDOWS=1 -DNOMINMAX -DSPDLOG_COMPILED_LIB -DSPDLOG_FMT_EXTERNAL -DSPDLOG_SHARED_LIB -DWIN32_LEAN_AND_MEAN -D_CRT_SECURE_NO_WARNINGS -DCMAKE_INTDIR=\"Debug\" -IP:\Development\personal\games\NextGenGameEngine\engine -IP:\Development\personal\games\NextGenGameEngine\engine\.. -external:IP:\Development\personal\games\NextGenGameEngine\build\vcpkg_installed\x64-windows\include -external:IC:\VulkanSDK\1.4.341.1\include -external:W0 /DWIN32 /D_WINDOWS /EHsc /Zi /Ob0 /Od /RTC1 -std:c++20 -MDd /W4 /permissive- /Zc:__cplusplus /MP /fp:fast /arch:AVX2 /wd4251 /wd4275 /utf-8 /showIncludes /Fotests\CMakeFiles\EngineTests.dir\Debug\unit\test_sampler_dedup_manager.cpp.obj /Fdtests\CMakeFiles\EngineTests.dir\Debug\ /FS -c P:\Development\personal\games\NextGenGameEngine\tests\unit\test_sampler_dedup_manager.cpp
P:\Development\personal\games\NextGenGameEngine\tests\unit\test_sampler_dedup_manager.cpp(35): error C2065: 'u64': undeclared identifier
P:\Development\personal\games\NextGenGameEngine\tests\unit\test_sampler_dedup_manager.cpp(35): error C2146: syntax error: missing ';' before identifier 'handle'
P:\Development\personal\games\NextGenGameEngine\tests\unit\test_sampler_dedup_manager.cpp(35): error C2065: 'handle': undeclared identifier
P:\Development\personal\games\NextGenGameEngine\tests\unit\test_sampler_dedup_manager.cpp(36): error C2065: 'handle': undeclared identifier
P:\Development\personal\games\NextGenGameEngine\tests\unit\test_sampler_dedup_manager.cpp(36): error C2737: 'gtest_ar': const object must be initialized
P:\Development\personal\games\NextGenGameEngine\tests\unit\test_sampler_dedup_manager.cpp(51): error C2065: 'u64': undeclared identifier
P:\Development\personal\games\NextGenGameEngine\tests\unit\test_sampler_dedup_manager.cpp(51): error C2146: syntax error: missing ';' before identifier 'h1'
P:\Development\personal\games\NextGenGameEngine\tests\unit\test_sampler_dedup_manager.cpp(51): error C2065: 'h1': undeclared identifier
P:\Development\personal\games\NextGenGameEngine\tests\unit\test_sampler_dedup_manager.cpp(52): error C2065: 'u64': undeclared identifier
P:\Development\personal\games\NextGenGameEngine\tests\unit\test_sampler_dedup_manager.cpp(52): error C2146: syntax error: missing ';' before identifier 'h2'
P:\Development\personal\games\NextGenGameEngine\tests\unit\test_sampler_dedup_manager.cpp(52): error C2065: 'h2': undeclared identifier
P:\Development\personal\games\NextGenGameEngine\tests\unit\test_sampler_dedup_manager.cpp(54): error C2065: 'h1': undeclared identifier
P:\Development\personal\games\NextGenGameEngine\tests\unit\test_sampler_dedup_manager.cpp(54): error C2065: 'h2': undeclared identifier
P:\Development\personal\games\NextGenGameEngine\tests\unit\test_sampler_dedup_manager.cpp(54): error C2737: 'gtest_ar': const object must be initialized
P:\Development\personal\games\NextGenGameEngine\tests\unit\test_sampler_dedup_manager.cpp(68): error C2065: 'u64': undeclared identifier
P:\Development\personal\games\NextGenGameEngine\tests\unit\test_sampler_dedup_manager.cpp(68): error C2146: syntax error: missing ';' before identifier 'h1'
P:\Development\personal\games\NextGenGameEngine\tests\unit\test_sampler_dedup_manager.cpp(68): error C2065: 'h1': undeclared identifier
P:\Development\personal\games\NextGenGameEngine\tests\unit\test_sampler_dedup_manager.cpp(69): error C2065: 'u64': undeclared identifier
P:\Development\personal\games\NextGenGameEngine\tests\unit\test_sampler_dedup_manager.cpp(69): error C2146: syntax error: missing ';' before identifier 'h2'
P:\Development\personal\games\NextGenGameEngine\tests\unit\test_sampler_dedup_manager.cpp(69): error C2065: 'h2': undeclared identifier
P:\Development\personal\games\NextGenGameEngine\tests\unit\test_sampler_dedup_manager.cpp(71): error C2065: 'h1': undeclared identifier
P:\Development\personal\games\NextGenGameEngine\tests\unit\test_sampler_dedup_manager.cpp(71): error C2065: 'h2': undeclared identifier
P:\Development\personal\games\NextGenGameEngine\tests\unit\test_sampler_dedup_manager.cpp(71): error C2737: 'gtest_ar': const object must be initialized
P:\Development\personal\games\NextGenGameEngine\tests\unit\test_sampler_dedup_manager.cpp(84): error C2065: 'u64': undeclared identifier
P:\Development\personal\games\NextGenGameEngine\tests\unit\test_sampler_dedup_manager.cpp(84): error C2146: syntax error: missing ';' before identifier 'handle'
P:\Development\personal\games\NextGenGameEngine\tests\unit\test_sampler_dedup_manager.cpp(84): error C2065: 'handle': undeclared identifier
P:\Development\personal\games\NextGenGameEngine\tests\unit\test_sampler_dedup_manager.cpp(85): error C2065: 'handle': undeclared identifier
P:\Development\personal\games\NextGenGameEngine\tests\unit\test_sampler_dedup_manager.cpp(85): error C2660: 'testing::internal::EqHelper::Compare': function does not take 3 arguments
P:\Development\personal\games\NextGenGameEngine\build\vcpkg_installed\x64-windows\include\gtest/gtest.h(1422): note: see declaration of 'testing::internal::EqHelper::Compare'
P:\Development\personal\games\NextGenGameEngine\tests\unit\test_sampler_dedup_manager.cpp(85): error C2737: 'gtest_ar': const object must be initialized
P:\Development\personal\games\NextGenGameEngine\tests\unit\test_sampler_dedup_manager.cpp(88): error C2065: 'handle': undeclared identifier
P:\Development\personal\games\NextGenGameEngine\tests\unit\test_sampler_dedup_manager.cpp(88): error C2660: 'testing::internal::EqHelper::Compare': function does not take 3 arguments
P:\Development\personal\games\NextGenGameEngine\build\vcpkg_installed\x64-windows\include\gtest/gtest.h(1422): note: see declaration of 'testing::internal::EqHelper::Compare'
P:\Development\personal\games\NextGenGameEngine\tests\unit\test_sampler_dedup_manager.cpp(88): error C2737: 'gtest_ar': const object must be initialized
P:\Development\personal\games\NextGenGameEngine\tests\unit\test_sampler_dedup_manager.cpp(91): error C2065: 'handle': undeclared identifier
P:\Development\personal\games\NextGenGameEngine\tests\unit\test_sampler_dedup_manager.cpp(91): error C2660: 'testing::internal::EqHelper::Compare': function does not take 3 arguments
P:\Development\personal\games\NextGenGameEngine\build\vcpkg_installed\x64-windows\include\gtest/gtest.h(1422): note: see declaration of 'testing::internal::EqHelper::Compare'
P:\Development\personal\games\NextGenGameEngine\tests\unit\test_sampler_dedup_manager.cpp(91): error C2737: 'gtest_ar': const object must be initialized
P:\Development\personal\games\NextGenGameEngine\tests\unit\test_sampler_dedup_manager.cpp(103): error C2065: 'u64': undeclared identifier
P:\Development\personal\games\NextGenGameEngine\tests\unit\test_sampler_dedup_manager.cpp(103): error C2146: syntax error: missing ';' before identifier 'handle'
P:\Development\personal\games\NextGenGameEngine\tests\unit\test_sampler_dedup_manager.cpp(103): error C2065: 'handle': undeclared identifier
P:\Development\personal\games\NextGenGameEngine\tests\unit\test_sampler_dedup_manager.cpp(106): error C2065: 'handle': undeclared identifier
P:\Development\personal\games\NextGenGameEngine\tests\unit\test_sampler_dedup_manager.cpp(107): error C2065: 'handle': undeclared identifier
P:\Development\personal\games\NextGenGameEngine\tests\unit\test_sampler_dedup_manager.cpp(107): error C2660: 'testing::internal::EqHelper::Compare': function does not take 3 arguments
P:\Development\personal\games\NextGenGameEngine\build\vcpkg_installed\x64-windows\include\gtest/gtest.h(1422): note: see declaration of 'testing::internal::EqHelper::Compare'
P:\Development\personal\games\NextGenGameEngine\tests\unit\test_sampler_dedup_manager.cpp(107): error C2737: 'gtest_ar': const object must be initialized
P:\Development\personal\games\NextGenGameEngine\tests\unit\test_sampler_dedup_manager.cpp(110): error C2065: 'handle': undeclared identifier
P:\Development\personal\games\NextGenGameEngine\tests\unit\test_sampler_dedup_manager.cpp(150): error C2065: 'u64': undeclared identifier
P:\Development\personal\games\NextGenGameEngine\tests\unit\test_sampler_dedup_manager.cpp(150): error C2146: syntax error: missing ';' before identifier 'handle'
P:\Development\personal\games\NextGenGameEngine\tests\unit\test_sampler_dedup_manager.cpp(150): error C2065: 'handle': undeclared identifier
P:\Development\personal\games\NextGenGameEngine\tests\unit\test_sampler_dedup_manager.cpp(152): error C2065: 'handle': undeclared identifier
P:\Development\personal\games\NextGenGameEngine\tests\unit\test_sampler_dedup_manager.cpp(153): error C3536: 'entry': cannot be used before it is initialized
P:\Development\personal\games\NextGenGameEngine\tests\unit\test_sampler_dedup_manager.cpp(154): error C2065: 'handle': undeclared identifier
P:\Development\personal\games\NextGenGameEngine\tests\unit\test_sampler_dedup_manager.cpp(154): error C2737: 'gtest_ar': const object must be initialized
P:\Development\personal\games\NextGenGameEngine\tests\unit\test_sampler_dedup_manager.cpp(155): error C2660: 'testing::internal::EqHelper::Compare': function does not take 3 arguments
P:\Development\personal\games\NextGenGameEngine\build\vcpkg_installed\x64-windows\include\gtest/gtest.h(1422): note: see declaration of 'testing::internal::EqHelper::Compare'
P:\Development\personal\games\NextGenGameEngine\tests\unit\test_sampler_dedup_manager.cpp(155): error C2737: 'gtest_ar': const object must be initialized
P:\Development\personal\games\NextGenGameEngine\tests\unit\test_sampler_dedup_manager.cpp(156): error C2660: 'testing::internal::EqHelper::Compare': function does not take 3 arguments
P:\Development\personal\games\NextGenGameEngine\build\vcpkg_installed\x64-windows\include\gtest/gtest.h(1422): note: see declaration of 'testing::internal::EqHelper::Compare'
P:\Development\personal\games\NextGenGameEngine\tests\unit\test_sampler_dedup_manager.cpp(156): error C2737: 'gtest_ar': const object must be initialized
P:\Development\personal\games\NextGenGameEngine\tests\unit\test_sampler_dedup_manager.cpp(157): error C2660: 'testing::internal::EqHelper::Compare': function does not take 3 arguments
P:\Development\personal\games\NextGenGameEngine\build\vcpkg_installed\x64-windows\include\gtest/gtest.h(1422): note: see declaration of 'testing::internal::EqHelper::Compare'
P:\Development\personal\games\NextGenGameEngine\tests\unit\test_sampler_dedup_manager.cpp(157): error C2737: 'gtest_ar': const object must be initialized
P:\Development\personal\games\NextGenGameEngine\tests\unit\test_sampler_dedup_manager.cpp(176): error C2065: 'u64': undeclared identifier
P:\Development\personal\games\NextGenGameEngine\tests\unit\test_sampler_dedup_manager.cpp(176): error C2146: syntax error: missing ';' before identifier 'h1'
P:\Development\personal\games\NextGenGameEngine\tests\unit\test_sampler_dedup_manager.cpp(176): error C2065: 'h1': undeclared identifier
P:\Development\personal\games\NextGenGameEngine\tests\unit\test_sampler_dedup_manager.cpp(177): error C2065: 'u64': undeclared identifier
P:\Development\personal\games\NextGenGameEngine\tests\unit\test_sampler_dedup_manager.cpp(177): error C2146: syntax error: missing ';' before identifier 'h2'
P:\Development\personal\games\NextGenGameEngine\tests\unit\test_sampler_dedup_manager.cpp(177): error C2065: 'h2': undeclared identifier
P:\Development\personal\games\NextGenGameEngine\tests\unit\test_sampler_dedup_manager.cpp(179): error C2065: 'h1': undeclared identifier
P:\Development\personal\games\NextGenGameEngine\tests\unit\test_sampler_dedup_manager.cpp(179): error C2065: 'h2': undeclared identifier
P:\Development\personal\games\NextGenGameEngine\tests\unit\test_sampler_dedup_manager.cpp(179): error C2737: 'gtest_ar': const object must be initialized
P:\Development\personal\games\NextGenGameEngine\tests\unit\test_sampler_dedup_manager.cpp(199): error C2065: 'u64': undeclared identifier
P:\Development\personal\games\NextGenGameEngine\tests\unit\test_sampler_dedup_manager.cpp(199): error C2146: syntax error: missing ';' before identifier 'h1'
P:\Development\personal\games\NextGenGameEngine\tests\unit\test_sampler_dedup_manager.cpp(199): error C2065: 'h1': undeclared identifier
P:\Development\personal\games\NextGenGameEngine\tests\unit\test_sampler_dedup_manager.cpp(200): error C2065: 'u64': undeclared identifier
P:\Development\personal\games\NextGenGameEngine\tests\unit\test_sampler_dedup_manager.cpp(200): error C2146: syntax error: missing ';' before identifier 'h2'
P:\Development\personal\games\NextGenGameEngine\tests\unit\test_sampler_dedup_manager.cpp(200): error C2065: 'h2': undeclared identifier
P:\Development\personal\games\NextGenGameEngine\tests\unit\test_sampler_dedup_manager.cpp(202): error C2065: 'h1': undeclared identifier
P:\Development\personal\games\NextGenGameEngine\tests\unit\test_sampler_dedup_manager.cpp(202): error C2065: 'h2': undeclared identifier
P:\Development\personal\games\NextGenGameEngine\tests\unit\test_sampler_dedup_manager.cpp(202): error C2737: 'gtest_ar': const object must be initialized
P:\Development\personal\games\NextGenGameEngine\tests\unit\test_sampler_dedup_manager.cpp(214): error C2065: 'u32': undeclared identifier
P:\Development\personal\games\NextGenGameEngine\tests\unit\test_sampler_dedup_manager.cpp(214): error C2146: syntax error: missing ';' before identifier 'i'
P:\Development\personal\games\NextGenGameEngine\tests\unit\test_sampler_dedup_manager.cpp(214): error C2143: syntax error: missing ';' before '='
P:\Development\personal\games\NextGenGameEngine\tests\unit\test_sampler_dedup_manager.cpp(214): error C2143: syntax error: missing ')' before '='
P:\Development\personal\games\NextGenGameEngine\tests\unit\test_sampler_dedup_manager.cpp(214): error C2059: syntax error: '='
P:\Development\personal\games\NextGenGameEngine\tests\unit\test_sampler_dedup_manager.cpp(214): error C2059: syntax error: ';'
P:\Development\personal\games\NextGenGameEngine\tests\unit\test_sampler_dedup_manager.cpp(214): error C2143: syntax error: missing ';' before '{'
P:\Development\personal\games\NextGenGameEngine\tests\unit\test_sampler_dedup_manager.cpp(215): error C2947: expecting '>' to terminate template-argument-list, found '<'
P:\Development\personal\games\NextGenGameEngine\tests\unit\test_sampler_dedup_manager.cpp(215): error C2143: syntax error: missing ';' before '>'
P:\Development\personal\games\NextGenGameEngine\tests\unit\test_sampler_dedup_manager.cpp(215): error C2059: syntax error: '>'
P:\Development\personal\games\NextGenGameEngine\tests\unit\test_sampler_dedup_manager.cpp(215): error C2059: syntax error: ')'
P:\Development\personal\games\NextGenGameEngine\tests\unit\test_sampler_dedup_manager.cpp(216): error C2065: 'desc': undeclared identifier
P:\Development\personal\games\NextGenGameEngine\tests\unit\test_sampler_dedup_manager.cpp(216): error C2065: 'i': undeclared identifier
P:\Development\personal\games\NextGenGameEngine\tests\unit\test_sampler_dedup_manager.cpp(217): error C2065: 'desc': undeclared identifier
P:\Development\personal\games\NextGenGameEngine\tests\unit\test_sampler_dedup_manager.cpp(217): error C2672: 'testing::internal::CmpHelperNE': no matching overloaded function found
P:\Development\personal\games\NextGenGameEngine\tests\unit\test_sampler_dedup_manager.cpp(217): error C2780: 'testing::AssertionResult testing::internal::CmpHelperNE(const char *,const char *,const T1 &,const T2 &)': expects 4 arguments - 3 provided
P:\Development\personal\games\NextGenGameEngine\build\vcpkg_installed\x64-windows\include\gtest/gtest.h(1472): note: see declaration of 'testing::internal::CmpHelperNE'
P:\Development\personal\games\NextGenGameEngine\tests\unit\test_sampler_dedup_manager.cpp(217): error C2737: 'gtest_ar': const object must be initialized
P:\Development\personal\games\NextGenGameEngine\tests\unit\test_sampler_dedup_manager.cpp(219): error C2059: syntax error: 'switch'
P:\Development\personal\games\NextGenGameEngine\tests\unit\test_sampler_dedup_manager.cpp(219): error C2321: 'default' is a keyword, and cannot be used in this context
P:\Development\personal\games\NextGenGameEngine\tests\unit\test_sampler_dedup_manager.cpp(219): error C4430: missing type specifier - int assumed. Note: C++ does not support default-int
P:\Development\personal\games\NextGenGameEngine\tests\unit\test_sampler_dedup_manager.cpp(219): error C2059: syntax error: ':'
P:\Development\personal\games\NextGenGameEngine\tests\unit\test_sampler_dedup_manager.cpp(219): error C2059: syntax error: 'if'
P:\Development\personal\games\NextGenGameEngine\tests\unit\test_sampler_dedup_manager.cpp(219): error C2059: syntax error: 'else'
P:\Development\personal\games\NextGenGameEngine\tests\unit\test_sampler_dedup_manager.cpp(223): error C3927: '->': trailing return type is not allowed after a non-function declarator
P:\Development\personal\games\NextGenGameEngine\tests\unit\test_sampler_dedup_manager.cpp(223): error C3484: syntax error: expected '->' before the return type
P:\Development\personal\games\NextGenGameEngine\tests\unit\test_sampler_dedup_manager.cpp(223): error C3613: missing return type after '->' ('int' assumed)
P:\Development\personal\games\NextGenGameEngine\tests\unit\test_sampler_dedup_manager.cpp(223): error C4430: missing type specifier - int assumed. Note: C++ does not support default-int
P:\Development\personal\games\NextGenGameEngine\tests\unit\test_sampler_dedup_manager.cpp(223): error C2371: 'extra': redefinition; different basic types
P:\Development\personal\games\NextGenGameEngine\tests\unit\test_sampler_dedup_manager.cpp(222): note: see declaration of 'extra'
P:\Development\personal\games\NextGenGameEngine\tests\unit\test_sampler_dedup_manager.cpp(223): error C2146: syntax error: missing ';' before identifier 'mipLodBias'
P:\Development\personal\games\NextGenGameEngine\tests\unit\test_sampler_dedup_manager.cpp(223): fatal error C1003: error count exceeds 100; stopping compilation
[276/297] Building CXX object tests\CMakeFiles\EngineTests.dir\Debug\unit\test_shader_hot_reload.cpp.obj
FAILED: [code=2] tests/CMakeFiles/EngineTests.dir/Debug/unit/test_shader_hot_reload.cpp.obj 
C:\PROGRA~2\MICROS~2\2019\BUILDT~1\VC\Tools\MSVC\1429~1.301\bin\Hostx64\x64\cl.exe  /nologo /TP -DFMT_SHARED -DGTEST_LINKED_AS_SHARED_LIBRARY=1 -DNGE_DEBUG=1 -DNGE_ENABLE_ASSERTS=1 -DNGE_ENABLE_MEMORY_TRACKING=1 -DNGE_ENABLE_VULKAN=1 -DNGE_PLATFORM_WINDOWS=1 -DNOMINMAX -DSPDLOG_COMPILED_LIB -DSPDLOG_FMT_EXTERNAL -DSPDLOG_SHARED_LIB -DWIN32_LEAN_AND_MEAN -D_CRT_SECURE_NO_WARNINGS -DCMAKE_INTDIR=\"Debug\" -IP:\Development\personal\games\NextGenGameEngine\engine -IP:\Development\personal\games\NextGenGameEngine\engine\.. -external:IP:\Development\personal\games\NextGenGameEngine\build\vcpkg_installed\x64-windows\include -external:IC:\VulkanSDK\1.4.341.1\include -external:W0 /DWIN32 /D_WINDOWS /EHsc /Zi /Ob0 /Od /RTC1 -std:c++20 -MDd /W4 /permissive- /Zc:__cplusplus /MP /fp:fast /arch:AVX2 /wd4251 /wd4275 /utf-8 /showIncludes /Fotests\CMakeFiles\EngineTests.dir\Debug\unit\test_shader_hot_reload.cpp.obj /Fdtests\CMakeFiles\EngineTests.dir\Debug\ /FS -c P:\Development\personal\games\NextGenGameEngine\tests\unit\test_shader_hot_reload.cpp
P:\Development\personal\games\NextGenGameEngine\tests\unit\test_shader_hot_reload.cpp(156): error C2065: 'u32': undeclared identifier
P:\Development\personal\games\NextGenGameEngine\tests\unit\test_shader_hot_reload.cpp(156): error C2146: syntax error: missing ';' before identifier 'callbackShaderId'
P:\Development\personal\games\NextGenGameEngine\tests\unit\test_shader_hot_reload.cpp(156): error C2065: 'callbackShaderId': undeclared identifier
P:\Development\personal\games\NextGenGameEngine\tests\unit\test_shader_hot_reload.cpp(159): error C2760: syntax error: unexpected token 'identifier', expected 'type specifier'
P:\Development\personal\games\NextGenGameEngine\tests\unit\test_shader_hot_reload.cpp(159): error C2065: 'id': undeclared identifier
P:\Development\personal\games\NextGenGameEngine\tests\unit\test_shader_hot_reload.cpp(159): error C2059: syntax error: 'const'
P:\Development\personal\games\NextGenGameEngine\tests\unit\test_shader_hot_reload.cpp(159): error C2143: syntax error: missing ';' before '{'
P:\Development\personal\games\NextGenGameEngine\tests\unit\test_shader_hot_reload.cpp(160): error C2065: 'callbackShaderId': undeclared identifier
P:\Development\personal\games\NextGenGameEngine\tests\unit\test_shader_hot_reload.cpp(160): error C2065: 'id': undeclared identifier
P:\Development\personal\games\NextGenGameEngine\tests\unit\test_shader_hot_reload.cpp(161): error C2065: 'path': undeclared identifier
P:\Development\personal\games\NextGenGameEngine\tests\unit\test_shader_hot_reload.cpp(162): error C2059: syntax error: ')'
P:\Development\personal\games\NextGenGameEngine\tests\unit\test_shader_hot_reload.cpp(168): error C2065: 'callbackShaderId': undeclared identifier
P:\Development\personal\games\NextGenGameEngine\tests\unit\test_shader_hot_reload.cpp(168): error C2737: 'gtest_ar': const object must be initialized
[277/297] Building CXX object tests\CMakeFiles\EngineTests.dir\Debug\unit\test_shader_binding_table.cpp.obj
FAILED: [code=2] tests/CMakeFiles/EngineTests.dir/Debug/unit/test_shader_binding_table.cpp.obj 
C:\PROGRA~2\MICROS~2\2019\BUILDT~1\VC\Tools\MSVC\1429~1.301\bin\Hostx64\x64\cl.exe  /nologo /TP -DFMT_SHARED -DGTEST_LINKED_AS_SHARED_LIBRARY=1 -DNGE_DEBUG=1 -DNGE_ENABLE_ASSERTS=1 -DNGE_ENABLE_MEMORY_TRACKING=1 -DNGE_ENABLE_VULKAN=1 -DNGE_PLATFORM_WINDOWS=1 -DNOMINMAX -DSPDLOG_COMPILED_LIB -DSPDLOG_FMT_EXTERNAL -DSPDLOG_SHARED_LIB -DWIN32_LEAN_AND_MEAN -D_CRT_SECURE_NO_WARNINGS -DCMAKE_INTDIR=\"Debug\" -IP:\Development\personal\games\NextGenGameEngine\engine -IP:\Development\personal\games\NextGenGameEngine\engine\.. -external:IP:\Development\personal\games\NextGenGameEngine\build\vcpkg_installed\x64-windows\include -external:IC:\VulkanSDK\1.4.341.1\include -external:W0 /DWIN32 /D_WINDOWS /EHsc /Zi /Ob0 /Od /RTC1 -std:c++20 -MDd /W4 /permissive- /Zc:__cplusplus /MP /fp:fast /arch:AVX2 /wd4251 /wd4275 /utf-8 /showIncludes /Fotests\CMakeFiles\EngineTests.dir\Debug\unit\test_shader_binding_table.cpp.obj /Fdtests\CMakeFiles\EngineTests.dir\Debug\ /FS -c P:\Development\personal\games\NextGenGameEngine\tests\unit\test_shader_binding_table.cpp
P:\Development\personal\games\NextGenGameEngine\tests\unit\test_shader_binding_table.cpp(22): error C2065: 'u32': undeclared identifier
P:\Development\personal\games\NextGenGameEngine\tests\unit\test_shader_binding_table.cpp(22): error C2146: syntax error: missing ';' before identifier 'idx'
P:\Development\personal\games\NextGenGameEngine\tests\unit\test_shader_binding_table.cpp(22): error C2065: 'idx': undeclared identifier
P:\Development\personal\games\NextGenGameEngine\tests\unit\test_shader_binding_table.cpp(23): error C2065: 'idx': undeclared identifier
P:\Development\personal\games\NextGenGameEngine\tests\unit\test_shader_binding_table.cpp(23): error C2737: 'gtest_ar': const object must be initialized
P:\Development\personal\games\NextGenGameEngine\tests\unit\test_shader_binding_table.cpp(81): error C3646: 'textureIndex': unknown override specifier
P:\Development\personal\games\NextGenGameEngine\tests\unit\test_shader_binding_table.cpp(81): error C4430: missing type specifier - int assumed. Note: C++ does not support default-int
P:\Development\personal\games\NextGenGameEngine\tests\unit\test_shader_binding_table.cpp(83): error C2078: too many initializers
P:\Development\personal\games\NextGenGameEngine\tests\unit\test_shader_binding_table.cpp(85): error C2065: 'u32': undeclared identifier
P:\Development\personal\games\NextGenGameEngine\tests\unit\test_shader_binding_table.cpp(85): error C2146: syntax error: missing ';' before identifier 'idx'
P:\Development\personal\games\NextGenGameEngine\tests\unit\test_shader_binding_table.cpp(85): error C2065: 'idx': undeclared identifier
P:\Development\personal\games\NextGenGameEngine\tests\unit\test_shader_binding_table.cpp(86): error C2065: 'idx': undeclared identifier
P:\Development\personal\games\NextGenGameEngine\tests\unit\test_shader_binding_table.cpp(86): error C2737: 'gtest_ar': const object must be initialized
P:\Development\personal\games\NextGenGameEngine\tests\unit\test_shader_binding_table.cpp(93): error C2039: 'textureIndex': is not a member of 'ShaderBindingTable_InlineData_Test::TestBody::MaterialData'
P:\Development\personal\games\NextGenGameEngine\tests\unit\test_shader_binding_table.cpp(79): note: see declaration of 'ShaderBindingTable_InlineData_Test::TestBody::MaterialData'
P:\Development\personal\games\NextGenGameEngine\tests\unit\test_shader_binding_table.cpp(93): error C2660: 'testing::internal::EqHelper::Compare': function does not take 3 arguments
P:\Development\personal\games\NextGenGameEngine\build\vcpkg_installed\x64-windows\include\gtest/gtest.h(1422): note: see declaration of 'testing::internal::EqHelper::Compare'
P:\Development\personal\games\NextGenGameEngine\tests\unit\test_shader_binding_table.cpp(93): error C2737: 'gtest_ar': const object must be initialized
P:\Development\personal\games\NextGenGameEngine\tests\unit\test_shader_binding_table.cpp(155): error C2065: 'u64': undeclared identifier
P:\Development\personal\games\NextGenGameEngine\tests\unit\test_shader_binding_table.cpp(155): error C2146: syntax error: missing ';' before identifier 'rayGenHandle'
P:\Development\personal\games\NextGenGameEngine\tests\unit\test_shader_binding_table.cpp(155): error C2065: 'rayGenHandle': undeclared identifier
P:\Development\personal\games\NextGenGameEngine\tests\unit\test_shader_binding_table.cpp(156): error C2065: 'rayGenHandle': undeclared identifier
P:\Development\personal\games\NextGenGameEngine\tests\unit\test_shader_binding_table.cpp(161): error C2065: 'u8': undeclared identifier
P:\Development\personal\games\NextGenGameEngine\tests\unit\test_shader_binding_table.cpp(161): error C2923: 'std::vector': 'u8' is not a valid template type argument for parameter '_Ty'
P:\Development\personal\games\NextGenGameEngine\tests\unit\test_shader_binding_table.cpp(161): note: see declaration of 'u8'
P:\Development\personal\games\NextGenGameEngine\tests\unit\test_shader_binding_table.cpp(161): error C2976: 'std::vector': too few template arguments
C:\Program Files (x86)\Microsoft Visual Studio\2019\BuildTools\VC\Tools\MSVC\14.29.30133\include\vector(430): note: see declaration of 'std::vector'
P:\Development\personal\games\NextGenGameEngine\tests\unit\test_shader_binding_table.cpp(162): error C2065: 'u64': undeclared identifier
P:\Development\personal\games\NextGenGameEngine\tests\unit\test_shader_binding_table.cpp(162): error C2146: syntax error: missing ';' before identifier 'written'
P:\Development\personal\games\NextGenGameEngine\tests\unit\test_shader_binding_table.cpp(162): error C2065: 'written': undeclared identifier
P:\Development\personal\games\NextGenGameEngine\tests\unit\test_shader_binding_table.cpp(164): error C2065: 'written': undeclared identifier
P:\Development\personal\games\NextGenGameEngine\tests\unit\test_shader_binding_table.cpp(164): error C2737: 'gtest_ar': const object must be initialized
P:\Development\personal\games\NextGenGameEngine\tests\unit\test_shader_binding_table.cpp(167): error C2065: 'u64': undeclared identifier
P:\Development\personal\games\NextGenGameEngine\tests\unit\test_shader_binding_table.cpp(167): error C2146: syntax error: missing ';' before identifier 'readHandle'
P:\Development\personal\games\NextGenGameEngine\tests\unit\test_shader_binding_table.cpp(167): error C2065: 'readHandle': undeclared identifier
P:\Development\personal\games\NextGenGameEngine\tests\unit\test_shader_binding_table.cpp(168): error C2065: 'readHandle': undeclared identifier
P:\Development\personal\games\NextGenGameEngine\tests\unit\test_shader_binding_table.cpp(168): error C2065: 'u64': undeclared identifier
P:\Development\personal\games\NextGenGameEngine\tests\unit\test_shader_binding_table.cpp(169): error C2065: 'readHandle': undeclared identifier
P:\Development\personal\games\NextGenGameEngine\tests\unit\test_shader_binding_table.cpp(169): error C2065: 'rayGenHandle': undeclared identifier
P:\Development\personal\games\NextGenGameEngine\tests\unit\test_shader_binding_table.cpp(169): error C2737: 'gtest_ar': const object must be initialized
P:\Development\personal\games\NextGenGameEngine\tests\unit\test_shader_binding_table.cpp(182): error C2065: 'u8': undeclared identifier
P:\Development\personal\games\NextGenGameEngine\tests\unit\test_shader_binding_table.cpp(182): error C2923: 'std::vector': 'u8' is not a valid template type argument for parameter '_Ty'
P:\Development\personal\games\NextGenGameEngine\tests\unit\test_shader_binding_table.cpp(182): note: see declaration of 'u8'
P:\Development\personal\games\NextGenGameEngine\tests\unit\test_shader_binding_table.cpp(182): error C2976: 'std::vector': too few template arguments
C:\Program Files (x86)\Microsoft Visual Studio\2019\BuildTools\VC\Tools\MSVC\14.29.30133\include\vector(430): note: see declaration of 'std::vector'
P:\Development\personal\games\NextGenGameEngine\tests\unit\test_shader_binding_table.cpp(183): error C2065: 'u64': undeclared identifier
P:\Development\personal\games\NextGenGameEngine\tests\unit\test_shader_binding_table.cpp(183): error C2146: syntax error: missing ';' before identifier 'written'
P:\Development\personal\games\NextGenGameEngine\tests\unit\test_shader_binding_table.cpp(183): error C2065: 'written': undeclared identifier
P:\Development\personal\games\NextGenGameEngine\tests\unit\test_shader_binding_table.cpp(184): error C2065: 'written': undeclared identifier
P:\Development\personal\games\NextGenGameEngine\tests\unit\test_shader_binding_table.cpp(184): error C2737: 'gtest_ar': const object must be initialized
P:\Development\personal\games\NextGenGameEngine\tests\unit\test_shader_binding_table.cpp(303): error C2065: 'u64': undeclared identifier
P:\Development\personal\games\NextGenGameEngine\tests\unit\test_shader_binding_table.cpp(303): error C2146: syntax error: missing ';' before identifier 'stride1'
P:\Development\personal\games\NextGenGameEngine\tests\unit\test_shader_binding_table.cpp(303): error C2065: 'stride1': undeclared identifier
P:\Development\personal\games\NextGenGameEngine\tests\unit\test_shader_binding_table.cpp(308): error C2065: 'u8': undeclared identifier
P:\Development\personal\games\NextGenGameEngine\tests\unit\test_shader_binding_table.cpp(308): error C2146: syntax error: missing ';' before identifier 'bigData'
P:\Development\personal\games\NextGenGameEngine\tests\unit\test_shader_binding_table.cpp(308): error C2065: 'bigData': undeclared identifier
P:\Development\personal\games\NextGenGameEngine\tests\unit\test_shader_binding_table.cpp(309): error C2065: 'bigData': undeclared identifier
P:\Development\personal\games\NextGenGameEngine\tests\unit\test_shader_binding_table.cpp(312): error C2065: 'u64': undeclared identifier
P:\Development\personal\games\NextGenGameEngine\tests\unit\test_shader_binding_table.cpp(312): error C2146: syntax error: missing ';' before identifier 'stride2'
P:\Development\personal\games\NextGenGameEngine\tests\unit\test_shader_binding_table.cpp(312): error C2065: 'stride2': undeclared identifier
P:\Development\personal\games\NextGenGameEngine\tests\unit\test_shader_binding_table.cpp(315): error C2065: 'stride2': undeclared identifier
P:\Development\personal\games\NextGenGameEngine\tests\unit\test_shader_binding_table.cpp(315): error C2065: 'stride1': undeclared identifier
P:\Development\personal\games\NextGenGameEngine\tests\unit\test_shader_binding_table.cpp(315): error C2737: 'gtest_ar': const object must be initialized
P:\Development\personal\games\NextGenGameEngine\tests\unit\test_shader_binding_table.cpp(328): error C2065: 'u8': undeclared identifier
P:\Development\personal\games\NextGenGameEngine\tests\unit\test_shader_binding_table.cpp(328): error C2146: syntax error: missing ';' before identifier 'bigData'
P:\Development\personal\games\NextGenGameEngine\tests\unit\test_shader_binding_table.cpp(328): error C2065: 'bigData': undeclared identifier
P:\Development\personal\games\NextGenGameEngine\tests\unit\test_shader_binding_table.cpp(329): error C2065: 'u32': undeclared identifier
P:\Development\personal\games\NextGenGameEngine\tests\unit\test_shader_binding_table.cpp(329): error C2146: syntax error: missing ';' before identifier 'idx'
P:\Development\personal\games\NextGenGameEngine\tests\unit\test_shader_binding_table.cpp(329): error C2065: 'idx': undeclared identifier
P:\Development\personal\games\NextGenGameEngine\tests\unit\test_shader_binding_table.cpp(329): error C2065: 'bigData': undeclared identifier
P:\Development\personal\games\NextGenGameEngine\tests\unit\test_shader_binding_table.cpp(331): error C2065: 'idx': undeclared identifier
P:\Development\personal\games\NextGenGameEngine\tests\unit\test_shader_binding_table.cpp(331): error C2737: 'gtest_ar': const object must be initialized
[278/297] Building CXX object tests\CMakeFiles\EngineTests.dir\Debug\unit\test_shader_variant_dispatch.cpp.obj
FAILED: [code=2] tests/CMakeFiles/EngineTests.dir/Debug/unit/test_shader_variant_dispatch.cpp.obj 
C:\PROGRA~2\MICROS~2\2019\BUILDT~1\VC\Tools\MSVC\1429~1.301\bin\Hostx64\x64\cl.exe  /nologo /TP -DFMT_SHARED -DGTEST_LINKED_AS_SHARED_LIBRARY=1 -DNGE_DEBUG=1 -DNGE_ENABLE_ASSERTS=1 -DNGE_ENABLE_MEMORY_TRACKING=1 -DNGE_ENABLE_VULKAN=1 -DNGE_PLATFORM_WINDOWS=1 -DNOMINMAX -DSPDLOG_COMPILED_LIB -DSPDLOG_FMT_EXTERNAL -DSPDLOG_SHARED_LIB -DWIN32_LEAN_AND_MEAN -D_CRT_SECURE_NO_WARNINGS -DCMAKE_INTDIR=\"Debug\" -IP:\Development\personal\games\NextGenGameEngine\engine -IP:\Development\personal\games\NextGenGameEngine\engine\.. -external:IP:\Development\personal\games\NextGenGameEngine\build\vcpkg_installed\x64-windows\include -external:IC:\VulkanSDK\1.4.341.1\include -external:W0 /DWIN32 /D_WINDOWS /EHsc /Zi /Ob0 /Od /RTC1 -std:c++20 -MDd /W4 /permissive- /Zc:__cplusplus /MP /fp:fast /arch:AVX2 /wd4251 /wd4275 /utf-8 /showIncludes /Fotests\CMakeFiles\EngineTests.dir\Debug\unit\test_shader_variant_dispatch.cpp.obj /Fdtests\CMakeFiles\EngineTests.dir\Debug\ /FS -c P:\Development\personal\games\NextGenGameEngine\tests\unit\test_shader_variant_dispatch.cpp
P:\Development\personal\games\NextGenGameEngine\tests\unit\test_shader_variant_dispatch.cpp(70): error C2065: 'u64': undeclared identifier
P:\Development\personal\games\NextGenGameEngine\tests\unit\test_shader_variant_dispatch.cpp(70): error C2146: syntax error: missing ';' before identifier 'pso'
P:\Development\personal\games\NextGenGameEngine\tests\unit\test_shader_variant_dispatch.cpp(70): error C2065: 'pso': undeclared identifier
P:\Development\personal\games\NextGenGameEngine\tests\unit\test_shader_variant_dispatch.cpp(71): error C2065: 'pso': undeclared identifier
P:\Development\personal\games\NextGenGameEngine\tests\unit\test_shader_variant_dispatch.cpp(71): error C2737: 'gtest_ar': const object must be initialized
P:\Development\personal\games\NextGenGameEngine\tests\unit\test_shader_variant_dispatch.cpp(131): error C2065: 'u32': undeclared identifier
P:\Development\personal\games\NextGenGameEngine\tests\unit\test_shader_variant_dispatch.cpp(131): error C2146: syntax error: missing ';' before identifier 'removed'
P:\Development\personal\games\NextGenGameEngine\tests\unit\test_shader_variant_dispatch.cpp(131): error C2065: 'removed': undeclared identifier
P:\Development\personal\games\NextGenGameEngine\tests\unit\test_shader_variant_dispatch.cpp(132): error C2065: 'removed': undeclared identifier
P:\Development\personal\games\NextGenGameEngine\tests\unit\test_shader_variant_dispatch.cpp(132): error C2737: 'gtest_ar': const object must be initialized
[279/297] Building CXX object tests\CMakeFiles\EngineTests.dir\Debug\unit\test_spec_constants_push.cpp.obj
FAILED: [code=2] tests/CMakeFiles/EngineTests.dir/Debug/unit/test_spec_constants_push.cpp.obj 
C:\PROGRA~2\MICROS~2\2019\BUILDT~1\VC\Tools\MSVC\1429~1.301\bin\Hostx64\x64\cl.exe  /nologo /TP -DFMT_SHARED -DGTEST_LINKED_AS_SHARED_LIBRARY=1 -DNGE_DEBUG=1 -DNGE_ENABLE_ASSERTS=1 -DNGE_ENABLE_MEMORY_TRACKING=1 -DNGE_ENABLE_VULKAN=1 -DNGE_PLATFORM_WINDOWS=1 -DNOMINMAX -DSPDLOG_COMPILED_LIB -DSPDLOG_FMT_EXTERNAL -DSPDLOG_SHARED_LIB -DWIN32_LEAN_AND_MEAN -D_CRT_SECURE_NO_WARNINGS -DCMAKE_INTDIR=\"Debug\" -IP:\Development\personal\games\NextGenGameEngine\engine -IP:\Development\personal\games\NextGenGameEngine\engine\.. -external:IP:\Development\personal\games\NextGenGameEngine\build\vcpkg_installed\x64-windows\include -external:IC:\VulkanSDK\1.4.341.1\include -external:W0 /DWIN32 /D_WINDOWS /EHsc /Zi /Ob0 /Od /RTC1 -std:c++20 -MDd /W4 /permissive- /Zc:__cplusplus /MP /fp:fast /arch:AVX2 /wd4251 /wd4275 /utf-8 /showIncludes /Fotests\CMakeFiles\EngineTests.dir\Debug\unit\test_spec_constants_push.cpp.obj /Fdtests\CMakeFiles\EngineTests.dir\Debug\ /FS -c P:\Development\personal\games\NextGenGameEngine\tests\unit\test_spec_constants_push.cpp
P:\Development\personal\games\NextGenGameEngine\engine/rhi/common/rhi_push_constants.h(20): error C2011: 'nge::rhi::ShaderStage': 'unsigned enum' type redefinition
P:\Development\personal\games\NextGenGameEngine\engine/rhi/common/rhi_types.h(147): note: see declaration of 'nge::rhi::ShaderStage'
P:\Development\personal\games\NextGenGameEngine\engine/rhi/common/rhi_push_constants.h(32): error C2084: function 'nge::rhi::ShaderStage nge::rhi::operator |(nge::rhi::ShaderStage,nge::rhi::ShaderStage)' already has a body
P:\Development\personal\games\NextGenGameEngine\engine/rhi/common/rhi_types.h(164): note: see previous definition of '|'
P:\Development\personal\games\NextGenGameEngine\engine/rhi/common/rhi_push_constants.h(94): fatal error C1001: Internal compiler error.
(compiler file 'D:\a\_work\1\s\src\vctools\Compiler\CxxFE\sl\p1\c\trees.c', line 10786)
 To work around this problem, try simplifying or changing the program near the locations listed above.
If possible please provide a repro here: https://developercommunity.visualstudio.com 
Please choose the Technical Support command on the Visual C++ 
 Help menu, or open the Technical Support help file for more information
[280/297] Building CXX object tests\CMakeFiles\EngineTests.dir\Debug\unit\test_sparse_residency_barrier.cpp.obj
FAILED: [code=2] tests/CMakeFiles/EngineTests.dir/Debug/unit/test_sparse_residency_barrier.cpp.obj 
C:\PROGRA~2\MICROS~2\2019\BUILDT~1\VC\Tools\MSVC\1429~1.301\bin\Hostx64\x64\cl.exe  /nologo /TP -DFMT_SHARED -DGTEST_LINKED_AS_SHARED_LIBRARY=1 -DNGE_DEBUG=1 -DNGE_ENABLE_ASSERTS=1 -DNGE_ENABLE_MEMORY_TRACKING=1 -DNGE_ENABLE_VULKAN=1 -DNGE_PLATFORM_WINDOWS=1 -DNOMINMAX -DSPDLOG_COMPILED_LIB -DSPDLOG_FMT_EXTERNAL -DSPDLOG_SHARED_LIB -DWIN32_LEAN_AND_MEAN -D_CRT_SECURE_NO_WARNINGS -DCMAKE_INTDIR=\"Debug\" -IP:\Development\personal\games\NextGenGameEngine\engine -IP:\Development\personal\games\NextGenGameEngine\engine\.. -external:IP:\Development\personal\games\NextGenGameEngine\build\vcpkg_installed\x64-windows\include -external:IC:\VulkanSDK\1.4.341.1\include -external:W0 /DWIN32 /D_WINDOWS /EHsc /Zi /Ob0 /Od /RTC1 -std:c++20 -MDd /W4 /permissive- /Zc:__cplusplus /MP /fp:fast /arch:AVX2 /wd4251 /wd4275 /utf-8 /showIncludes /Fotests\CMakeFiles\EngineTests.dir\Debug\unit\test_sparse_residency_barrier.cpp.obj /Fdtests\CMakeFiles\EngineTests.dir\Debug\ /FS -c P:\Development\personal\games\NextGenGameEngine\tests\unit\test_sparse_residency_barrier.cpp
P:\Development\personal\games\NextGenGameEngine\engine/rhi/common/rhi_barrier_batch_optimizer.h(25): error C2011: 'nge::rhi::ResourceState': 'unsigned enum' type redefinition
P:\Development\personal\games\NextGenGameEngine\engine/rhi/common/rhi_types.h(240): note: see declaration of 'nge::rhi::ResourceState'
P:\Development\personal\games\NextGenGameEngine\tests\unit\test_sparse_residency_barrier.cpp(38): error C2065: 'u32': undeclared identifier
P:\Development\personal\games\NextGenGameEngine\tests\unit\test_sparse_residency_barrier.cpp(38): error C2146: syntax error: missing ';' before identifier 'id'
P:\Development\personal\games\NextGenGameEngine\tests\unit\test_sparse_residency_barrier.cpp(38): error C2065: 'id': undeclared identifier
P:\Development\personal\games\NextGenGameEngine\tests\unit\test_sparse_residency_barrier.cpp(39): error C2065: 'id': undeclared identifier
P:\Development\personal\games\NextGenGameEngine\tests\unit\test_sparse_residency_barrier.cpp(39): error C2737: 'gtest_ar': const object must be initialized
P:\Development\personal\games\NextGenGameEngine\tests\unit\test_sparse_residency_barrier.cpp(44): error C2065: 'id': undeclared identifier
P:\Development\personal\games\NextGenGameEngine\tests\unit\test_sparse_residency_barrier.cpp(45): error C3536: 'texInfo': cannot be used before it is initialized
P:\Development\personal\games\NextGenGameEngine\tests\unit\test_sparse_residency_barrier.cpp(46): error C2660: 'testing::internal::EqHelper::Compare': function does not take 3 arguments
P:\Development\personal\games\NextGenGameEngine\build\vcpkg_installed\x64-windows\include\gtest/gtest.h(1422): note: see declaration of 'testing::internal::EqHelper::Compare'
P:\Development\personal\games\NextGenGameEngine\tests\unit\test_sparse_residency_barrier.cpp(46): error C2737: 'gtest_ar': const object must be initialized
P:\Development\personal\games\NextGenGameEngine\tests\unit\test_sparse_residency_barrier.cpp(47): error C2660: 'testing::internal::EqHelper::Compare': function does not take 3 arguments
P:\Development\personal\games\NextGenGameEngine\build\vcpkg_installed\x64-windows\include\gtest/gtest.h(1422): note: see declaration of 'testing::internal::EqHelper::Compare'
P:\Development\personal\games\NextGenGameEngine\tests\unit\test_sparse_residency_barrier.cpp(47): error C2737: 'gtest_ar': const object must be initialized
P:\Development\personal\games\NextGenGameEngine\tests\unit\test_sparse_residency_barrier.cpp(66): error C2065: 'u32': undeclared identifier
P:\Development\personal\games\NextGenGameEngine\tests\unit\test_sparse_residency_barrier.cpp(66): error C2146: syntax error: missing ';' before identifier 'id'
P:\Development\personal\games\NextGenGameEngine\tests\unit\test_sparse_residency_barrier.cpp(66): error C2065: 'id': undeclared identifier
P:\Development\personal\games\NextGenGameEngine\tests\unit\test_sparse_residency_barrier.cpp(69): error C2065: 'id': undeclared identifier
P:\Development\personal\games\NextGenGameEngine\tests\unit\test_sparse_residency_barrier.cpp(71): error C2065: 'id': undeclared identifier
P:\Development\personal\games\NextGenGameEngine\tests\unit\test_sparse_residency_barrier.cpp(71): error C2660: 'testing::internal::EqHelper::Compare': function does not take 3 arguments
P:\Development\personal\games\NextGenGameEngine\build\vcpkg_installed\x64-windows\include\gtest/gtest.h(1422): note: see declaration of 'testing::internal::EqHelper::Compare'
P:\Development\personal\games\NextGenGameEngine\tests\unit\test_sparse_residency_barrier.cpp(71): error C2737: 'gtest_ar': const object must be initialized
P:\Development\personal\games\NextGenGameEngine\tests\unit\test_sparse_residency_barrier.cpp(93): error C2065: 'u32': undeclared identifier
P:\Development\personal\games\NextGenGameEngine\tests\unit\test_sparse_residency_barrier.cpp(93): error C2146: syntax error: missing ';' before identifier 'texId'
P:\Development\personal\games\NextGenGameEngine\tests\unit\test_sparse_residency_barrier.cpp(93): error C2065: 'texId': undeclared identifier
P:\Development\personal\games\NextGenGameEngine\tests\unit\test_sparse_residency_barrier.cpp(96): error C2065: 'texId': undeclared identifier
P:\Development\personal\games\NextGenGameEngine\tests\unit\test_sparse_residency_barrier.cpp(135): error C2065: 'u32': undeclared identifier
P:\Development\personal\games\NextGenGameEngine\tests\unit\test_sparse_residency_barrier.cpp(135): error C2146: syntax error: missing ';' before identifier 'texId'
P:\Development\personal\games\NextGenGameEngine\tests\unit\test_sparse_residency_barrier.cpp(135): error C2065: 'texId': undeclared identifier
P:\Development\personal\games\NextGenGameEngine\tests\unit\test_sparse_residency_barrier.cpp(139): error C2065: 'texId': undeclared identifier
P:\Development\personal\games\NextGenGameEngine\tests\unit\test_sparse_residency_barrier.cpp(140): error C2065: 'texId': undeclared identifier
P:\Development\personal\games\NextGenGameEngine\tests\unit\test_sparse_residency_barrier.cpp(141): error C2065: 'texId': undeclared identifier
P:\Development\personal\games\NextGenGameEngine\tests\unit\test_sparse_residency_barrier.cpp(171): error C2065: 'u32': undeclared identifier
P:\Development\personal\games\NextGenGameEngine\tests\unit\test_sparse_residency_barrier.cpp(171): error C2146: syntax error: missing ';' before identifier 'texId'
P:\Development\personal\games\NextGenGameEngine\tests\unit\test_sparse_residency_barrier.cpp(171): error C2065: 'texId': undeclared identifier
P:\Development\personal\games\NextGenGameEngine\tests\unit\test_sparse_residency_barrier.cpp(174): error C2065: 'u32': undeclared identifier
P:\Development\personal\games\NextGenGameEngine\tests\unit\test_sparse_residency_barrier.cpp(174): error C2146: syntax error: missing ';' before identifier 'i'
P:\Development\personal\games\NextGenGameEngine\tests\unit\test_sparse_residency_barrier.cpp(174): error C2143: syntax error: missing ';' before '='
P:\Development\personal\games\NextGenGameEngine\tests\unit\test_sparse_residency_barrier.cpp(174): error C2143: syntax error: missing ')' before '='
P:\Development\personal\games\NextGenGameEngine\tests\unit\test_sparse_residency_barrier.cpp(174): error C2059: syntax error: '='
P:\Development\personal\games\NextGenGameEngine\tests\unit\test_sparse_residency_barrier.cpp(174): error C2059: syntax error: ';'
P:\Development\personal\games\NextGenGameEngine\tests\unit\test_sparse_residency_barrier.cpp(174): error C2143: syntax error: missing ';' before '{'
P:\Development\personal\games\NextGenGameEngine\tests\unit\test_sparse_residency_barrier.cpp(175): error C2143: syntax error: missing ';' before '{'
P:\Development\personal\games\NextGenGameEngine\tests\unit\test_sparse_residency_barrier.cpp(175): error C2065: 'i': undeclared identifier
P:\Development\personal\games\NextGenGameEngine\tests\unit\test_sparse_residency_barrier.cpp(175): error C2065: 'i': undeclared identifier
P:\Development\personal\games\NextGenGameEngine\tests\unit\test_sparse_residency_barrier.cpp(175): error C2059: syntax error: '}'
P:\Development\personal\games\NextGenGameEngine\tests\unit\test_sparse_residency_barrier.cpp(179): error C2143: syntax error: missing ';' before '}'
P:\Development\personal\games\NextGenGameEngine\tests\unit\test_sparse_residency_barrier.cpp(185): error C2065: 'evicted': undeclared identifier
P:\Development\personal\games\NextGenGameEngine\tests\unit\test_sparse_residency_barrier.cpp(185): error C2059: syntax error: ')'
P:\Development\personal\games\NextGenGameEngine\tests\unit\test_sparse_residency_barrier.cpp(185): error C2065: 'gtest_ar': undeclared identifier
P:\Development\personal\games\NextGenGameEngine\tests\unit\test_sparse_residency_barrier.cpp(187): error C2065: 'residentBefore': undeclared identifier
P:\Development\personal\games\NextGenGameEngine\tests\unit\test_sparse_residency_barrier.cpp(187): error C2059: syntax error: ')'
P:\Development\personal\games\NextGenGameEngine\tests\unit\test_sparse_residency_barrier.cpp(187): error C2065: 'gtest_ar': undeclared identifier
P:\Development\personal\games\NextGenGameEngine\tests\unit\test_sparse_residency_barrier.cpp(190): error C2143: syntax error: missing ';' before '}'
P:\Development\personal\games\NextGenGameEngine\tests\unit\test_sparse_residency_barrier.cpp(192): error C2947: expecting '>' to terminate template-argument-list, found '>'
P:\Development\personal\games\NextGenGameEngine\tests\unit\test_sparse_residency_barrier.cpp(192): error C2059: syntax error: 'constant'
P:\Development\personal\games\NextGenGameEngine\tests\unit\test_sparse_residency_barrier.cpp(192): error C2059: syntax error: ')'
P:\Development\personal\games\NextGenGameEngine\tests\unit\test_sparse_residency_barrier.cpp(192): error C2246: 'SparseResidency_LRUEviction_Test::TestBody::SparseResidency_GetResidentPages_Test::test_info_': illegal static data member in locally defined class
P:\Development\personal\games\NextGenGameEngine\tests\unit\test_sparse_residency_barrier.cpp(192): error C3640: 'SparseResidency_LRUEviction_Test::TestBody::SparseResidency_GetResidentPages_Test::TestBody': a referenced or virtual member function of a local class must be defined
P:\Development\personal\games\NextGenGameEngine\tests\unit\test_sparse_residency_barrier.cpp(192): error C2655: 'SparseResidency_LRUEviction_Test::TestBody::SparseResidency_GetResidentPages_Test::test_info_': definition or redeclaration illegal in current scope
P:\Development\personal\games\NextGenGameEngine\tests\unit\test_sparse_residency_barrier.cpp(192): note: see declaration of 'SparseResidency_LRUEviction_Test::TestBody::SparseResidency_GetResidentPages_Test::test_info_'
P:\Development\personal\games\NextGenGameEngine\tests\unit\test_sparse_residency_barrier.cpp(192): error C2601: 'SparseResidency_LRUEviction_Test::TestBody::SparseResidency_GetResidentPages_Test::TestBody': local function definitions are illegal
P:\Development\personal\games\NextGenGameEngine\tests\unit\test_sparse_residency_barrier.cpp(224): error C2246: 'SparseResidency_LRUEviction_Test::TestBody::BarrierOptimizer_InitAndShutdown_Test::test_info_': illegal static data member in locally defined class
P:\Development\personal\games\NextGenGameEngine\tests\unit\test_sparse_residency_barrier.cpp(224): error C3640: 'SparseResidency_LRUEviction_Test::TestBody::BarrierOptimizer_InitAndShutdown_Test::TestBody': a referenced or virtual member function of a local class must be defined
P:\Development\personal\games\NextGenGameEngine\tests\unit\test_sparse_residency_barrier.cpp(208): error C2065: 'u32': undeclared identifier
P:\Development\personal\games\NextGenGameEngine\tests\unit\test_sparse_residency_barrier.cpp(208): error C2146: syntax error: missing ';' before identifier 'texId'
P:\Development\personal\games\NextGenGameEngine\tests\unit\test_sparse_residency_barrier.cpp(208): error C2065: 'texId': undeclared identifier
P:\Development\personal\games\NextGenGameEngine\tests\unit\test_sparse_residency_barrier.cpp(210): error C2065: 'texId': undeclared identifier
P:\Development\personal\games\NextGenGameEngine\tests\unit\test_sparse_residency_barrier.cpp(211): error C2065: 'texId': undeclared identifier
P:\Development\personal\games\NextGenGameEngine\tests\unit\test_sparse_residency_barrier.cpp(216): error C2065: 'texId': undeclared identifier
P:\Development\personal\games\NextGenGameEngine\tests\unit\test_sparse_residency_barrier.cpp(217): error C3536: 'resident': cannot be used before it is initialized
P:\Development\personal\games\NextGenGameEngine\tests\unit\test_sparse_residency_barrier.cpp(217): error C2660: 'testing::internal::EqHelper::Compare': function does not take 3 arguments
P:\Development\personal\games\NextGenGameEngine\build\vcpkg_installed\x64-windows\include\gtest/gtest.h(1422): note: see declaration of 'testing::internal::EqHelper::Compare'
P:\Development\personal\games\NextGenGameEngine\tests\unit\test_sparse_residency_barrier.cpp(217): error C2737: 'gtest_ar': const object must be initialized
P:\Development\personal\games\NextGenGameEngine\tests\unit\test_sparse_residency_barrier.cpp(224): error C2655: 'SparseResidency_LRUEviction_Test::TestBody::BarrierOptimizer_InitAndShutdown_Test::test_info_': definition or redeclaration illegal in current scope
P:\Development\personal\games\NextGenGameEngine\tests\unit\test_sparse_residency_barrier.cpp(224): note: see declaration of 'SparseResidency_LRUEviction_Test::TestBody::BarrierOptimizer_InitAndShutdown_Test::test_info_'
P:\Development\personal\games\NextGenGameEngine\tests\unit\test_sparse_residency_barrier.cpp(224): error C2601: 'SparseResidency_LRUEviction_Test::TestBody::BarrierOptimizer_InitAndShutdown_Test::TestBody': local function definitions are illegal
P:\Development\personal\games\NextGenGameEngine\tests\unit\test_sparse_residency_barrier.cpp(230): error C2246: 'SparseResidency_LRUEviction_Test::TestBody::BarrierOptimizer_RedundancyElimination_Test::test_info_': illegal static data member in locally defined class
P:\Development\personal\games\NextGenGameEngine\tests\unit\test_sparse_residency_barrier.cpp(230): error C3640: 'SparseResidency_LRUEviction_Test::TestBody::BarrierOptimizer_RedundancyElimination_Test::TestBody': a referenced or virtual member function of a local class must be defined
P:\Development\personal\games\NextGenGameEngine\tests\unit\test_sparse_residency_barrier.cpp(230): error C2655: 'SparseResidency_LRUEviction_Test::TestBody::BarrierOptimizer_RedundancyElimination_Test::test_info_': definition or redeclaration illegal in current scope
P:\Development\personal\games\NextGenGameEngine\tests\unit\test_sparse_residency_barrier.cpp(230): note: see declaration of 'SparseResidency_LRUEviction_Test::TestBody::BarrierOptimizer_RedundancyElimination_Test::test_info_'
P:\Development\personal\games\NextGenGameEngine\tests\unit\test_sparse_residency_barrier.cpp(230): error C2601: 'SparseResidency_LRUEviction_Test::TestBody::BarrierOptimizer_RedundancyElimination_Test::TestBody': local function definitions are illegal
P:\Development\personal\games\NextGenGameEngine\tests\unit\test_sparse_residency_barrier.cpp(263): error C2246: 'SparseResidency_LRUEviction_Test::TestBody::BarrierOptimizer_MergeChainedBarriers_Test::test_info_': illegal static data member in locally defined class
P:\Development\personal\games\NextGenGameEngine\tests\unit\test_sparse_residency_barrier.cpp(263): error C3640: 'SparseResidency_LRUEviction_Test::TestBody::BarrierOptimizer_MergeChainedBarriers_Test::TestBody': a referenced or virtual member function of a local class must be defined
P:\Development\personal\games\NextGenGameEngine\tests\unit\test_sparse_residency_barrier.cpp(239): error C2027: use of undefined type 'nge::rhi::ResourceState'
P:\Development\personal\games\NextGenGameEngine\engine/rhi/common/rhi_types.h(240): note: see declaration of 'nge::rhi::ResourceState'
P:\Development\personal\games\NextGenGameEngine\tests\unit\test_sparse_residency_barrier.cpp(263): error C2065: 'ShaderRead': undeclared identifier
P:\Development\personal\games\NextGenGameEngine\tests\unit\test_sparse_residency_barrier.cpp(240): error C2027: use of undefined type 'nge::rhi::ResourceState'
P:\Development\personal\games\NextGenGameEngine\engine/rhi/common/rhi_types.h(240): note: see declaration of 'nge::rhi::ResourceState'
P:\Development\personal\games\NextGenGameEngine\tests\unit\test_sparse_residency_barrier.cpp(247): error C2027: use of undefined type 'nge::rhi::ResourceState'
P:\Development\personal\games\NextGenGameEngine\engine/rhi/common/rhi_types.h(240): note: see declaration of 'nge::rhi::ResourceState'
P:\Development\personal\games\NextGenGameEngine\tests\unit\test_sparse_residency_barrier.cpp(263): error C2065: 'RenderTarget': undeclared identifier
P:\Development\personal\games\NextGenGameEngine\tests\unit\test_sparse_residency_barrier.cpp(248): error C2027: use of undefined type 'nge::rhi::ResourceState'
P:\Development\personal\games\NextGenGameEngine\engine/rhi/common/rhi_types.h(240): note: see declaration of 'nge::rhi::ResourceState'
P:\Development\personal\games\NextGenGameEngine\tests\unit\test_sparse_residency_barrier.cpp(263): error C2655: 'SparseResidency_LRUEviction_Test::TestBody::BarrierOptimizer_MergeChainedBarriers_Test::test_info_': definition or redeclaration illegal in current scope
P:\Development\personal\games\NextGenGameEngine\tests\unit\test_sparse_residency_barrier.cpp(263): note: see declaration of 'SparseResidency_LRUEviction_Test::TestBody::BarrierOptimizer_MergeChainedBarriers_Test::test_info_'
P:\Development\personal\games\NextGenGameEngine\tests\unit\test_sparse_residency_barrier.cpp(263): error C2601: 'SparseResidency_LRUEviction_Test::TestBody::BarrierOptimizer_MergeChainedBarriers_Test::TestBody': local function definitions are illegal
P:\Development\personal\games\NextGenGameEngine\tests\unit\test_sparse_residency_barrier.cpp(303): error C2246: 'SparseResidency_LRUEviction_Test::TestBody::BarrierOptimizer_CrossQueueDetection_Test::test_info_': illegal static data member in locally defined class
P:\Development\personal\games\NextGenGameEngine\tests\unit\test_sparse_residency_barrier.cpp(303): error C3640: 'SparseResidency_LRUEviction_Test::TestBody::BarrierOptimizer_CrossQueueDetection_Test::TestBody': a referenced or virtual member function of a local class must be defined
P:\Development\personal\games\NextGenGameEngine\tests\unit\test_sparse_residency_barrier.cpp(275): error C2027: use of undefined type 'nge::rhi::ResourceState'
P:\Development\personal\games\NextGenGameEngine\engine/rhi/common/rhi_types.h(240): note: see declaration of 'nge::rhi::ResourceState'
P:\Development\personal\games\NextGenGameEngine\tests\unit\test_sparse_residency_barrier.cpp(303): error C2065: 'RenderTarget': undeclared identifier
P:\Development\personal\games\NextGenGameEngine\tests\unit\test_sparse_residency_barrier.cpp(276): error C2027: use of undefined type 'nge::rhi::ResourceState'
P:\Development\personal\games\NextGenGameEngine\engine/rhi/common/rhi_types.h(240): note: see declaration of 'nge::rhi::ResourceState'
P:\Development\personal\games\NextGenGameEngine\tests\unit\test_sparse_residency_barrier.cpp(303): error C2065: 'ShaderRead': undeclared identifier
P:\Development\personal\games\NextGenGameEngine\tests\unit\test_sparse_residency_barrier.cpp(283): error C2027: use of undefined type 'nge::rhi::ResourceState'
P:\Development\personal\games\NextGenGameEngine\engine/rhi/common/rhi_types.h(240): note: see declaration of 'nge::rhi::ResourceState'
P:\Development\personal\games\NextGenGameEngine\tests\unit\test_sparse_residency_barrier.cpp(284): error C2027: use of undefined type 'nge::rhi::ResourceState'
P:\Development\personal\games\NextGenGameEngine\engine/rhi/common/rhi_types.h(240): note: see declaration of 'nge::rhi::ResourceState'
P:\Development\personal\games\NextGenGameEngine\tests\unit\test_sparse_residency_barrier.cpp(303): error C2065: 'CopySrc': undeclared identifier
P:\Development\personal\games\NextGenGameEngine\tests\unit\test_sparse_residency_barrier.cpp(294): error C2061: syntax error: identifier 'u32'
P:\Development\personal\games\NextGenGameEngine\tests\unit\test_sparse_residency_barrier.cpp(294): error C2027: use of undefined type 'nge::rhi::ResourceState'
P:\Development\personal\games\NextGenGameEngine\engine/rhi/common/rhi_types.h(240): note: see declaration of 'nge::rhi::ResourceState'
P:\Development\personal\games\NextGenGameEngine\tests\unit\test_sparse_residency_barrier.cpp(294): error C2181: illegal else without matching if
P:\Development\personal\games\NextGenGameEngine\tests\unit\test_sparse_residency_barrier.cpp(294): error C2065: 'gtest_ar': undeclared identifier
P:\Development\personal\games\NextGenGameEngine\tests\unit\test_sparse_residency_barrier.cpp(294): error C2440: '<function-style-cast>': cannot convert from 'initializer list' to 'testing::internal::AssertHelper'
P:\Development\personal\games\NextGenGameEngine\tests\unit\test_sparse_residency_barrier.cpp(294): note: No constructor could take the source type, or constructor overload resolution was ambiguous
P:\Development\personal\games\NextGenGameEngine\tests\unit\test_sparse_residency_barrier.cpp(295): error C2061: syntax error: identifier 'u32'
P:\Development\personal\games\NextGenGameEngine\tests\unit\test_sparse_residency_barrier.cpp(295): error C2027: use of undefined type 'nge::rhi::ResourceState'
P:\Development\personal\games\NextGenGameEngine\engine/rhi/common/rhi_types.h(240): note: see declaration of 'nge::rhi::ResourceState'
P:\Development\personal\games\NextGenGameEngine\tests\unit\test_sparse_residency_barrier.cpp(295): fatal error C1003: error count exceeds 100; stopping compilation
[281/297] Building CXX object tests\CMakeFiles\EngineTests.dir\Debug\unit\test_subresource_state_tracker.cpp.obj
FAILED: [code=2] tests/CMakeFiles/EngineTests.dir/Debug/unit/test_subresource_state_tracker.cpp.obj 
C:\PROGRA~2\MICROS~2\2019\BUILDT~1\VC\Tools\MSVC\1429~1.301\bin\Hostx64\x64\cl.exe  /nologo /TP -DFMT_SHARED -DGTEST_LINKED_AS_SHARED_LIBRARY=1 -DNGE_DEBUG=1 -DNGE_ENABLE_ASSERTS=1 -DNGE_ENABLE_MEMORY_TRACKING=1 -DNGE_ENABLE_VULKAN=1 -DNGE_PLATFORM_WINDOWS=1 -DNOMINMAX -DSPDLOG_COMPILED_LIB -DSPDLOG_FMT_EXTERNAL -DSPDLOG_SHARED_LIB -DWIN32_LEAN_AND_MEAN -D_CRT_SECURE_NO_WARNINGS -DCMAKE_INTDIR=\"Debug\" -IP:\Development\personal\games\NextGenGameEngine\engine -IP:\Development\personal\games\NextGenGameEngine\engine\.. -external:IP:\Development\personal\games\NextGenGameEngine\build\vcpkg_installed\x64-windows\include -external:IC:\VulkanSDK\1.4.341.1\include -external:W0 /DWIN32 /D_WINDOWS /EHsc /Zi /Ob0 /Od /RTC1 -std:c++20 -MDd /W4 /permissive- /Zc:__cplusplus /MP /fp:fast /arch:AVX2 /wd4251 /wd4275 /utf-8 /showIncludes /Fotests\CMakeFiles\EngineTests.dir\Debug\unit\test_subresource_state_tracker.cpp.obj /Fdtests\CMakeFiles\EngineTests.dir\Debug\ /FS -c P:\Development\personal\games\NextGenGameEngine\tests\unit\test_subresource_state_tracker.cpp
P:\Development\personal\games\NextGenGameEngine\tests\unit\test_subresource_state_tracker.cpp(72): error C2061: syntax error: identifier 'u32'
P:\Development\personal\games\NextGenGameEngine\tests\unit\test_subresource_state_tracker.cpp(74): error C3536: 'barrier': cannot be used before it is initialized
P:\Development\personal\games\NextGenGameEngine\tests\unit\test_subresource_state_tracker.cpp(74): error C2660: 'testing::internal::EqHelper::Compare': function does not take 3 arguments
P:\Development\personal\games\NextGenGameEngine\build\vcpkg_installed\x64-windows\include\gtest/gtest.h(1422): note: see declaration of 'testing::internal::EqHelper::Compare'
P:\Development\personal\games\NextGenGameEngine\tests\unit\test_subresource_state_tracker.cpp(74): error C2737: 'gtest_ar': const object must be initialized
P:\Development\personal\games\NextGenGameEngine\tests\unit\test_subresource_state_tracker.cpp(75): error C2660: 'testing::internal::EqHelper::Compare': function does not take 3 arguments
P:\Development\personal\games\NextGenGameEngine\build\vcpkg_installed\x64-windows\include\gtest/gtest.h(1422): note: see declaration of 'testing::internal::EqHelper::Compare'
P:\Development\personal\games\NextGenGameEngine\tests\unit\test_subresource_state_tracker.cpp(75): error C2737: 'gtest_ar': const object must be initialized
P:\Development\personal\games\NextGenGameEngine\tests\unit\test_subresource_state_tracker.cpp(76): error C2660: 'testing::internal::EqHelper::Compare': function does not take 3 arguments
P:\Development\personal\games\NextGenGameEngine\build\vcpkg_installed\x64-windows\include\gtest/gtest.h(1422): note: see declaration of 'testing::internal::EqHelper::Compare'
P:\Development\personal\games\NextGenGameEngine\tests\unit\test_subresource_state_tracker.cpp(76): error C2737: 'gtest_ar': const object must be initialized
P:\Development\personal\games\NextGenGameEngine\tests\unit\test_subresource_state_tracker.cpp(77): error C2660: 'testing::internal::EqHelper::Compare': function does not take 3 arguments
P:\Development\personal\games\NextGenGameEngine\build\vcpkg_installed\x64-windows\include\gtest/gtest.h(1422): note: see declaration of 'testing::internal::EqHelper::Compare'
P:\Development\personal\games\NextGenGameEngine\tests\unit\test_subresource_state_tracker.cpp(77): error C2737: 'gtest_ar': const object must be initialized
P:\Development\personal\games\NextGenGameEngine\tests\unit\test_subresource_state_tracker.cpp(78): error C2660: 'testing::internal::EqHelper::Compare': function does not take 3 arguments
P:\Development\personal\games\NextGenGameEngine\build\vcpkg_installed\x64-windows\include\gtest/gtest.h(1422): note: see declaration of 'testing::internal::EqHelper::Compare'
P:\Development\personal\games\NextGenGameEngine\tests\unit\test_subresource_state_tracker.cpp(78): error C2737: 'gtest_ar': const object must be initialized
P:\Development\personal\games\NextGenGameEngine\tests\unit\test_subresource_state_tracker.cpp(96): error C2061: syntax error: identifier 'u32'
P:\Development\personal\games\NextGenGameEngine\tests\unit\test_subresource_state_tracker.cpp(98): error C3536: 'barriers': cannot be used before it is initialized
P:\Development\personal\games\NextGenGameEngine\tests\unit\test_subresource_state_tracker.cpp(98): error C2660: 'testing::internal::EqHelper::Compare': function does not take 3 arguments
P:\Development\personal\games\NextGenGameEngine\build\vcpkg_installed\x64-windows\include\gtest/gtest.h(1422): note: see declaration of 'testing::internal::EqHelper::Compare'
P:\Development\personal\games\NextGenGameEngine\tests\unit\test_subresource_state_tracker.cpp(98): error C2737: 'gtest_ar': const object must be initialized
P:\Development\personal\games\NextGenGameEngine\tests\unit\test_subresource_state_tracker.cpp(101): error C2672: 'begin': no matching overloaded function found
P:\Development\personal\games\NextGenGameEngine\tests\unit\test_subresource_state_tracker.cpp(101): error C2893: Failed to specialize function template 'unknown-type std::begin(_Container &)'
C:\Program Files (x86)\Microsoft Visual Studio\2019\BuildTools\VC\Tools\MSVC\14.29.30133\include\xutility(1844): note: see declaration of 'std::begin'
P:\Development\personal\games\NextGenGameEngine\tests\unit\test_subresource_state_tracker.cpp(101): note: With the following template arguments:
P:\Development\personal\games\NextGenGameEngine\tests\unit\test_subresource_state_tracker.cpp(101): note: '_Container=int'
P:\Development\personal\games\NextGenGameEngine\tests\unit\test_subresource_state_tracker.cpp(101): error C2784: 'const _Elem *std::begin(std::initializer_list<_Elem>) noexcept': could not deduce template argument for 'std::initializer_list<_Elem>' from 'int'
C:\Program Files (x86)\Microsoft Visual Studio\2019\BuildTools\VC\Tools\MSVC\14.29.30133\include\initializer_list(55): note: see declaration of 'std::begin'
P:\Development\personal\games\NextGenGameEngine\tests\unit\test_subresource_state_tracker.cpp(101): error C2672: 'end': no matching overloaded function found
P:\Development\personal\games\NextGenGameEngine\tests\unit\test_subresource_state_tracker.cpp(101): error C2893: Failed to specialize function template 'unknown-type std::end(_Container &)'
C:\Program Files (x86)\Microsoft Visual Studio\2019\BuildTools\VC\Tools\MSVC\14.29.30133\include\xutility(1854): note: see declaration of 'std::end'
P:\Development\personal\games\NextGenGameEngine\tests\unit\test_subresource_state_tracker.cpp(101): note: With the following template arguments:
P:\Development\personal\games\NextGenGameEngine\tests\unit\test_subresource_state_tracker.cpp(101): note: '_Container=int'
P:\Development\personal\games\NextGenGameEngine\tests\unit\test_subresource_state_tracker.cpp(101): error C2784: 'const _Elem *std::end(std::initializer_list<_Elem>) noexcept': could not deduce template argument for 'std::initializer_list<_Elem>' from 'int'
C:\Program Files (x86)\Microsoft Visual Studio\2019\BuildTools\VC\Tools\MSVC\14.29.30133\include\initializer_list(60): note: see declaration of 'std::end'
P:\Development\personal\games\NextGenGameEngine\tests\unit\test_subresource_state_tracker.cpp(101): error C3536: '<begin>$L0': cannot be used before it is initialized
P:\Development\personal\games\NextGenGameEngine\tests\unit\test_subresource_state_tracker.cpp(101): error C3536: '<end>$L0': cannot be used before it is initialized
P:\Development\personal\games\NextGenGameEngine\tests\unit\test_subresource_state_tracker.cpp(101): error C2100: illegal indirection
P:\Development\personal\games\NextGenGameEngine\tests\unit\test_subresource_state_tracker.cpp(102): error C2660: 'testing::internal::EqHelper::Compare': function does not take 3 arguments
P:\Development\personal\games\NextGenGameEngine\build\vcpkg_installed\x64-windows\include\gtest/gtest.h(1422): note: see declaration of 'testing::internal::EqHelper::Compare'
P:\Development\personal\games\NextGenGameEngine\tests\unit\test_subresource_state_tracker.cpp(102): error C2737: 'gtest_ar': const object must be initialized
P:\Development\personal\games\NextGenGameEngine\tests\unit\test_subresource_state_tracker.cpp(103): error C2660: 'testing::internal::EqHelper::Compare': function does not take 3 arguments
P:\Development\personal\games\NextGenGameEngine\build\vcpkg_installed\x64-windows\include\gtest/gtest.h(1422): note: see declaration of 'testing::internal::EqHelper::Compare'
P:\Development\personal\games\NextGenGameEngine\tests\unit\test_subresource_state_tracker.cpp(103): error C2737: 'gtest_ar': const object must be initialized
P:\Development\personal\games\NextGenGameEngine\tests\unit\test_subresource_state_tracker.cpp(119): error C2061: syntax error: identifier 'u32'
P:\Development\personal\games\NextGenGameEngine\tests\unit\test_subresource_state_tracker.cpp(121): error C3536: 'barriers': cannot be used before it is initialized
P:\Development\personal\games\NextGenGameEngine\tests\unit\test_subresource_state_tracker.cpp(121): error C2660: 'testing::internal::EqHelper::Compare': function does not take 3 arguments
P:\Development\personal\games\NextGenGameEngine\build\vcpkg_installed\x64-windows\include\gtest/gtest.h(1422): note: see declaration of 'testing::internal::EqHelper::Compare'
P:\Development\personal\games\NextGenGameEngine\tests\unit\test_subresource_state_tracker.cpp(121): error C2737: 'gtest_ar': const object must be initialized
P:\Development\personal\games\NextGenGameEngine\tests\unit\test_subresource_state_tracker.cpp(147): error C2061: syntax error: identifier 'u32'
P:\Development\personal\games\NextGenGameEngine\tests\unit\test_subresource_state_tracker.cpp(153): error C2061: syntax error: identifier 'u32'
P:\Development\personal\games\NextGenGameEngine\tests\unit\test_subresource_state_tracker.cpp(172): error C2061: syntax error: identifier 'u32'
P:\Development\personal\games\NextGenGameEngine\tests\unit\test_subresource_state_tracker.cpp(173): error C3536: 'barriers1': cannot be used before it is initialized
P:\Development\personal\games\NextGenGameEngine\tests\unit\test_subresource_state_tracker.cpp(173): error C2660: 'testing::internal::EqHelper::Compare': function does not take 3 arguments
P:\Development\personal\games\NextGenGameEngine\build\vcpkg_installed\x64-windows\include\gtest/gtest.h(1422): note: see declaration of 'testing::internal::EqHelper::Compare'
P:\Development\personal\games\NextGenGameEngine\tests\unit\test_subresource_state_tracker.cpp(173): error C2737: 'gtest_ar': const object must be initialized
P:\Development\personal\games\NextGenGameEngine\tests\unit\test_subresource_state_tracker.cpp(177): error C2061: syntax error: identifier 'u32'
P:\Development\personal\games\NextGenGameEngine\tests\unit\test_subresource_state_tracker.cpp(178): error C3536: 'barriers2': cannot be used before it is initialized
P:\Development\personal\games\NextGenGameEngine\tests\unit\test_subresource_state_tracker.cpp(178): error C2660: 'testing::internal::EqHelper::Compare': function does not take 3 arguments
P:\Development\personal\games\NextGenGameEngine\build\vcpkg_installed\x64-windows\include\gtest/gtest.h(1422): note: see declaration of 'testing::internal::EqHelper::Compare'
P:\Development\personal\games\NextGenGameEngine\tests\unit\test_subresource_state_tracker.cpp(178): error C2737: 'gtest_ar': const object must be initialized
P:\Development\personal\games\NextGenGameEngine\tests\unit\test_subresource_state_tracker.cpp(246): error C2061: syntax error: identifier 'u32'
P:\Development\personal\games\NextGenGameEngine\tests\unit\test_subresource_state_tracker.cpp(296): error C2061: syntax error: identifier 'u32'
P:\Development\personal\games\NextGenGameEngine\tests\unit\test_subresource_state_tracker.cpp(298): error C3536: 'barrier': cannot be used before it is initialized
P:\Development\personal\games\NextGenGameEngine\tests\unit\test_subresource_state_tracker.cpp(298): error C2660: 'testing::internal::EqHelper::Compare': function does not take 3 arguments
P:\Development\personal\games\NextGenGameEngine\build\vcpkg_installed\x64-windows\include\gtest/gtest.h(1422): note: see declaration of 'testing::internal::EqHelper::Compare'
P:\Development\personal\games\NextGenGameEngine\tests\unit\test_subresource_state_tracker.cpp(298): error C2737: 'gtest_ar': const object must be initialized
P:\Development\personal\games\NextGenGameEngine\tests\unit\test_subresource_state_tracker.cpp(299): error C2660: 'testing::internal::EqHelper::Compare': function does not take 3 arguments
P:\Development\personal\games\NextGenGameEngine\build\vcpkg_installed\x64-windows\include\gtest/gtest.h(1422): note: see declaration of 'testing::internal::EqHelper::Compare'
P:\Development\personal\games\NextGenGameEngine\tests\unit\test_subresource_state_tracker.cpp(299): error C2737: 'gtest_ar': const object must be initialized
P:\Development\personal\games\NextGenGameEngine\tests\unit\test_subresource_state_tracker.cpp(312): error C2061: syntax error: identifier 'u32'
[282/297] Building CXX object tests\CMakeFiles\EngineTests.dir\Debug\unit\test_texture_stream_priority.cpp.obj
FAILED: [code=2] tests/CMakeFiles/EngineTests.dir/Debug/unit/test_texture_stream_priority.cpp.obj 
C:\PROGRA~2\MICROS~2\2019\BUILDT~1\VC\Tools\MSVC\1429~1.301\bin\Hostx64\x64\cl.exe  /nologo /TP -DFMT_SHARED -DGTEST_LINKED_AS_SHARED_LIBRARY=1 -DNGE_DEBUG=1 -DNGE_ENABLE_ASSERTS=1 -DNGE_ENABLE_MEMORY_TRACKING=1 -DNGE_ENABLE_VULKAN=1 -DNGE_PLATFORM_WINDOWS=1 -DNOMINMAX -DSPDLOG_COMPILED_LIB -DSPDLOG_FMT_EXTERNAL -DSPDLOG_SHARED_LIB -DWIN32_LEAN_AND_MEAN -D_CRT_SECURE_NO_WARNINGS -DCMAKE_INTDIR=\"Debug\" -IP:\Development\personal\games\NextGenGameEngine\engine -IP:\Development\personal\games\NextGenGameEngine\engine\.. -external:IP:\Development\personal\games\NextGenGameEngine\build\vcpkg_installed\x64-windows\include -external:IC:\VulkanSDK\1.4.341.1\include -external:W0 /DWIN32 /D_WINDOWS /EHsc /Zi /Ob0 /Od /RTC1 -std:c++20 -MDd /W4 /permissive- /Zc:__cplusplus /MP /fp:fast /arch:AVX2 /wd4251 /wd4275 /utf-8 /showIncludes /Fotests\CMakeFiles\EngineTests.dir\Debug\unit\test_texture_stream_priority.cpp.obj /Fdtests\CMakeFiles\EngineTests.dir\Debug\ /FS -c P:\Development\personal\games\NextGenGameEngine\tests\unit\test_texture_stream_priority.cpp
P:\Development\personal\games\NextGenGameEngine\tests\unit\test_texture_stream_priority.cpp(21): error C2065: 'u32': undeclared identifier
P:\Development\personal\games\NextGenGameEngine\tests\unit\test_texture_stream_priority.cpp(21): error C2146: syntax error: missing ';' before identifier 'id'
P:\Development\personal\games\NextGenGameEngine\tests\unit\test_texture_stream_priority.cpp(21): error C2065: 'id': undeclared identifier
P:\Development\personal\games\NextGenGameEngine\tests\unit\test_texture_stream_priority.cpp(22): error C2065: 'id': undeclared identifier
P:\Development\personal\games\NextGenGameEngine\tests\unit\test_texture_stream_priority.cpp(22): error C2737: 'gtest_ar': const object must be initialized
P:\Development\personal\games\NextGenGameEngine\tests\unit\test_texture_stream_priority.cpp(25): error C2065: 'id': undeclared identifier
P:\Development\personal\games\NextGenGameEngine\tests\unit\test_texture_stream_priority.cpp(26): error C3536: 'info': cannot be used before it is initialized
P:\Development\personal\games\NextGenGameEngine\tests\unit\test_texture_stream_priority.cpp(27): error C2660: 'testing::internal::EqHelper::Compare': function does not take 3 arguments
P:\Development\personal\games\NextGenGameEngine\build\vcpkg_installed\x64-windows\include\gtest/gtest.h(1422): note: see declaration of 'testing::internal::EqHelper::Compare'
P:\Development\personal\games\NextGenGameEngine\tests\unit\test_texture_stream_priority.cpp(27): error C2737: 'gtest_ar': const object must be initialized
P:\Development\personal\games\NextGenGameEngine\tests\unit\test_texture_stream_priority.cpp(28): error C2660: 'testing::internal::EqHelper::Compare': function does not take 3 arguments
P:\Development\personal\games\NextGenGameEngine\build\vcpkg_installed\x64-windows\include\gtest/gtest.h(1422): note: see declaration of 'testing::internal::EqHelper::Compare'
P:\Development\personal\games\NextGenGameEngine\tests\unit\test_texture_stream_priority.cpp(28): error C2737: 'gtest_ar': const object must be initialized
P:\Development\personal\games\NextGenGameEngine\tests\unit\test_texture_stream_priority.cpp(29): error C2660: 'testing::internal::EqHelper::Compare': function does not take 3 arguments
P:\Development\personal\games\NextGenGameEngine\build\vcpkg_installed\x64-windows\include\gtest/gtest.h(1422): note: see declaration of 'testing::internal::EqHelper::Compare'
P:\Development\personal\games\NextGenGameEngine\tests\unit\test_texture_stream_priority.cpp(29): error C2737: 'gtest_ar': const object must be initialized
P:\Development\personal\games\NextGenGameEngine\tests\unit\test_texture_stream_priority.cpp(30): error C2672: 'testing::internal::CmpHelperFloatingPointEQ': no matching overloaded function found
P:\Development\personal\games\NextGenGameEngine\tests\unit\test_texture_stream_priority.cpp(30): error C2780: 'testing::AssertionResult testing::internal::CmpHelperFloatingPointEQ(const char *,const char *,RawType,RawType)': expects 4 arguments - 3 provided
P:\Development\personal\games\NextGenGameEngine\build\vcpkg_installed\x64-windows\include\gtest/gtest.h(1582): note: see declaration of 'testing::internal::CmpHelperFloatingPointEQ'
P:\Development\personal\games\NextGenGameEngine\tests\unit\test_texture_stream_priority.cpp(30): error C2737: 'gtest_ar': const object must be initialized
P:\Development\personal\games\NextGenGameEngine\tests\unit\test_texture_stream_priority.cpp(31): error C2660: 'testing::internal::EqHelper::Compare': function does not take 3 arguments
P:\Development\personal\games\NextGenGameEngine\build\vcpkg_installed\x64-windows\include\gtest/gtest.h(1422): note: see declaration of 'testing::internal::EqHelper::Compare'
P:\Development\personal\games\NextGenGameEngine\tests\unit\test_texture_stream_priority.cpp(31): error C2737: 'gtest_ar': const object must be initialized
P:\Development\personal\games\NextGenGameEngine\tests\unit\test_texture_stream_priority.cpp(42): error C2065: 'u32': undeclared identifier
P:\Development\personal\games\NextGenGameEngine\tests\unit\test_texture_stream_priority.cpp(42): error C2146: syntax error: missing ';' before identifier 'i'
P:\Development\personal\games\NextGenGameEngine\tests\unit\test_texture_stream_priority.cpp(42): error C2143: syntax error: missing ';' before '='
P:\Development\personal\games\NextGenGameEngine\tests\unit\test_texture_stream_priority.cpp(42): error C2143: syntax error: missing ')' before '='
P:\Development\personal\games\NextGenGameEngine\tests\unit\test_texture_stream_priority.cpp(42): error C2059: syntax error: '='
P:\Development\personal\games\NextGenGameEngine\tests\unit\test_texture_stream_priority.cpp(42): error C2059: syntax error: ';'
P:\Development\personal\games\NextGenGameEngine\tests\unit\test_texture_stream_priority.cpp(42): error C2143: syntax error: missing ';' before '{'
P:\Development\personal\games\NextGenGameEngine\tests\unit\test_texture_stream_priority.cpp(43): error C2059: syntax error: ')'
P:\Development\personal\games\NextGenGameEngine\tests\unit\test_texture_stream_priority.cpp(43): error C2065: 'gtest_ar': undeclared identifier
P:\Development\personal\games\NextGenGameEngine\tests\unit\test_texture_stream_priority.cpp(44): error C2143: syntax error: missing ';' before '}'
P:\Development\personal\games\NextGenGameEngine\tests\unit\test_texture_stream_priority.cpp(45): error C2059: syntax error: ')'
P:\Development\personal\games\NextGenGameEngine\tests\unit\test_texture_stream_priority.cpp(45): error C2065: 'gtest_ar': undeclared identifier
P:\Development\personal\games\NextGenGameEngine\tests\unit\test_texture_stream_priority.cpp(48): error C2143: syntax error: missing ';' before '}'
P:\Development\personal\games\NextGenGameEngine\tests\unit\test_texture_stream_priority.cpp(50): error C2947: expecting '>' to terminate template-argument-list, found '>'
P:\Development\personal\games\NextGenGameEngine\tests\unit\test_texture_stream_priority.cpp(50): error C2059: syntax error: 'constant'
P:\Development\personal\games\NextGenGameEngine\tests\unit\test_texture_stream_priority.cpp(50): error C2059: syntax error: ')'
P:\Development\personal\games\NextGenGameEngine\tests\unit\test_texture_stream_priority.cpp(50): error C2246: 'TextureStreamPriority_MaxTexturesLimit_Test::TestBody::TextureStreamPriority_UpdateUsage_Test::test_info_': illegal static data member in locally defined class
P:\Development\personal\games\NextGenGameEngine\tests\unit\test_texture_stream_priority.cpp(50): error C3640: 'TextureStreamPriority_MaxTexturesLimit_Test::TestBody::TextureStreamPriority_UpdateUsage_Test::TestBody': a referenced or virtual member function of a local class must be defined
P:\Development\personal\games\NextGenGameEngine\tests\unit\test_texture_stream_priority.cpp(50): error C2655: 'TextureStreamPriority_MaxTexturesLimit_Test::TestBody::TextureStreamPriority_UpdateUsage_Test::test_info_': definition or redeclaration illegal in current scope
P:\Development\personal\games\NextGenGameEngine\tests\unit\test_texture_stream_priority.cpp(50): note: see declaration of 'TextureStreamPriority_MaxTexturesLimit_Test::TestBody::TextureStreamPriority_UpdateUsage_Test::test_info_'
P:\Development\personal\games\NextGenGameEngine\tests\unit\test_texture_stream_priority.cpp(50): error C2601: 'TextureStreamPriority_MaxTexturesLimit_Test::TestBody::TextureStreamPriority_UpdateUsage_Test::TestBody': local function definitions are illegal
P:\Development\personal\games\NextGenGameEngine\tests\unit\test_texture_stream_priority.cpp(67): error C2246: 'TextureStreamPriority_MaxTexturesLimit_Test::TestBody::TextureStreamPriority_SetResidentMip_Test::test_info_': illegal static data member in locally defined class
P:\Development\personal\games\NextGenGameEngine\tests\unit\test_texture_stream_priority.cpp(67): error C3640: 'TextureStreamPriority_MaxTexturesLimit_Test::TestBody::TextureStreamPriority_SetResidentMip_Test::TestBody': a referenced or virtual member function of a local class must be defined
P:\Development\personal\games\NextGenGameEngine\tests\unit\test_texture_stream_priority.cpp(54): error C2065: 'u32': undeclared identifier
P:\Development\personal\games\NextGenGameEngine\tests\unit\test_texture_stream_priority.cpp(54): error C2146: syntax error: missing ';' before identifier 'id'
P:\Development\personal\games\NextGenGameEngine\tests\unit\test_texture_stream_priority.cpp(54): error C2065: 'id': undeclared identifier
P:\Development\personal\games\NextGenGameEngine\tests\unit\test_texture_stream_priority.cpp(55): error C2065: 'id': undeclared identifier
P:\Development\personal\games\NextGenGameEngine\tests\unit\test_texture_stream_priority.cpp(57): error C2065: 'id': undeclared identifier
P:\Development\personal\games\NextGenGameEngine\tests\unit\test_texture_stream_priority.cpp(58): error C3536: 'info': cannot be used before it is initialized
P:\Development\personal\games\NextGenGameEngine\tests\unit\test_texture_stream_priority.cpp(58): error C2672: 'testing::internal::CmpHelperFloatingPointEQ': no matching overloaded function found
P:\Development\personal\games\NextGenGameEngine\tests\unit\test_texture_stream_priority.cpp(58): error C2780: 'testing::AssertionResult testing::internal::CmpHelperFloatingPointEQ(const char *,const char *,RawType,RawType)': expects 4 arguments - 3 provided
P:\Development\personal\games\NextGenGameEngine\build\vcpkg_installed\x64-windows\include\gtest/gtest.h(1582): note: see declaration of 'testing::internal::CmpHelperFloatingPointEQ'
P:\Development\personal\games\NextGenGameEngine\tests\unit\test_texture_stream_priority.cpp(58): error C2737: 'gtest_ar': const object must be initialized
P:\Development\personal\games\NextGenGameEngine\tests\unit\test_texture_stream_priority.cpp(59): error C2672: 'testing::internal::CmpHelperFloatingPointEQ': no matching overloaded function found
P:\Development\personal\games\NextGenGameEngine\tests\unit\test_texture_stream_priority.cpp(59): error C2780: 'testing::AssertionResult testing::internal::CmpHelperFloatingPointEQ(const char *,const char *,RawType,RawType)': expects 4 arguments - 3 provided
P:\Development\personal\games\NextGenGameEngine\build\vcpkg_installed\x64-windows\include\gtest/gtest.h(1582): note: see declaration of 'testing::internal::CmpHelperFloatingPointEQ'
P:\Development\personal\games\NextGenGameEngine\tests\unit\test_texture_stream_priority.cpp(59): error C2737: 'gtest_ar': const object must be initialized
P:\Development\personal\games\NextGenGameEngine\tests\unit\test_texture_stream_priority.cpp(60): error C2660: 'testing::internal::EqHelper::Compare': function does not take 3 arguments
P:\Development\personal\games\NextGenGameEngine\build\vcpkg_installed\x64-windows\include\gtest/gtest.h(1422): note: see declaration of 'testing::internal::EqHelper::Compare'
P:\Development\personal\games\NextGenGameEngine\tests\unit\test_texture_stream_priority.cpp(60): error C2737: 'gtest_ar': const object must be initialized
P:\Development\personal\games\NextGenGameEngine\tests\unit\test_texture_stream_priority.cpp(62): error C2672: 'testing::internal::CmpHelperLT': no matching overloaded function found
P:\Development\personal\games\NextGenGameEngine\tests\unit\test_texture_stream_priority.cpp(62): error C2780: 'testing::AssertionResult testing::internal::CmpHelperLT(const char *,const char *,const T1 &,const T2 &)': expects 4 arguments - 2 provided
P:\Development\personal\games\NextGenGameEngine\build\vcpkg_installed\x64-windows\include\gtest/gtest.h(1476): note: see declaration of 'testing::internal::CmpHelperLT'
P:\Development\personal\games\NextGenGameEngine\tests\unit\test_texture_stream_priority.cpp(62): error C2737: 'gtest_ar': const object must be initialized
P:\Development\personal\games\NextGenGameEngine\tests\unit\test_texture_stream_priority.cpp(67): error C2655: 'TextureStreamPriority_MaxTexturesLimit_Test::TestBody::TextureStreamPriority_SetResidentMip_Test::test_info_': definition or redeclaration illegal in current scope
P:\Development\personal\games\NextGenGameEngine\tests\unit\test_texture_stream_priority.cpp(67): note: see declaration of 'TextureStreamPriority_MaxTexturesLimit_Test::TestBody::TextureStreamPriority_SetResidentMip_Test::test_info_'
P:\Development\personal\games\NextGenGameEngine\tests\unit\test_texture_stream_priority.cpp(67): error C2601: 'TextureStreamPriority_MaxTexturesLimit_Test::TestBody::TextureStreamPriority_SetResidentMip_Test::TestBody': local function definitions are illegal
P:\Development\personal\games\NextGenGameEngine\tests\unit\test_texture_stream_priority.cpp(84): error C2246: 'TextureStreamPriority_MaxTexturesLimit_Test::TestBody::TextureStreamPriority_ProcessFrameLoads_Test::test_info_': illegal static data member in locally defined class
P:\Development\personal\games\NextGenGameEngine\tests\unit\test_texture_stream_priority.cpp(84): error C3640: 'TextureStreamPriority_MaxTexturesLimit_Test::TestBody::TextureStreamPriority_ProcessFrameLoads_Test::TestBody': a referenced or virtual member function of a local class must be defined
P:\Development\personal\games\NextGenGameEngine\tests\unit\test_texture_stream_priority.cpp(71): error C2065: 'u32': undeclared identifier
P:\Development\personal\games\NextGenGameEngine\tests\unit\test_texture_stream_priority.cpp(71): error C2146: syntax error: missing ';' before identifier 'id'
P:\Development\personal\games\NextGenGameEngine\tests\unit\test_texture_stream_priority.cpp(71): error C2065: 'id': undeclared identifier
P:\Development\personal\games\NextGenGameEngine\tests\unit\test_texture_stream_priority.cpp(72): error C2065: 'id': undeclared identifier
P:\Development\personal\games\NextGenGameEngine\tests\unit\test_texture_stream_priority.cpp(72): error C2660: 'testing::internal::EqHelper::Compare': function does not take 3 arguments
P:\Development\personal\games\NextGenGameEngine\build\vcpkg_installed\x64-windows\include\gtest/gtest.h(1422): note: see declaration of 'testing::internal::EqHelper::Compare'
P:\Development\personal\games\NextGenGameEngine\tests\unit\test_texture_stream_priority.cpp(72): error C2737: 'gtest_ar': const object must be initialized
P:\Development\personal\games\NextGenGameEngine\tests\unit\test_texture_stream_priority.cpp(74): error C2065: 'id': undeclared identifier
P:\Development\personal\games\NextGenGameEngine\tests\unit\test_texture_stream_priority.cpp(75): error C2065: 'id': undeclared identifier
P:\Development\personal\games\NextGenGameEngine\tests\unit\test_texture_stream_priority.cpp(75): error C2660: 'testing::internal::EqHelper::Compare': function does not take 3 arguments
P:\Development\personal\games\NextGenGameEngine\build\vcpkg_installed\x64-windows\include\gtest/gtest.h(1422): note: see declaration of 'testing::internal::EqHelper::Compare'
P:\Development\personal\games\NextGenGameEngine\tests\unit\test_texture_stream_priority.cpp(75): error C2737: 'gtest_ar': const object must be initialized
P:\Development\personal\games\NextGenGameEngine\tests\unit\test_texture_stream_priority.cpp(78): error C2065: 'id': undeclared identifier
P:\Development\personal\games\NextGenGameEngine\tests\unit\test_texture_stream_priority.cpp(79): error C2065: 'id': undeclared identifier
P:\Development\personal\games\NextGenGameEngine\tests\unit\test_texture_stream_priority.cpp(79): error C2660: 'testing::internal::EqHelper::Compare': function does not take 3 arguments
P:\Development\personal\games\NextGenGameEngine\build\vcpkg_installed\x64-windows\include\gtest/gtest.h(1422): note: see declaration of 'testing::internal::EqHelper::Compare'
P:\Development\personal\games\NextGenGameEngine\tests\unit\test_texture_stream_priority.cpp(79): error C2737: 'gtest_ar': const object must be initialized
P:\Development\personal\games\NextGenGameEngine\tests\unit\test_texture_stream_priority.cpp(84): error C2655: 'TextureStreamPriority_MaxTexturesLimit_Test::TestBody::TextureStreamPriority_ProcessFrameLoads_Test::test_info_': definition or redeclaration illegal in current scope
P:\Development\personal\games\NextGenGameEngine\tests\unit\test_texture_stream_priority.cpp(84): note: see declaration of 'TextureStreamPriority_MaxTexturesLimit_Test::TestBody::TextureStreamPriority_ProcessFrameLoads_Test::test_info_'
P:\Development\personal\games\NextGenGameEngine\tests\unit\test_texture_stream_priority.cpp(84): error C2601: 'TextureStreamPriority_MaxTexturesLimit_Test::TestBody::TextureStreamPriority_ProcessFrameLoads_Test::TestBody': local function definitions are illegal
P:\Development\personal\games\NextGenGameEngine\tests\unit\test_texture_stream_priority.cpp(109): error C2246: 'TextureStreamPriority_MaxTexturesLimit_Test::TestBody::TextureStreamPriority_ProcessFrameEvicts_Test::test_info_': illegal static data member in locally defined class
P:\Development\personal\games\NextGenGameEngine\tests\unit\test_texture_stream_priority.cpp(109): error C3640: 'TextureStreamPriority_MaxTexturesLimit_Test::TestBody::TextureStreamPriority_ProcessFrameEvicts_Test::TestBody': a referenced or virtual member function of a local class must be defined
P:\Development\personal\games\NextGenGameEngine\tests\unit\test_texture_stream_priority.cpp(91): error C2065: 'u32': undeclared identifier
P:\Development\personal\games\NextGenGameEngine\tests\unit\test_texture_stream_priority.cpp(91): error C2146: syntax error: missing ';' before identifier 'id'
P:\Development\personal\games\NextGenGameEngine\tests\unit\test_texture_stream_priority.cpp(91): error C2065: 'id': undeclared identifier
P:\Development\personal\games\NextGenGameEngine\tests\unit\test_texture_stream_priority.cpp(92): error C2065: 'id': undeclared identifier
P:\Development\personal\games\NextGenGameEngine\tests\unit\test_texture_stream_priority.cpp(99): error C2065: 'id': undeclared identifier
P:\Development\personal\games\NextGenGameEngine\tests\unit\test_texture_stream_priority.cpp(109): error C2655: 'TextureStreamPriority_MaxTexturesLimit_Test::TestBody::TextureStreamPriority_ProcessFrameEvicts_Test::test_info_': definition or redeclaration illegal in current scope
P:\Development\personal\games\NextGenGameEngine\tests\unit\test_texture_stream_priority.cpp(109): note: see declaration of 'TextureStreamPriority_MaxTexturesLimit_Test::TestBody::TextureStreamPriority_ProcessFrameEvicts_Test::test_info_'
P:\Development\personal\games\NextGenGameEngine\tests\unit\test_texture_stream_priority.cpp(109): error C2601: 'TextureStreamPriority_MaxTexturesLimit_Test::TestBody::TextureStreamPriority_ProcessFrameEvicts_Test::TestBody': local function definitions are illegal
P:\Development\personal\games\NextGenGameEngine\tests\unit\test_texture_stream_priority.cpp(134): error C2246: 'TextureStreamPriority_MaxTexturesLimit_Test::TestBody::TextureStreamPriority_ProcessFrameMaxLoadsPerFrame_Test::test_info_': illegal static data member in locally defined class
P:\Development\personal\games\NextGenGameEngine\tests\unit\test_texture_stream_priority.cpp(134): error C3640: 'TextureStreamPriority_MaxTexturesLimit_Test::TestBody::TextureStreamPriority_ProcessFrameMaxLoadsPerFrame_Test::TestBody': a referenced or virtual member function of a local class must be defined
P:\Development\personal\games\NextGenGameEngine\tests\unit\test_texture_stream_priority.cpp(117): error C2065: 'u32': undeclared identifier
P:\Development\personal\games\NextGenGameEngine\tests\unit\test_texture_stream_priority.cpp(117): error C2146: syntax error: missing ';' before identifier 'id'
P:\Development\personal\games\NextGenGameEngine\tests\unit\test_texture_stream_priority.cpp(117): error C2065: 'id': undeclared identifier
P:\Development\personal\games\NextGenGameEngine\tests\unit\test_texture_stream_priority.cpp(118): error C2065: 'id': undeclared identifier
P:\Development\personal\games\NextGenGameEngine\tests\unit\test_texture_stream_priority.cpp(119): error C2065: 'id': undeclared identifier
P:\Development\personal\games\NextGenGameEngine\tests\unit\test_texture_stream_priority.cpp(125): error C2065: 'id': undeclared identifier
P:\Development\personal\games\NextGenGameEngine\tests\unit\test_texture_stream_priority.cpp(134): error C2655: 'TextureStreamPriority_MaxTexturesLimit_Test::TestBody::TextureStreamPriority_ProcessFrameMaxLoadsPerFrame_Test::test_info_': definition or redeclaration illegal in current scope
P:\Development\personal\games\NextGenGameEngine\tests\unit\test_texture_stream_priority.cpp(134): note: see declaration of 'TextureStreamPriority_MaxTexturesLimit_Test::TestBody::TextureStreamPriority_ProcessFrameMaxLoadsPerFrame_Test::test_info_'
P:\Development\personal\games\NextGenGameEngine\tests\unit\test_texture_stream_priority.cpp(134): error C2601: 'TextureStreamPriority_MaxTexturesLimit_Test::TestBody::TextureStreamPriority_ProcessFrameMaxLoadsPerFrame_Test::TestBody': local function definitions are illegal
P:\Development\personal\games\NextGenGameEngine\tests\unit\test_texture_stream_priority.cpp(157): error C2246: 'TextureStreamPriority_MaxTexturesLimit_Test::TestBody::TextureStreamPriority_HighCoverageHigherPriority_Test::test_info_': illegal static data member in locally defined class
P:\Development\personal\games\NextGenGameEngine\tests\unit\test_texture_stream_priority.cpp(157): error C3640: 'TextureStreamPriority_MaxTexturesLimit_Test::TestBody::TextureStreamPriority_HighCoverageHigherPriority_Test::TestBody': a referenced or virtual member function of a local class must be defined
P:\Development\personal\games\NextGenGameEngine\tests\unit\test_texture_stream_priority.cpp(141): error C2065: 'u32': undeclared identifier
P:\Development\personal\games\NextGenGameEngine\tests\unit\test_texture_stream_priority.cpp(141): error C2146: syntax error: missing ';' before identifier 'i'
P:\Development\personal\games\NextGenGameEngine\tests\unit\test_texture_stream_priority.cpp(141): error C2143: syntax error: missing ';' before '='
P:\Development\personal\games\NextGenGameEngine\tests\unit\test_texture_stream_priority.cpp(141): fatal error C1003: error count exceeds 100; stopping compilation
[283/297] Building CXX object tests\CMakeFiles\EngineTests.dir\Debug\unit\test_timeline_sem_shader_obj.cpp.obj
FAILED: [code=2] tests/CMakeFiles/EngineTests.dir/Debug/unit/test_timeline_sem_shader_obj.cpp.obj 
C:\PROGRA~2\MICROS~2\2019\BUILDT~1\VC\Tools\MSVC\1429~1.301\bin\Hostx64\x64\cl.exe  /nologo /TP -DFMT_SHARED -DGTEST_LINKED_AS_SHARED_LIBRARY=1 -DNGE_DEBUG=1 -DNGE_ENABLE_ASSERTS=1 -DNGE_ENABLE_MEMORY_TRACKING=1 -DNGE_ENABLE_VULKAN=1 -DNGE_PLATFORM_WINDOWS=1 -DNOMINMAX -DSPDLOG_COMPILED_LIB -DSPDLOG_FMT_EXTERNAL -DSPDLOG_SHARED_LIB -DWIN32_LEAN_AND_MEAN -D_CRT_SECURE_NO_WARNINGS -DCMAKE_INTDIR=\"Debug\" -IP:\Development\personal\games\NextGenGameEngine\engine -IP:\Development\personal\games\NextGenGameEngine\engine\.. -external:IP:\Development\personal\games\NextGenGameEngine\build\vcpkg_installed\x64-windows\include -external:IC:\VulkanSDK\1.4.341.1\include -external:W0 /DWIN32 /D_WINDOWS /EHsc /Zi /Ob0 /Od /RTC1 -std:c++20 -MDd /W4 /permissive- /Zc:__cplusplus /MP /fp:fast /arch:AVX2 /wd4251 /wd4275 /utf-8 /showIncludes /Fotests\CMakeFiles\EngineTests.dir\Debug\unit\test_timeline_sem_shader_obj.cpp.obj /Fdtests\CMakeFiles\EngineTests.dir\Debug\ /FS -c P:\Development\personal\games\NextGenGameEngine\tests\unit\test_timeline_sem_shader_obj.cpp
P:\Development\personal\games\NextGenGameEngine\tests\unit\test_timeline_sem_shader_obj.cpp(31): error C2065: 'u32': undeclared identifier
P:\Development\personal\games\NextGenGameEngine\tests\unit\test_timeline_sem_shader_obj.cpp(31): error C2146: syntax error: missing ';' before identifier 'id0'
P:\Development\personal\games\NextGenGameEngine\tests\unit\test_timeline_sem_shader_obj.cpp(31): error C2065: 'id0': undeclared identifier
P:\Development\personal\games\NextGenGameEngine\tests\unit\test_timeline_sem_shader_obj.cpp(32): error C2065: 'u32': undeclared identifier
P:\Development\personal\games\NextGenGameEngine\tests\unit\test_timeline_sem_shader_obj.cpp(32): error C2146: syntax error: missing ';' before identifier 'id1'
P:\Development\personal\games\NextGenGameEngine\tests\unit\test_timeline_sem_shader_obj.cpp(32): error C2065: 'id1': undeclared identifier
P:\Development\personal\games\NextGenGameEngine\tests\unit\test_timeline_sem_shader_obj.cpp(33): error C2065: 'id0': undeclared identifier
P:\Development\personal\games\NextGenGameEngine\tests\unit\test_timeline_sem_shader_obj.cpp(33): error C2737: 'gtest_ar': const object must be initialized
P:\Development\personal\games\NextGenGameEngine\tests\unit\test_timeline_sem_shader_obj.cpp(34): error C2065: 'id1': undeclared identifier
P:\Development\personal\games\NextGenGameEngine\tests\unit\test_timeline_sem_shader_obj.cpp(34): error C2737: 'gtest_ar': const object must be initialized
P:\Development\personal\games\NextGenGameEngine\tests\unit\test_timeline_sem_shader_obj.cpp(35): error C2065: 'id0': undeclared identifier
P:\Development\personal\games\NextGenGameEngine\tests\unit\test_timeline_sem_shader_obj.cpp(35): error C2065: 'id1': undeclared identifier
P:\Development\personal\games\NextGenGameEngine\tests\unit\test_timeline_sem_shader_obj.cpp(35): error C2737: 'gtest_ar': const object must be initialized
P:\Development\personal\games\NextGenGameEngine\tests\unit\test_timeline_sem_shader_obj.cpp(40): error C2065: 'id0': undeclared identifier
P:\Development\personal\games\NextGenGameEngine\tests\unit\test_timeline_sem_shader_obj.cpp(44): error C2065: 'id1': undeclared identifier
P:\Development\personal\games\NextGenGameEngine\tests\unit\test_timeline_sem_shader_obj.cpp(64): error C2065: 'u32': undeclared identifier
P:\Development\personal\games\NextGenGameEngine\tests\unit\test_timeline_sem_shader_obj.cpp(64): error C2146: syntax error: missing ';' before identifier 'id'
P:\Development\personal\games\NextGenGameEngine\tests\unit\test_timeline_sem_shader_obj.cpp(64): error C2065: 'id': undeclared identifier
P:\Development\personal\games\NextGenGameEngine\tests\unit\test_timeline_sem_shader_obj.cpp(65): error C2065: 'id': undeclared identifier
P:\Development\personal\games\NextGenGameEngine\tests\unit\test_timeline_sem_shader_obj.cpp(65): error C2737: 'gtest_ar': const object must be initialized
P:\Development\personal\games\NextGenGameEngine\tests\unit\test_timeline_sem_shader_obj.cpp(81): error C2065: 'u32': undeclared identifier
P:\Development\personal\games\NextGenGameEngine\tests\unit\test_timeline_sem_shader_obj.cpp(81): error C2146: syntax error: missing ';' before identifier 'overflow'
P:\Development\personal\games\NextGenGameEngine\tests\unit\test_timeline_sem_shader_obj.cpp(81): error C2065: 'overflow': undeclared identifier
P:\Development\personal\games\NextGenGameEngine\tests\unit\test_timeline_sem_shader_obj.cpp(82): error C2065: 'overflow': undeclared identifier
P:\Development\personal\games\NextGenGameEngine\tests\unit\test_timeline_sem_shader_obj.cpp(82): error C2737: 'gtest_ar': const object must be initialized
P:\Development\personal\games\NextGenGameEngine\tests\unit\test_timeline_sem_shader_obj.cpp(91): error C2065: 'u32': undeclared identifier
P:\Development\personal\games\NextGenGameEngine\tests\unit\test_timeline_sem_shader_obj.cpp(91): error C2146: syntax error: missing ';' before identifier 'id'
P:\Development\personal\games\NextGenGameEngine\tests\unit\test_timeline_sem_shader_obj.cpp(91): error C2065: 'id': undeclared identifier
P:\Development\personal\games\NextGenGameEngine\tests\unit\test_timeline_sem_shader_obj.cpp(92): error C2065: 'id': undeclared identifier
P:\Development\personal\games\NextGenGameEngine\tests\unit\test_timeline_sem_shader_obj.cpp(92): error C2660: 'testing::internal::EqHelper::Compare': function does not take 3 arguments
P:\Development\personal\games\NextGenGameEngine\build\vcpkg_installed\x64-windows\include\gtest/gtest.h(1422): note: see declaration of 'testing::internal::EqHelper::Compare'
P:\Development\personal\games\NextGenGameEngine\tests\unit\test_timeline_sem_shader_obj.cpp(92): error C2737: 'gtest_ar': const object must be initialized
P:\Development\personal\games\NextGenGameEngine\tests\unit\test_timeline_sem_shader_obj.cpp(94): error C2065: 'u64': undeclared identifier
P:\Development\personal\games\NextGenGameEngine\tests\unit\test_timeline_sem_shader_obj.cpp(94): error C2146: syntax error: missing ';' before identifier 'v1'
P:\Development\personal\games\NextGenGameEngine\tests\unit\test_timeline_sem_shader_obj.cpp(94): error C2065: 'v1': undeclared identifier
P:\Development\personal\games\NextGenGameEngine\tests\unit\test_timeline_sem_shader_obj.cpp(94): error C2065: 'id': undeclared identifier
P:\Development\personal\games\NextGenGameEngine\tests\unit\test_timeline_sem_shader_obj.cpp(95): error C2065: 'v1': undeclared identifier
P:\Development\personal\games\NextGenGameEngine\tests\unit\test_timeline_sem_shader_obj.cpp(95): error C2737: 'gtest_ar': const object must be initialized
P:\Development\personal\games\NextGenGameEngine\tests\unit\test_timeline_sem_shader_obj.cpp(96): error C2065: 'id': undeclared identifier
P:\Development\personal\games\NextGenGameEngine\tests\unit\test_timeline_sem_shader_obj.cpp(96): error C2660: 'testing::internal::EqHelper::Compare': function does not take 3 arguments
P:\Development\personal\games\NextGenGameEngine\build\vcpkg_installed\x64-windows\include\gtest/gtest.h(1422): note: see declaration of 'testing::internal::EqHelper::Compare'
P:\Development\personal\games\NextGenGameEngine\tests\unit\test_timeline_sem_shader_obj.cpp(96): error C2737: 'gtest_ar': const object must be initialized
P:\Development\personal\games\NextGenGameEngine\tests\unit\test_timeline_sem_shader_obj.cpp(98): error C2065: 'u64': undeclared identifier
P:\Development\personal\games\NextGenGameEngine\tests\unit\test_timeline_sem_shader_obj.cpp(98): error C2146: syntax error: missing ';' before identifier 'v2'
P:\Development\personal\games\NextGenGameEngine\tests\unit\test_timeline_sem_shader_obj.cpp(98): error C2065: 'v2': undeclared identifier
P:\Development\personal\games\NextGenGameEngine\tests\unit\test_timeline_sem_shader_obj.cpp(98): error C2065: 'id': undeclared identifier
P:\Development\personal\games\NextGenGameEngine\tests\unit\test_timeline_sem_shader_obj.cpp(99): error C2065: 'v2': undeclared identifier
P:\Development\personal\games\NextGenGameEngine\tests\unit\test_timeline_sem_shader_obj.cpp(99): error C2737: 'gtest_ar': const object must be initialized
P:\Development\personal\games\NextGenGameEngine\tests\unit\test_timeline_sem_shader_obj.cpp(108): error C2065: 'u32': undeclared identifier
P:\Development\personal\games\NextGenGameEngine\tests\unit\test_timeline_sem_shader_obj.cpp(108): error C2146: syntax error: missing ';' before identifier 'id'
P:\Development\personal\games\NextGenGameEngine\tests\unit\test_timeline_sem_shader_obj.cpp(108): error C2065: 'id': undeclared identifier
P:\Development\personal\games\NextGenGameEngine\tests\unit\test_timeline_sem_shader_obj.cpp(109): error C2065: 'id': undeclared identifier
P:\Development\personal\games\NextGenGameEngine\tests\unit\test_timeline_sem_shader_obj.cpp(109): error C2512: 'testing::AssertionResult': no appropriate default constructor available
P:\Development\personal\games\NextGenGameEngine\tests\unit\test_timeline_sem_shader_obj.cpp(109): note: No constructor could take the source type, or constructor overload resolution was ambiguous
P:\Development\personal\games\NextGenGameEngine\tests\unit\test_timeline_sem_shader_obj.cpp(109): error C2737: 'gtest_ar_': const object must be initialized
P:\Development\personal\games\NextGenGameEngine\tests\unit\test_timeline_sem_shader_obj.cpp(110): error C2065: 'id': undeclared identifier
P:\Development\personal\games\NextGenGameEngine\tests\unit\test_timeline_sem_shader_obj.cpp(110): error C2512: 'testing::AssertionResult': no appropriate default constructor available
P:\Development\personal\games\NextGenGameEngine\tests\unit\test_timeline_sem_shader_obj.cpp(110): note: No constructor could take the source type, or constructor overload resolution was ambiguous
P:\Development\personal\games\NextGenGameEngine\tests\unit\test_timeline_sem_shader_obj.cpp(110): error C2737: 'gtest_ar_': const object must be initialized
P:\Development\personal\games\NextGenGameEngine\tests\unit\test_timeline_sem_shader_obj.cpp(112): error C2065: 'id': undeclared identifier
P:\Development\personal\games\NextGenGameEngine\tests\unit\test_timeline_sem_shader_obj.cpp(113): error C2065: 'id': undeclared identifier
P:\Development\personal\games\NextGenGameEngine\tests\unit\test_timeline_sem_shader_obj.cpp(113): error C2512: 'testing::AssertionResult': no appropriate default constructor available
P:\Development\personal\games\NextGenGameEngine\tests\unit\test_timeline_sem_shader_obj.cpp(113): note: No constructor could take the source type, or constructor overload resolution was ambiguous
P:\Development\personal\games\NextGenGameEngine\tests\unit\test_timeline_sem_shader_obj.cpp(113): error C2737: 'gtest_ar_': const object must be initialized
P:\Development\personal\games\NextGenGameEngine\tests\unit\test_timeline_sem_shader_obj.cpp(114): error C2065: 'id': undeclared identifier
P:\Development\personal\games\NextGenGameEngine\tests\unit\test_timeline_sem_shader_obj.cpp(114): error C2512: 'testing::AssertionResult': no appropriate default constructor available
P:\Development\personal\games\NextGenGameEngine\tests\unit\test_timeline_sem_shader_obj.cpp(114): note: No constructor could take the source type, or constructor overload resolution was ambiguous
P:\Development\personal\games\NextGenGameEngine\tests\unit\test_timeline_sem_shader_obj.cpp(114): error C2737: 'gtest_ar_': const object must be initialized
P:\Development\personal\games\NextGenGameEngine\tests\unit\test_timeline_sem_shader_obj.cpp(115): error C2065: 'id': undeclared identifier
P:\Development\personal\games\NextGenGameEngine\tests\unit\test_timeline_sem_shader_obj.cpp(115): error C2512: 'testing::AssertionResult': no appropriate default constructor available
P:\Development\personal\games\NextGenGameEngine\tests\unit\test_timeline_sem_shader_obj.cpp(115): note: No constructor could take the source type, or constructor overload resolution was ambiguous
P:\Development\personal\games\NextGenGameEngine\tests\unit\test_timeline_sem_shader_obj.cpp(115): error C2737: 'gtest_ar_': const object must be initialized
P:\Development\personal\games\NextGenGameEngine\tests\unit\test_timeline_sem_shader_obj.cpp(142): error C2065: 'u32': undeclared identifier
P:\Development\personal\games\NextGenGameEngine\tests\unit\test_timeline_sem_shader_obj.cpp(142): error C2146: syntax error: missing ';' before identifier 'id'
P:\Development\personal\games\NextGenGameEngine\tests\unit\test_timeline_sem_shader_obj.cpp(142): error C2065: 'id': undeclared identifier
P:\Development\personal\games\NextGenGameEngine\tests\unit\test_timeline_sem_shader_obj.cpp(143): error C2065: 'u64': undeclared identifier
P:\Development\personal\games\NextGenGameEngine\tests\unit\test_timeline_sem_shader_obj.cpp(143): error C2146: syntax error: missing ';' before identifier 'handle'
P:\Development\personal\games\NextGenGameEngine\tests\unit\test_timeline_sem_shader_obj.cpp(143): error C2065: 'handle': undeclared identifier
P:\Development\personal\games\NextGenGameEngine\tests\unit\test_timeline_sem_shader_obj.cpp(143): error C2065: 'id': undeclared identifier
P:\Development\personal\games\NextGenGameEngine\tests\unit\test_timeline_sem_shader_obj.cpp(144): error C2065: 'handle': undeclared identifier
P:\Development\personal\games\NextGenGameEngine\tests\unit\test_timeline_sem_shader_obj.cpp(144): error C2737: 'gtest_ar': const object must be initialized
P:\Development\personal\games\NextGenGameEngine\tests\unit\test_timeline_sem_shader_obj.cpp(179): error C2065: 'u64': undeclared identifier
P:\Development\personal\games\NextGenGameEngine\tests\unit\test_timeline_sem_shader_obj.cpp(179): error C2146: syntax error: missing ';' before identifier 'handle'
P:\Development\personal\games\NextGenGameEngine\tests\unit\test_timeline_sem_shader_obj.cpp(179): error C2065: 'handle': undeclared identifier
P:\Development\personal\games\NextGenGameEngine\tests\unit\test_timeline_sem_shader_obj.cpp(180): error C2065: 'handle': undeclared identifier
P:\Development\personal\games\NextGenGameEngine\tests\unit\test_timeline_sem_shader_obj.cpp(180): error C2737: 'gtest_ar': const object must be initialized
P:\Development\personal\games\NextGenGameEngine\tests\unit\test_timeline_sem_shader_obj.cpp(201): error C2065: 'u64': undeclared identifier
P:\Development\personal\games\NextGenGameEngine\tests\unit\test_timeline_sem_shader_obj.cpp(201): error C2146: syntax error: missing ';' before identifier 'h1'
P:\Development\personal\games\NextGenGameEngine\tests\unit\test_timeline_sem_shader_obj.cpp(201): error C2065: 'h1': undeclared identifier
P:\Development\personal\games\NextGenGameEngine\tests\unit\test_timeline_sem_shader_obj.cpp(202): error C2065: 'u64': undeclared identifier
P:\Development\personal\games\NextGenGameEngine\tests\unit\test_timeline_sem_shader_obj.cpp(202): error C2146: syntax error: missing ';' before identifier 'h2'
P:\Development\personal\games\NextGenGameEngine\tests\unit\test_timeline_sem_shader_obj.cpp(202): error C2065: 'h2': undeclared identifier
P:\Development\personal\games\NextGenGameEngine\tests\unit\test_timeline_sem_shader_obj.cpp(204): error C2065: 'h1': undeclared identifier
P:\Development\personal\games\NextGenGameEngine\tests\unit\test_timeline_sem_shader_obj.cpp(204): error C2065: 'h2': undeclared identifier
P:\Development\personal\games\NextGenGameEngine\tests\unit\test_timeline_sem_shader_obj.cpp(204): error C2737: 'gtest_ar': const object must be initialized
P:\Development\personal\games\NextGenGameEngine\tests\unit\test_timeline_sem_shader_obj.cpp(222): error C2065: 'u64': undeclared identifier
P:\Development\personal\games\NextGenGameEngine\tests\unit\test_timeline_sem_shader_obj.cpp(222): error C2146: syntax error: missing ';' before identifier 'handle'
P:\Development\personal\games\NextGenGameEngine\tests\unit\test_timeline_sem_shader_obj.cpp(222): error C2065: 'handle': undeclared identifier
P:\Development\personal\games\NextGenGameEngine\tests\unit\test_timeline_sem_shader_obj.cpp(223): error C2065: 'u64': undeclared identifier
P:\Development\personal\games\NextGenGameEngine\tests\unit\test_timeline_sem_shader_obj.cpp(223): error C2146: syntax error: missing ';' before identifier 'found'
P:\Development\personal\games\NextGenGameEngine\tests\unit\test_timeline_sem_shader_obj.cpp(223): error C2065: 'found': undeclared identifier
P:\Development\personal\games\NextGenGameEngine\tests\unit\test_timeline_sem_shader_obj.cpp(224): error C2065: 'handle': undeclared identifier
P:\Development\personal\games\NextGenGameEngine\tests\unit\test_timeline_sem_shader_obj.cpp(224): error C2065: 'found': undeclared identifier
P:\Development\personal\games\NextGenGameEngine\tests\unit\test_timeline_sem_shader_obj.cpp(224): error C2737: 'gtest_ar': const object must be initialized
P:\Development\personal\games\NextGenGameEngine\tests\unit\test_timeline_sem_shader_obj.cpp(226): error C2065: 'u64': undeclared identifier
P:\Development\personal\games\NextGenGameEngine\tests\unit\test_timeline_sem_shader_obj.cpp(226): error C2146: syntax error: missing ';' before identifier 'notFound'
P:\Development\personal\games\NextGenGameEngine\tests\unit\test_timeline_sem_shader_obj.cpp(226): error C2065: 'notFound': undeclared identifier
P:\Development\personal\games\NextGenGameEngine\tests\unit\test_timeline_sem_shader_obj.cpp(227): error C2065: 'notFound': undeclared identifier
P:\Development\personal\games\NextGenGameEngine\tests\unit\test_timeline_sem_shader_obj.cpp(227): fatal error C1003: error count exceeds 100; stopping compilation
[284/297] Building CXX object tests\CMakeFiles\EngineTests.dir\Debug\unit\test_timestamp_query_pool.cpp.obj
FAILED: [code=2] tests/CMakeFiles/EngineTests.dir/Debug/unit/test_timestamp_query_pool.cpp.obj 
C:\PROGRA~2\MICROS~2\2019\BUILDT~1\VC\Tools\MSVC\1429~1.301\bin\Hostx64\x64\cl.exe  /nologo /TP -DFMT_SHARED -DGTEST_LINKED_AS_SHARED_LIBRARY=1 -DNGE_DEBUG=1 -DNGE_ENABLE_ASSERTS=1 -DNGE_ENABLE_MEMORY_TRACKING=1 -DNGE_ENABLE_VULKAN=1 -DNGE_PLATFORM_WINDOWS=1 -DNOMINMAX -DSPDLOG_COMPILED_LIB -DSPDLOG_FMT_EXTERNAL -DSPDLOG_SHARED_LIB -DWIN32_LEAN_AND_MEAN -D_CRT_SECURE_NO_WARNINGS -DCMAKE_INTDIR=\"Debug\" -IP:\Development\personal\games\NextGenGameEngine\engine -IP:\Development\personal\games\NextGenGameEngine\engine\.. -external:IP:\Development\personal\games\NextGenGameEngine\build\vcpkg_installed\x64-windows\include -external:IC:\VulkanSDK\1.4.341.1\include -external:W0 /DWIN32 /D_WINDOWS /EHsc /Zi /Ob0 /Od /RTC1 -std:c++20 -MDd /W4 /permissive- /Zc:__cplusplus /MP /fp:fast /arch:AVX2 /wd4251 /wd4275 /utf-8 /showIncludes /Fotests\CMakeFiles\EngineTests.dir\Debug\unit\test_timestamp_query_pool.cpp.obj /Fdtests\CMakeFiles\EngineTests.dir\Debug\ /FS -c P:\Development\personal\games\NextGenGameEngine\tests\unit\test_timestamp_query_pool.cpp
P:\Development\personal\games\NextGenGameEngine\tests\unit\test_timestamp_query_pool.cpp(35): error C2065: 'u32': undeclared identifier
P:\Development\personal\games\NextGenGameEngine\tests\unit\test_timestamp_query_pool.cpp(35): error C2146: syntax error: missing ';' before identifier 'id'
P:\Development\personal\games\NextGenGameEngine\tests\unit\test_timestamp_query_pool.cpp(35): error C2065: 'id': undeclared identifier
P:\Development\personal\games\NextGenGameEngine\tests\unit\test_timestamp_query_pool.cpp(36): error C2065: 'id': undeclared identifier
P:\Development\personal\games\NextGenGameEngine\tests\unit\test_timestamp_query_pool.cpp(36): error C2737: 'gtest_ar': const object must be initialized
P:\Development\personal\games\NextGenGameEngine\tests\unit\test_timestamp_query_pool.cpp(37): error C2065: 'id': undeclared identifier
P:\Development\personal\games\NextGenGameEngine\tests\unit\test_timestamp_query_pool.cpp(39): error C2065: 'u32': undeclared identifier
P:\Development\personal\games\NextGenGameEngine\tests\unit\test_timestamp_query_pool.cpp(39): error C2146: syntax error: missing ';' before identifier 'id2'
P:\Development\personal\games\NextGenGameEngine\tests\unit\test_timestamp_query_pool.cpp(39): error C2065: 'id2': undeclared identifier
P:\Development\personal\games\NextGenGameEngine\tests\unit\test_timestamp_query_pool.cpp(40): error C2065: 'id2': undeclared identifier
P:\Development\personal\games\NextGenGameEngine\tests\unit\test_timestamp_query_pool.cpp(58): error C2065: 'u32': undeclared identifier
P:\Development\personal\games\NextGenGameEngine\tests\unit\test_timestamp_query_pool.cpp(58): error C2146: syntax error: missing ';' before identifier 'p0'
P:\Development\personal\games\NextGenGameEngine\tests\unit\test_timestamp_query_pool.cpp(58): error C2065: 'p0': undeclared identifier
P:\Development\personal\games\NextGenGameEngine\tests\unit\test_timestamp_query_pool.cpp(59): error C2065: 'p0': undeclared identifier
P:\Development\personal\games\NextGenGameEngine\tests\unit\test_timestamp_query_pool.cpp(60): error C2065: 'u32': undeclared identifier
P:\Development\personal\games\NextGenGameEngine\tests\unit\test_timestamp_query_pool.cpp(60): error C2146: syntax error: missing ';' before identifier 'p1'
P:\Development\personal\games\NextGenGameEngine\tests\unit\test_timestamp_query_pool.cpp(60): error C2065: 'p1': undeclared identifier
P:\Development\personal\games\NextGenGameEngine\tests\unit\test_timestamp_query_pool.cpp(61): error C2065: 'p1': undeclared identifier
P:\Development\personal\games\NextGenGameEngine\tests\unit\test_timestamp_query_pool.cpp(67): error C2065: 'u64': undeclared identifier
P:\Development\personal\games\NextGenGameEngine\tests\unit\test_timestamp_query_pool.cpp(67): error C2146: syntax error: missing ';' before identifier 'results'
P:\Development\personal\games\NextGenGameEngine\tests\unit\test_timestamp_query_pool.cpp(67): error C2065: 'results': undeclared identifier
P:\Development\personal\games\NextGenGameEngine\tests\unit\test_timestamp_query_pool.cpp(68): error C2065: 'results': undeclared identifier
P:\Development\personal\games\NextGenGameEngine\tests\unit\test_timestamp_query_pool.cpp(84): error C2065: 'u32': undeclared identifier
P:\Development\personal\games\NextGenGameEngine\tests\unit\test_timestamp_query_pool.cpp(84): error C2146: syntax error: missing ';' before identifier 'p0'
P:\Development\personal\games\NextGenGameEngine\tests\unit\test_timestamp_query_pool.cpp(84): error C2065: 'p0': undeclared identifier
P:\Development\personal\games\NextGenGameEngine\tests\unit\test_timestamp_query_pool.cpp(85): error C2065: 'p0': undeclared identifier
P:\Development\personal\games\NextGenGameEngine\tests\unit\test_timestamp_query_pool.cpp(86): error C2065: 'u32': undeclared identifier
P:\Development\personal\games\NextGenGameEngine\tests\unit\test_timestamp_query_pool.cpp(86): error C2146: syntax error: missing ';' before identifier 'p1'
P:\Development\personal\games\NextGenGameEngine\tests\unit\test_timestamp_query_pool.cpp(86): error C2065: 'p1': undeclared identifier
P:\Development\personal\games\NextGenGameEngine\tests\unit\test_timestamp_query_pool.cpp(87): error C2065: 'p1': undeclared identifier
P:\Development\personal\games\NextGenGameEngine\tests\unit\test_timestamp_query_pool.cpp(90): error C2065: 'u64': undeclared identifier
P:\Development\personal\games\NextGenGameEngine\tests\unit\test_timestamp_query_pool.cpp(90): error C2146: syntax error: missing ';' before identifier 'results'
P:\Development\personal\games\NextGenGameEngine\tests\unit\test_timestamp_query_pool.cpp(90): error C2065: 'results': undeclared identifier
P:\Development\personal\games\NextGenGameEngine\tests\unit\test_timestamp_query_pool.cpp(91): error C2065: 'results': undeclared identifier
P:\Development\personal\games\NextGenGameEngine\tests\unit\test_timestamp_query_pool.cpp(106): error C2065: 'u32': undeclared identifier
P:\Development\personal\games\NextGenGameEngine\tests\unit\test_timestamp_query_pool.cpp(106): error C2146: syntax error: missing ';' before identifier 'p0'
P:\Development\personal\games\NextGenGameEngine\tests\unit\test_timestamp_query_pool.cpp(106): error C2065: 'p0': undeclared identifier
P:\Development\personal\games\NextGenGameEngine\tests\unit\test_timestamp_query_pool.cpp(107): error C2065: 'p0': undeclared identifier
P:\Development\personal\games\NextGenGameEngine\tests\unit\test_timestamp_query_pool.cpp(108): error C2065: 'u32': undeclared identifier
P:\Development\personal\games\NextGenGameEngine\tests\unit\test_timestamp_query_pool.cpp(108): error C2146: syntax error: missing ';' before identifier 'p1'
P:\Development\personal\games\NextGenGameEngine\tests\unit\test_timestamp_query_pool.cpp(108): error C2065: 'p1': undeclared identifier
P:\Development\personal\games\NextGenGameEngine\tests\unit\test_timestamp_query_pool.cpp(109): error C2065: 'p1': undeclared identifier
P:\Development\personal\games\NextGenGameEngine\tests\unit\test_timestamp_query_pool.cpp(113): error C2065: 'u64': undeclared identifier
P:\Development\personal\games\NextGenGameEngine\tests\unit\test_timestamp_query_pool.cpp(113): error C2146: syntax error: missing ';' before identifier 'results'
P:\Development\personal\games\NextGenGameEngine\tests\unit\test_timestamp_query_pool.cpp(113): error C2065: 'results': undeclared identifier
P:\Development\personal\games\NextGenGameEngine\tests\unit\test_timestamp_query_pool.cpp(114): error C2065: 'results': undeclared identifier
P:\Development\personal\games\NextGenGameEngine\tests\unit\test_timestamp_query_pool.cpp(132): error C2065: 'u32': undeclared identifier
P:\Development\personal\games\NextGenGameEngine\tests\unit\test_timestamp_query_pool.cpp(132): error C2146: syntax error: missing ';' before identifier 'p'
P:\Development\personal\games\NextGenGameEngine\tests\unit\test_timestamp_query_pool.cpp(132): error C2065: 'p': undeclared identifier
P:\Development\personal\games\NextGenGameEngine\tests\unit\test_timestamp_query_pool.cpp(133): error C2065: 'p': undeclared identifier
P:\Development\personal\games\NextGenGameEngine\tests\unit\test_timestamp_query_pool.cpp(135): error C2065: 'u64': undeclared identifier
P:\Development\personal\games\NextGenGameEngine\tests\unit\test_timestamp_query_pool.cpp(135): error C2146: syntax error: missing ';' before identifier 'r0'
P:\Development\personal\games\NextGenGameEngine\tests\unit\test_timestamp_query_pool.cpp(135): error C2065: 'r0': undeclared identifier
P:\Development\personal\games\NextGenGameEngine\tests\unit\test_timestamp_query_pool.cpp(136): error C2065: 'r0': undeclared identifier
P:\Development\personal\games\NextGenGameEngine\tests\unit\test_timestamp_query_pool.cpp(140): error C2065: 'p': undeclared identifier
P:\Development\personal\games\NextGenGameEngine\tests\unit\test_timestamp_query_pool.cpp(141): error C2065: 'p': undeclared identifier
P:\Development\personal\games\NextGenGameEngine\tests\unit\test_timestamp_query_pool.cpp(143): error C2065: 'u64': undeclared identifier
P:\Development\personal\games\NextGenGameEngine\tests\unit\test_timestamp_query_pool.cpp(143): error C2146: syntax error: missing ';' before identifier 'r1'
P:\Development\personal\games\NextGenGameEngine\tests\unit\test_timestamp_query_pool.cpp(143): error C2065: 'r1': undeclared identifier
P:\Development\personal\games\NextGenGameEngine\tests\unit\test_timestamp_query_pool.cpp(144): error C2065: 'r1': undeclared identifier
P:\Development\personal\games\NextGenGameEngine\tests\unit\test_timestamp_query_pool.cpp(148): error C2065: 'p': undeclared identifier
P:\Development\personal\games\NextGenGameEngine\tests\unit\test_timestamp_query_pool.cpp(149): error C2065: 'p': undeclared identifier
P:\Development\personal\games\NextGenGameEngine\tests\unit\test_timestamp_query_pool.cpp(151): error C2065: 'u64': undeclared identifier
P:\Development\personal\games\NextGenGameEngine\tests\unit\test_timestamp_query_pool.cpp(151): error C2146: syntax error: missing ';' before identifier 'r2'
P:\Development\personal\games\NextGenGameEngine\tests\unit\test_timestamp_query_pool.cpp(151): error C2065: 'r2': undeclared identifier
P:\Development\personal\games\NextGenGameEngine\tests\unit\test_timestamp_query_pool.cpp(152): error C2065: 'r2': undeclared identifier
P:\Development\personal\games\NextGenGameEngine\tests\unit\test_timestamp_query_pool.cpp(169): error C2065: 'u32': undeclared identifier
P:\Development\personal\games\NextGenGameEngine\tests\unit\test_timestamp_query_pool.cpp(169): error C2146: syntax error: missing ';' before identifier 'p'
P:\Development\personal\games\NextGenGameEngine\tests\unit\test_timestamp_query_pool.cpp(169): error C2065: 'p': undeclared identifier
P:\Development\personal\games\NextGenGameEngine\tests\unit\test_timestamp_query_pool.cpp(170): error C2065: 'p': undeclared identifier
P:\Development\personal\games\NextGenGameEngine\tests\unit\test_timestamp_query_pool.cpp(175): error C2065: 'p': undeclared identifier
P:\Development\personal\games\NextGenGameEngine\tests\unit\test_timestamp_query_pool.cpp(176): error C2065: 'p': undeclared identifier
P:\Development\personal\games\NextGenGameEngine\tests\unit\test_timestamp_query_pool.cpp(181): error C2065: 'p': undeclared identifier
P:\Development\personal\games\NextGenGameEngine\tests\unit\test_timestamp_query_pool.cpp(182): error C2065: 'p': undeclared identifier
P:\Development\personal\games\NextGenGameEngine\tests\unit\test_timestamp_query_pool.cpp(185): error C2065: 'u64': undeclared identifier
P:\Development\personal\games\NextGenGameEngine\tests\unit\test_timestamp_query_pool.cpp(185): error C2146: syntax error: missing ';' before identifier 'r'
P:\Development\personal\games\NextGenGameEngine\tests\unit\test_timestamp_query_pool.cpp(185): error C2065: 'r': undeclared identifier
P:\Development\personal\games\NextGenGameEngine\tests\unit\test_timestamp_query_pool.cpp(186): error C2065: 'r': undeclared identifier
P:\Development\personal\games\NextGenGameEngine\tests\unit\test_timestamp_query_pool.cpp(200): error C2065: 'u32': undeclared identifier
P:\Development\personal\games\NextGenGameEngine\tests\unit\test_timestamp_query_pool.cpp(200): error C2146: syntax error: missing ';' before identifier 'p0'
P:\Development\personal\games\NextGenGameEngine\tests\unit\test_timestamp_query_pool.cpp(200): error C2065: 'p0': undeclared identifier
P:\Development\personal\games\NextGenGameEngine\tests\unit\test_timestamp_query_pool.cpp(201): error C2065: 'p0': undeclared identifier
P:\Development\personal\games\NextGenGameEngine\tests\unit\test_timestamp_query_pool.cpp(202): error C2065: 'u32': undeclared identifier
P:\Development\personal\games\NextGenGameEngine\tests\unit\test_timestamp_query_pool.cpp(202): error C2146: syntax error: missing ';' before identifier 'p1'
P:\Development\personal\games\NextGenGameEngine\tests\unit\test_timestamp_query_pool.cpp(202): error C2065: 'p1': undeclared identifier
P:\Development\personal\games\NextGenGameEngine\tests\unit\test_timestamp_query_pool.cpp(203): error C2065: 'p1': undeclared identifier
P:\Development\personal\games\NextGenGameEngine\tests\unit\test_timestamp_query_pool.cpp(204): error C2065: 'u32': undeclared identifier
P:\Development\personal\games\NextGenGameEngine\tests\unit\test_timestamp_query_pool.cpp(204): error C2146: syntax error: missing ';' before identifier 'p2'
P:\Development\personal\games\NextGenGameEngine\tests\unit\test_timestamp_query_pool.cpp(204): error C2065: 'p2': undeclared identifier
P:\Development\personal\games\NextGenGameEngine\tests\unit\test_timestamp_query_pool.cpp(205): error C2065: 'p2': undeclared identifier
P:\Development\personal\games\NextGenGameEngine\tests\unit\test_timestamp_query_pool.cpp(205): error C2737: 'gtest_ar': const object must be initialized
P:\Development\personal\games\NextGenGameEngine\tests\unit\test_timestamp_query_pool.cpp(233): error C2065: 'u32': undeclared identifier
P:\Development\personal\games\NextGenGameEngine\tests\unit\test_timestamp_query_pool.cpp(233): error C2146: syntax error: missing ';' before identifier 'p'
P:\Development\personal\games\NextGenGameEngine\tests\unit\test_timestamp_query_pool.cpp(233): error C2065: 'p': undeclared identifier
P:\Development\personal\games\NextGenGameEngine\tests\unit\test_timestamp_query_pool.cpp(234): error C2065: 'p': undeclared identifier
P:\Development\personal\games\NextGenGameEngine\tests\unit\test_timestamp_query_pool.cpp(236): error C2065: 'u64': undeclared identifier
P:\Development\personal\games\NextGenGameEngine\tests\unit\test_timestamp_query_pool.cpp(236): error C2146: syntax error: missing ';' before identifier 'r0'
P:\Development\personal\games\NextGenGameEngine\tests\unit\test_timestamp_query_pool.cpp(236): error C2065: 'r0': undeclared identifier
P:\Development\personal\games\NextGenGameEngine\tests\unit\test_timestamp_query_pool.cpp(237): error C2065: 'r0': undeclared identifier
P:\Development\personal\games\NextGenGameEngine\tests\unit\test_timestamp_query_pool.cpp(241): error C2065: 'p': undeclared identifier
P:\Development\personal\games\NextGenGameEngine\tests\unit\test_timestamp_query_pool.cpp(242): error C2065: 'p': undeclared identifier
P:\Development\personal\games\NextGenGameEngine\tests\unit\test_timestamp_query_pool.cpp(242): fatal error C1003: error count exceeds 100; stopping compilation
[285/297] Building CXX object tests\CMakeFiles\EngineTests.dir\Debug\unit\test_transient_attachment_allocator.cpp.obj
FAILED: [code=2] tests/CMakeFiles/EngineTests.dir/Debug/unit/test_transient_attachment_allocator.cpp.obj 
C:\PROGRA~2\MICROS~2\2019\BUILDT~1\VC\Tools\MSVC\1429~1.301\bin\Hostx64\x64\cl.exe  /nologo /TP -DFMT_SHARED -DGTEST_LINKED_AS_SHARED_LIBRARY=1 -DNGE_DEBUG=1 -DNGE_ENABLE_ASSERTS=1 -DNGE_ENABLE_MEMORY_TRACKING=1 -DNGE_ENABLE_VULKAN=1 -DNGE_PLATFORM_WINDOWS=1 -DNOMINMAX -DSPDLOG_COMPILED_LIB -DSPDLOG_FMT_EXTERNAL -DSPDLOG_SHARED_LIB -DWIN32_LEAN_AND_MEAN -D_CRT_SECURE_NO_WARNINGS -DCMAKE_INTDIR=\"Debug\" -IP:\Development\personal\games\NextGenGameEngine\engine -IP:\Development\personal\games\NextGenGameEngine\engine\.. -external:IP:\Development\personal\games\NextGenGameEngine\build\vcpkg_installed\x64-windows\include -external:IC:\VulkanSDK\1.4.341.1\include -external:W0 /DWIN32 /D_WINDOWS /EHsc /Zi /Ob0 /Od /RTC1 -std:c++20 -MDd /W4 /permissive- /Zc:__cplusplus /MP /fp:fast /arch:AVX2 /wd4251 /wd4275 /utf-8 /showIncludes /Fotests\CMakeFiles\EngineTests.dir\Debug\unit\test_transient_attachment_allocator.cpp.obj /Fdtests\CMakeFiles\EngineTests.dir\Debug\ /FS -c P:\Development\personal\games\NextGenGameEngine\tests\unit\test_transient_attachment_allocator.cpp
P:\Development\personal\games\NextGenGameEngine\tests\unit\test_transient_attachment_allocator.cpp(6): error C2065: 'u32': undeclared identifier
P:\Development\personal\games\NextGenGameEngine\tests\unit\test_transient_attachment_allocator.cpp(6): error C2146: syntax error: missing ')' before identifier 'w'
P:\Development\personal\games\NextGenGameEngine\tests\unit\test_transient_attachment_allocator.cpp(7): error C2143: syntax error: missing ';' before '{'
P:\Development\personal\games\NextGenGameEngine\tests\unit\test_transient_attachment_allocator.cpp(7): error C2447: '{': missing function header (old-style formal list?)
P:\Development\personal\games\NextGenGameEngine\tests\unit\test_transient_attachment_allocator.cpp(33): error C2064: term does not evaluate to a function taking 3 arguments
P:\Development\personal\games\NextGenGameEngine\tests\unit\test_transient_attachment_allocator.cpp(34): error C3536: 'handle': cannot be used before it is initialized
P:\Development\personal\games\NextGenGameEngine\tests\unit\test_transient_attachment_allocator.cpp(34): error C2672: 'testing::internal::CmpHelperNE': no matching overloaded function found
P:\Development\personal\games\NextGenGameEngine\tests\unit\test_transient_attachment_allocator.cpp(34): error C2780: 'testing::AssertionResult testing::internal::CmpHelperNE(const char *,const char *,const T1 &,const T2 &)': expects 4 arguments - 3 provided
P:\Development\personal\games\NextGenGameEngine\build\vcpkg_installed\x64-windows\include\gtest/gtest.h(1472): note: see declaration of 'testing::internal::CmpHelperNE'
P:\Development\personal\games\NextGenGameEngine\tests\unit\test_transient_attachment_allocator.cpp(34): error C2737: 'gtest_ar': const object must be initialized
P:\Development\personal\games\NextGenGameEngine\tests\unit\test_transient_attachment_allocator.cpp(35): error C2672: 'testing::internal::CmpHelperNE': no matching overloaded function found
P:\Development\personal\games\NextGenGameEngine\tests\unit\test_transient_attachment_allocator.cpp(35): error C2780: 'testing::AssertionResult testing::internal::CmpHelperNE(const char *,const char *,const T1 &,const T2 &)': expects 4 arguments - 3 provided
P:\Development\personal\games\NextGenGameEngine\build\vcpkg_installed\x64-windows\include\gtest/gtest.h(1472): note: see declaration of 'testing::internal::CmpHelperNE'
P:\Development\personal\games\NextGenGameEngine\tests\unit\test_transient_attachment_allocator.cpp(35): error C2737: 'gtest_ar': const object must be initialized
P:\Development\personal\games\NextGenGameEngine\tests\unit\test_transient_attachment_allocator.cpp(36): error C2672: 'testing::internal::CmpHelperNE': no matching overloaded function found
P:\Development\personal\games\NextGenGameEngine\tests\unit\test_transient_attachment_allocator.cpp(36): error C2780: 'testing::AssertionResult testing::internal::CmpHelperNE(const char *,const char *,const T1 &,const T2 &)': expects 4 arguments - 3 provided
P:\Development\personal\games\NextGenGameEngine\build\vcpkg_installed\x64-windows\include\gtest/gtest.h(1472): note: see declaration of 'testing::internal::CmpHelperNE'
P:\Development\personal\games\NextGenGameEngine\tests\unit\test_transient_attachment_allocator.cpp(36): error C2737: 'gtest_ar': const object must be initialized
P:\Development\personal\games\NextGenGameEngine\tests\unit\test_transient_attachment_allocator.cpp(49): error C2064: term does not evaluate to a function taking 5 arguments
P:\Development\personal\games\NextGenGameEngine\tests\unit\test_transient_attachment_allocator.cpp(50): error C2064: term does not evaluate to a function taking 5 arguments
P:\Development\personal\games\NextGenGameEngine\tests\unit\test_transient_attachment_allocator.cpp(51): error C2064: term does not evaluate to a function taking 5 arguments
P:\Development\personal\games\NextGenGameEngine\tests\unit\test_transient_attachment_allocator.cpp(53): error C3536: 'h1': cannot be used before it is initialized
P:\Development\personal\games\NextGenGameEngine\tests\unit\test_transient_attachment_allocator.cpp(53): error C3536: 'h2': cannot be used before it is initialized
P:\Development\personal\games\NextGenGameEngine\tests\unit\test_transient_attachment_allocator.cpp(53): error C2672: 'testing::internal::CmpHelperNE': no matching overloaded function found
P:\Development\personal\games\NextGenGameEngine\tests\unit\test_transient_attachment_allocator.cpp(53): error C2780: 'testing::AssertionResult testing::internal::CmpHelperNE(const char *,const char *,const T1 &,const T2 &)': expects 4 arguments - 2 provided
P:\Development\personal\games\NextGenGameEngine\build\vcpkg_installed\x64-windows\include\gtest/gtest.h(1472): note: see declaration of 'testing::internal::CmpHelperNE'
P:\Development\personal\games\NextGenGameEngine\tests\unit\test_transient_attachment_allocator.cpp(53): error C2737: 'gtest_ar': const object must be initialized
P:\Development\personal\games\NextGenGameEngine\tests\unit\test_transient_attachment_allocator.cpp(54): error C3536: 'h3': cannot be used before it is initialized
P:\Development\personal\games\NextGenGameEngine\tests\unit\test_transient_attachment_allocator.cpp(54): error C2672: 'testing::internal::CmpHelperNE': no matching overloaded function found
P:\Development\personal\games\NextGenGameEngine\tests\unit\test_transient_attachment_allocator.cpp(54): error C2780: 'testing::AssertionResult testing::internal::CmpHelperNE(const char *,const char *,const T1 &,const T2 &)': expects 4 arguments - 2 provided
P:\Development\personal\games\NextGenGameEngine\build\vcpkg_installed\x64-windows\include\gtest/gtest.h(1472): note: see declaration of 'testing::internal::CmpHelperNE'
P:\Development\personal\games\NextGenGameEngine\tests\unit\test_transient_attachment_allocator.cpp(54): error C2737: 'gtest_ar': const object must be initialized
P:\Development\personal\games\NextGenGameEngine\tests\unit\test_transient_attachment_allocator.cpp(70): error C2064: term does not evaluate to a function taking 2 arguments
P:\Development\personal\games\NextGenGameEngine\tests\unit\test_transient_attachment_allocator.cpp(71): error C3536: 'h1': cannot be used before it is initialized
P:\Development\personal\games\NextGenGameEngine\tests\unit\test_transient_attachment_allocator.cpp(74): error C2064: term does not evaluate to a function taking 2 arguments
P:\Development\personal\games\NextGenGameEngine\tests\unit\test_transient_attachment_allocator.cpp(90): error C2064: term does not evaluate to a function taking 2 arguments
P:\Development\personal\games\NextGenGameEngine\tests\unit\test_transient_attachment_allocator.cpp(92): error C2064: term does not evaluate to a function taking 2 arguments
P:\Development\personal\games\NextGenGameEngine\tests\unit\test_transient_attachment_allocator.cpp(106): error C2064: term does not evaluate to a function taking 2 arguments
P:\Development\personal\games\NextGenGameEngine\tests\unit\test_transient_attachment_allocator.cpp(107): error C3536: 'h1': cannot be used before it is initialized
P:\Development\personal\games\NextGenGameEngine\tests\unit\test_transient_attachment_allocator.cpp(108): error C2064: term does not evaluate to a function taking 2 arguments
P:\Development\personal\games\NextGenGameEngine\tests\unit\test_transient_attachment_allocator.cpp(120): error C2064: term does not evaluate to a function taking 2 arguments
P:\Development\personal\games\NextGenGameEngine\tests\unit\test_transient_attachment_allocator.cpp(121): error C2064: term does not evaluate to a function taking 2 arguments
P:\Development\personal\games\NextGenGameEngine\tests\unit\test_transient_attachment_allocator.cpp(122): error C2064: term does not evaluate to a function taking 2 arguments
P:\Development\personal\games\NextGenGameEngine\tests\unit\test_transient_attachment_allocator.cpp(124): error C3536: 'h1': cannot be used before it is initialized
P:\Development\personal\games\NextGenGameEngine\tests\unit\test_transient_attachment_allocator.cpp(124): error C3536: 'h2': cannot be used before it is initialized
P:\Development\personal\games\NextGenGameEngine\tests\unit\test_transient_attachment_allocator.cpp(124): error C2660: 'nge::rhi::TransientAttachmentAllocator::CanAlias': function does not take 1 arguments
P:\Development\personal\games\NextGenGameEngine\engine/rhi/common/rhi_transient_attachment_allocator.h(100): note: see declaration of 'nge::rhi::TransientAttachmentAllocator::CanAlias'
P:\Development\personal\games\NextGenGameEngine\tests\unit\test_transient_attachment_allocator.cpp(124): error C2512: 'testing::AssertionResult': no appropriate default constructor available
P:\Development\personal\games\NextGenGameEngine\tests\unit\test_transient_attachment_allocator.cpp(124): note: No constructor could take the source type, or constructor overload resolution was ambiguous
P:\Development\personal\games\NextGenGameEngine\tests\unit\test_transient_attachment_allocator.cpp(124): error C2737: 'gtest_ar_': const object must be initialized
P:\Development\personal\games\NextGenGameEngine\tests\unit\test_transient_attachment_allocator.cpp(125): error C3536: 'h3': cannot be used before it is initialized
P:\Development\personal\games\NextGenGameEngine\tests\unit\test_transient_attachment_allocator.cpp(125): error C2660: 'nge::rhi::TransientAttachmentAllocator::CanAlias': function does not take 1 arguments
P:\Development\personal\games\NextGenGameEngine\engine/rhi/common/rhi_transient_attachment_allocator.h(100): note: see declaration of 'nge::rhi::TransientAttachmentAllocator::CanAlias'
P:\Development\personal\games\NextGenGameEngine\tests\unit\test_transient_attachment_allocator.cpp(125): error C2512: 'testing::AssertionResult': no appropriate default constructor available
P:\Development\personal\games\NextGenGameEngine\tests\unit\test_transient_attachment_allocator.cpp(125): note: No constructor could take the source type, or constructor overload resolution was ambiguous
P:\Development\personal\games\NextGenGameEngine\tests\unit\test_transient_attachment_allocator.cpp(125): error C2737: 'gtest_ar_': const object must be initialized
P:\Development\personal\games\NextGenGameEngine\tests\unit\test_transient_attachment_allocator.cpp(126): error C2660: 'nge::rhi::TransientAttachmentAllocator::CanAlias': function does not take 1 arguments
P:\Development\personal\games\NextGenGameEngine\engine/rhi/common/rhi_transient_attachment_allocator.h(100): note: see declaration of 'nge::rhi::TransientAttachmentAllocator::CanAlias'
P:\Development\personal\games\NextGenGameEngine\tests\unit\test_transient_attachment_allocator.cpp(126): error C2512: 'testing::AssertionResult': no appropriate default constructor available
P:\Development\personal\games\NextGenGameEngine\tests\unit\test_transient_attachment_allocator.cpp(126): note: No constructor could take the source type, or constructor overload resolution was ambiguous
P:\Development\personal\games\NextGenGameEngine\tests\unit\test_transient_attachment_allocator.cpp(126): error C2737: 'gtest_ar_': const object must be initialized
P:\Development\personal\games\NextGenGameEngine\tests\unit\test_transient_attachment_allocator.cpp(127): error C2660: 'nge::rhi::TransientAttachmentAllocator::CanAlias': function does not take 1 arguments
P:\Development\personal\games\NextGenGameEngine\engine/rhi/common/rhi_transient_attachment_allocator.h(100): note: see declaration of 'nge::rhi::TransientAttachmentAllocator::CanAlias'
P:\Development\personal\games\NextGenGameEngine\tests\unit\test_transient_attachment_allocator.cpp(127): error C2512: 'testing::AssertionResult': no appropriate default constructor available
P:\Development\personal\games\NextGenGameEngine\tests\unit\test_transient_attachment_allocator.cpp(127): note: No constructor could take the source type, or constructor overload resolution was ambiguous
P:\Development\personal\games\NextGenGameEngine\tests\unit\test_transient_attachment_allocator.cpp(127): error C2737: 'gtest_ar_': const object must be initialized
P:\Development\personal\games\NextGenGameEngine\tests\unit\test_transient_attachment_allocator.cpp(136): error C2064: term does not evaluate to a function taking 2 arguments
P:\Development\personal\games\NextGenGameEngine\tests\unit\test_transient_attachment_allocator.cpp(139): error C3536: 'h': cannot be used before it is initialized
P:\Development\personal\games\NextGenGameEngine\tests\unit\test_transient_attachment_allocator.cpp(149): error C2064: term does not evaluate to a function taking 2 arguments
P:\Development\personal\games\NextGenGameEngine\tests\unit\test_transient_attachment_allocator.cpp(150): error C2064: term does not evaluate to a function taking 2 arguments
P:\Development\personal\games\NextGenGameEngine\tests\unit\test_transient_attachment_allocator.cpp(165): error C2064: term does not evaluate to a function taking 5 arguments
P:\Development\personal\games\NextGenGameEngine\tests\unit\test_transient_attachment_allocator.cpp(167): error C3536: 'h': cannot be used before it is initialized
P:\Development\personal\games\NextGenGameEngine\tests\unit\test_transient_attachment_allocator.cpp(168): error C3536: 'slot': cannot be used before it is initialized
P:\Development\personal\games\NextGenGameEngine\tests\unit\test_transient_attachment_allocator.cpp(169): error C2660: 'testing::internal::EqHelper::Compare': function does not take 3 arguments
P:\Development\personal\games\NextGenGameEngine\build\vcpkg_installed\x64-windows\include\gtest/gtest.h(1422): note: see declaration of 'testing::internal::EqHelper::Compare'
P:\Development\personal\games\NextGenGameEngine\tests\unit\test_transient_attachment_allocator.cpp(169): error C2737: 'gtest_ar': const object must be initialized
P:\Development\personal\games\NextGenGameEngine\tests\unit\test_transient_attachment_allocator.cpp(170): error C2660: 'testing::internal::EqHelper::Compare': function does not take 3 arguments
P:\Development\personal\games\NextGenGameEngine\build\vcpkg_installed\x64-windows\include\gtest/gtest.h(1422): note: see declaration of 'testing::internal::EqHelper::Compare'
P:\Development\personal\games\NextGenGameEngine\tests\unit\test_transient_attachment_allocator.cpp(170): error C2737: 'gtest_ar': const object must be initialized
P:\Development\personal\games\NextGenGameEngine\tests\unit\test_transient_attachment_allocator.cpp(171): error C2660: 'testing::internal::EqHelper::Compare': function does not take 3 arguments
P:\Development\personal\games\NextGenGameEngine\build\vcpkg_installed\x64-windows\include\gtest/gtest.h(1422): note: see declaration of 'testing::internal::EqHelper::Compare'
P:\Development\personal\games\NextGenGameEngine\tests\unit\test_transient_attachment_allocator.cpp(171): error C2737: 'gtest_ar': const object must be initialized
P:\Development\personal\games\NextGenGameEngine\tests\unit\test_transient_attachment_allocator.cpp(172): error C2660: 'testing::internal::EqHelper::Compare': function does not take 3 arguments
P:\Development\personal\games\NextGenGameEngine\build\vcpkg_installed\x64-windows\include\gtest/gtest.h(1422): note: see declaration of 'testing::internal::EqHelper::Compare'
P:\Development\personal\games\NextGenGameEngine\tests\unit\test_transient_attachment_allocator.cpp(172): error C2737: 'gtest_ar': const object must be initialized
P:\Development\personal\games\NextGenGameEngine\tests\unit\test_transient_attachment_allocator.cpp(173): error C2660: 'testing::internal::EqHelper::Compare': function does not take 3 arguments
P:\Development\personal\games\NextGenGameEngine\build\vcpkg_installed\x64-windows\include\gtest/gtest.h(1422): note: see declaration of 'testing::internal::EqHelper::Compare'
P:\Development\personal\games\NextGenGameEngine\tests\unit\test_transient_attachment_allocator.cpp(173): error C2737: 'gtest_ar': const object must be initialized
P:\Development\personal\games\NextGenGameEngine\tests\unit\test_transient_attachment_allocator.cpp(174): error C2660: 'testing::internal::EqHelper::Compare': function does not take 3 arguments
P:\Development\personal\games\NextGenGameEngine\build\vcpkg_installed\x64-windows\include\gtest/gtest.h(1422): note: see declaration of 'testing::internal::EqHelper::Compare'
P:\Development\personal\games\NextGenGameEngine\tests\unit\test_transient_attachment_allocator.cpp(174): error C2737: 'gtest_ar': const object must be initialized
P:\Development\personal\games\NextGenGameEngine\tests\unit\test_transient_attachment_allocator.cpp(175): error C2512: 'testing::AssertionResult': no appropriate default constructor available
P:\Development\personal\games\NextGenGameEngine\tests\unit\test_transient_attachment_allocator.cpp(175): note: No constructor could take the source type, or constructor overload resolution was ambiguous
P:\Development\personal\games\NextGenGameEngine\tests\unit\test_transient_attachment_allocator.cpp(175): error C2737: 'gtest_ar_': const object must be initialized
P:\Development\personal\games\NextGenGameEngine\tests\unit\test_transient_attachment_allocator.cpp(176): error C2672: 'testing::internal::CmpHelperGT': no matching overloaded function found
P:\Development\personal\games\NextGenGameEngine\tests\unit\test_transient_attachment_allocator.cpp(176): error C2780: 'testing::AssertionResult testing::internal::CmpHelperGT(const char *,const char *,const T1 &,const T2 &)': expects 4 arguments - 3 provided
P:\Development\personal\games\NextGenGameEngine\build\vcpkg_installed\x64-windows\include\gtest/gtest.h(1480): note: see declaration of 'testing::internal::CmpHelperGT'
P:\Development\personal\games\NextGenGameEngine\tests\unit\test_transient_attachment_allocator.cpp(176): error C2737: 'gtest_ar': const object must be initialized
P:\Development\personal\games\NextGenGameEngine\tests\unit\test_transient_attachment_allocator.cpp(187): error C2064: term does not evaluate to a function taking 3 arguments
P:\Development\personal\games\NextGenGameEngine\tests\unit\test_transient_attachment_allocator.cpp(188): error C2065: 'u64': undeclared identifier
P:\Development\personal\games\NextGenGameEngine\tests\unit\test_transient_attachment_allocator.cpp(188): error C2146: syntax error: missing ';' before identifier 'mem8'
P:\Development\personal\games\NextGenGameEngine\tests\unit\test_transient_attachment_allocator.cpp(188): error C2065: 'mem8': undeclared identifier
P:\Development\personal\games\NextGenGameEngine\tests\unit\test_transient_attachment_allocator.cpp(192): error C2064: term does not evaluate to a function taking 3 arguments
P:\Development\personal\games\NextGenGameEngine\tests\unit\test_transient_attachment_allocator.cpp(193): error C2065: 'u64': undeclared identifier
P:\Development\personal\games\NextGenGameEngine\tests\unit\test_transient_attachment_allocator.cpp(193): error C2146: syntax error: missing ';' before identifier 'mem16'
P:\Development\personal\games\NextGenGameEngine\tests\unit\test_transient_attachment_allocator.cpp(193): error C2065: 'mem16': undeclared identifier
P:\Development\personal\games\NextGenGameEngine\tests\unit\test_transient_attachment_allocator.cpp(197): error C2064: term does not evaluate to a function taking 3 arguments
P:\Development\personal\games\NextGenGameEngine\tests\unit\test_transient_attachment_allocator.cpp(198): error C2065: 'u64': undeclared identifier
P:\Development\personal\games\NextGenGameEngine\tests\unit\test_transient_attachment_allocator.cpp(198): error C2146: syntax error: missing ';' before identifier 'mem32'
P:\Development\personal\games\NextGenGameEngine\tests\unit\test_transient_attachment_allocator.cpp(198): error C2065: 'mem32': undeclared identifier
P:\Development\personal\games\NextGenGameEngine\tests\unit\test_transient_attachment_allocator.cpp(201): error C2065: 'mem8': undeclared identifier
P:\Development\personal\games\NextGenGameEngine\tests\unit\test_transient_attachment_allocator.cpp(201): error C2065: 'mem16': undeclared identifier
P:\Development\personal\games\NextGenGameEngine\tests\unit\test_transient_attachment_allocator.cpp(201): error C2737: 'gtest_ar': const object must be initialized
P:\Development\personal\games\NextGenGameEngine\tests\unit\test_transient_attachment_allocator.cpp(202): error C2065: 'mem16': undeclared identifier
P:\Development\personal\games\NextGenGameEngine\tests\unit\test_transient_attachment_allocator.cpp(202): error C2065: 'mem32': undeclared identifier
P:\Development\personal\games\NextGenGameEngine\tests\unit\test_transient_attachment_allocator.cpp(202): error C2737: 'gtest_ar': const object must be initialized
P:\Development\personal\games\NextGenGameEngine\tests\unit\test_transient_attachment_allocator.cpp(211): error C2064: term does not evaluate to a function taking 4 arguments
P:\Development\personal\games\NextGenGameEngine\tests\unit\test_transient_attachment_allocator.cpp(212): error C2065: 'u64': undeclared identifier
P:\Development\personal\games\NextGenGameEngine\tests\unit\test_transient_attachment_allocator.cpp(212): error C2146: syntax error: missing ';' before identifier 'mem1'
P:\Development\personal\games\NextGenGameEngine\tests\unit\test_transient_attachment_allocator.cpp(212): error C2065: 'mem1': undeclared identifier
P:\Development\personal\games\NextGenGameEngine\tests\unit\test_transient_attachment_allocator.cpp(216): error C2064: term does not evaluate to a function taking 4 arguments
P:\Development\personal\games\NextGenGameEngine\tests\unit\test_transient_attachment_allocator.cpp(217): error C2065: 'u64': undeclared identifier
P:\Development\personal\games\NextGenGameEngine\tests\unit\test_transient_attachment_allocator.cpp(217): fatal error C1003: error count exceeds 100; stopping compilation
[286/297] Building CXX object tests\CMakeFiles\EngineTests.dir\Debug\unit\test_subpass_input_manager.cpp.obj
[287/297] Building CXX object tests\CMakeFiles\EngineTests.dir\Debug\unit\test_swapfmt_skinshader.cpp.obj
[288/297] Building CXX object tests\CMakeFiles\EngineTests.dir\Debug\unit\test_vt_feedback_analyzer.cpp.obj
FAILED: [code=2] tests/CMakeFiles/EngineTests.dir/Debug/unit/test_vt_feedback_analyzer.cpp.obj 
C:\PROGRA~2\MICROS~2\2019\BUILDT~1\VC\Tools\MSVC\1429~1.301\bin\Hostx64\x64\cl.exe  /nologo /TP -DFMT_SHARED -DGTEST_LINKED_AS_SHARED_LIBRARY=1 -DNGE_DEBUG=1 -DNGE_ENABLE_ASSERTS=1 -DNGE_ENABLE_MEMORY_TRACKING=1 -DNGE_ENABLE_VULKAN=1 -DNGE_PLATFORM_WINDOWS=1 -DNOMINMAX -DSPDLOG_COMPILED_LIB -DSPDLOG_FMT_EXTERNAL -DSPDLOG_SHARED_LIB -DWIN32_LEAN_AND_MEAN -D_CRT_SECURE_NO_WARNINGS -DCMAKE_INTDIR=\"Debug\" -IP:\Development\personal\games\NextGenGameEngine\engine -IP:\Development\personal\games\NextGenGameEngine\engine\.. -external:IP:\Development\personal\games\NextGenGameEngine\build\vcpkg_installed\x64-windows\include -external:IC:\VulkanSDK\1.4.341.1\include -external:W0 /DWIN32 /D_WINDOWS /EHsc /Zi /Ob0 /Od /RTC1 -std:c++20 -MDd /W4 /permissive- /Zc:__cplusplus /MP /fp:fast /arch:AVX2 /wd4251 /wd4275 /utf-8 /showIncludes /Fotests\CMakeFiles\EngineTests.dir\Debug\unit\test_vt_feedback_analyzer.cpp.obj /Fdtests\CMakeFiles\EngineTests.dir\Debug\ /FS -c P:\Development\personal\games\NextGenGameEngine\tests\unit\test_vt_feedback_analyzer.cpp
P:\Development\personal\games\NextGenGameEngine\tests\unit\test_vt_feedback_analyzer.cpp(6): error C2065: 'u32': undeclared identifier
P:\Development\personal\games\NextGenGameEngine\tests\unit\test_vt_feedback_analyzer.cpp(6): error C2146: syntax error: missing ')' before identifier 'tex'
P:\Development\personal\games\NextGenGameEngine\tests\unit\test_vt_feedback_analyzer.cpp(6): error C2143: syntax error: missing ';' before '{'
P:\Development\personal\games\NextGenGameEngine\tests\unit\test_vt_feedback_analyzer.cpp(6): error C2447: '{': missing function header (old-style formal list?)
P:\Development\personal\games\NextGenGameEngine\tests\unit\test_vt_feedback_analyzer.cpp(26): error C2064: term does not evaluate to a function taking 4 arguments
P:\Development\personal\games\NextGenGameEngine\tests\unit\test_vt_feedback_analyzer.cpp(27): error C3536: 'page': cannot be used before it is initialized
P:\Development\personal\games\NextGenGameEngine\tests\unit\test_vt_feedback_analyzer.cpp(27): error C2664: 'void nge::rhi::VTFeedbackAnalyzer::RequestPage(const nge::rhi::VTPageId &,float,nge::u32)': cannot convert argument 1 from 'int' to 'const nge::rhi::VTPageId &'
P:\Development\personal\games\NextGenGameEngine\tests\unit\test_vt_feedback_analyzer.cpp(27): note: Reason: cannot convert from 'int' to 'const nge::rhi::VTPageId'
P:\Development\personal\games\NextGenGameEngine\tests\unit\test_vt_feedback_analyzer.cpp(27): note: No constructor could take the source type, or constructor overload resolution was ambiguous
P:\Development\personal\games\NextGenGameEngine\engine/rhi/common/rhi_vt_feedback_analyzer.h(91): note: see declaration of 'nge::rhi::VTFeedbackAnalyzer::RequestPage'
P:\Development\personal\games\NextGenGameEngine\tests\unit\test_vt_feedback_analyzer.cpp(30): error C2664: 'bool nge::rhi::VTFeedbackAnalyzer::IsRequested(const nge::rhi::VTPageId &) const': cannot convert argument 1 from 'int' to 'const nge::rhi::VTPageId &'
P:\Development\personal\games\NextGenGameEngine\tests\unit\test_vt_feedback_analyzer.cpp(30): note: Reason: cannot convert from 'int' to 'const nge::rhi::VTPageId'
P:\Development\personal\games\NextGenGameEngine\tests\unit\test_vt_feedback_analyzer.cpp(30): note: No constructor could take the source type, or constructor overload resolution was ambiguous
P:\Development\personal\games\NextGenGameEngine\engine/rhi/common/rhi_vt_feedback_analyzer.h(106): note: see declaration of 'nge::rhi::VTFeedbackAnalyzer::IsRequested'
P:\Development\personal\games\NextGenGameEngine\tests\unit\test_vt_feedback_analyzer.cpp(30): error C2512: 'testing::AssertionResult': no appropriate default constructor available
P:\Development\personal\games\NextGenGameEngine\tests\unit\test_vt_feedback_analyzer.cpp(30): note: No constructor could take the source type, or constructor overload resolution was ambiguous
P:\Development\personal\games\NextGenGameEngine\tests\unit\test_vt_feedback_analyzer.cpp(30): error C2737: 'gtest_ar_': const object must be initialized
P:\Development\personal\games\NextGenGameEngine\tests\unit\test_vt_feedback_analyzer.cpp(31): error C2664: 'nge::rhi::PageResidency nge::rhi::VTFeedbackAnalyzer::GetResidency(const nge::rhi::VTPageId &) const': cannot convert argument 1 from 'int' to 'const nge::rhi::VTPageId &'
P:\Development\personal\games\NextGenGameEngine\tests\unit\test_vt_feedback_analyzer.cpp(31): note: Reason: cannot convert from 'int' to 'const nge::rhi::VTPageId'
P:\Development\personal\games\NextGenGameEngine\tests\unit\test_vt_feedback_analyzer.cpp(31): note: No constructor could take the source type, or constructor overload resolution was ambiguous
P:\Development\personal\games\NextGenGameEngine\engine/rhi/common/rhi_vt_feedback_analyzer.h(103): note: see declaration of 'nge::rhi::VTFeedbackAnalyzer::GetResidency'
P:\Development\personal\games\NextGenGameEngine\tests\unit\test_vt_feedback_analyzer.cpp(31): error C2660: 'testing::internal::EqHelper::Compare': function does not take 3 arguments
P:\Development\personal\games\NextGenGameEngine\build\vcpkg_installed\x64-windows\include\gtest/gtest.h(1422): note: see declaration of 'testing::internal::EqHelper::Compare'
P:\Development\personal\games\NextGenGameEngine\tests\unit\test_vt_feedback_analyzer.cpp(31): error C2737: 'gtest_ar': const object must be initialized
P:\Development\personal\games\NextGenGameEngine\tests\unit\test_vt_feedback_analyzer.cpp(40): error C2064: term does not evaluate to a function taking 4 arguments
P:\Development\personal\games\NextGenGameEngine\tests\unit\test_vt_feedback_analyzer.cpp(41): error C3536: 'page': cannot be used before it is initialized
P:\Development\personal\games\NextGenGameEngine\tests\unit\test_vt_feedback_analyzer.cpp(41): error C2664: 'void nge::rhi::VTFeedbackAnalyzer::RequestPage(const nge::rhi::VTPageId &,float,nge::u32)': cannot convert argument 1 from 'int' to 'const nge::rhi::VTPageId &'
P:\Development\personal\games\NextGenGameEngine\tests\unit\test_vt_feedback_analyzer.cpp(41): note: Reason: cannot convert from 'int' to 'const nge::rhi::VTPageId'
P:\Development\personal\games\NextGenGameEngine\tests\unit\test_vt_feedback_analyzer.cpp(41): note: No constructor could take the source type, or constructor overload resolution was ambiguous
P:\Development\personal\games\NextGenGameEngine\engine/rhi/common/rhi_vt_feedback_analyzer.h(91): note: see declaration of 'nge::rhi::VTFeedbackAnalyzer::RequestPage'
P:\Development\personal\games\NextGenGameEngine\tests\unit\test_vt_feedback_analyzer.cpp(42): error C2664: 'void nge::rhi::VTFeedbackAnalyzer::RequestPage(const nge::rhi::VTPageId &,float,nge::u32)': cannot convert argument 1 from 'int' to 'const nge::rhi::VTPageId &'
P:\Development\personal\games\NextGenGameEngine\tests\unit\test_vt_feedback_analyzer.cpp(42): note: Reason: cannot convert from 'int' to 'const nge::rhi::VTPageId'
P:\Development\personal\games\NextGenGameEngine\tests\unit\test_vt_feedback_analyzer.cpp(42): note: No constructor could take the source type, or constructor overload resolution was ambiguous
P:\Development\personal\games\NextGenGameEngine\engine/rhi/common/rhi_vt_feedback_analyzer.h(91): note: see declaration of 'nge::rhi::VTFeedbackAnalyzer::RequestPage'
P:\Development\personal\games\NextGenGameEngine\tests\unit\test_vt_feedback_analyzer.cpp(43): error C2664: 'void nge::rhi::VTFeedbackAnalyzer::RequestPage(const nge::rhi::VTPageId &,float,nge::u32)': cannot convert argument 1 from 'int' to 'const nge::rhi::VTPageId &'
P:\Development\personal\games\NextGenGameEngine\tests\unit\test_vt_feedback_analyzer.cpp(43): note: Reason: cannot convert from 'int' to 'const nge::rhi::VTPageId'
P:\Development\personal\games\NextGenGameEngine\tests\unit\test_vt_feedback_analyzer.cpp(43): note: No constructor could take the source type, or constructor overload resolution was ambiguous
P:\Development\personal\games\NextGenGameEngine\engine/rhi/common/rhi_vt_feedback_analyzer.h(91): note: see declaration of 'nge::rhi::VTFeedbackAnalyzer::RequestPage'
P:\Development\personal\games\NextGenGameEngine\tests\unit\test_vt_feedback_analyzer.cpp(59): error C2064: term does not evaluate to a function taking 4 arguments
P:\Development\personal\games\NextGenGameEngine\tests\unit\test_vt_feedback_analyzer.cpp(60): error C2064: term does not evaluate to a function taking 4 arguments
P:\Development\personal\games\NextGenGameEngine\tests\unit\test_vt_feedback_analyzer.cpp(61): error C2064: term does not evaluate to a function taking 4 arguments
P:\Development\personal\games\NextGenGameEngine\tests\unit\test_vt_feedback_analyzer.cpp(76): error C2064: term does not evaluate to a function taking 4 arguments
P:\Development\personal\games\NextGenGameEngine\tests\unit\test_vt_feedback_analyzer.cpp(77): error C2064: term does not evaluate to a function taking 4 arguments
P:\Development\personal\games\NextGenGameEngine\tests\unit\test_vt_feedback_analyzer.cpp(78): error C2064: term does not evaluate to a function taking 4 arguments
P:\Development\personal\games\NextGenGameEngine\tests\unit\test_vt_feedback_analyzer.cpp(79): error C2064: term does not evaluate to a function taking 4 arguments
P:\Development\personal\games\NextGenGameEngine\tests\unit\test_vt_feedback_analyzer.cpp(99): error C2064: term does not evaluate to a function taking 4 arguments
P:\Development\personal\games\NextGenGameEngine\tests\unit\test_vt_feedback_analyzer.cpp(100): error C2064: term does not evaluate to a function taking 4 arguments
P:\Development\personal\games\NextGenGameEngine\tests\unit\test_vt_feedback_analyzer.cpp(101): error C2064: term does not evaluate to a function taking 4 arguments
P:\Development\personal\games\NextGenGameEngine\tests\unit\test_vt_feedback_analyzer.cpp(116): error C2064: term does not evaluate to a function taking 4 arguments
P:\Development\personal\games\NextGenGameEngine\tests\unit\test_vt_feedback_analyzer.cpp(117): error C2064: term does not evaluate to a function taking 4 arguments
P:\Development\personal\games\NextGenGameEngine\tests\unit\test_vt_feedback_analyzer.cpp(119): error C3536: 'page1': cannot be used before it is initialized
P:\Development\personal\games\NextGenGameEngine\tests\unit\test_vt_feedback_analyzer.cpp(119): error C2664: 'void nge::rhi::VTFeedbackAnalyzer::RequestPage(const nge::rhi::VTPageId &,float,nge::u32)': cannot convert argument 1 from 'int' to 'const nge::rhi::VTPageId &'
P:\Development\personal\games\NextGenGameEngine\tests\unit\test_vt_feedback_analyzer.cpp(119): note: Reason: cannot convert from 'int' to 'const nge::rhi::VTPageId'
P:\Development\personal\games\NextGenGameEngine\tests\unit\test_vt_feedback_analyzer.cpp(119): note: No constructor could take the source type, or constructor overload resolution was ambiguous
P:\Development\personal\games\NextGenGameEngine\engine/rhi/common/rhi_vt_feedback_analyzer.h(91): note: see declaration of 'nge::rhi::VTFeedbackAnalyzer::RequestPage'
P:\Development\personal\games\NextGenGameEngine\tests\unit\test_vt_feedback_analyzer.cpp(120): error C3536: 'page2': cannot be used before it is initialized
P:\Development\personal\games\NextGenGameEngine\tests\unit\test_vt_feedback_analyzer.cpp(120): error C2664: 'void nge::rhi::VTFeedbackAnalyzer::RequestPage(const nge::rhi::VTPageId &,float,nge::u32)': cannot convert argument 1 from 'int' to 'const nge::rhi::VTPageId &'
P:\Development\personal\games\NextGenGameEngine\tests\unit\test_vt_feedback_analyzer.cpp(120): note: Reason: cannot convert from 'int' to 'const nge::rhi::VTPageId'
P:\Development\personal\games\NextGenGameEngine\tests\unit\test_vt_feedback_analyzer.cpp(120): note: No constructor could take the source type, or constructor overload resolution was ambiguous
P:\Development\personal\games\NextGenGameEngine\engine/rhi/common/rhi_vt_feedback_analyzer.h(91): note: see declaration of 'nge::rhi::VTFeedbackAnalyzer::RequestPage'
P:\Development\personal\games\NextGenGameEngine\tests\unit\test_vt_feedback_analyzer.cpp(122): error C2664: 'void nge::rhi::VTFeedbackAnalyzer::MarkResident(const nge::rhi::VTPageId &)': cannot convert argument 1 from 'int' to 'const nge::rhi::VTPageId &'
P:\Development\personal\games\NextGenGameEngine\tests\unit\test_vt_feedback_analyzer.cpp(122): note: Reason: cannot convert from 'int' to 'const nge::rhi::VTPageId'
P:\Development\personal\games\NextGenGameEngine\tests\unit\test_vt_feedback_analyzer.cpp(122): note: No constructor could take the source type, or constructor overload resolution was ambiguous
P:\Development\personal\games\NextGenGameEngine\engine/rhi/common/rhi_vt_feedback_analyzer.h(97): note: see declaration of 'nge::rhi::VTFeedbackAnalyzer::MarkResident'
P:\Development\personal\games\NextGenGameEngine\tests\unit\test_vt_feedback_analyzer.cpp(135): error C2064: term does not evaluate to a function taking 4 arguments
P:\Development\personal\games\NextGenGameEngine\tests\unit\test_vt_feedback_analyzer.cpp(136): error C3536: 'page': cannot be used before it is initialized
P:\Development\personal\games\NextGenGameEngine\tests\unit\test_vt_feedback_analyzer.cpp(136): error C2664: 'void nge::rhi::VTFeedbackAnalyzer::RequestPage(const nge::rhi::VTPageId &,float,nge::u32)': cannot convert argument 1 from 'int' to 'const nge::rhi::VTPageId &'
P:\Development\personal\games\NextGenGameEngine\tests\unit\test_vt_feedback_analyzer.cpp(136): note: Reason: cannot convert from 'int' to 'const nge::rhi::VTPageId'
P:\Development\personal\games\NextGenGameEngine\tests\unit\test_vt_feedback_analyzer.cpp(136): note: No constructor could take the source type, or constructor overload resolution was ambiguous
P:\Development\personal\games\NextGenGameEngine\engine/rhi/common/rhi_vt_feedback_analyzer.h(91): note: see declaration of 'nge::rhi::VTFeedbackAnalyzer::RequestPage'
P:\Development\personal\games\NextGenGameEngine\tests\unit\test_vt_feedback_analyzer.cpp(138): error C2664: 'void nge::rhi::VTFeedbackAnalyzer::MarkLoading(const nge::rhi::VTPageId &)': cannot convert argument 1 from 'int' to 'const nge::rhi::VTPageId &'
P:\Development\personal\games\NextGenGameEngine\tests\unit\test_vt_feedback_analyzer.cpp(138): note: Reason: cannot convert from 'int' to 'const nge::rhi::VTPageId'
P:\Development\personal\games\NextGenGameEngine\tests\unit\test_vt_feedback_analyzer.cpp(138): note: No constructor could take the source type, or constructor overload resolution was ambiguous
P:\Development\personal\games\NextGenGameEngine\engine/rhi/common/rhi_vt_feedback_analyzer.h(100): note: see declaration of 'nge::rhi::VTFeedbackAnalyzer::MarkLoading'
P:\Development\personal\games\NextGenGameEngine\tests\unit\test_vt_feedback_analyzer.cpp(150): error C2065: 'u32': undeclared identifier
P:\Development\personal\games\NextGenGameEngine\tests\unit\test_vt_feedback_analyzer.cpp(150): error C2146: syntax error: missing ';' before identifier 'i'
P:\Development\personal\games\NextGenGameEngine\tests\unit\test_vt_feedback_analyzer.cpp(150): error C2143: syntax error: missing ';' before '='
P:\Development\personal\games\NextGenGameEngine\tests\unit\test_vt_feedback_analyzer.cpp(150): error C2143: syntax error: missing ')' before '='
P:\Development\personal\games\NextGenGameEngine\tests\unit\test_vt_feedback_analyzer.cpp(150): error C2059: syntax error: '='
P:\Development\personal\games\NextGenGameEngine\tests\unit\test_vt_feedback_analyzer.cpp(150): error C2059: syntax error: ';'
P:\Development\personal\games\NextGenGameEngine\tests\unit\test_vt_feedback_analyzer.cpp(150): error C2143: syntax error: missing ';' before '{'
P:\Development\personal\games\NextGenGameEngine\tests\unit\test_vt_feedback_analyzer.cpp(151): error C2065: 'i': undeclared identifier
P:\Development\personal\games\NextGenGameEngine\tests\unit\test_vt_feedback_analyzer.cpp(151): error C2059: syntax error: ')'
P:\Development\personal\games\NextGenGameEngine\tests\unit\test_vt_feedback_analyzer.cpp(151): error C2059: syntax error: ')'
P:\Development\personal\games\NextGenGameEngine\tests\unit\test_vt_feedback_analyzer.cpp(152): error C2143: syntax error: missing ';' before '}'
P:\Development\personal\games\NextGenGameEngine\tests\unit\test_vt_feedback_analyzer.cpp(155): error C2065: 'queue': undeclared identifier
P:\Development\personal\games\NextGenGameEngine\tests\unit\test_vt_feedback_analyzer.cpp(155): error C2059: syntax error: ')'
P:\Development\personal\games\NextGenGameEngine\tests\unit\test_vt_feedback_analyzer.cpp(155): error C2065: 'gtest_ar': undeclared identifier
P:\Development\personal\games\NextGenGameEngine\tests\unit\test_vt_feedback_analyzer.cpp(158): error C2143: syntax error: missing ';' before '}'
P:\Development\personal\games\NextGenGameEngine\tests\unit\test_vt_feedback_analyzer.cpp(160): error C2947: expecting '>' to terminate template-argument-list, found '>'
P:\Development\personal\games\NextGenGameEngine\tests\unit\test_vt_feedback_analyzer.cpp(160): error C2059: syntax error: 'constant'
P:\Development\personal\games\NextGenGameEngine\tests\unit\test_vt_feedback_analyzer.cpp(160): error C2059: syntax error: ')'
P:\Development\personal\games\NextGenGameEngine\tests\unit\test_vt_feedback_analyzer.cpp(160): error C2246: 'VTFeedbackAnalyzer_PriorityQueueMaxCount_Test::TestBody::VTFeedbackAnalyzer_MarkResident_Test::test_info_': illegal static data member in locally defined class
P:\Development\personal\games\NextGenGameEngine\tests\unit\test_vt_feedback_analyzer.cpp(160): error C3640: 'VTFeedbackAnalyzer_PriorityQueueMaxCount_Test::TestBody::VTFeedbackAnalyzer_MarkResident_Test::TestBody': a referenced or virtual member function of a local class must be defined
P:\Development\personal\games\NextGenGameEngine\tests\unit\test_vt_feedback_analyzer.cpp(160): error C2655: 'VTFeedbackAnalyzer_PriorityQueueMaxCount_Test::TestBody::VTFeedbackAnalyzer_MarkResident_Test::test_info_': definition or redeclaration illegal in current scope
P:\Development\personal\games\NextGenGameEngine\tests\unit\test_vt_feedback_analyzer.cpp(160): note: see declaration of 'VTFeedbackAnalyzer_PriorityQueueMaxCount_Test::TestBody::VTFeedbackAnalyzer_MarkResident_Test::test_info_'
P:\Development\personal\games\NextGenGameEngine\tests\unit\test_vt_feedback_analyzer.cpp(160): error C2601: 'VTFeedbackAnalyzer_PriorityQueueMaxCount_Test::TestBody::VTFeedbackAnalyzer_MarkResident_Test::TestBody': local function definitions are illegal
P:\Development\personal\games\NextGenGameEngine\tests\unit\test_vt_feedback_analyzer.cpp(176): error C2246: 'VTFeedbackAnalyzer_PriorityQueueMaxCount_Test::TestBody::VTFeedbackAnalyzer_MarkLoading_Test::test_info_': illegal static data member in locally defined class
P:\Development\personal\games\NextGenGameEngine\tests\unit\test_vt_feedback_analyzer.cpp(176): error C3640: 'VTFeedbackAnalyzer_PriorityQueueMaxCount_Test::TestBody::VTFeedbackAnalyzer_MarkLoading_Test::TestBody': a referenced or virtual member function of a local class must be defined
P:\Development\personal\games\NextGenGameEngine\tests\unit\test_vt_feedback_analyzer.cpp(164): error C2064: term does not evaluate to a function taking 4 arguments
P:\Development\personal\games\NextGenGameEngine\tests\unit\test_vt_feedback_analyzer.cpp(165): error C3536: 'page': cannot be used before it is initialized
P:\Development\personal\games\NextGenGameEngine\tests\unit\test_vt_feedback_analyzer.cpp(165): error C2664: 'void nge::rhi::VTFeedbackAnalyzer::RequestPage(const nge::rhi::VTPageId &,float,nge::u32)': cannot convert argument 1 from 'int' to 'const nge::rhi::VTPageId &'
P:\Development\personal\games\NextGenGameEngine\tests\unit\test_vt_feedback_analyzer.cpp(165): note: Reason: cannot convert from 'int' to 'const nge::rhi::VTPageId'
P:\Development\personal\games\NextGenGameEngine\tests\unit\test_vt_feedback_analyzer.cpp(165): note: No constructor could take the source type, or constructor overload resolution was ambiguous
P:\Development\personal\games\NextGenGameEngine\engine/rhi/common/rhi_vt_feedback_analyzer.h(91): note: see declaration of 'nge::rhi::VTFeedbackAnalyzer::RequestPage'
P:\Development\personal\games\NextGenGameEngine\tests\unit\test_vt_feedback_analyzer.cpp(167): error C2664: 'nge::rhi::PageResidency nge::rhi::VTFeedbackAnalyzer::GetResidency(const nge::rhi::VTPageId &) const': cannot convert argument 1 from 'int' to 'const nge::rhi::VTPageId &'
P:\Development\personal\games\NextGenGameEngine\tests\unit\test_vt_feedback_analyzer.cpp(167): note: Reason: cannot convert from 'int' to 'const nge::rhi::VTPageId'
P:\Development\personal\games\NextGenGameEngine\tests\unit\test_vt_feedback_analyzer.cpp(167): note: No constructor could take the source type, or constructor overload resolution was ambiguous
P:\Development\personal\games\NextGenGameEngine\engine/rhi/common/rhi_vt_feedback_analyzer.h(103): note: see declaration of 'nge::rhi::VTFeedbackAnalyzer::GetResidency'
P:\Development\personal\games\NextGenGameEngine\tests\unit\test_vt_feedback_analyzer.cpp(167): error C2660: 'testing::internal::EqHelper::Compare': function does not take 3 arguments
P:\Development\personal\games\NextGenGameEngine\build\vcpkg_installed\x64-windows\include\gtest/gtest.h(1422): note: see declaration of 'testing::internal::EqHelper::Compare'
P:\Development\personal\games\NextGenGameEngine\tests\unit\test_vt_feedback_analyzer.cpp(167): error C2737: 'gtest_ar': const object must be initialized
P:\Development\personal\games\NextGenGameEngine\tests\unit\test_vt_feedback_analyzer.cpp(169): error C2664: 'void nge::rhi::VTFeedbackAnalyzer::MarkResident(const nge::rhi::VTPageId &)': cannot convert argument 1 from 'int' to 'const nge::rhi::VTPageId &'
P:\Development\personal\games\NextGenGameEngine\tests\unit\test_vt_feedback_analyzer.cpp(169): note: Reason: cannot convert from 'int' to 'const nge::rhi::VTPageId'
P:\Development\personal\games\NextGenGameEngine\tests\unit\test_vt_feedback_analyzer.cpp(169): note: No constructor could take the source type, or constructor overload resolution was ambiguous
P:\Development\personal\games\NextGenGameEngine\engine/rhi/common/rhi_vt_feedback_analyzer.h(97): note: see declaration of 'nge::rhi::VTFeedbackAnalyzer::MarkResident'
P:\Development\personal\games\NextGenGameEngine\tests\unit\test_vt_feedback_analyzer.cpp(170): error C2664: 'nge::rhi::PageResidency nge::rhi::VTFeedbackAnalyzer::GetResidency(const nge::rhi::VTPageId &) const': cannot convert argument 1 from 'int' to 'const nge::rhi::VTPageId &'
P:\Development\personal\games\NextGenGameEngine\tests\unit\test_vt_feedback_analyzer.cpp(170): note: Reason: cannot convert from 'int' to 'const nge::rhi::VTPageId'
P:\Development\personal\games\NextGenGameEngine\tests\unit\test_vt_feedback_analyzer.cpp(170): note: No constructor could take the source type, or constructor overload resolution was ambiguous
P:\Development\personal\games\NextGenGameEngine\engine/rhi/common/rhi_vt_feedback_analyzer.h(103): note: see declaration of 'nge::rhi::VTFeedbackAnalyzer::GetResidency'
P:\Development\personal\games\NextGenGameEngine\tests\unit\test_vt_feedback_analyzer.cpp(170): error C2660: 'testing::internal::EqHelper::Compare': function does not take 3 arguments
P:\Development\personal\games\NextGenGameEngine\build\vcpkg_installed\x64-windows\include\gtest/gtest.h(1422): note: see declaration of 'testing::internal::EqHelper::Compare'
P:\Development\personal\games\NextGenGameEngine\tests\unit\test_vt_feedback_analyzer.cpp(170): error C2737: 'gtest_ar': const object must be initialized
P:\Development\personal\games\NextGenGameEngine\tests\unit\test_vt_feedback_analyzer.cpp(171): error C2664: 'bool nge::rhi::VTFeedbackAnalyzer::IsRequested(const nge::rhi::VTPageId &) const': cannot convert argument 1 from 'int' to 'const nge::rhi::VTPageId &'
P:\Development\personal\games\NextGenGameEngine\tests\unit\test_vt_feedback_analyzer.cpp(171): note: Reason: cannot convert from 'int' to 'const nge::rhi::VTPageId'
P:\Development\personal\games\NextGenGameEngine\tests\unit\test_vt_feedback_analyzer.cpp(171): note: No constructor could take the source type, or constructor overload resolution was ambiguous
P:\Development\personal\games\NextGenGameEngine\engine/rhi/common/rhi_vt_feedback_analyzer.h(106): note: see declaration of 'nge::rhi::VTFeedbackAnalyzer::IsRequested'
P:\Development\personal\games\NextGenGameEngine\tests\unit\test_vt_feedback_analyzer.cpp(171): error C2512: 'testing::AssertionResult': no appropriate default constructor available
P:\Development\personal\games\NextGenGameEngine\tests\unit\test_vt_feedback_analyzer.cpp(171): note: No constructor could take the source type, or constructor overload resolution was ambiguous
P:\Development\personal\games\NextGenGameEngine\tests\unit\test_vt_feedback_analyzer.cpp(171): error C2737: 'gtest_ar_': const object must be initialized
P:\Development\personal\games\NextGenGameEngine\tests\unit\test_vt_feedback_analyzer.cpp(176): error C2655: 'VTFeedbackAnalyzer_PriorityQueueMaxCount_Test::TestBody::VTFeedbackAnalyzer_MarkLoading_Test::test_info_': definition or redeclaration illegal in current scope
P:\Development\personal\games\NextGenGameEngine\tests\unit\test_vt_feedback_analyzer.cpp(176): note: see declaration of 'VTFeedbackAnalyzer_PriorityQueueMaxCount_Test::TestBody::VTFeedbackAnalyzer_MarkLoading_Test::test_info_'
P:\Development\personal\games\NextGenGameEngine\tests\unit\test_vt_feedback_analyzer.cpp(176): error C2601: 'VTFeedbackAnalyzer_PriorityQueueMaxCount_Test::TestBody::VTFeedbackAnalyzer_MarkLoading_Test::TestBody': local function definitions are illegal
P:\Development\personal\games\NextGenGameEngine\tests\unit\test_vt_feedback_analyzer.cpp(188): error C2246: 'VTFeedbackAnalyzer_PriorityQueueMaxCount_Test::TestBody::VTFeedbackAnalyzer_ProcessFrameEvictionCandidates_Test::test_info_': illegal static data member in locally defined class
P:\Development\personal\games\NextGenGameEngine\tests\unit\test_vt_feedback_analyzer.cpp(188): error C3640: 'VTFeedbackAnalyzer_PriorityQueueMaxCount_Test::TestBody::VTFeedbackAnalyzer_ProcessFrameEvictionCandidates_Test::TestBody': a referenced or virtual member function of a local class must be defined
P:\Development\personal\games\NextGenGameEngine\tests\unit\test_vt_feedback_analyzer.cpp(180): error C2064: term does not evaluate to a function taking 4 arguments
P:\Development\personal\games\NextGenGameEngine\tests\unit\test_vt_feedback_analyzer.cpp(181): error C3536: 'page': cannot be used before it is initialized
P:\Development\personal\games\NextGenGameEngine\tests\unit\test_vt_feedback_analyzer.cpp(181): error C2664: 'void nge::rhi::VTFeedbackAnalyzer::MarkLoading(const nge::rhi::VTPageId &)': cannot convert argument 1 from 'int' to 'const nge::rhi::VTPageId &'
P:\Development\personal\games\NextGenGameEngine\tests\unit\test_vt_feedback_analyzer.cpp(181): note: Reason: cannot convert from 'int' to 'const nge::rhi::VTPageId'
P:\Development\personal\games\NextGenGameEngine\tests\unit\test_vt_feedback_analyzer.cpp(181): note: No constructor could take the source type, or constructor overload resolution was ambiguous
P:\Development\personal\games\NextGenGameEngine\engine/rhi/common/rhi_vt_feedback_analyzer.h(100): note: see declaration of 'nge::rhi::VTFeedbackAnalyzer::MarkLoading'
P:\Development\personal\games\NextGenGameEngine\tests\unit\test_vt_feedback_analyzer.cpp(183): error C2664: 'nge::rhi::PageResidency nge::rhi::VTFeedbackAnalyzer::GetResidency(const nge::rhi::VTPageId &) const': cannot convert argument 1 from 'int' to 'const nge::rhi::VTPageId &'
P:\Development\personal\games\NextGenGameEngine\tests\unit\test_vt_feedback_analyzer.cpp(183): note: Reason: cannot convert from 'int' to 'const nge::rhi::VTPageId'
P:\Development\personal\games\NextGenGameEngine\tests\unit\test_vt_feedback_analyzer.cpp(183): note: No constructor could take the source type, or constructor overload resolution was ambiguous
P:\Development\personal\games\NextGenGameEngine\engine/rhi/common/rhi_vt_feedback_analyzer.h(103): note: see declaration of 'nge::rhi::VTFeedbackAnalyzer::GetResidency'
P:\Development\personal\games\NextGenGameEngine\tests\unit\test_vt_feedback_analyzer.cpp(183): error C2660: 'testing::internal::EqHelper::Compare': function does not take 3 arguments
P:\Development\personal\games\NextGenGameEngine\build\vcpkg_installed\x64-windows\include\gtest/gtest.h(1422): note: see declaration of 'testing::internal::EqHelper::Compare'
P:\Development\personal\games\NextGenGameEngine\tests\unit\test_vt_feedback_analyzer.cpp(183): error C2737: 'gtest_ar': const object must be initialized
P:\Development\personal\games\NextGenGameEngine\tests\unit\test_vt_feedback_analyzer.cpp(188): error C2655: 'VTFeedbackAnalyzer_PriorityQueueMaxCount_Test::TestBody::VTFeedbackAnalyzer_ProcessFrameEvictionCandidates_Test::test_info_': definition or redeclaration illegal in current scope
P:\Development\personal\games\NextGenGameEngine\tests\unit\test_vt_feedback_analyzer.cpp(188): note: see declaration of 'VTFeedbackAnalyzer_PriorityQueueMaxCount_Test::TestBody::VTFeedbackAnalyzer_ProcessFrameEvictionCandidates_Test::test_info_'
P:\Development\personal\games\NextGenGameEngine\tests\unit\test_vt_feedback_analyzer.cpp(188): error C2601: 'VTFeedbackAnalyzer_PriorityQueueMaxCount_Test::TestBody::VTFeedbackAnalyzer_ProcessFrameEvictionCandidates_Test::TestBody': local function definitions are illegal
P:\Development\personal\games\NextGenGameEngine\tests\unit\test_vt_feedback_analyzer.cpp(209): error C2246: 'VTFeedbackAnalyzer_PriorityQueueMaxCount_Test::TestBody::VTFeedbackAnalyzer_ProcessFrameRecentNotEvicted_Test::test_info_': illegal static data member in locally defined class
P:\Development\personal\games\NextGenGameEngine\tests\unit\test_vt_feedback_analyzer.cpp(209): error C3640: 'VTFeedbackAnalyzer_PriorityQueueMaxCount_Test::TestBody::VTFeedbackAnalyzer_ProcessFrameRecentNotEvicted_Test::TestBody': a referenced or virtual member function of a local class must be defined
P:\Development\personal\games\NextGenGameEngine\tests\unit\test_vt_feedback_analyzer.cpp(194): error C2064: term does not evaluate to a function taking 4 arguments
P:\Development\personal\games\NextGenGameEngine\tests\unit\test_vt_feedback_analyzer.cpp(195): error C3536: 'page': cannot be used before it is initialized
P:\Development\personal\games\NextGenGameEngine\tests\unit\test_vt_feedback_analyzer.cpp(195): error C2664: 'void nge::rhi::VTFeedbackAnalyzer::RequestPage(const nge::rhi::VTPageId &,float,nge::u32)': cannot convert argument 1 from 'int' to 'const nge::rhi::VTPageId &'
P:\Development\personal\games\NextGenGameEngine\tests\unit\test_vt_feedback_analyzer.cpp(195): note: Reason: cannot convert from 'int' to 'const nge::rhi::VTPageId'
P:\Development\personal\games\NextGenGameEngine\tests\unit\test_vt_feedback_analyzer.cpp(195): note: No constructor could take the source type, or constructor overload resolution was ambiguous
P:\Development\personal\games\NextGenGameEngine\engine/rhi/common/rhi_vt_feedback_analyzer.h(91): note: see declaration of 'nge::rhi::VTFeedbackAnalyzer::RequestPage'
P:\Development\personal\games\NextGenGameEngine\tests\unit\test_vt_feedback_analyzer.cpp(196): error C2664: 'void nge::rhi::VTFeedbackAnalyzer::MarkResident(const nge::rhi::VTPageId &)': cannot convert argument 1 from 'int' to 'const nge::rhi::VTPageId &'
P:\Development\personal\games\NextGenGameEngine\tests\unit\test_vt_feedback_analyzer.cpp(196): note: Reason: cannot convert from 'int' to 'const nge::rhi::VTPageId'
P:\Development\personal\games\NextGenGameEngine\tests\unit\test_vt_feedback_analyzer.cpp(196): note: No constructor could take the source type, or constructor overload resolution was ambiguous
P:\Development\personal\games\NextGenGameEngine\engine/rhi/common/rhi_vt_feedback_analyzer.h(97): note: see declaration of 'nge::rhi::VTFeedbackAnalyzer::MarkResident'
P:\Development\personal\games\NextGenGameEngine\tests\unit\test_vt_feedback_analyzer.cpp(201): error C2664: 'nge::rhi::PageResidency nge::rhi::VTFeedbackAnalyzer::GetResidency(const nge::rhi::VTPageId &) const': cannot convert argument 1 from 'int' to 'const nge::rhi::VTPageId &'
P:\Development\personal\games\NextGenGameEngine\tests\unit\test_vt_feedback_analyzer.cpp(201): note: Reason: cannot convert from 'int' to 'const nge::rhi::VTPageId'
P:\Development\personal\games\NextGenGameEngine\tests\unit\test_vt_feedback_analyzer.cpp(201): note: No constructor could take the source type, or constructor overload resolution was ambiguous
P:\Development\personal\games\NextGenGameEngine\engine/rhi/common/rhi_vt_feedback_analyzer.h(103): note: see declaration of 'nge::rhi::VTFeedbackAnalyzer::GetResidency'
P:\Development\personal\games\NextGenGameEngine\tests\unit\test_vt_feedback_analyzer.cpp(201): error C2660: 'testing::internal::EqHelper::Compare': function does not take 3 arguments
P:\Development\personal\games\NextGenGameEngine\build\vcpkg_installed\x64-windows\include\gtest/gtest.h(1422): note: see declaration of 'testing::internal::EqHelper::Compare'
P:\Development\personal\games\NextGenGameEngine\tests\unit\test_vt_feedback_analyzer.cpp(201): error C2737: 'gtest_ar': const object must be initialized
P:\Development\personal\games\NextGenGameEngine\tests\unit\test_vt_feedback_analyzer.cpp(209): error C2655: 'VTFeedbackAnalyzer_PriorityQueueMaxCount_Test::TestBody::VTFeedbackAnalyzer_ProcessFrameRecentNotEvicted_Test::test_info_': definition or redeclaration illegal in current scope
P:\Development\personal\games\NextGenGameEngine\tests\unit\test_vt_feedback_analyzer.cpp(209): note: see declaration of 'VTFeedbackAnalyzer_PriorityQueueMaxCount_Test::TestBody::VTFeedbackAnalyzer_ProcessFrameRecentNotEvicted_Test::test_info_'
P:\Development\personal\games\NextGenGameEngine\tests\unit\test_vt_feedback_analyzer.cpp(209): error C2601: 'VTFeedbackAnalyzer_PriorityQueueMaxCount_Test::TestBody::VTFeedbackAnalyzer_ProcessFrameRecentNotEvicted_Test::TestBody': local function definitions are illegal
P:\Development\personal\games\NextGenGameEngine\tests\unit\test_vt_feedback_analyzer.cpp(226): error C2246: 'VTFeedbackAnalyzer_PriorityQueueMaxCount_Test::TestBody::VTFeedbackAnalyzer_Evict_Test::test_info_': illegal static data member in locally defined class
P:\Development\personal\games\NextGenGameEngine\tests\unit\test_vt_feedback_analyzer.cpp(226): error C3640: 'VTFeedbackAnalyzer_PriorityQueueMaxCount_Test::TestBody::VTFeedbackAnalyzer_Evict_Test::TestBody': a referenced or virtual member function of a local class must be defined
P:\Development\personal\games\NextGenGameEngine\tests\unit\test_vt_feedback_analyzer.cpp(226): fatal error C1003: error count exceeds 100; stopping compilation
[289/297] Building CXX object tests\CMakeFiles\EngineTests.dir\Debug\unit\test_workload_distributor.cpp.obj
FAILED: [code=2] tests/CMakeFiles/EngineTests.dir/Debug/unit/test_workload_distributor.cpp.obj 
C:\PROGRA~2\MICROS~2\2019\BUILDT~1\VC\Tools\MSVC\1429~1.301\bin\Hostx64\x64\cl.exe  /nologo /TP -DFMT_SHARED -DGTEST_LINKED_AS_SHARED_LIBRARY=1 -DNGE_DEBUG=1 -DNGE_ENABLE_ASSERTS=1 -DNGE_ENABLE_MEMORY_TRACKING=1 -DNGE_ENABLE_VULKAN=1 -DNGE_PLATFORM_WINDOWS=1 -DNOMINMAX -DSPDLOG_COMPILED_LIB -DSPDLOG_FMT_EXTERNAL -DSPDLOG_SHARED_LIB -DWIN32_LEAN_AND_MEAN -D_CRT_SECURE_NO_WARNINGS -DCMAKE_INTDIR=\"Debug\" -IP:\Development\personal\games\NextGenGameEngine\engine -IP:\Development\personal\games\NextGenGameEngine\engine\.. -external:IP:\Development\personal\games\NextGenGameEngine\build\vcpkg_installed\x64-windows\include -external:IC:\VulkanSDK\1.4.341.1\include -external:W0 /DWIN32 /D_WINDOWS /EHsc /Zi /Ob0 /Od /RTC1 -std:c++20 -MDd /W4 /permissive- /Zc:__cplusplus /MP /fp:fast /arch:AVX2 /wd4251 /wd4275 /utf-8 /showIncludes /Fotests\CMakeFiles\EngineTests.dir\Debug\unit\test_workload_distributor.cpp.obj /Fdtests\CMakeFiles\EngineTests.dir\Debug\ /FS -c P:\Development\personal\games\NextGenGameEngine\tests\unit\test_workload_distributor.cpp
P:\Development\personal\games\NextGenGameEngine\tests\unit\test_workload_distributor.cpp(18): error C2065: 'u32': undeclared identifier
P:\Development\personal\games\NextGenGameEngine\tests\unit\test_workload_distributor.cpp(18): error C2146: syntax error: missing ';' before identifier 'id'
P:\Development\personal\games\NextGenGameEngine\tests\unit\test_workload_distributor.cpp(18): error C2065: 'id': undeclared identifier
P:\Development\personal\games\NextGenGameEngine\tests\unit\test_workload_distributor.cpp(19): error C2065: 'id': undeclared identifier
P:\Development\personal\games\NextGenGameEngine\tests\unit\test_workload_distributor.cpp(19): error C2737: 'gtest_ar': const object must be initialized
P:\Development\personal\games\NextGenGameEngine\tests\unit\test_workload_distributor.cpp(22): error C2065: 'id': undeclared identifier
P:\Development\personal\games\NextGenGameEngine\tests\unit\test_workload_distributor.cpp(23): error C3536: 'info': cannot be used before it is initialized
P:\Development\personal\games\NextGenGameEngine\tests\unit\test_workload_distributor.cpp(24): error C2660: 'testing::internal::EqHelper::Compare': function does not take 3 arguments
P:\Development\personal\games\NextGenGameEngine\build\vcpkg_installed\x64-windows\include\gtest/gtest.h(1422): note: see declaration of 'testing::internal::EqHelper::Compare'
P:\Development\personal\games\NextGenGameEngine\tests\unit\test_workload_distributor.cpp(24): error C2737: 'gtest_ar': const object must be initialized
P:\Development\personal\games\NextGenGameEngine\tests\unit\test_workload_distributor.cpp(25): error C2660: 'testing::internal::EqHelper::Compare': function does not take 3 arguments
P:\Development\personal\games\NextGenGameEngine\build\vcpkg_installed\x64-windows\include\gtest/gtest.h(1422): note: see declaration of 'testing::internal::EqHelper::Compare'
P:\Development\personal\games\NextGenGameEngine\tests\unit\test_workload_distributor.cpp(25): error C2737: 'gtest_ar': const object must be initialized
P:\Development\personal\games\NextGenGameEngine\tests\unit\test_workload_distributor.cpp(26): error C2672: 'testing::internal::CmpHelperFloatingPointEQ': no matching overloaded function found
P:\Development\personal\games\NextGenGameEngine\tests\unit\test_workload_distributor.cpp(26): error C2780: 'testing::AssertionResult testing::internal::CmpHelperFloatingPointEQ(const char *,const char *,RawType,RawType)': expects 4 arguments - 3 provided
P:\Development\personal\games\NextGenGameEngine\build\vcpkg_installed\x64-windows\include\gtest/gtest.h(1582): note: see declaration of 'testing::internal::CmpHelperFloatingPointEQ'
P:\Development\personal\games\NextGenGameEngine\tests\unit\test_workload_distributor.cpp(26): error C2737: 'gtest_ar': const object must be initialized
P:\Development\personal\games\NextGenGameEngine\tests\unit\test_workload_distributor.cpp(27): error C2660: 'testing::internal::EqHelper::Compare': function does not take 3 arguments
P:\Development\personal\games\NextGenGameEngine\build\vcpkg_installed\x64-windows\include\gtest/gtest.h(1422): note: see declaration of 'testing::internal::EqHelper::Compare'
P:\Development\personal\games\NextGenGameEngine\tests\unit\test_workload_distributor.cpp(27): error C2737: 'gtest_ar': const object must be initialized
P:\Development\personal\games\NextGenGameEngine\tests\unit\test_workload_distributor.cpp(36): error C2065: 'u32': undeclared identifier
P:\Development\personal\games\NextGenGameEngine\tests\unit\test_workload_distributor.cpp(36): error C2146: syntax error: missing ';' before identifier 'gfx'
P:\Development\personal\games\NextGenGameEngine\tests\unit\test_workload_distributor.cpp(36): error C2065: 'gfx': undeclared identifier
P:\Development\personal\games\NextGenGameEngine\tests\unit\test_workload_distributor.cpp(37): error C2065: 'u32': undeclared identifier
P:\Development\personal\games\NextGenGameEngine\tests\unit\test_workload_distributor.cpp(37): error C2146: syntax error: missing ';' before identifier 'comp'
P:\Development\personal\games\NextGenGameEngine\tests\unit\test_workload_distributor.cpp(37): error C2065: 'comp': undeclared identifier
P:\Development\personal\games\NextGenGameEngine\tests\unit\test_workload_distributor.cpp(38): error C2065: 'u32': undeclared identifier
P:\Development\personal\games\NextGenGameEngine\tests\unit\test_workload_distributor.cpp(38): error C2146: syntax error: missing ';' before identifier 'xfer'
P:\Development\personal\games\NextGenGameEngine\tests\unit\test_workload_distributor.cpp(38): error C2065: 'xfer': undeclared identifier
P:\Development\personal\games\NextGenGameEngine\tests\unit\test_workload_distributor.cpp(41): error C2065: 'gfx': undeclared identifier
P:\Development\personal\games\NextGenGameEngine\tests\unit\test_workload_distributor.cpp(41): error C2065: 'comp': undeclared identifier
P:\Development\personal\games\NextGenGameEngine\tests\unit\test_workload_distributor.cpp(41): error C2737: 'gtest_ar': const object must be initialized
P:\Development\personal\games\NextGenGameEngine\tests\unit\test_workload_distributor.cpp(42): error C2065: 'comp': undeclared identifier
P:\Development\personal\games\NextGenGameEngine\tests\unit\test_workload_distributor.cpp(42): error C2065: 'xfer': undeclared identifier
P:\Development\personal\games\NextGenGameEngine\tests\unit\test_workload_distributor.cpp(42): error C2737: 'gtest_ar': const object must be initialized
P:\Development\personal\games\NextGenGameEngine\tests\unit\test_workload_distributor.cpp(72): error C2065: 'u32': undeclared identifier
P:\Development\personal\games\NextGenGameEngine\tests\unit\test_workload_distributor.cpp(72): error C2146: syntax error: missing ';' before identifier 'wId'
P:\Development\personal\games\NextGenGameEngine\tests\unit\test_workload_distributor.cpp(72): error C2065: 'wId': undeclared identifier
P:\Development\personal\games\NextGenGameEngine\tests\unit\test_workload_distributor.cpp(73): error C2065: 'wId': undeclared identifier
P:\Development\personal\games\NextGenGameEngine\tests\unit\test_workload_distributor.cpp(73): error C2737: 'gtest_ar': const object must be initialized
P:\Development\personal\games\NextGenGameEngine\tests\unit\test_workload_distributor.cpp(83): error C2065: 'u32': undeclared identifier
P:\Development\personal\games\NextGenGameEngine\tests\unit\test_workload_distributor.cpp(83): error C2146: syntax error: missing ';' before identifier 'gfx'
P:\Development\personal\games\NextGenGameEngine\tests\unit\test_workload_distributor.cpp(83): error C2065: 'gfx': undeclared identifier
P:\Development\personal\games\NextGenGameEngine\tests\unit\test_workload_distributor.cpp(84): error C2065: 'u32': undeclared identifier
P:\Development\personal\games\NextGenGameEngine\tests\unit\test_workload_distributor.cpp(84): error C2146: syntax error: missing ';' before identifier 'comp'
P:\Development\personal\games\NextGenGameEngine\tests\unit\test_workload_distributor.cpp(84): error C2065: 'comp': undeclared identifier
P:\Development\personal\games\NextGenGameEngine\tests\unit\test_workload_distributor.cpp(95): error C2065: 'gfx': undeclared identifier
P:\Development\personal\games\NextGenGameEngine\tests\unit\test_workload_distributor.cpp(96): error C2065: 'comp': undeclared identifier
P:\Development\personal\games\NextGenGameEngine\tests\unit\test_workload_distributor.cpp(131): error C2065: 'u32': undeclared identifier
P:\Development\personal\games\NextGenGameEngine\tests\unit\test_workload_distributor.cpp(131): error C2146: syntax error: missing ';' before identifier 'comp0'
P:\Development\personal\games\NextGenGameEngine\tests\unit\test_workload_distributor.cpp(131): error C2065: 'comp0': undeclared identifier
P:\Development\personal\games\NextGenGameEngine\tests\unit\test_workload_distributor.cpp(132): error C2065: 'u32': undeclared identifier
P:\Development\personal\games\NextGenGameEngine\tests\unit\test_workload_distributor.cpp(132): error C2146: syntax error: missing ';' before identifier 'comp1'
P:\Development\personal\games\NextGenGameEngine\tests\unit\test_workload_distributor.cpp(132): error C2065: 'comp1': undeclared identifier
P:\Development\personal\games\NextGenGameEngine\tests\unit\test_workload_distributor.cpp(135): error C2065: 'u32': undeclared identifier
P:\Development\personal\games\NextGenGameEngine\tests\unit\test_workload_distributor.cpp(135): error C2146: syntax error: missing ';' before identifier 'i'
P:\Development\personal\games\NextGenGameEngine\tests\unit\test_workload_distributor.cpp(135): error C2143: syntax error: missing ';' before '='
P:\Development\personal\games\NextGenGameEngine\tests\unit\test_workload_distributor.cpp(135): error C2143: syntax error: missing ')' before '='
P:\Development\personal\games\NextGenGameEngine\tests\unit\test_workload_distributor.cpp(135): error C2059: syntax error: '='
P:\Development\personal\games\NextGenGameEngine\tests\unit\test_workload_distributor.cpp(135): error C2059: syntax error: ';'
P:\Development\personal\games\NextGenGameEngine\tests\unit\test_workload_distributor.cpp(135): error C2143: syntax error: missing ';' before '{'
P:\Development\personal\games\NextGenGameEngine\tests\unit\test_workload_distributor.cpp(136): error C2059: syntax error: ')'
P:\Development\personal\games\NextGenGameEngine\tests\unit\test_workload_distributor.cpp(137): error C2143: syntax error: missing ';' before '}'
P:\Development\personal\games\NextGenGameEngine\tests\unit\test_workload_distributor.cpp(140): error C2065: 'results': undeclared identifier
P:\Development\personal\games\NextGenGameEngine\tests\unit\test_workload_distributor.cpp(140): error C2059: syntax error: ')'
P:\Development\personal\games\NextGenGameEngine\tests\unit\test_workload_distributor.cpp(140): error C2065: 'gtest_ar': undeclared identifier
P:\Development\personal\games\NextGenGameEngine\tests\unit\test_workload_distributor.cpp(143): error C2065: 'count1': undeclared identifier
P:\Development\personal\games\NextGenGameEngine\tests\unit\test_workload_distributor.cpp(143): error C2059: syntax error: ';'
P:\Development\personal\games\NextGenGameEngine\tests\unit\test_workload_distributor.cpp(144): error C2065: 'results': undeclared identifier
P:\Development\personal\games\NextGenGameEngine\tests\unit\test_workload_distributor.cpp(144): error C2143: syntax error: missing ';' before '{'
P:\Development\personal\games\NextGenGameEngine\tests\unit\test_workload_distributor.cpp(147): error C2143: syntax error: missing ';' before '}'
P:\Development\personal\games\NextGenGameEngine\tests\unit\test_workload_distributor.cpp(150): error C2065: 'count0': undeclared identifier
P:\Development\personal\games\NextGenGameEngine\tests\unit\test_workload_distributor.cpp(150): error C2059: syntax error: ')'
P:\Development\personal\games\NextGenGameEngine\tests\unit\test_workload_distributor.cpp(150): error C2065: 'gtest_ar': undeclared identifier
P:\Development\personal\games\NextGenGameEngine\tests\unit\test_workload_distributor.cpp(151): error C2065: 'count1': undeclared identifier
P:\Development\personal\games\NextGenGameEngine\tests\unit\test_workload_distributor.cpp(151): error C2059: syntax error: ')'
P:\Development\personal\games\NextGenGameEngine\tests\unit\test_workload_distributor.cpp(151): error C2065: 'gtest_ar': undeclared identifier
P:\Development\personal\games\NextGenGameEngine\tests\unit\test_workload_distributor.cpp(154): error C2143: syntax error: missing ';' before '}'
P:\Development\personal\games\NextGenGameEngine\tests\unit\test_workload_distributor.cpp(156): error C2947: expecting '>' to terminate template-argument-list, found '>'
P:\Development\personal\games\NextGenGameEngine\tests\unit\test_workload_distributor.cpp(156): error C2059: syntax error: 'constant'
P:\Development\personal\games\NextGenGameEngine\tests\unit\test_workload_distributor.cpp(156): error C2059: syntax error: ')'
P:\Development\personal\games\NextGenGameEngine\tests\unit\test_workload_distributor.cpp(156): error C2246: 'WorkloadDistributor_LoadBalancing_Test::TestBody::WorkloadDistributor_ComputeFallbackToGraphics_Test::test_info_': illegal static data member in locally defined class
P:\Development\personal\games\NextGenGameEngine\tests\unit\test_workload_distributor.cpp(156): error C3640: 'WorkloadDistributor_LoadBalancing_Test::TestBody::WorkloadDistributor_ComputeFallbackToGraphics_Test::TestBody': a referenced or virtual member function of a local class must be defined
P:\Development\personal\games\NextGenGameEngine\tests\unit\test_workload_distributor.cpp(156): error C2655: 'WorkloadDistributor_LoadBalancing_Test::TestBody::WorkloadDistributor_ComputeFallbackToGraphics_Test::test_info_': definition or redeclaration illegal in current scope
P:\Development\personal\games\NextGenGameEngine\tests\unit\test_workload_distributor.cpp(156): note: see declaration of 'WorkloadDistributor_LoadBalancing_Test::TestBody::WorkloadDistributor_ComputeFallbackToGraphics_Test::test_info_'
P:\Development\personal\games\NextGenGameEngine\tests\unit\test_workload_distributor.cpp(156): error C2601: 'WorkloadDistributor_LoadBalancing_Test::TestBody::WorkloadDistributor_ComputeFallbackToGraphics_Test::TestBody': local function definitions are illegal
P:\Development\personal\games\NextGenGameEngine\tests\unit\test_workload_distributor.cpp(174): error C2246: 'WorkloadDistributor_LoadBalancing_Test::TestBody::WorkloadDistributor_TransferPrefersDedicated_Test::test_info_': illegal static data member in locally defined class
P:\Development\personal\games\NextGenGameEngine\tests\unit\test_workload_distributor.cpp(174): error C3640: 'WorkloadDistributor_LoadBalancing_Test::TestBody::WorkloadDistributor_TransferPrefersDedicated_Test::TestBody': a referenced or virtual member function of a local class must be defined
P:\Development\personal\games\NextGenGameEngine\tests\unit\test_workload_distributor.cpp(163): error C2065: 'u32': undeclared identifier
P:\Development\personal\games\NextGenGameEngine\tests\unit\test_workload_distributor.cpp(163): error C2146: syntax error: missing ';' before identifier 'gfx'
P:\Development\personal\games\NextGenGameEngine\tests\unit\test_workload_distributor.cpp(163): error C2065: 'gfx': undeclared identifier
P:\Development\personal\games\NextGenGameEngine\tests\unit\test_workload_distributor.cpp(169): error C2065: 'gfx': undeclared identifier
P:\Development\personal\games\NextGenGameEngine\tests\unit\test_workload_distributor.cpp(169): error C2737: 'gtest_ar': const object must be initialized
P:\Development\personal\games\NextGenGameEngine\tests\unit\test_workload_distributor.cpp(174): error C2655: 'WorkloadDistributor_LoadBalancing_Test::TestBody::WorkloadDistributor_TransferPrefersDedicated_Test::test_info_': definition or redeclaration illegal in current scope
P:\Development\personal\games\NextGenGameEngine\tests\unit\test_workload_distributor.cpp(174): note: see declaration of 'WorkloadDistributor_LoadBalancing_Test::TestBody::WorkloadDistributor_TransferPrefersDedicated_Test::test_info_'
P:\Development\personal\games\NextGenGameEngine\tests\unit\test_workload_distributor.cpp(174): error C2601: 'WorkloadDistributor_LoadBalancing_Test::TestBody::WorkloadDistributor_TransferPrefersDedicated_Test::TestBody': local function definitions are illegal
P:\Development\personal\games\NextGenGameEngine\tests\unit\test_workload_distributor.cpp(199): error C2246: 'WorkloadDistributor_LoadBalancing_Test::TestBody::WorkloadDistributor_MarkCompleted_Test::test_info_': illegal static data member in locally defined class
P:\Development\personal\games\NextGenGameEngine\tests\unit\test_workload_distributor.cpp(199): error C3640: 'WorkloadDistributor_LoadBalancing_Test::TestBody::WorkloadDistributor_MarkCompleted_Test::TestBody': a referenced or virtual member function of a local class must be defined
P:\Development\personal\games\NextGenGameEngine\tests\unit\test_workload_distributor.cpp(180): error C2065: 'u32': undeclared identifier
P:\Development\personal\games\NextGenGameEngine\tests\unit\test_workload_distributor.cpp(180): error C2146: syntax error: missing ';' before identifier 'gfx'
P:\Development\personal\games\NextGenGameEngine\tests\unit\test_workload_distributor.cpp(180): error C2065: 'gfx': undeclared identifier
P:\Development\personal\games\NextGenGameEngine\tests\unit\test_workload_distributor.cpp(181): error C2065: 'u32': undeclared identifier
P:\Development\personal\games\NextGenGameEngine\tests\unit\test_workload_distributor.cpp(181): error C2146: syntax error: missing ';' before identifier 'xfer'
P:\Development\personal\games\NextGenGameEngine\tests\unit\test_workload_distributor.cpp(181): error C2065: 'xfer': undeclared identifier
P:\Development\personal\games\NextGenGameEngine\tests\unit\test_workload_distributor.cpp(194): error C2065: 'xfer': undeclared identifier
P:\Development\personal\games\NextGenGameEngine\tests\unit\test_workload_distributor.cpp(194): error C2737: 'gtest_ar': const object must be initialized
P:\Development\personal\games\NextGenGameEngine\tests\unit\test_workload_distributor.cpp(199): error C2655: 'WorkloadDistributor_LoadBalancing_Test::TestBody::WorkloadDistributor_MarkCompleted_Test::test_info_': definition or redeclaration illegal in current scope
P:\Development\personal\games\NextGenGameEngine\tests\unit\test_workload_distributor.cpp(199): note: see declaration of 'WorkloadDistributor_LoadBalancing_Test::TestBody::WorkloadDistributor_MarkCompleted_Test::test_info_'
P:\Development\personal\games\NextGenGameEngine\tests\unit\test_workload_distributor.cpp(199): fatal error C1003: error count exceeds 100; stopping compilation
[290/297] Building CXX object tests\CMakeFiles\EngineTests.dir\Debug\unit\test_viewport_scissor_manager.cpp.obj
[291/297] Building CXX object editor\CMakeFiles\NextGenEditor.dir\Debug\main.cpp.obj
FAILED: [code=2] editor/CMakeFiles/NextGenEditor.dir/Debug/main.cpp.obj 
C:\PROGRA~2\MICROS~2\2019\BUILDT~1\VC\Tools\MSVC\1429~1.301\bin\Hostx64\x64\cl.exe  /nologo /TP -DFMT_SHARED -DNGE_DEBUG=1 -DNGE_ENABLE_ASSERTS=1 -DNGE_ENABLE_MEMORY_TRACKING=1 -DNGE_ENABLE_VULKAN=1 -DNGE_PLATFORM_WINDOWS=1 -DNOMINMAX -DSPDLOG_COMPILED_LIB -DSPDLOG_FMT_EXTERNAL -DSPDLOG_SHARED_LIB -DWIN32_LEAN_AND_MEAN -D_CRT_SECURE_NO_WARNINGS -DCMAKE_INTDIR=\"Debug\" -IP:\Development\personal\games\NextGenGameEngine\editor -IP:\Development\personal\games\NextGenGameEngine\editor\.. -IP:\Development\personal\games\NextGenGameEngine\engine -IP:\Development\personal\games\NextGenGameEngine\engine\.. -external:IP:\Development\personal\games\NextGenGameEngine\build\vcpkg_installed\x64-windows\include -external:IC:\VulkanSDK\1.4.341.1\include -external:W0 /DWIN32 /D_WINDOWS /EHsc /Zi /Ob0 /Od /RTC1 -std:c++20 -MDd /W4 /permissive- /Zc:__cplusplus /MP /fp:fast /arch:AVX2 /wd4251 /wd4275 /utf-8 /showIncludes /Foeditor\CMakeFiles\NextGenEditor.dir\Debug\main.cpp.obj /Fdeditor\CMakeFiles\NextGenEditor.dir\Debug\ /FS -c P:\Development\personal\games\NextGenGameEngine\editor\main.cpp
P:\Development\personal\games\NextGenGameEngine\engine/core/jobs/job_system.h(70): warning C4324: 'nge::jobs::WorkStealingDeque': structure was padded due to alignment specifier
P:\Development\personal\games\NextGenGameEngine\engine/renderer/graph/render_graph.h(54): error C2838: 'Sampled': illegal qualified name in member declaration
P:\Development\personal\games\NextGenGameEngine\engine/renderer/graph/render_graph.h(54): error C2065: 'Sampled': undeclared identifier
P:\Development\personal\games\NextGenGameEngine\engine/core/math/pga.h(35): warning C4201: nonstandard extension used: nameless struct/union
P:\Development\personal\games\NextGenGameEngine\engine/core/math/pga.h(36): warning C4201: nonstandard extension used: nameless struct/union
P:\Development\personal\games\NextGenGameEngine\engine/core/math/pga.h(71): warning C4201: nonstandard extension used: nameless struct/union
P:\Development\personal\games\NextGenGameEngine\engine/core/math/pga.h(72): warning C4201: nonstandard extension used: nameless struct/union
P:\Development\personal\games\NextGenGameEngine\engine/core/math/pga.h(142): warning C4201: nonstandard extension used: nameless struct/union
P:\Development\personal\games\NextGenGameEngine\engine/core/math/pga.h(146): warning C4201: nonstandard extension used: nameless struct/union
[292/297] Building CXX object editor\CMakeFiles\NextGenEditor.dir\Debug\editor_app.cpp.obj
FAILED: [code=2] editor/CMakeFiles/NextGenEditor.dir/Debug/editor_app.cpp.obj 
C:\PROGRA~2\MICROS~2\2019\BUILDT~1\VC\Tools\MSVC\1429~1.301\bin\Hostx64\x64\cl.exe  /nologo /TP -DFMT_SHARED -DNGE_DEBUG=1 -DNGE_ENABLE_ASSERTS=1 -DNGE_ENABLE_MEMORY_TRACKING=1 -DNGE_ENABLE_VULKAN=1 -DNGE_PLATFORM_WINDOWS=1 -DNOMINMAX -DSPDLOG_COMPILED_LIB -DSPDLOG_FMT_EXTERNAL -DSPDLOG_SHARED_LIB -DWIN32_LEAN_AND_MEAN -D_CRT_SECURE_NO_WARNINGS -DCMAKE_INTDIR=\"Debug\" -IP:\Development\personal\games\NextGenGameEngine\editor -IP:\Development\personal\games\NextGenGameEngine\editor\.. -IP:\Development\personal\games\NextGenGameEngine\engine -IP:\Development\personal\games\NextGenGameEngine\engine\.. -external:IP:\Development\personal\games\NextGenGameEngine\build\vcpkg_installed\x64-windows\include -external:IC:\VulkanSDK\1.4.341.1\include -external:W0 /DWIN32 /D_WINDOWS /EHsc /Zi /Ob0 /Od /RTC1 -std:c++20 -MDd /W4 /permissive- /Zc:__cplusplus /MP /fp:fast /arch:AVX2 /wd4251 /wd4275 /utf-8 /showIncludes /Foeditor\CMakeFiles\NextGenEditor.dir\Debug\editor_app.cpp.obj /Fdeditor\CMakeFiles\NextGenEditor.dir\Debug\ /FS -c P:\Development\personal\games\NextGenGameEngine\editor\editor_app.cpp
P:\Development\personal\games\NextGenGameEngine\engine/core/jobs/job_system.h(70): warning C4324: 'nge::jobs::WorkStealingDeque': structure was padded due to alignment specifier
P:\Development\personal\games\NextGenGameEngine\engine/renderer/graph/render_graph.h(54): error C2838: 'Sampled': illegal qualified name in member declaration
P:\Development\personal\games\NextGenGameEngine\engine/renderer/graph/render_graph.h(54): error C2065: 'Sampled': undeclared identifier
P:\Development\personal\games\NextGenGameEngine\engine/core/math/pga.h(35): warning C4201: nonstandard extension used: nameless struct/union
P:\Development\personal\games\NextGenGameEngine\engine/core/math/pga.h(36): warning C4201: nonstandard extension used: nameless struct/union
P:\Development\personal\games\NextGenGameEngine\engine/core/math/pga.h(71): warning C4201: nonstandard extension used: nameless struct/union
P:\Development\personal\games\NextGenGameEngine\engine/core/math/pga.h(72): warning C4201: nonstandard extension used: nameless struct/union
P:\Development\personal\games\NextGenGameEngine\engine/core/math/pga.h(142): warning C4201: nonstandard extension used: nameless struct/union
P:\Development\personal\games\NextGenGameEngine\engine/core/math/pga.h(146): warning C4201: nonstandard extension used: nameless struct/union
[293/297] Building CXX object editor\CMakeFiles\NextGenEditor.dir\Debug\panels\viewport_panel.cpp.obj
FAILED: [code=2] editor/CMakeFiles/NextGenEditor.dir/Debug/panels/viewport_panel.cpp.obj 
C:\PROGRA~2\MICROS~2\2019\BUILDT~1\VC\Tools\MSVC\1429~1.301\bin\Hostx64\x64\cl.exe  /nologo /TP -DFMT_SHARED -DNGE_DEBUG=1 -DNGE_ENABLE_ASSERTS=1 -DNGE_ENABLE_MEMORY_TRACKING=1 -DNGE_ENABLE_VULKAN=1 -DNGE_PLATFORM_WINDOWS=1 -DNOMINMAX -DSPDLOG_COMPILED_LIB -DSPDLOG_FMT_EXTERNAL -DSPDLOG_SHARED_LIB -DWIN32_LEAN_AND_MEAN -D_CRT_SECURE_NO_WARNINGS -DCMAKE_INTDIR=\"Debug\" -IP:\Development\personal\games\NextGenGameEngine\editor -IP:\Development\personal\games\NextGenGameEngine\editor\.. -IP:\Development\personal\games\NextGenGameEngine\engine -IP:\Development\personal\games\NextGenGameEngine\engine\.. -external:IP:\Development\personal\games\NextGenGameEngine\build\vcpkg_installed\x64-windows\include -external:IC:\VulkanSDK\1.4.341.1\include -external:W0 /DWIN32 /D_WINDOWS /EHsc /Zi /Ob0 /Od /RTC1 -std:c++20 -MDd /W4 /permissive- /Zc:__cplusplus /MP /fp:fast /arch:AVX2 /wd4251 /wd4275 /utf-8 /showIncludes /Foeditor\CMakeFiles\NextGenEditor.dir\Debug\panels\viewport_panel.cpp.obj /Fdeditor\CMakeFiles\NextGenEditor.dir\Debug\ /FS -c P:\Development\personal\games\NextGenGameEngine\editor\panels\viewport_panel.cpp
P:\Development\personal\games\NextGenGameEngine\engine/core/jobs/job_system.h(70): warning C4324: 'nge::jobs::WorkStealingDeque': structure was padded due to alignment specifier
P:\Development\personal\games\NextGenGameEngine\engine/renderer/graph/render_graph.h(54): error C2838: 'Sampled': illegal qualified name in member declaration
P:\Development\personal\games\NextGenGameEngine\engine/renderer/graph/render_graph.h(54): error C2065: 'Sampled': undeclared identifier
P:\Development\personal\games\NextGenGameEngine\engine/core/math/pga.h(35): warning C4201: nonstandard extension used: nameless struct/union
P:\Development\personal\games\NextGenGameEngine\engine/core/math/pga.h(36): warning C4201: nonstandard extension used: nameless struct/union
P:\Development\personal\games\NextGenGameEngine\engine/core/math/pga.h(71): warning C4201: nonstandard extension used: nameless struct/union
P:\Development\personal\games\NextGenGameEngine\engine/core/math/pga.h(72): warning C4201: nonstandard extension used: nameless struct/union
P:\Development\personal\games\NextGenGameEngine\engine/core/math/pga.h(142): warning C4201: nonstandard extension used: nameless struct/union
P:\Development\personal\games\NextGenGameEngine\engine/core/math/pga.h(146): warning C4201: nonstandard extension used: nameless struct/union
ninja: build stopped: cannot make progress due to previous errors.
